Archive member included because of file (symbol)

.\CortexM0\ARM_GCC_493\Debug\Tarocco.a(cyfitter_cfg.o)
                              .\CortexM0\ARM_GCC_493\Debug\Cm0Start.o (cyfitter_cfg)
.\CortexM0\ARM_GCC_493\Debug\Tarocco.a(PWM_MOT.o)
                              .\CortexM0\ARM_GCC_493\Debug\main.o (PWM_MOT_Start)
.\CortexM0\ARM_GCC_493\Debug\Tarocco.a(phase.o)
                              .\CortexM0\ARM_GCC_493\Debug\main.o (phase_Write)
.\CortexM0\ARM_GCC_493\Debug\Tarocco.a(sleep.o)
                              .\CortexM0\ARM_GCC_493\Debug\main.o (sleep_Write)
.\CortexM0\ARM_GCC_493\Debug\Tarocco.a(fault.o)
                              .\CortexM0\ARM_GCC_493\Debug\main.o (fault_Read)
.\CortexM0\ARM_GCC_493\Debug\Tarocco.a(ovc.o)
                              .\CortexM0\ARM_GCC_493\Debug\main.o (ovc_Read)
.\CortexM0\ARM_GCC_493\Debug\Tarocco.a(ADC.o)
                              .\CortexM0\ARM_GCC_493\Debug\main.o (ADC_Start)
.\CortexM0\ARM_GCC_493\Debug\Tarocco.a(ADC_INT.o)
                              .\CortexM0\ARM_GCC_493\Debug\Tarocco.a(ADC.o) (ADC_ISR)
.\CortexM0\ARM_GCC_493\Debug\Tarocco.a(UART.o)
                              .\CortexM0\ARM_GCC_493\Debug\main.o (UART_Start)
.\CortexM0\ARM_GCC_493\Debug\Tarocco.a(UART_SPI_UART.o)
                              .\CortexM0\ARM_GCC_493\Debug\main.o (UART_SpiUartWriteTxData)
.\CortexM0\ARM_GCC_493\Debug\Tarocco.a(UART_UART.o)
                              .\CortexM0\ARM_GCC_493\Debug\Tarocco.a(UART.o) (UART_UartInit)
.\CortexM0\ARM_GCC_493\Debug\Tarocco.a(reset.o)
                              .\CortexM0\ARM_GCC_493\Debug\main.o (reset_Read)
.\CortexM0\ARM_GCC_493\Debug\Tarocco.a(error.o)
                              .\CortexM0\ARM_GCC_493\Debug\main.o (error_Write)
.\CortexM0\ARM_GCC_493\Debug\Tarocco.a(rxISR.o)
                              .\CortexM0\ARM_GCC_493\Debug\main.o (rxISR_StartEx)
.\CortexM0\ARM_GCC_493\Debug\Tarocco.a(TX_SEND.o)
                              .\CortexM0\ARM_GCC_493\Debug\main.o (TX_SEND_Start)
.\CortexM0\ARM_GCC_493\Debug\Tarocco.a(txISR.o)
                              .\CortexM0\ARM_GCC_493\Debug\main.o (txISR_StartEx)
.\CortexM0\ARM_GCC_493\Debug\Tarocco.a(EEPROM.o)
                              .\CortexM0\ARM_GCC_493\Debug\main.o (EEPROM_Start)
.\CortexM0\ARM_GCC_493\Debug\Tarocco.a(Counter_1.o)
                              .\CortexM0\ARM_GCC_493\Debug\main.o (Counter_1_Start)
.\CortexM0\ARM_GCC_493\Debug\Tarocco.a(pwmISR.o)
                              .\CortexM0\ARM_GCC_493\Debug\main.o (pwmISR_StartEx)
.\CortexM0\ARM_GCC_493\Debug\Tarocco.a(CyFlash.o)
                              .\CortexM0\ARM_GCC_493\Debug\Tarocco.a(EEPROM.o) (CySysFlashWriteRow)
.\CortexM0\ARM_GCC_493\Debug\Tarocco.a(CyLib.o)
                              .\CortexM0\ARM_GCC_493\Debug\Tarocco.a(cyfitter_cfg.o) (CySysClkWriteImoFreq)
.\CortexM0\ARM_GCC_493\Debug\Tarocco.a(CyLFClk.o)
                              .\CortexM0\ARM_GCC_493\Debug\Tarocco.a(cyfitter_cfg.o) (CySysWdtIsr)
.\CortexM0\ARM_GCC_493\Debug\Tarocco.a(Bootloadable_1.o)
                              .\CortexM0\ARM_GCC_493\Debug\main.o (Bootloadable_1_Load)
.\CortexM0\ARM_GCC_493\Debug\Tarocco.a(vin.o)
                              .\CortexM0\ARM_GCC_493\Debug\main.o (vin_Write)
.\CortexM0\ARM_GCC_493\Debug\Tarocco.a(err.o)
                              .\CortexM0\ARM_GCC_493\Debug\main.o (err_Write)
.\CortexM0\ARM_GCC_493\Debug\Tarocco.a(step_register.o)
                              .\CortexM0\ARM_GCC_493\Debug\main.o (step_register_Read)
.\CortexM0\ARM_GCC_493\Debug\Tarocco.a(CyBootAsmGnu.o)
                              .\CortexM0\ARM_GCC_493\Debug\Tarocco.a(CyLib.o) (CyDelayCycles)
c:/program files (x86)/cypress/psoc creator/4.0/psoc creator/import/gnu/arm/4.9.3/bin/../lib/gcc/arm-none-eabi/4.9.3/armv6-m\libgcc.a(_udivsi3.o)
                              .\CortexM0\ARM_GCC_493\Debug\Tarocco.a(CyLib.o) (__aeabi_uidiv)
c:/program files (x86)/cypress/psoc creator/4.0/psoc creator/import/gnu/arm/4.9.3/bin/../lib/gcc/arm-none-eabi/4.9.3/armv6-m\libgcc.a(_divsi3.o)
                              .\CortexM0\ARM_GCC_493\Debug\Tarocco.a(ADC.o) (__aeabi_idiv)
c:/program files (x86)/cypress/psoc creator/4.0/psoc creator/import/gnu/arm/4.9.3/bin/../lib/gcc/arm-none-eabi/4.9.3/armv6-m\libgcc.a(_dvmd_tls.o)
                              c:/program files (x86)/cypress/psoc creator/4.0/psoc creator/import/gnu/arm/4.9.3/bin/../lib/gcc/arm-none-eabi/4.9.3/armv6-m\libgcc.a(_udivsi3.o) (__aeabi_idiv0)
c:/program files (x86)/cypress/psoc creator/4.0/psoc creator/import/gnu/arm/4.9.3/bin/../lib/gcc/arm-none-eabi/4.9.3/armv6-m\libgcc.a(_aeabi_ldivmod.o)
                              .\CortexM0\ARM_GCC_493\Debug\Tarocco.a(ADC.o) (__aeabi_ldivmod)
c:/program files (x86)/cypress/psoc creator/4.0/psoc creator/import/gnu/arm/4.9.3/bin/../lib/gcc/arm-none-eabi/4.9.3/armv6-m\libgcc.a(_muldi3.o)
                              .\CortexM0\ARM_GCC_493\Debug\Tarocco.a(ADC.o) (__aeabi_lmul)
[...]
Memory Configuration

Name             Origin             Length             Attributes
rom              0x00000000         0x00008000         xr
ram              0x20000000         0x00001000         xrw
*default*        0x00000000         0xffffffff

Linker script and memory map

LOAD c:/program files (x86)/cypress/psoc creator/4.0/psoc creator/import/gnu/arm/4.9.3/bin/../lib/gcc/arm-none-eabi/4.9.3/armv6-m/crti.o
LOAD c:/program files (x86)/cypress/psoc creator/4.0/psoc creator/import/gnu/arm/4.9.3/bin/../lib/gcc/arm-none-eabi/4.9.3/armv6-m/crtbegin.o
LOAD c:/program files (x86)/cypress/psoc creator/4.0/psoc creator/import/gnu/arm/4.9.3/bin/../lib/gcc/arm-none-eabi/4.9.3/../../../../arm-none-eabi/lib/armv6-m/crt0.o
START GROUP
LOAD .\CortexM0\ARM_GCC_493\Debug\main.o
LOAD .\CortexM0\ARM_GCC_493\Debug\cymetadata.o
LOAD .\CortexM0\ARM_GCC_493\Debug\Cm0Start.o
LOAD .\CortexM0\ARM_GCC_493\Debug\cybootloader.o
LOAD .\CortexM0\ARM_GCC_493\Debug\Tarocco.a
LOAD C:\Program Files (x86)\Cypress\PSoC Creator\4.0\PSoC Creator\psoc\content\cycomponentlibrary\CyComponentLibrary.cylib\CortexM0\ARM_GCC_493\Debug\CyComponentLibrary.a
END GROUP
START GROUP
LOAD c:/program files (x86)/cypress/psoc creator/4.0/psoc creator/import/gnu/arm/4.9.3/bin/../lib/gcc/arm-none-eabi/4.9.3/armv6-m\libgcc.a
LOAD c:/program files (x86)/cypress/psoc creator/4.0/psoc creator/import/gnu/arm/4.9.3/bin/../lib/gcc/arm-none-eabi/4.9.3/../../../../arm-none-eabi/lib/armv6-m\libg_nano.a
LOAD c:/program files (x86)/cypress/psoc creator/4.0/psoc creator/import/gnu/arm/4.9.3/bin/../lib/gcc/arm-none-eabi/4.9.3/../../../../arm-none-eabi/lib/armv6-m\libc_nano.a
END GROUP
START GROUP
LOAD c:/program files (x86)/cypress/psoc creator/4.0/psoc creator/import/gnu/arm/4.9.3/bin/../lib/gcc/arm-none-eabi/4.9.3/armv6-m\libgcc.a
LOAD c:/program files (x86)/cypress/psoc creator/4.0/psoc creator/import/gnu/arm/4.9.3/bin/../lib/gcc/arm-none-eabi/4.9.3/../../../../arm-none-eabi/lib/armv6-m\libc_nano.a
END GROUP
LOAD c:/program files (x86)/cypress/psoc creator/4.0/psoc creator/import/gnu/arm/4.9.3/bin/../lib/gcc/arm-none-eabi/4.9.3/armv6-m/crtend.o
LOAD c:/program files (x86)/cypress/psoc creator/4.0/psoc creator/import/gnu/arm/4.9.3/bin/../lib/gcc/arm-none-eabi/4.9.3/armv6-m/crtn.o
START GROUP
LOAD c:/program files (x86)/cypress/psoc creator/4.0/psoc creator/import/gnu/arm/4.9.3/bin/../lib/gcc/arm-none-eabi/4.9.3/armv6-m\libgcc.a
LOAD c:/program files (x86)/cypress/psoc creator/4.0/psoc creator/import/gnu/arm/4.9.3/bin/../lib/gcc/arm-none-eabi/4.9.3/../../../../arm-none-eabi/lib/armv6-m\libc.a
LOAD c:/program files (x86)/cypress/psoc creator/4.0/psoc creator/import/gnu/arm/4.9.3/bin/../lib/gcc/arm-none-eabi/4.9.3/../../../../arm-none-eabi/lib/armv6-m\libnosys.a
END GROUP
                0x00000000                CY_APPL_ORIGIN = 0x0
                0x00000080                CY_FLASH_ROW_SIZE = 0x80
                0x00000001                CY_APPL_NUM = 0x1
                0x00000001                CY_APPL_MAX = 0x1
                0x00000040                CY_METADATA_SIZE = 0x40
                0x00000001                CY_APPL_LOADABLE = 0x1
                0x00000000                CY_CHECKSUM_EXCLUDE_SIZE = ALIGN (0x0, CY_FLASH_ROW_SIZE)
                0x00000000                CY_APP_FOR_STACK_AND_COPIER = 0x0
                0x200001d0                PROVIDE (__cy_heap_start, _end)
                0x00000001                PROVIDE (__cy_region_num, ((__cy_regions_end - __cy_regions) / 0x10))
                0x20001000                PROVIDE (__cy_stack, (ORIGIN (ram) + 0x1000))
                0x20000f00                PROVIDE (__cy_heap_end, (__cy_stack - 0x100))

.cybootloader   0x00000000     0x1380
 *(.cybootloader)
 .cybootloader  0x00000000     0x1380 .\CortexM0\ARM_GCC_493\Debug\cybootloader.o
                0x00000000                cy_bootloader
                0x00001380                appl1_start = CY_APPL_ORIGIN?CY_APPL_ORIGIN:ALIGN (CY_FLASH_ROW_SIZE)
                0x00004980                appl2_start = (appl1_start + ALIGN ((((0x8000 - appl1_start) - (0x2 * CY_FLASH_ROW_SIZE)) / 0x2), CY_FLASH_ROW_SIZE))
                0x00001380                appl_start = (CY_APPL_NUM == 0x1)?appl1_start:appl2_start
                0x00000000                cy_project_type_bootloader = (appl_start == 0x0)?0x1:0x0
                0x00000000                cy_project_type_app_for_stack_and_copier = (CY_APP_FOR_STACK_AND_COPIER == 0x1)?0x1:0x0

.text           0x00001380     0x1904
 CREATE_OBJECT_SYMBOLS
                0x00001380                PROVIDE (__cy_interrupt_vector, RomVectors)
 *(.romvectors)
 .romvectors    0x00001380       0x10 .\CortexM0\ARM_GCC_493\Debug\Cm0Start.o
                0x00001380                RomVectors
                0x00000001                ASSERT ((. != __cy_interrupt_vector), No interrupt vector)
                0x00000001                ASSERT (CY_APPL_ORIGIN?(SIZEOF (.cybootloader) <= CY_APPL_ORIGIN):0x1, Wrong image location)
                0x00001390                PROVIDE (__cy_reset, Reset)
 *(.text.Reset)
 .text.Reset    0x00001390       0x10 .\CortexM0\ARM_GCC_493\Debug\Cm0Start.o
                0x00001390                Reset
                0x00000001                ASSERT ((. != __cy_reset), No reset code)
 *(.psocinit)
 .psocinit      0x000013a0      0x238 .\CortexM0\ARM_GCC_493\Debug\Tarocco.a(cyfitter_cfg.o)
                0x000013a0                cyfitter_cfg
                0x000015d8                . = MAX (., 0x100)
 *(.text .text.* .gnu.linkonce.t.*)
 .text          0x000015d8       0x60 c:/program files (x86)/cypress/psoc creator/4.0/psoc creator/import/gnu/arm/4.9.3/bin/../lib/gcc/arm-none-eabi/4.9.3/armv6-m/crtbegin.o
 .text.transmitUpdate
                0x00001638       0x14 .\CortexM0\ARM_GCC_493\Debug\main.o
                0x00001638                transmitUpdate
 .text.pwmCycle
                0x0000164c       0x14 .\CortexM0\ARM_GCC_493\Debug\main.o
                0x0000164c                pwmCycle
 .text.fast_itoa
                0x00001660       0x48 .\CortexM0\ARM_GCC_493\Debug\main.o
                0x00001660                fast_itoa
 .text.startup.main
                0x000016a8      0x458 .\CortexM0\ARM_GCC_493\Debug\main.o
                0x000016a8                main
 .text.transmit_engine
                0x00001b00       0x94 .\CortexM0\ARM_GCC_493\Debug\main.o
                0x00001b00                transmit_engine
 .text.uartReceiveTransmit
                0x00001b94       0xb0 .\CortexM0\ARM_GCC_493\Debug\main.o
                0x00001b94                uartReceiveTransmit
 .text.IntDefaultHandler
                0x00001c44        0x4 .\CortexM0\ARM_GCC_493\Debug\Cm0Start.o
                0x00001c44                IntDefaultHandler
 .text.Start_c  0x00001c48       0x4c .\CortexM0\ARM_GCC_493\Debug\Cm0Start.o
                0x00001c48                Start_c
 .text.startup.initialize_psoc
                0x00001c94       0x60 .\CortexM0\ARM_GCC_493\Debug\Cm0Start.o
                0x00001c94                initialize_psoc
 .text.PWM_MOT_Enable
                0x00001cf4       0x30 .\CortexM0\ARM_GCC_493\Debug\Tarocco.a(PWM_MOT.o)
                0x00001cf4                PWM_MOT_Enable
 .text.PWM_MOT_Start
                0x00001d24       0x6c .\CortexM0\ARM_GCC_493\Debug\Tarocco.a(PWM_MOT.o)
                0x00001d24                PWM_MOT_Start
 .text.PWM_MOT_WriteCompare
                0x00001d90       0x10 .\CortexM0\ARM_GCC_493\Debug\Tarocco.a(PWM_MOT.o)
                0x00001d90                PWM_MOT_WriteCompare
 .text.PWM_MOT_ClearInterrupt
                0x00001da0        0xc .\CortexM0\ARM_GCC_493\Debug\Tarocco.a(PWM_MOT.o)
                0x00001da0                PWM_MOT_ClearInterrupt
 .text.phase_Write
                0x00001dac       0x18 .\CortexM0\ARM_GCC_493\Debug\Tarocco.a(phase.o)
                0x00001dac                phase_Write
 .text.sleep_Write
                0x00001dc4       0x1c .\CortexM0\ARM_GCC_493\Debug\Tarocco.a(sleep.o)
                0x00001dc4                sleep_Write
 .text.fault_Read
                0x00001de0       0x10 .\CortexM0\ARM_GCC_493\Debug\Tarocco.a(fault.o)
                0x00001de0                fault_Read
 .text.ovc_Read
                0x00001df0       0x10 .\CortexM0\ARM_GCC_493\Debug\Tarocco.a(ovc.o)
                0x00001df0                ovc_Read
 .text.ADC_Init
                0x00001e00       0xf4 .\CortexM0\ARM_GCC_493\Debug\Tarocco.a(ADC.o)
                0x00001e00                ADC_Init
 .text.ADC_Start
                0x00001ef4       0x38 .\CortexM0\ARM_GCC_493\Debug\Tarocco.a(ADC.o)
                0x00001ef4                ADC_Start
 .text.ADC_GetResult16
                0x00001f2c       0x20 .\CortexM0\ARM_GCC_493\Debug\Tarocco.a(ADC.o)
                0x00001f2c                ADC_GetResult16
 .text.ADC_ISR  0x00001f4c        0xc .\CortexM0\ARM_GCC_493\Debug\Tarocco.a(ADC_INT.o)
                0x00001f4c                ADC_ISR
 .text.UART_Start
                0x00001f58       0x2c .\CortexM0\ARM_GCC_493\Debug\Tarocco.a(UART.o)
                0x00001f58                UART_Start
 .text.UART_SpiUartReadRxData
                0x00001f84        0xc .\CortexM0\ARM_GCC_493\Debug\Tarocco.a(UART_SPI_UART.o)
                0x00001f84                UART_SpiUartReadRxData
 .text.UART_SpiUartGetRxBufferSize
                0x00001f90       0x10 .\CortexM0\ARM_GCC_493\Debug\Tarocco.a(UART_SPI_UART.o)
                0x00001f90                UART_SpiUartGetRxBufferSize
 .text.UART_SpiUartWriteTxData
                0x00001fa0       0x1c .\CortexM0\ARM_GCC_493\Debug\Tarocco.a(UART_SPI_UART.o)
                0x00001fa0                UART_SpiUartWriteTxData
 .text.UART_UartInit
                0x00001fbc       0x9c .\CortexM0\ARM_GCC_493\Debug\Tarocco.a(UART_UART.o)
                0x00001fbc                UART_UartInit
 .text.UART_UartPostEnable
                0x00002058       0x24 .\CortexM0\ARM_GCC_493\Debug\Tarocco.a(UART_UART.o)
                0x00002058                UART_UartPostEnable
 .text.UART_UartGetChar
                0x0000207c       0x2c .\CortexM0\ARM_GCC_493\Debug\Tarocco.a(UART_UART.o)
                0x0000207c                UART_UartGetChar
 .text.reset_Read
                0x000020a8       0x10 .\CortexM0\ARM_GCC_493\Debug\Tarocco.a(reset.o)
                0x000020a8                reset_Read
 .text.error_Write
                0x000020b8       0x1c .\CortexM0\ARM_GCC_493\Debug\Tarocco.a(error.o)
                0x000020b8                error_Write
 .text.rxISR_SetPriority
                0x000020d4       0x20 .\CortexM0\ARM_GCC_493\Debug\Tarocco.a(rxISR.o)
                0x000020d4                rxISR_SetPriority
 .text.rxISR_StartEx
                0x000020f4       0x28 .\CortexM0\ARM_GCC_493\Debug\Tarocco.a(rxISR.o)
                0x000020f4                rxISR_StartEx
 .text.TX_SEND_Enable
                0x0000211c       0x30 .\CortexM0\ARM_GCC_493\Debug\Tarocco.a(TX_SEND.o)
                0x0000211c                TX_SEND_Enable
 .text.TX_SEND_Start
                0x0000214c       0x50 .\CortexM0\ARM_GCC_493\Debug\Tarocco.a(TX_SEND.o)
                0x0000214c                TX_SEND_Start
 .text.txISR_SetPriority
                0x0000219c       0x20 .\CortexM0\ARM_GCC_493\Debug\Tarocco.a(txISR.o)
                0x0000219c                txISR_SetPriority
 .text.txISR_StartEx
                0x000021bc       0x24 .\CortexM0\ARM_GCC_493\Debug\Tarocco.a(txISR.o)
                0x000021bc                txISR_StartEx
 .text.txISR_ClearPending
                0x000021e0        0xc .\CortexM0\ARM_GCC_493\Debug\Tarocco.a(txISR.o)
                0x000021e0                txISR_ClearPending
 .text.EEPROM_Start
                0x000021ec        0x4 .\CortexM0\ARM_GCC_493\Debug\Tarocco.a(EEPROM.o)
                0x000021ec                EEPROM_Start
 .text.EEPROM_Write
                0x000021f0       0x94 .\CortexM0\ARM_GCC_493\Debug\Tarocco.a(EEPROM.o)
                0x000021f0                EEPROM_Write
 .text.Counter_1_Init
                0x00002284       0x7c .\CortexM0\ARM_GCC_493\Debug\Tarocco.a(Counter_1.o)
                0x00002284                Counter_1_Init
 .text.Counter_1_Start
                0x00002300       0x28 .\CortexM0\ARM_GCC_493\Debug\Tarocco.a(Counter_1.o)
                0x00002300                Counter_1_Start
 .text.Counter_1_WriteCounter
                0x00002328        0xc .\CortexM0\ARM_GCC_493\Debug\Tarocco.a(Counter_1.o)
                0x00002328                Counter_1_WriteCounter
 .text.Counter_1_ReadCounter
                0x00002334       0x14 .\CortexM0\ARM_GCC_493\Debug\Tarocco.a(Counter_1.o)
                0x00002334                Counter_1_ReadCounter
 .text.pwmISR_SetPriority
                0x00002348       0x20 .\CortexM0\ARM_GCC_493\Debug\Tarocco.a(pwmISR.o)
                0x00002348                pwmISR_SetPriority
 .text.pwmISR_StartEx
                0x00002368       0x28 .\CortexM0\ARM_GCC_493\Debug\Tarocco.a(pwmISR.o)
                0x00002368                pwmISR_StartEx
 .text.CySysFlashWriteRow
                0x00002390      0x1d8 .\CortexM0\ARM_GCC_493\Debug\Tarocco.a(CyFlash.o)
                0x00002390                CySysFlashWriteRow
 .text.CySysClkWriteImoFreq
                0x00002568      0x18c .\CortexM0\ARM_GCC_493\Debug\Tarocco.a(CyLib.o)
                0x00002568                CySysClkWriteImoFreq
 .text.CyIntSetVector
                0x000026f4       0x18 .\CortexM0\ARM_GCC_493\Debug\Tarocco.a(CyLib.o)
                0x000026f4                CyIntSetVector
 .text.CyIntSetPriority
                0x0000270c       0x40 .\CortexM0\ARM_GCC_493\Debug\Tarocco.a(CyLib.o)
                0x0000270c                CyIntSetPriority
 .text.CyIntEnable
                0x0000274c       0x14 .\CortexM0\ARM_GCC_493\Debug\Tarocco.a(CyLib.o)
                0x0000274c                CyIntEnable
 .text.CyHalt   0x00002760        0x4 .\CortexM0\ARM_GCC_493\Debug\Tarocco.a(CyLib.o)
                0x00002760                CyHalt
 .text.CySoftwareReset
                0x00002764       0x18 .\CortexM0\ARM_GCC_493\Debug\Tarocco.a(CyLib.o)
                0x00002764                CySoftwareReset
 .text.CyDelay  0x0000277c       0x48 .\CortexM0\ARM_GCC_493\Debug\Tarocco.a(CyLib.o)
                0x0000277c                CyDelay
 .text.CyDelayUs
                0x000027c4       0x14 .\CortexM0\ARM_GCC_493\Debug\Tarocco.a(CyLib.o)
                0x000027c4                CyDelayUs
 .text.CySysWdtLock
                0x000027d8       0x1c .\CortexM0\ARM_GCC_493\Debug\Tarocco.a(CyLFClk.o)
                0x000027d8                CySysWdtLock
 .text.CySysWdtUnlock
                0x000027f4       0x30 .\CortexM0\ARM_GCC_493\Debug\Tarocco.a(CyLFClk.o)
                0x000027f4                CySysWdtUnlock
 .text.CySysWdtClearInterrupt
                0x00002824       0x5c .\CortexM0\ARM_GCC_493\Debug\Tarocco.a(CyLFClk.o)
                0x00002824                CySysWdtClearInterrupt
 .text.CySysWdtIsr
                0x00002880       0xa8 .\CortexM0\ARM_GCC_493\Debug\Tarocco.a(CyLFClk.o)
                0x00002880                CySysWdtIsr
 .text.Bootloadable_1_Load
                0x00002928       0x14 .\CortexM0\ARM_GCC_493\Debug\Tarocco.a(Bootloadable_1.o)
                0x00002928                Bootloadable_1_Load
 .text.vin_Write
                0x0000293c       0x1c .\CortexM0\ARM_GCC_493\Debug\Tarocco.a(vin.o)
                0x0000293c                vin_Write
 .text.err_Write
                0x00002958       0x1c .\CortexM0\ARM_GCC_493\Debug\Tarocco.a(err.o)
                0x00002958                err_Write
 .text.step_register_Read
                0x00002974        0xc .\CortexM0\ARM_GCC_493\Debug\Tarocco.a(step_register.o)
                0x00002974                step_register_Read
 .text          0x00002980       0x28 .\CortexM0\ARM_GCC_493\Debug\Tarocco.a(CyBootAsmGnu.o)
                0x00002980                CyDelayCycles
                0x00002994                CyEnterCriticalSection
                0x0000299c                CyExitCriticalSection
 .text          0x000029a8      0x120 c:/program files (x86)/cypress/psoc creator/4.0/psoc creator/import/gnu/arm/4.9.3/bin/../lib/gcc/arm-none-eabi/4.9.3/armv6-m\libgcc.a(_udivsi3.o)
                0x000029a8                __aeabi_uidiv
                0x000029a8                __udivsi3
                0x00002ab4                __aeabi_uidivmod
 .text          0x00002ac8        0x4 c:/program files (x86)/cypress/psoc creator/4.0/psoc creator/import/gnu/arm/4.9.3/bin/../lib/gcc/arm-none-eabi/4.9.3/armv6-m\libgcc.a(_dvmd_tls.o)
                0x00002ac8                __aeabi_idiv0
                0x00002ac8                __aeabi_ldiv0
 .text.atoi     0x00002acc        0xc c:/program files (x86)/cypress/psoc creator/4.0/psoc creator/import/gnu/arm/4.9.3/bin/../lib/gcc/arm-none-eabi/4.9.3/../../../../arm-none-eabi/lib/armv6-m\libg_nano.a(lib_a-atoi.o)
                0x00002acc                atoi
 .text.__libc_init_array
                0x00002ad8       0x4c c:/program files (x86)/cypress/psoc creator/4.0/psoc creator/import/gnu/arm/4.9.3/bin/../lib/gcc/arm-none-eabi/4.9.3/../../../../arm-none-eabi/lib/armv6-m\libg_nano.a(lib_a-init.o)
                0x00002ad8                __libc_init_array
 .text.memcpy   0x00002b24       0x12 c:/program files (x86)/cypress/psoc creator/4.0/psoc creator/import/gnu/arm/4.9.3/bin/../lib/gcc/arm-none-eabi/4.9.3/../../../../arm-none-eabi/lib/armv6-m\libg_nano.a(lib_a-memcpy.o)
                0x00002b24                memcpy
 .text.memset   0x00002b36       0x10 c:/program files (x86)/cypress/psoc creator/4.0/psoc creator/import/gnu/arm/4.9.3/bin/../lib/gcc/arm-none-eabi/4.9.3/../../../../arm-none-eabi/lib/armv6-m\libg_nano.a(lib_a-memset.o)
                0x00002b36                memset
 *fill*         0x00002b46        0x2 
 .text._strtol_r
                0x00002b48      0x120 c:/program files (x86)/cypress/psoc creator/4.0/psoc creator/import/gnu/arm/4.9.3/bin/../lib/gcc/arm-none-eabi/4.9.3/../../../../arm-none-eabi/lib/armv6-m\libg_nano.a(lib_a-strtol.o)
                0x00002b48                _strtol_r
 .text.strtol   0x00002c68       0x1c c:/program files (x86)/cypress/psoc creator/4.0/psoc creator/import/gnu/arm/4.9.3/bin/../lib/gcc/arm-none-eabi/4.9.3/../../../../arm-none-eabi/lib/armv6-m\libg_nano.a(lib_a-strtol.o)
                0x00002c68                strtol
 *(.plt)
 *(.gnu.warning)
 *(.glue_7t)
 .glue_7t       0x00000000        0x0 linker stubs
 *(.glue_7)
 .glue_7        0x00000000        0x0 linker stubs
 *(.vfp11_veneer)
 .vfp11_veneer  0x00000000        0x0 linker stubs
 *(.bootloader)
 *(.ARM.extab* .gnu.linkonce.armextab.*)
 *(.gcc_except_table)

.v4_bx          0x00002c84        0x0
 .v4_bx         0x00000000        0x0 linker stubs

.iplt           0x00002c84        0x0
 .iplt          0x00000000        0x0 c:/program files (x86)/cypress/psoc creator/4.0/psoc creator/import/gnu/arm/4.9.3/bin/../lib/gcc/arm-none-eabi/4.9.3/armv6-m/crtbegin.o

.eh_frame_hdr
 *(.eh_frame_hdr)

.eh_frame       0x00002c84        0x4
 *(.eh_frame)
 .eh_frame      0x00002c84        0x0 c:/program files (x86)/cypress/psoc creator/4.0/psoc creator/import/gnu/arm/4.9.3/bin/../lib/gcc/arm-none-eabi/4.9.3/armv6-m/crtbegin.o
 .eh_frame      0x00002c84        0x4 c:/program files (x86)/cypress/psoc creator/4.0/psoc creator/import/gnu/arm/4.9.3/bin/../lib/gcc/arm-none-eabi/4.9.3/armv6-m/crtend.o
                0x00002c88                PROVIDE (__exidx_start, .)

.ARM.exidx
 *(.ARM.exidx* .gnu.linkonce.armexidx.*)
                0x00002c88                __exidx_end = .

.rodata         0x00002c88      0x530
 *(.rodata .rodata.* .gnu.linkonce.r.*)
 .rodata.cst2   0x00002c88        0x2 .\CortexM0\ARM_GCC_493\Debug\main.o
 *fill*         0x00002c8a        0x2 
 .rodata        0x00002c8c      0x154 .\CortexM0\ARM_GCC_493\Debug\main.o
 .rodata        0x00002de0      0x270 .\CortexM0\ARM_GCC_493\Debug\Tarocco.a(cyfitter_cfg.o)
 .rodata        0x00003050       0x30 .\CortexM0\ARM_GCC_493\Debug\Tarocco.a(CyLib.o)
                0x00003050                cyImoFreqMhz2Reg
 .rodata.str1.1
                0x00003080        0x2 c:/program files (x86)/cypress/psoc creator/4.0/psoc creator/import/gnu/arm/4.9.3/bin/../lib/gcc/arm-none-eabi/4.9.3/../../../../arm-none-eabi/lib/armv6-m\libg_nano.a(lib_a-impure.o)
 .rodata._ctype_
                0x00003082      0x101 c:/program files (x86)/cypress/psoc creator/4.0/psoc creator/import/gnu/arm/4.9.3/bin/../lib/gcc/arm-none-eabi/4.9.3/../../../../arm-none-eabi/lib/armv6-m\libg_nano.a(lib_a-ctype_.o)
                0x00003082                _ctype_
                0x00003184                . = ALIGN (0x4)
 *fill*         0x00003183        0x1 
 *(.init)
 .init          0x00003184        0x4 c:/program files (x86)/cypress/psoc creator/4.0/psoc creator/import/gnu/arm/4.9.3/bin/../lib/gcc/arm-none-eabi/4.9.3/armv6-m/crti.o
                0x00003184                _init
 .init          0x00003188        0x8 c:/program files (x86)/cypress/psoc creator/4.0/psoc creator/import/gnu/arm/4.9.3/bin/../lib/gcc/arm-none-eabi/4.9.3/armv6-m/crtn.o
                0x00003190                . = ALIGN (0x4)
                0x00003190                __preinit_array_start = .
 *(.preinit_array)
                0x00003190                __preinit_array_end = .
                0x00003190                . = ALIGN (0x4)
                0x00003190                __init_array_start = .
 *(SORT(.init_array.*))
 *(.init_array)
 .init_array    0x00003190        0x4 c:/program files (x86)/cypress/psoc creator/4.0/psoc creator/import/gnu/arm/4.9.3/bin/../lib/gcc/arm-none-eabi/4.9.3/armv6-m/crtbegin.o
 .init_array    0x00003194        0x4 .\CortexM0\ARM_GCC_493\Debug\Cm0Start.o
                0x00003198                __init_array_end = .
                0x00003198                . = ALIGN (0x4)
 *(.fini)
 .fini          0x00003198        0x4 c:/program files (x86)/cypress/psoc creator/4.0/psoc creator/import/gnu/arm/4.9.3/bin/../lib/gcc/arm-none-eabi/4.9.3/armv6-m/crti.o
                0x00003198                _fini
 .fini          0x0000319c        0x8 c:/program files (x86)/cypress/psoc creator/4.0/psoc creator/import/gnu/arm/4.9.3/bin/../lib/gcc/arm-none-eabi/4.9.3/armv6-m/crtn.o
                0x000031a4                . = ALIGN (0x4)
                0x000031a4                __fini_array_start = .
 *(.fini_array)
 .fini_array    0x000031a4        0x4 c:/program files (x86)/cypress/psoc creator/4.0/psoc creator/import/gnu/arm/4.9.3/bin/../lib/gcc/arm-none-eabi/4.9.3/armv6-m/crtbegin.o
 *(SORT(.fini_array.*))
                0x000031a8                __fini_array_end = .
                0x000031a8                . = ALIGN (0x4)
 *crtbegin.o(.ctors)
 *(EXCLUDE_FILE(*crtend.o) .ctors)
 *(SORT(.ctors.*))
 *crtend.o(.ctors)
                0x000031a8                . = ALIGN (0x4)
 *crtbegin.o(.dtors)
 *(EXCLUDE_FILE(*crtend.o) .dtors)
 *(SORT(.dtors.*))
 *crtend.o(.dtors)
                0x000031a8                . = ALIGN (0x4)
                0x000031a8                __cy_regions = .
                0x000031a8        0x4 LONG 0x31b8 __cy_region_init_ram
                0x000031ac        0x4 LONG 0x200000d0 __cy_region_start_data
                0x000031b0        0x4 LONG 0x80 __cy_region_init_size_ram
                0x000031b4        0x4 LONG 0x80 __cy_region_zero_size_ram
                0x000031b8                __cy_regions_end = .
                0x000031b8                . = ALIGN (0x8)
                0x000031b8                _etext = .

.ramvectors     0x20000000       0xc0
                0x20000000                __cy_region_start_ram = .
 *(.ramvectors)
 .ramvectors    0x20000000       0xc0 .\CortexM0\ARM_GCC_493\Debug\Cm0Start.o
                0x20000000                CyRamVectors

.btldr_run      0x200000c0        0x4
 *(.bootloaderruntype)
 .bootloaderruntype
                0x200000c0        0x4 .\CortexM0\ARM_GCC_493\Debug\Cm0Start.o
                0x200000c0                cyBtldrRunType

.noinit         0x200000c8        0x4
 *(.noinit)
 .noinit        0x200000c8        0x4 .\CortexM0\ARM_GCC_493\Debug\Cm0Start.o

.data           0x200000d0       0x80 load address 0x000031b8
                0x200000d0                __cy_region_start_data = .
 *(.jcr)
 .jcr           0x200000d0        0x0 c:/program files (x86)/cypress/psoc creator/4.0/psoc creator/import/gnu/arm/4.9.3/bin/../lib/gcc/arm-none-eabi/4.9.3/armv6-m/crtbegin.o
 .jcr           0x200000d0        0x4 c:/program files (x86)/cypress/psoc creator/4.0/psoc creator/import/gnu/arm/4.9.3/bin/../lib/gcc/arm-none-eabi/4.9.3/armv6-m/crtend.o
 *(.got.plt)
 *(.got)
 *(.shdata)
 *(.data .data.* .gnu.linkonce.d.*)
 .data          0x200000d4       0x10 .\CortexM0\ARM_GCC_493\Debug\Tarocco.a(CyLib.o)
                0x200000d4                cydelayFreqMhz
                0x200000d8                cydelay32kMs
                0x200000dc                cydelayFreqKhz
                0x200000e0                cydelayFreqHz
 .data          0x200000e4        0x4 .\CortexM0\ARM_GCC_493\Debug\Tarocco.a(CyLFClk.o)
 .data.impure_data
                0x200000e8       0x60 c:/program files (x86)/cypress/psoc creator/4.0/psoc creator/import/gnu/arm/4.9.3/bin/../lib/gcc/arm-none-eabi/4.9.3/../../../../arm-none-eabi/lib/armv6-m\libg_nano.a(lib_a-impure.o)
 .data._impure_ptr
                0x20000148        0x4 c:/program files (x86)/cypress/psoc creator/4.0/psoc creator/import/gnu/arm/4.9.3/bin/../lib/gcc/arm-none-eabi/4.9.3/../../../../arm-none-eabi/lib/armv6-m\libg_nano.a(lib_a-impure.o)
                0x20000148                _impure_ptr
 .data.__ctype_ptr__
                0x2000014c        0x4 c:/program files (x86)/cypress/psoc creator/4.0/psoc creator/import/gnu/arm/4.9.3/bin/../lib/gcc/arm-none-eabi/4.9.3/../../../../arm-none-eabi/lib/armv6-m\libg_nano.a(lib_a-ctype_.o)
                0x2000014c                __ctype_ptr__
                0x20000150                . = ALIGN (0x8)
 *(.ram)
                0x20000150                _edata = .

.igot.plt       0x20000150        0x0 load address 0x00003238
 .igot.plt      0x00000000        0x0 c:/program files (x86)/cypress/psoc creator/4.0/psoc creator/import/gnu/arm/4.9.3/bin/../lib/gcc/arm-none-eabi/4.9.3/armv6-m/crtbegin.o

.bss            0x20000150       0x80 load address 0x00003238
                0x20000150                PROVIDE (__bss_start__, .)
 *(.shbss)
 *(.bss .bss.* .gnu.linkonce.b.*)
 .bss           0x20000150       0x1c c:/program files (x86)/cypress/psoc creator/4.0/psoc creator/import/gnu/arm/4.9.3/bin/../lib/gcc/arm-none-eabi/4.9.3/armv6-m/crtbegin.o
 .bss           0x2000016c        0x2 .\CortexM0\ARM_GCC_493\Debug\main.o
                0x2000016c                transmit_state
                0x2000016d                command_overrun
 .bss           0x2000016e        0x1 .\CortexM0\ARM_GCC_493\Debug\Tarocco.a(PWM_MOT.o)
                0x2000016e                PWM_MOT_initVar
 .bss           0x2000016f        0x1 .\CortexM0\ARM_GCC_493\Debug\Tarocco.a(ADC.o)
                0x2000016f                ADC_initVar
 .bss           0x20000170        0x4 .\CortexM0\ARM_GCC_493\Debug\Tarocco.a(UART.o)
                0x20000170                UART_initVar
                0x20000172                UART_IntrTxMask
 .bss           0x20000174        0x1 .\CortexM0\ARM_GCC_493\Debug\Tarocco.a(TX_SEND.o)
                0x20000174                TX_SEND_initVar
 .bss           0x20000175        0x1 .\CortexM0\ARM_GCC_493\Debug\Tarocco.a(Counter_1.o)
                0x20000175                Counter_1_initVar
 *fill*         0x20000176        0x2 
 .bss           0x20000178        0x4 .\CortexM0\ARM_GCC_493\Debug\Tarocco.a(CyFlash.o)
 .bss           0x2000017c       0x20 .\CortexM0\ARM_GCC_493\Debug\Tarocco.a(CyLFClk.o)
 *(COMMON)
 COMMON         0x2000019c       0x2b .\CortexM0\ARM_GCC_493\Debug\main.o
                0x2000019c                command_parser
                0x200001ac                loop_proceed
                0x200001ae                timeout_counter
                0x200001b0                error_tx
                0x200001b8                current_tx
                0x200001c0                transmit_index
                0x200001c4                transmit_ready
                0x200001c5                command_ready
                0x200001c6                command_index
 *fill*         0x200001c7        0x1 
 COMMON         0x200001c8        0x6 .\CortexM0\ARM_GCC_493\Debug\Tarocco.a(ADC.o)
                0x200001c8                ADC_countsPer10Volt
                0x200001cc                ADC_offset
                0x200001d0                . = ALIGN (0x8)
 *fill*         0x200001ce        0x2 
 *(.ram.b)
                0x200001d0                _end = .
                0x200001d0                __end = .
                0x200001d0                PROVIDE (end, .)
                0x200001d0                PROVIDE (__bss_end__, .)
                0x000031b8                __cy_region_init_ram = LOADADDR (.data)
                0x00000080                __cy_region_init_size_ram = (_edata - ADDR (.data))
                0x00000080                __cy_region_zero_size_ram = (_end - _edata)

.heap           0x200001d0       0x20 load address 0x00003238
                0x200001d0                . = _end
                0x200001f0                . = (. + 0x20)
 *fill*         0x200001d0       0x20 
                0x200001f0                __cy_heap_limit = .

.stack          0x20000f00      0x100
                0x20000f00                __cy_stack_limit = .
                0x20001000                . = (. + 0x100)
 *fill*         0x20000f00      0x100 
                0x00000001                ASSERT ((__cy_stack_limit >= __cy_heap_limit), region RAM overflowed with stack)

.cy_checksum_exclude
                0x00007f80        0x0
 *(.cy_checksum_exclude)
                0x00000000                cy_checksum_exclude_size = (CY_APPL_LOADABLE == 0x1)?SIZEOF (.cy_checksum_exclude):0x0
                0x00000001                ASSERT ((cy_checksum_exclude_size <= CY_CHECKSUM_EXCLUDE_SIZE), CY_BOOT: Section .cy_checksum_exclude size exceedes specified limit.)
                0xf0000000                cyloadermeta_start = (cy_project_type_bootloader || cy_project_type_app_for_stack_and_copier)?(0x8000 - CY_METADATA_SIZE):0xf0000000

.cyloadermeta   0xf0000000       0x40
 *(.cyloadermeta)
 .cyloadermeta  0xf0000000       0x40 .\CortexM0\ARM_GCC_493\Debug\cybootloader.o
                0xf0000000                cy_meta_loader
                0x00007fc0                cyloadablemeta_start = cy_project_type_app_for_stack_and_copier?((0x8000 - CY_FLASH_ROW_SIZE) - CY_METADATA_SIZE):((0x8000 - (CY_FLASH_ROW_SIZE * (CY_APPL_NUM - 0x1))) - CY_METADATA_SIZE)

.cyloadablemeta
                0x00007fc0       0x40
 *(.cyloadablemeta)
 .cyloadablemeta
                0x00007fc0       0x40 .\CortexM0\ARM_GCC_493\Debug\cymetadata.o
                0x00007fc0                cy_meta_loadable

.cyflashprotect
                0x90400000       0x20
 *(.cyflashprotect)
 .cyflashprotect
                0x90400000       0x20 .\CortexM0\ARM_GCC_493\Debug\cybootloader.o
                0x90400000                cy_meta_flashprotect

.cymeta         0x90500000        0xc
 *(.cymeta)
 .cymeta        0x90500000        0xc .\CortexM0\ARM_GCC_493\Debug\cybootloader.o
                0x90500000                cy_metadata

.cychipprotect  0x90600000        0x4
 *(.cychipprotect)
 .cychipprotect
                0x90600000        0x4 .\CortexM0\ARM_GCC_493\Debug\cybootloader.o
                0x90600000                cy_meta_chipprotect

.rel.dyn        0x00008000        0x0 load address 0x90600004
 .rel.iplt      0x00000000        0x0 c:/program files (x86)/cypress/psoc creator/4.0/psoc creator/import/gnu/arm/4.9.3/bin/../lib/gcc/arm-none-eabi/4.9.3/armv6-m/crtbegin.o

.stab
 *(.stab)

.stabstr
 *(.stabstr)

.debug
 *(.debug)

.line
 *(.line)

.debug_srcinfo
 *(.debug_srcinfo)

.debug_sfnames
 *(.debug_sfnames)

.debug_aranges  0x00000000      0xd58
 *(.debug_aranges)
 .debug_aranges
                0x00000000       0x60 .\CortexM0\ARM_GCC_493\Debug\main.o
 .debug_aranges
                0x00000060       0x18 .\CortexM0\ARM_GCC_493\Debug\cymetadata.o
 .debug_aranges
                0x00000078       0x48 .\CortexM0\ARM_GCC_493\Debug\Cm0Start.o
 .debug_aranges
                0x000000c0       0x18 .\CortexM0\ARM_GCC_493\Debug\cybootloader.o
 .debug_aranges
                0x000000d8       0x28 .\CortexM0\ARM_GCC_493\Debug\Tarocco.a(cyfitter_cfg.o)
 .debug_aranges
                0x00000100      0x158 .\CortexM0\ARM_GCC_493\Debug\Tarocco.a(PWM_MOT.o)
 .debug_aranges
                0x00000258       0x48 .\CortexM0\ARM_GCC_493\Debug\Tarocco.a(phase.o)
 .debug_aranges
                0x000002a0       0x48 .\CortexM0\ARM_GCC_493\Debug\Tarocco.a(sleep.o)
 .debug_aranges
                0x000002e8       0x48 .\CortexM0\ARM_GCC_493\Debug\Tarocco.a(fault.o)
 .debug_aranges
                0x00000330       0x48 .\CortexM0\ARM_GCC_493\Debug\Tarocco.a(ovc.o)
 .debug_aranges
                0x00000378       0xa8 .\CortexM0\ARM_GCC_493\Debug\Tarocco.a(ADC.o)
 .debug_aranges
                0x00000420       0x20 .\CortexM0\ARM_GCC_493\Debug\Tarocco.a(ADC_INT.o)
 .debug_aranges
                0x00000440       0x50 .\CortexM0\ARM_GCC_493\Debug\Tarocco.a(UART.o)
 .debug_aranges
                0x00000490       0x60 .\CortexM0\ARM_GCC_493\Debug\Tarocco.a(UART_SPI_UART.o)
 .debug_aranges
                0x000004f0       0x60 .\CortexM0\ARM_GCC_493\Debug\Tarocco.a(UART_UART.o)
 .debug_aranges
                0x00000550       0x48 .\CortexM0\ARM_GCC_493\Debug\Tarocco.a(reset.o)
 .debug_aranges
                0x00000598       0x48 .\CortexM0\ARM_GCC_493\Debug\Tarocco.a(error.o)
 .debug_aranges
                0x000005e0       0x80 .\CortexM0\ARM_GCC_493\Debug\Tarocco.a(rxISR.o)
 .debug_aranges
                0x00000660      0x158 .\CortexM0\ARM_GCC_493\Debug\Tarocco.a(TX_SEND.o)
 .debug_aranges
                0x000007b8       0x80 .\CortexM0\ARM_GCC_493\Debug\Tarocco.a(txISR.o)
 .debug_aranges
                0x00000838       0x30 .\CortexM0\ARM_GCC_493\Debug\Tarocco.a(EEPROM.o)
 .debug_aranges
                0x00000868       0xa0 .\CortexM0\ARM_GCC_493\Debug\Tarocco.a(Counter_1.o)
 .debug_aranges
                0x00000908       0x80 .\CortexM0\ARM_GCC_493\Debug\Tarocco.a(pwmISR.o)
 .debug_aranges
                0x00000988       0x28 .\CortexM0\ARM_GCC_493\Debug\Tarocco.a(CyFlash.o)
 .debug_aranges
                0x000009b0      0x178 .\CortexM0\ARM_GCC_493\Debug\Tarocco.a(CyLib.o)
 .debug_aranges
                0x00000b28      0x118 .\CortexM0\ARM_GCC_493\Debug\Tarocco.a(CyLFClk.o)
 .debug_aranges
                0x00000c40       0x28 .\CortexM0\ARM_GCC_493\Debug\Tarocco.a(Bootloadable_1.o)
 .debug_aranges
                0x00000c68       0x48 .\CortexM0\ARM_GCC_493\Debug\Tarocco.a(vin.o)
 .debug_aranges
                0x00000cb0       0x48 .\CortexM0\ARM_GCC_493\Debug\Tarocco.a(err.o)
 .debug_aranges
                0x00000cf8       0x40 .\CortexM0\ARM_GCC_493\Debug\Tarocco.a(step_register.o)
 .debug_aranges
                0x00000d38       0x20 .\CortexM0\ARM_GCC_493\Debug\Tarocco.a(CyBootAsmGnu.o)

.debug_pubnames
 *(.debug_pubnames)

.debug_info     0x00000000     0x786e
 *(.debug_info .gnu.linkonce.wi.*)
 .debug_info    0x00000000      0xcbf .\CortexM0\ARM_GCC_493\Debug\main.o
 .debug_info    0x00000cbf       0xb2 .\CortexM0\ARM_GCC_493\Debug\cymetadata.o
 .debug_info    0x00000d71      0x399 .\CortexM0\ARM_GCC_493\Debug\Cm0Start.o
 .debug_info    0x0000110a      0x14e .\CortexM0\ARM_GCC_493\Debug\cybootloader.o
 .debug_info    0x00001258      0x440 .\CortexM0\ARM_GCC_493\Debug\Tarocco.a(cyfitter_cfg.o)
 .debug_info    0x00001698      0xa2b .\CortexM0\ARM_GCC_493\Debug\Tarocco.a(PWM_MOT.o)
 .debug_info    0x000020c3      0x199 .\CortexM0\ARM_GCC_493\Debug\Tarocco.a(phase.o)
 .debug_info    0x0000225c      0x19b .\CortexM0\ARM_GCC_493\Debug\Tarocco.a(sleep.o)
 .debug_info    0x000023f7      0x19b .\CortexM0\ARM_GCC_493\Debug\Tarocco.a(fault.o)
 .debug_info    0x00002592      0x19b .\CortexM0\ARM_GCC_493\Debug\Tarocco.a(ovc.o)
 .debug_info    0x0000272d      0x5c0 .\CortexM0\ARM_GCC_493\Debug\Tarocco.a(ADC.o)
 .debug_info    0x00002ced       0xc4 .\CortexM0\ARM_GCC_493\Debug\Tarocco.a(ADC_INT.o)
 .debug_info    0x00002db1      0x274 .\CortexM0\ARM_GCC_493\Debug\Tarocco.a(UART.o)
 .debug_info    0x00003025      0x23e .\CortexM0\ARM_GCC_493\Debug\Tarocco.a(UART_SPI_UART.o)
 .debug_info    0x00003263      0x2c4 .\CortexM0\ARM_GCC_493\Debug\Tarocco.a(UART_UART.o)
 .debug_info    0x00003527      0x19b .\CortexM0\ARM_GCC_493\Debug\Tarocco.a(reset.o)
 .debug_info    0x000036c2      0x19b .\CortexM0\ARM_GCC_493\Debug\Tarocco.a(error.o)
 .debug_info    0x0000385d      0x350 .\CortexM0\ARM_GCC_493\Debug\Tarocco.a(rxISR.o)
 .debug_info    0x00003bad      0x9e4 .\CortexM0\ARM_GCC_493\Debug\Tarocco.a(TX_SEND.o)
 .debug_info    0x00004591      0x350 .\CortexM0\ARM_GCC_493\Debug\Tarocco.a(txISR.o)
 .debug_info    0x000048e1      0x1e4 .\CortexM0\ARM_GCC_493\Debug\Tarocco.a(EEPROM.o)
 .debug_info    0x00004ac5      0x41d .\CortexM0\ARM_GCC_493\Debug\Tarocco.a(Counter_1.o)
 .debug_info    0x00004ee2      0x350 .\CortexM0\ARM_GCC_493\Debug\Tarocco.a(pwmISR.o)
 .debug_info    0x00005232      0x38c .\CortexM0\ARM_GCC_493\Debug\Tarocco.a(CyFlash.o)
 .debug_info    0x000055be      0xd1a .\CortexM0\ARM_GCC_493\Debug\Tarocco.a(CyLib.o)
 .debug_info    0x000062d8      0xebf .\CortexM0\ARM_GCC_493\Debug\Tarocco.a(CyLFClk.o)
 .debug_info    0x00007197      0x1b3 .\CortexM0\ARM_GCC_493\Debug\Tarocco.a(Bootloadable_1.o)
 .debug_info    0x0000734a      0x19b .\CortexM0\ARM_GCC_493\Debug\Tarocco.a(vin.o)
 .debug_info    0x000074e5      0x19b .\CortexM0\ARM_GCC_493\Debug\Tarocco.a(err.o)
 .debug_info    0x00007680      0x17a .\CortexM0\ARM_GCC_493\Debug\Tarocco.a(step_register.o)
 .debug_info    0x000077fa       0x74 .\CortexM0\ARM_GCC_493\Debug\Tarocco.a(CyBootAsmGnu.o)

.debug_abbrev   0x00000000     0x2d36
 *(.debug_abbrev)
 .debug_abbrev  0x00000000      0x2e8 .\CortexM0\ARM_GCC_493\Debug\main.o
 .debug_abbrev  0x000002e8       0x5d .\CortexM0\ARM_GCC_493\Debug\cymetadata.o
 .debug_abbrev  0x00000345      0x20d .\CortexM0\ARM_GCC_493\Debug\Cm0Start.o
 .debug_abbrev  0x00000552       0x77 .\CortexM0\ARM_GCC_493\Debug\cybootloader.o
 .debug_abbrev  0x000005c9      0x261 .\CortexM0\ARM_GCC_493\Debug\Tarocco.a(cyfitter_cfg.o)
 .debug_abbrev  0x0000082a      0x1c6 .\CortexM0\ARM_GCC_493\Debug\Tarocco.a(PWM_MOT.o)
 .debug_abbrev  0x000009f0       0xd5 .\CortexM0\ARM_GCC_493\Debug\Tarocco.a(phase.o)
 .debug_abbrev  0x00000ac5       0xc6 .\CortexM0\ARM_GCC_493\Debug\Tarocco.a(sleep.o)
 .debug_abbrev  0x00000b8b       0xc6 .\CortexM0\ARM_GCC_493\Debug\Tarocco.a(fault.o)
 .debug_abbrev  0x00000c51       0xc6 .\CortexM0\ARM_GCC_493\Debug\Tarocco.a(ovc.o)
 .debug_abbrev  0x00000d17      0x1db .\CortexM0\ARM_GCC_493\Debug\Tarocco.a(ADC.o)
 .debug_abbrev  0x00000ef2       0x65 .\CortexM0\ARM_GCC_493\Debug\Tarocco.a(ADC_INT.o)
 .debug_abbrev  0x00000f57      0x136 .\CortexM0\ARM_GCC_493\Debug\Tarocco.a(UART.o)
 .debug_abbrev  0x0000108d      0x188 .\CortexM0\ARM_GCC_493\Debug\Tarocco.a(UART_SPI_UART.o)
 .debug_abbrev  0x00001215      0x13d .\CortexM0\ARM_GCC_493\Debug\Tarocco.a(UART_UART.o)
 .debug_abbrev  0x00001352       0xc6 .\CortexM0\ARM_GCC_493\Debug\Tarocco.a(reset.o)
 .debug_abbrev  0x00001418       0xc6 .\CortexM0\ARM_GCC_493\Debug\Tarocco.a(error.o)
 .debug_abbrev  0x000014de      0x24d .\CortexM0\ARM_GCC_493\Debug\Tarocco.a(rxISR.o)
 .debug_abbrev  0x0000172b      0x1c6 .\CortexM0\ARM_GCC_493\Debug\Tarocco.a(TX_SEND.o)
 .debug_abbrev  0x000018f1      0x25e .\CortexM0\ARM_GCC_493\Debug\Tarocco.a(txISR.o)
 .debug_abbrev  0x00001b4f      0x101 .\CortexM0\ARM_GCC_493\Debug\Tarocco.a(EEPROM.o)
 .debug_abbrev  0x00001c50      0x219 .\CortexM0\ARM_GCC_493\Debug\Tarocco.a(Counter_1.o)
 .debug_abbrev  0x00001e69      0x24d .\CortexM0\ARM_GCC_493\Debug\Tarocco.a(pwmISR.o)
 .debug_abbrev  0x000020b6      0x20d .\CortexM0\ARM_GCC_493\Debug\Tarocco.a(CyFlash.o)
 .debug_abbrev  0x000022c3      0x352 .\CortexM0\ARM_GCC_493\Debug\Tarocco.a(CyLib.o)
 .debug_abbrev  0x00002615      0x3a5 .\CortexM0\ARM_GCC_493\Debug\Tarocco.a(CyLFClk.o)
 .debug_abbrev  0x000029ba      0x116 .\CortexM0\ARM_GCC_493\Debug\Tarocco.a(Bootloadable_1.o)
 .debug_abbrev  0x00002ad0       0xc6 .\CortexM0\ARM_GCC_493\Debug\Tarocco.a(vin.o)
 .debug_abbrev  0x00002b96       0xc6 .\CortexM0\ARM_GCC_493\Debug\Tarocco.a(err.o)
 .debug_abbrev  0x00002c5c       0xc6 .\CortexM0\ARM_GCC_493\Debug\Tarocco.a(step_register.o)
 .debug_abbrev  0x00002d22       0x14 .\CortexM0\ARM_GCC_493\Debug\Tarocco.a(CyBootAsmGnu.o)

.debug_line     0x00000000     0x35f6
 *(.debug_line)
 .debug_line    0x00000000      0x52f .\CortexM0\ARM_GCC_493\Debug\main.o
 .debug_line    0x0000052f       0x51 .\CortexM0\ARM_GCC_493\Debug\cymetadata.o
 .debug_line    0x00000580      0x259 .\CortexM0\ARM_GCC_493\Debug\Cm0Start.o
 .debug_line    0x000007d9       0x53 .\CortexM0\ARM_GCC_493\Debug\cybootloader.o
 .debug_line    0x0000082c      0x1ba .\CortexM0\ARM_GCC_493\Debug\Tarocco.a(cyfitter_cfg.o)
 .debug_line    0x000009e6      0x433 .\CortexM0\ARM_GCC_493\Debug\Tarocco.a(PWM_MOT.o)
 .debug_line    0x00000e19       0xc9 .\CortexM0\ARM_GCC_493\Debug\Tarocco.a(phase.o)
 .debug_line    0x00000ee2       0xca .\CortexM0\ARM_GCC_493\Debug\Tarocco.a(sleep.o)
 .debug_line    0x00000fac       0xca .\CortexM0\ARM_GCC_493\Debug\Tarocco.a(fault.o)
 .debug_line    0x00001076       0xc8 .\CortexM0\ARM_GCC_493\Debug\Tarocco.a(ovc.o)
 .debug_line    0x0000113e      0x2ed .\CortexM0\ARM_GCC_493\Debug\Tarocco.a(ADC.o)
 .debug_line    0x0000142b       0x68 .\CortexM0\ARM_GCC_493\Debug\Tarocco.a(ADC_INT.o)
 .debug_line    0x00001493      0x136 .\CortexM0\ARM_GCC_493\Debug\Tarocco.a(UART.o)
 .debug_line    0x000015c9      0x138 .\CortexM0\ARM_GCC_493\Debug\Tarocco.a(UART_SPI_UART.o)
 .debug_line    0x00001701      0x174 .\CortexM0\ARM_GCC_493\Debug\Tarocco.a(UART_UART.o)
 .debug_line    0x00001875       0xca .\CortexM0\ARM_GCC_493\Debug\Tarocco.a(reset.o)
 .debug_line    0x0000193f       0xca .\CortexM0\ARM_GCC_493\Debug\Tarocco.a(error.o)
 .debug_line    0x00001a09      0x19f .\CortexM0\ARM_GCC_493\Debug\Tarocco.a(rxISR.o)
 .debug_line    0x00001ba8      0x40e .\CortexM0\ARM_GCC_493\Debug\Tarocco.a(TX_SEND.o)
 .debug_line    0x00001fb6      0x1af .\CortexM0\ARM_GCC_493\Debug\Tarocco.a(txISR.o)
 .debug_line    0x00002165       0xc5 .\CortexM0\ARM_GCC_493\Debug\Tarocco.a(EEPROM.o)
 .debug_line    0x0000222a      0x223 .\CortexM0\ARM_GCC_493\Debug\Tarocco.a(Counter_1.o)
 .debug_line    0x0000244d      0x1a0 .\CortexM0\ARM_GCC_493\Debug\Tarocco.a(pwmISR.o)
 .debug_line    0x000025ed      0x19e .\CortexM0\ARM_GCC_493\Debug\Tarocco.a(CyFlash.o)
 .debug_line    0x0000278b      0x561 .\CortexM0\ARM_GCC_493\Debug\Tarocco.a(CyLib.o)
 .debug_line    0x00002cec      0x584 .\CortexM0\ARM_GCC_493\Debug\Tarocco.a(CyLFClk.o)
 .debug_line    0x00003270       0xc7 .\CortexM0\ARM_GCC_493\Debug\Tarocco.a(Bootloadable_1.o)
 .debug_line    0x00003337       0xc8 .\CortexM0\ARM_GCC_493\Debug\Tarocco.a(vin.o)
 .debug_line    0x000033ff       0xc8 .\CortexM0\ARM_GCC_493\Debug\Tarocco.a(err.o)
 .debug_line    0x000034c7       0xc6 .\CortexM0\ARM_GCC_493\Debug\Tarocco.a(step_register.o)
 .debug_line    0x0000358d       0x69 .\CortexM0\ARM_GCC_493\Debug\Tarocco.a(CyBootAsmGnu.o)

.debug_frame    0x00000000     0x2078
 *(.debug_frame)
 .debug_frame   0x00000000      0x110 .\CortexM0\ARM_GCC_493\Debug\main.o
 .debug_frame   0x00000110       0xbc .\CortexM0\ARM_GCC_493\Debug\Cm0Start.o
 .debug_frame   0x000001cc       0x48 .\CortexM0\ARM_GCC_493\Debug\Tarocco.a(cyfitter_cfg.o)
 .debug_frame   0x00000214      0x384 .\CortexM0\ARM_GCC_493\Debug\Tarocco.a(PWM_MOT.o)
 .debug_frame   0x00000598       0x70 .\CortexM0\ARM_GCC_493\Debug\Tarocco.a(phase.o)
 .debug_frame   0x00000608       0x70 .\CortexM0\ARM_GCC_493\Debug\Tarocco.a(sleep.o)
 .debug_frame   0x00000678       0x70 .\CortexM0\ARM_GCC_493\Debug\Tarocco.a(fault.o)
 .debug_frame   0x000006e8       0x70 .\CortexM0\ARM_GCC_493\Debug\Tarocco.a(ovc.o)
 .debug_frame   0x00000758      0x1b0 .\CortexM0\ARM_GCC_493\Debug\Tarocco.a(ADC.o)
 .debug_frame   0x00000908       0x20 .\CortexM0\ARM_GCC_493\Debug\Tarocco.a(ADC_INT.o)
 .debug_frame   0x00000928       0xb0 .\CortexM0\ARM_GCC_493\Debug\Tarocco.a(UART.o)
 .debug_frame   0x000009d8       0xb0 .\CortexM0\ARM_GCC_493\Debug\Tarocco.a(UART_SPI_UART.o)
 .debug_frame   0x00000a88       0xdc .\CortexM0\ARM_GCC_493\Debug\Tarocco.a(UART_UART.o)
 .debug_frame   0x00000b64       0x70 .\CortexM0\ARM_GCC_493\Debug\Tarocco.a(reset.o)
 .debug_frame   0x00000bd4       0x70 .\CortexM0\ARM_GCC_493\Debug\Tarocco.a(error.o)
 .debug_frame   0x00000c44      0x104 .\CortexM0\ARM_GCC_493\Debug\Tarocco.a(rxISR.o)
 .debug_frame   0x00000d48      0x384 .\CortexM0\ARM_GCC_493\Debug\Tarocco.a(TX_SEND.o)
 .debug_frame   0x000010cc      0x104 .\CortexM0\ARM_GCC_493\Debug\Tarocco.a(txISR.o)
 .debug_frame   0x000011d0       0x68 .\CortexM0\ARM_GCC_493\Debug\Tarocco.a(EEPROM.o)
 .debug_frame   0x00001238      0x138 .\CortexM0\ARM_GCC_493\Debug\Tarocco.a(Counter_1.o)
 .debug_frame   0x00001370      0x104 .\CortexM0\ARM_GCC_493\Debug\Tarocco.a(pwmISR.o)
 .debug_frame   0x00001474       0x64 .\CortexM0\ARM_GCC_493\Debug\Tarocco.a(CyFlash.o)
 .debug_frame   0x000014d8      0x398 .\CortexM0\ARM_GCC_493\Debug\Tarocco.a(CyLib.o)
 .debug_frame   0x00001870      0x334 .\CortexM0\ARM_GCC_493\Debug\Tarocco.a(CyLFClk.o)
 .debug_frame   0x00001ba4       0x54 .\CortexM0\ARM_GCC_493\Debug\Tarocco.a(Bootloadable_1.o)
 .debug_frame   0x00001bf8       0x70 .\CortexM0\ARM_GCC_493\Debug\Tarocco.a(vin.o)
 .debug_frame   0x00001c68       0x70 .\CortexM0\ARM_GCC_493\Debug\Tarocco.a(err.o)
 .debug_frame   0x00001cd8       0x78 .\CortexM0\ARM_GCC_493\Debug\Tarocco.a(step_register.o)
 .debug_frame   0x00001d50       0x20 c:/program files (x86)/cypress/psoc creator/4.0/psoc creator/import/gnu/arm/4.9.3/bin/../lib/gcc/arm-none-eabi/4.9.3/armv6-m\libgcc.a(_udivsi3.o)
 .debug_frame   0x00001d70       0x20 c:/program files (x86)/cypress/psoc creator/4.0/psoc creator/import/gnu/arm/4.9.3/bin/../lib/gcc/arm-none-eabi/4.9.3/armv6-m\libgcc.a(_divsi3.o)
 .debug_frame   0x00001d90       0x34 c:/program files (x86)/cypress/psoc creator/4.0/psoc creator/import/gnu/arm/4.9.3/bin/../lib/gcc/arm-none-eabi/4.9.3/armv6-m\libgcc.a(_muldi3.o)
 .debug_frame   0x00001dc4       0x50 c:/program files (x86)/cypress/psoc creator/4.0/psoc creator/import/gnu/arm/4.9.3/bin/../lib/gcc/arm-none-eabi/4.9.3/armv6-m\libgcc.a(bpabi.o)
 .debug_frame   0x00001e14       0x3c c:/program files (x86)/cypress/psoc creator/4.0/psoc creator/import/gnu/arm/4.9.3/bin/../lib/gcc/arm-none-eabi/4.9.3/armv6-m\libgcc.a(divsf3.o)
 .debug_frame   0x00001e50       0x3c c:/program files (x86)/cypress/psoc creator/4.0/psoc creator/import/gnu/arm/4.9.3/bin/../lib/gcc/arm-none-eabi/4.9.3/armv6-m\libgcc.a(mulsf3.o)
 .debug_frame   0x00001e8c       0x2c c:/program files (x86)/cypress/psoc creator/4.0/psoc creator/import/gnu/arm/4.9.3/bin/../lib/gcc/arm-none-eabi/4.9.3/armv6-m\libgcc.a(floatsisf.o)
 .debug_frame   0x00001eb8       0x3c c:/program files (x86)/cypress/psoc creator/4.0/psoc creator/import/gnu/arm/4.9.3/bin/../lib/gcc/arm-none-eabi/4.9.3/armv6-m\libgcc.a(_divdi3.o)
 .debug_frame   0x00001ef4       0x3c c:/program files (x86)/cypress/psoc creator/4.0/psoc creator/import/gnu/arm/4.9.3/bin/../lib/gcc/arm-none-eabi/4.9.3/armv6-m\libgcc.a(_udivdi3.o)
 .debug_frame   0x00001f30       0x40 c:/program files (x86)/cypress/psoc creator/4.0/psoc creator/import/gnu/arm/4.9.3/bin/../lib/gcc/arm-none-eabi/4.9.3/../../../../arm-none-eabi/lib/armv6-m\libg_nano.a(lib_a-atoi.o)
 .debug_frame   0x00001f70       0x20 c:/program files (x86)/cypress/psoc creator/4.0/psoc creator/import/gnu/arm/4.9.3/bin/../lib/gcc/arm-none-eabi/4.9.3/../../../../arm-none-eabi/lib/armv6-m\libg_nano.a(lib_a-errno.o)
 .debug_frame   0x00001f90       0x28 c:/program files (x86)/cypress/psoc creator/4.0/psoc creator/import/gnu/arm/4.9.3/bin/../lib/gcc/arm-none-eabi/4.9.3/../../../../arm-none-eabi/lib/armv6-m\libg_nano.a(lib_a-exit.o)
 .debug_frame   0x00001fb8       0x2c c:/program files (x86)/cypress/psoc creator/4.0/psoc creator/import/gnu/arm/4.9.3/bin/../lib/gcc/arm-none-eabi/4.9.3/../../../../arm-none-eabi/lib/armv6-m\libg_nano.a(lib_a-init.o)
 .debug_frame   0x00001fe4       0x28 c:/program files (x86)/cypress/psoc creator/4.0/psoc creator/import/gnu/arm/4.9.3/bin/../lib/gcc/arm-none-eabi/4.9.3/../../../../arm-none-eabi/lib/armv6-m\libg_nano.a(lib_a-memcpy.o)
 .debug_frame   0x0000200c       0x20 c:/program files (x86)/cypress/psoc creator/4.0/psoc creator/import/gnu/arm/4.9.3/bin/../lib/gcc/arm-none-eabi/4.9.3/../../../../arm-none-eabi/lib/armv6-m\libg_nano.a(lib_a-memset.o)
 .debug_frame   0x0000202c       0x4c c:/program files (x86)/cypress/psoc creator/4.0/psoc creator/import/gnu/arm/4.9.3/bin/../lib/gcc/arm-none-eabi/4.9.3/../../../../arm-none-eabi/lib/armv6-m\libg_nano.a(lib_a-strtol.o)

.debug_str      0x00000000     0x29bc
 *(.debug_str)
 .debug_str     0x00000000      0x5c3 .\CortexM0\ARM_GCC_493\Debug\main.o
                                0x672 (size before relaxing)
 .debug_str     0x000005c3       0x35 .\CortexM0\ARM_GCC_493\Debug\cymetadata.o
                                0x199 (size before relaxing)
 .debug_str     0x000005f8      0x14f .\CortexM0\ARM_GCC_493\Debug\Cm0Start.o
                                0x2f3 (size before relaxing)
 .debug_str     0x00000747       0x78 .\CortexM0\ARM_GCC_493\Debug\cybootloader.o
                                0x1dc (size before relaxing)
 .debug_str     0x000007bf      0x11e .\CortexM0\ARM_GCC_493\Debug\Tarocco.a(cyfitter_cfg.o)
                                0x2ed (size before relaxing)
 .debug_str     0x000008dd      0x437 .\CortexM0\ARM_GCC_493\Debug\Tarocco.a(PWM_MOT.o)
                                0x5e8 (size before relaxing)
 .debug_str     0x00000d14       0x9f .\CortexM0\ARM_GCC_493\Debug\Tarocco.a(phase.o)
                                0x225 (size before relaxing)
 .debug_str     0x00000db3       0x7b .\CortexM0\ARM_GCC_493\Debug\Tarocco.a(sleep.o)
                                0x225 (size before relaxing)
 .debug_str     0x00000e2e       0x7c .\CortexM0\ARM_GCC_493\Debug\Tarocco.a(fault.o)
                                0x225 (size before relaxing)
 .debug_str     0x00000eaa       0x70 .\CortexM0\ARM_GCC_493\Debug\Tarocco.a(ovc.o)
                                0x217 (size before relaxing)
 .debug_str     0x00000f1a      0x1cc .\CortexM0\ARM_GCC_493\Debug\Tarocco.a(ADC.o)
                                0x3b4 (size before relaxing)
 .debug_str     0x000010e6       0x35 .\CortexM0\ARM_GCC_493\Debug\Tarocco.a(ADC_INT.o)
                                0x1a0 (size before relaxing)
 .debug_str     0x0000111b      0x126 .\CortexM0\ARM_GCC_493\Debug\Tarocco.a(UART.o)
                                0x2a9 (size before relaxing)
 .debug_str     0x00001241      0x11d .\CortexM0\ARM_GCC_493\Debug\Tarocco.a(UART_SPI_UART.o)
                                0x2b1 (size before relaxing)
 .debug_str     0x0000135e       0xc1 .\CortexM0\ARM_GCC_493\Debug\Tarocco.a(UART_UART.o)
                                0x2e5 (size before relaxing)
 .debug_str     0x0000141f       0x7c .\CortexM0\ARM_GCC_493\Debug\Tarocco.a(reset.o)
                                0x225 (size before relaxing)
 .debug_str     0x0000149b       0x7b .\CortexM0\ARM_GCC_493\Debug\Tarocco.a(error.o)
                                0x225 (size before relaxing)
 .debug_str     0x00001516       0xf0 .\CortexM0\ARM_GCC_493\Debug\Tarocco.a(rxISR.o)
                                0x2cd (size before relaxing)
 .debug_str     0x00001606      0x36d .\CortexM0\ARM_GCC_493\Debug\Tarocco.a(TX_SEND.o)
                                0x5e8 (size before relaxing)
 .debug_str     0x00001973       0xc5 .\CortexM0\ARM_GCC_493\Debug\Tarocco.a(txISR.o)
                                0x2cd (size before relaxing)
 .debug_str     0x00001a38       0x9a .\CortexM0\ARM_GCC_493\Debug\Tarocco.a(EEPROM.o)
                                0x22d (size before relaxing)
 .debug_str     0x00001ad2      0x1bb .\CortexM0\ARM_GCC_493\Debug\Tarocco.a(Counter_1.o)
                                0x3ac (size before relaxing)
 .debug_str     0x00001c8d       0xe5 .\CortexM0\ARM_GCC_493\Debug\Tarocco.a(pwmISR.o)
                                0x2db (size before relaxing)
 .debug_str     0x00001d72      0x13a .\CortexM0\ARM_GCC_493\Debug\Tarocco.a(CyFlash.o)
                                0x311 (size before relaxing)
 .debug_str     0x00001eac      0x430 .\CortexM0\ARM_GCC_493\Debug\Tarocco.a(CyLib.o)
                                0x678 (size before relaxing)
 .debug_str     0x000022dc      0x51b .\CortexM0\ARM_GCC_493\Debug\Tarocco.a(CyLFClk.o)
                                0x720 (size before relaxing)
 .debug_str     0x000027f7       0x54 .\CortexM0\ARM_GCC_493\Debug\Tarocco.a(Bootloadable_1.o)
                                0x22c (size before relaxing)
 .debug_str     0x0000284b       0x6f .\CortexM0\ARM_GCC_493\Debug\Tarocco.a(vin.o)
                                0x217 (size before relaxing)
 .debug_str     0x000028ba       0x6f .\CortexM0\ARM_GCC_493\Debug\Tarocco.a(err.o)
                                0x217 (size before relaxing)
 .debug_str     0x00002929       0x93 .\CortexM0\ARM_GCC_493\Debug\Tarocco.a(step_register.o)
                                0x250 (size before relaxing)

.debug_loc      0x00000000     0x3b8c
 *(.debug_loc)
 .debug_loc     0x00000000      0x62f .\CortexM0\ARM_GCC_493\Debug\main.o
 .debug_loc     0x0000062f      0x1a5 .\CortexM0\ARM_GCC_493\Debug\Cm0Start.o
 .debug_loc     0x000007d4      0x124 .\CortexM0\ARM_GCC_493\Debug\Tarocco.a(cyfitter_cfg.o)
 .debug_loc     0x000008f8      0x5a1 .\CortexM0\ARM_GCC_493\Debug\Tarocco.a(PWM_MOT.o)
 .debug_loc     0x00000e99       0x80 .\CortexM0\ARM_GCC_493\Debug\Tarocco.a(phase.o)
 .debug_loc     0x00000f19       0xa1 .\CortexM0\ARM_GCC_493\Debug\Tarocco.a(sleep.o)
 .debug_loc     0x00000fba       0xa1 .\CortexM0\ARM_GCC_493\Debug\Tarocco.a(fault.o)
 .debug_loc     0x0000105b       0xa1 .\CortexM0\ARM_GCC_493\Debug\Tarocco.a(ovc.o)
 .debug_loc     0x000010fc      0x3fd .\CortexM0\ARM_GCC_493\Debug\Tarocco.a(ADC.o)
 .debug_loc     0x000014f9       0x7e .\CortexM0\ARM_GCC_493\Debug\Tarocco.a(UART.o)
 .debug_loc     0x00001577       0xef .\CortexM0\ARM_GCC_493\Debug\Tarocco.a(UART_SPI_UART.o)
 .debug_loc     0x00001666      0x1b6 .\CortexM0\ARM_GCC_493\Debug\Tarocco.a(UART_UART.o)
 .debug_loc     0x0000181c       0xa1 .\CortexM0\ARM_GCC_493\Debug\Tarocco.a(reset.o)
 .debug_loc     0x000018bd       0xa1 .\CortexM0\ARM_GCC_493\Debug\Tarocco.a(error.o)
 .debug_loc     0x0000195e       0xac .\CortexM0\ARM_GCC_493\Debug\Tarocco.a(rxISR.o)
 .debug_loc     0x00001a0a      0x58d .\CortexM0\ARM_GCC_493\Debug\Tarocco.a(TX_SEND.o)
 .debug_loc     0x00001f97       0xaa .\CortexM0\ARM_GCC_493\Debug\Tarocco.a(txISR.o)
 .debug_loc     0x00002041      0x1c6 .\CortexM0\ARM_GCC_493\Debug\Tarocco.a(EEPROM.o)
 .debug_loc     0x00002207       0x72 .\CortexM0\ARM_GCC_493\Debug\Tarocco.a(Counter_1.o)
 .debug_loc     0x00002279       0xae .\CortexM0\ARM_GCC_493\Debug\Tarocco.a(pwmISR.o)
 .debug_loc     0x00002327      0x2dd .\CortexM0\ARM_GCC_493\Debug\Tarocco.a(CyFlash.o)
 .debug_loc     0x00002604      0x7c9 .\CortexM0\ARM_GCC_493\Debug\Tarocco.a(CyLib.o)
 .debug_loc     0x00002dcd      0xb60 .\CortexM0\ARM_GCC_493\Debug\Tarocco.a(CyLFClk.o)
 .debug_loc     0x0000392d       0xd9 .\CortexM0\ARM_GCC_493\Debug\Tarocco.a(Bootloadable_1.o)
 .debug_loc     0x00003a06       0xa1 .\CortexM0\ARM_GCC_493\Debug\Tarocco.a(vin.o)
 .debug_loc     0x00003aa7       0xa1 .\CortexM0\ARM_GCC_493\Debug\Tarocco.a(err.o)
 .debug_loc     0x00003b48       0x44 .\CortexM0\ARM_GCC_493\Debug\Tarocco.a(step_register.o)

.debug_macinfo
 *(.debug_macinfo)

.debug_ranges   0x00000000     0x1158
 *(.debug_ranges)
 .debug_ranges  0x00000000       0xe8 .\CortexM0\ARM_GCC_493\Debug\main.o
 .debug_ranges  0x000000e8       0x58 .\CortexM0\ARM_GCC_493\Debug\Cm0Start.o
 .debug_ranges  0x00000140       0xd8 .\CortexM0\ARM_GCC_493\Debug\Tarocco.a(cyfitter_cfg.o)
 .debug_ranges  0x00000218      0x168 .\CortexM0\ARM_GCC_493\Debug\Tarocco.a(PWM_MOT.o)
 .debug_ranges  0x00000380       0x38 .\CortexM0\ARM_GCC_493\Debug\Tarocco.a(phase.o)
 .debug_ranges  0x000003b8       0x38 .\CortexM0\ARM_GCC_493\Debug\Tarocco.a(sleep.o)
 .debug_ranges  0x000003f0       0x38 .\CortexM0\ARM_GCC_493\Debug\Tarocco.a(fault.o)
 .debug_ranges  0x00000428       0x38 .\CortexM0\ARM_GCC_493\Debug\Tarocco.a(ovc.o)
 .debug_ranges  0x00000460       0x98 .\CortexM0\ARM_GCC_493\Debug\Tarocco.a(ADC.o)
 .debug_ranges  0x000004f8       0x10 .\CortexM0\ARM_GCC_493\Debug\Tarocco.a(ADC_INT.o)
 .debug_ranges  0x00000508       0x58 .\CortexM0\ARM_GCC_493\Debug\Tarocco.a(UART.o)
 .debug_ranges  0x00000560       0x68 .\CortexM0\ARM_GCC_493\Debug\Tarocco.a(UART_SPI_UART.o)
 .debug_ranges  0x000005c8       0x50 .\CortexM0\ARM_GCC_493\Debug\Tarocco.a(UART_UART.o)
 .debug_ranges  0x00000618       0x38 .\CortexM0\ARM_GCC_493\Debug\Tarocco.a(reset.o)
 .debug_ranges  0x00000650       0x38 .\CortexM0\ARM_GCC_493\Debug\Tarocco.a(error.o)
 .debug_ranges  0x00000688       0xd0 .\CortexM0\ARM_GCC_493\Debug\Tarocco.a(rxISR.o)
 .debug_ranges  0x00000758      0x190 .\CortexM0\ARM_GCC_493\Debug\Tarocco.a(TX_SEND.o)
 .debug_ranges  0x000008e8       0xf0 .\CortexM0\ARM_GCC_493\Debug\Tarocco.a(txISR.o)
 .debug_ranges  0x000009d8       0x20 .\CortexM0\ARM_GCC_493\Debug\Tarocco.a(EEPROM.o)
 .debug_ranges  0x000009f8      0x138 .\CortexM0\ARM_GCC_493\Debug\Tarocco.a(Counter_1.o)
 .debug_ranges  0x00000b30       0xd0 .\CortexM0\ARM_GCC_493\Debug\Tarocco.a(pwmISR.o)
 .debug_ranges  0x00000c00       0x38 .\CortexM0\ARM_GCC_493\Debug\Tarocco.a(CyFlash.o)
 .debug_ranges  0x00000c38      0x270 .\CortexM0\ARM_GCC_493\Debug\Tarocco.a(CyLib.o)
 .debug_ranges  0x00000ea8      0x1f8 .\CortexM0\ARM_GCC_493\Debug\Tarocco.a(CyLFClk.o)
 .debug_ranges  0x000010a0       0x18 .\CortexM0\ARM_GCC_493\Debug\Tarocco.a(Bootloadable_1.o)
 .debug_ranges  0x000010b8       0x38 .\CortexM0\ARM_GCC_493\Debug\Tarocco.a(vin.o)
 .debug_ranges  0x000010f0       0x38 .\CortexM0\ARM_GCC_493\Debug\Tarocco.a(err.o)
 .debug_ranges  0x00001128       0x30 .\CortexM0\ARM_GCC_493\Debug\Tarocco.a(step_register.o)

.comment        0x00000000       0x70
 .comment       0x00000000       0x70 .\CortexM0\ARM_GCC_493\Debug\main.o
                                 0x71 (size before relaxing)
 .comment       0x00000000       0x71 .\CortexM0\ARM_GCC_493\Debug\cymetadata.o
 .comment       0x00000000       0x71 .\CortexM0\ARM_GCC_493\Debug\Cm0Start.o
 .comment       0x00000000       0x71 .\CortexM0\ARM_GCC_493\Debug\cybootloader.o
 .comment       0x00000000       0x71 .\CortexM0\ARM_GCC_493\Debug\Tarocco.a(cyfitter_cfg.o)
 .comment       0x00000000       0x71 .\CortexM0\ARM_GCC_493\Debug\Tarocco.a(PWM_MOT.o)
 .comment       0x00000000       0x71 .\CortexM0\ARM_GCC_493\Debug\Tarocco.a(phase.o)
 .comment       0x00000000       0x71 .\CortexM0\ARM_GCC_493\Debug\Tarocco.a(sleep.o)
 .comment       0x00000000       0x71 .\CortexM0\ARM_GCC_493\Debug\Tarocco.a(fault.o)
 .comment       0x00000000       0x71 .\CortexM0\ARM_GCC_493\Debug\Tarocco.a(ovc.o)
 .comment       0x00000000       0x71 .\CortexM0\ARM_GCC_493\Debug\Tarocco.a(ADC.o)
 .comment       0x00000000       0x71 .\CortexM0\ARM_GCC_493\Debug\Tarocco.a(ADC_INT.o)
 .comment       0x00000000       0x71 .\CortexM0\ARM_GCC_493\Debug\Tarocco.a(UART.o)
 .comment       0x00000000       0x71 .\CortexM0\ARM_GCC_493\Debug\Tarocco.a(UART_SPI_UART.o)
 .comment       0x00000000       0x71 .\CortexM0\ARM_GCC_493\Debug\Tarocco.a(UART_UART.o)
 .comment       0x00000000       0x71 .\CortexM0\ARM_GCC_493\Debug\Tarocco.a(reset.o)
 .comment       0x00000000       0x71 .\CortexM0\ARM_GCC_493\Debug\Tarocco.a(error.o)
 .comment       0x00000000       0x71 .\CortexM0\ARM_GCC_493\Debug\Tarocco.a(rxISR.o)
 .comment       0x00000000       0x71 .\CortexM0\ARM_GCC_493\Debug\Tarocco.a(TX_SEND.o)
 .comment       0x00000000       0x71 .\CortexM0\ARM_GCC_493\Debug\Tarocco.a(txISR.o)
 .comment       0x00000000       0x71 .\CortexM0\ARM_GCC_493\Debug\Tarocco.a(EEPROM.o)
 .comment       0x00000000       0x71 .\CortexM0\ARM_GCC_493\Debug\Tarocco.a(Counter_1.o)
 .comment       0x00000000       0x71 .\CortexM0\ARM_GCC_493\Debug\Tarocco.a(pwmISR.o)
 .comment       0x00000000       0x71 .\CortexM0\ARM_GCC_493\Debug\Tarocco.a(CyFlash.o)
 .comment       0x00000000       0x71 .\CortexM0\ARM_GCC_493\Debug\Tarocco.a(CyLib.o)
 .comment       0x00000000       0x71 .\CortexM0\ARM_GCC_493\Debug\Tarocco.a(CyLFClk.o)
 .comment       0x00000000       0x71 .\CortexM0\ARM_GCC_493\Debug\Tarocco.a(Bootloadable_1.o)
 .comment       0x00000000       0x71 .\CortexM0\ARM_GCC_493\Debug\Tarocco.a(vin.o)
 .comment       0x00000000       0x71 .\CortexM0\ARM_GCC_493\Debug\Tarocco.a(err.o)
 .comment       0x00000000       0x71 .\CortexM0\ARM_GCC_493\Debug\Tarocco.a(step_register.o)

.debug_weaknames
 *(.debug_weaknames)

.debug_funcnames
 *(.debug_funcnames)

.debug_typenames
 *(.debug_typenames)

.debug_varnames
 *(.debug_varnames)

.note.gnu.arm.ident
 *(.note.gnu.arm.ident)

.ARM.attributes
                0x00000000       0x28
 *(.ARM.attributes)
 .ARM.attributes
                0x00000000       0x1e c:/program files (x86)/cypress/psoc creator/4.0/psoc creator/import/gnu/arm/4.9.3/bin/../lib/gcc/arm-none-eabi/4.9.3/armv6-m/crti.o
 .ARM.attributes
                0x0000001e       0x2c c:/program files (x86)/cypress/psoc creator/4.0/psoc creator/import/gnu/arm/4.9.3/bin/../lib/gcc/arm-none-eabi/4.9.3/armv6-m/crtbegin.o
 .ARM.attributes
                0x0000004a       0x1b c:/program files (x86)/cypress/psoc creator/4.0/psoc creator/import/gnu/arm/4.9.3/bin/../lib/gcc/arm-none-eabi/4.9.3/../../../../arm-none-eabi/lib/armv6-m/crt0.o
 .ARM.attributes
                0x00000065       0x31 .\CortexM0\ARM_GCC_493\Debug\main.o
 .ARM.attributes
                0x00000096       0x31 .\CortexM0\ARM_GCC_493\Debug\cymetadata.o
 .ARM.attributes
                0x000000c7       0x31 .\CortexM0\ARM_GCC_493\Debug\Cm0Start.o
 .ARM.attributes
                0x000000f8       0x31 .\CortexM0\ARM_GCC_493\Debug\cybootloader.o
 .ARM.attributes
                0x00000129       0x31 .\CortexM0\ARM_GCC_493\Debug\Tarocco.a(cyfitter_cfg.o)
 .ARM.attributes
                0x0000015a       0x31 .\CortexM0\ARM_GCC_493\Debug\Tarocco.a(PWM_MOT.o)
 .ARM.attributes
                0x0000018b       0x31 .\CortexM0\ARM_GCC_493\Debug\Tarocco.a(phase.o)
 .ARM.attributes
                0x000001bc       0x31 .\CortexM0\ARM_GCC_493\Debug\Tarocco.a(sleep.o)
 .ARM.attributes
                0x000001ed       0x31 .\CortexM0\ARM_GCC_493\Debug\Tarocco.a(fault.o)
 .ARM.attributes
                0x0000021e       0x31 .\CortexM0\ARM_GCC_493\Debug\Tarocco.a(ovc.o)
 .ARM.attributes
                0x0000024f       0x31 .\CortexM0\ARM_GCC_493\Debug\Tarocco.a(ADC.o)
 .ARM.attributes
                0x00000280       0x31 .\CortexM0\ARM_GCC_493\Debug\Tarocco.a(ADC_INT.o)
 .ARM.attributes
                0x000002b1       0x31 .\CortexM0\ARM_GCC_493\Debug\Tarocco.a(UART.o)
 .ARM.attributes
                0x000002e2       0x31 .\CortexM0\ARM_GCC_493\Debug\Tarocco.a(UART_SPI_UART.o)
 .ARM.attributes
                0x00000313       0x31 .\CortexM0\ARM_GCC_493\Debug\Tarocco.a(UART_UART.o)
 .ARM.attributes
                0x00000344       0x31 .\CortexM0\ARM_GCC_493\Debug\Tarocco.a(reset.o)
 .ARM.attributes
                0x00000375       0x31 .\CortexM0\ARM_GCC_493\Debug\Tarocco.a(error.o)
 .ARM.attributes
                0x000003a6       0x31 .\CortexM0\ARM_GCC_493\Debug\Tarocco.a(rxISR.o)
 .ARM.attributes
                0x000003d7       0x31 .\CortexM0\ARM_GCC_493\Debug\Tarocco.a(TX_SEND.o)
 .ARM.attributes
                0x00000408       0x31 .\CortexM0\ARM_GCC_493\Debug\Tarocco.a(txISR.o)
 .ARM.attributes
                0x00000439       0x31 .\CortexM0\ARM_GCC_493\Debug\Tarocco.a(EEPROM.o)
 .ARM.attributes
                0x0000046a       0x31 .\CortexM0\ARM_GCC_493\Debug\Tarocco.a(Counter_1.o)
 .ARM.attributes
                0x0000049b       0x31 .\CortexM0\ARM_GCC_493\Debug\Tarocco.a(pwmISR.o)
 .ARM.attributes
                0x000004cc       0x31 .\CortexM0\ARM_GCC_493\Debug\Tarocco.a(CyFlash.o)
 .ARM.attributes
                0x000004fd       0x31 .\CortexM0\ARM_GCC_493\Debug\Tarocco.a(CyLib.o)
 .ARM.attributes
                0x0000052e       0x31 .\CortexM0\ARM_GCC_493\Debug\Tarocco.a(CyLFClk.o)
 .ARM.attributes
                0x0000055f       0x31 .\CortexM0\ARM_GCC_493\Debug\Tarocco.a(Bootloadable_1.o)
 .ARM.attributes
                0x00000590       0x31 .\CortexM0\ARM_GCC_493\Debug\Tarocco.a(vin.o)
 .ARM.attributes
                0x000005c1       0x31 .\CortexM0\ARM_GCC_493\Debug\Tarocco.a(err.o)
 .ARM.attributes
                0x000005f2       0x31 .\CortexM0\ARM_GCC_493\Debug\Tarocco.a(step_register.o)
 .ARM.attributes
                0x00000623       0x21 .\CortexM0\ARM_GCC_493\Debug\Tarocco.a(CyBootAsmGnu.o)
 .ARM.attributes
                0x00000644       0x1e c:/program files (x86)/cypress/psoc creator/4.0/psoc creator/import/gnu/arm/4.9.3/bin/../lib/gcc/arm-none-eabi/4.9.3/armv6-m\libgcc.a(_udivsi3.o)
 .ARM.attributes
                0x00000662       0x1e c:/program files (x86)/cypress/psoc creator/4.0/psoc creator/import/gnu/arm/4.9.3/bin/../lib/gcc/arm-none-eabi/4.9.3/armv6-m\libgcc.a(_divsi3.o)
 .ARM.attributes
                0x00000680       0x1e c:/program files (x86)/cypress/psoc creator/4.0/psoc creator/import/gnu/arm/4.9.3/bin/../lib/gcc/arm-none-eabi/4.9.3/armv6-m\libgcc.a(_dvmd_tls.o)
 .ARM.attributes
                0x0000069e       0x1e c:/program files (x86)/cypress/psoc creator/4.0/psoc creator/import/gnu/arm/4.9.3/bin/../lib/gcc/arm-none-eabi/4.9.3/armv6-m\libgcc.a(_aeabi_ldivmod.o)
 .ARM.attributes
                0x000006bc       0x2c c:/program files (x86)/cypress/psoc creator/4.0/psoc creator/import/gnu/arm/4.9.3/bin/../lib/gcc/arm-none-eabi/4.9.3/armv6-m\libgcc.a(_muldi3.o)
 .ARM.attributes
                0x000006e8       0x2c c:/program files (x86)/cypress/psoc creator/4.0/psoc creator/import/gnu/arm/4.9.3/bin/../lib/gcc/arm-none-eabi/4.9.3/armv6-m\libgcc.a(bpabi.o)
 .ARM.attributes
                0x00000714       0x2c c:/program files (x86)/cypress/psoc creator/4.0/psoc creator/import/gnu/arm/4.9.3/bin/../lib/gcc/arm-none-eabi/4.9.3/armv6-m\libgcc.a(divsf3.o)
 .ARM.attributes
                0x00000740       0x2c c:/program files (x86)/cypress/psoc creator/4.0/psoc creator/import/gnu/arm/4.9.3/bin/../lib/gcc/arm-none-eabi/4.9.3/armv6-m\libgcc.a(mulsf3.o)
 .ARM.attributes
                0x0000076c       0x2c c:/program files (x86)/cypress/psoc creator/4.0/psoc creator/import/gnu/arm/4.9.3/bin/../lib/gcc/arm-none-eabi/4.9.3/armv6-m\libgcc.a(floatsisf.o)
 .ARM.attributes
                0x00000798       0x1e c:/program files (x86)/cypress/psoc creator/4.0/psoc creator/import/gnu/arm/4.9.3/bin/../lib/gcc/arm-none-eabi/4.9.3/armv6-m\libgcc.a(_clzsi2.o)
 .ARM.attributes
                0x000007b6       0x2c c:/program files (x86)/cypress/psoc creator/4.0/psoc creator/import/gnu/arm/4.9.3/bin/../lib/gcc/arm-none-eabi/4.9.3/armv6-m\libgcc.a(_divdi3.o)
 .ARM.attributes
                0x000007e2       0x2c c:/program files (x86)/cypress/psoc creator/4.0/psoc creator/import/gnu/arm/4.9.3/bin/../lib/gcc/arm-none-eabi/4.9.3/armv6-m\libgcc.a(_udivdi3.o)
 .ARM.attributes
                0x0000080e       0x1e c:/program files (x86)/cypress/psoc creator/4.0/psoc creator/import/gnu/arm/4.9.3/bin/../lib/gcc/arm-none-eabi/4.9.3/armv6-m\libgcc.a(_clzdi2.o)
 .ARM.attributes
                0x0000082c       0x2c c:/program files (x86)/cypress/psoc creator/4.0/psoc creator/import/gnu/arm/4.9.3/bin/../lib/gcc/arm-none-eabi/4.9.3/../../../../arm-none-eabi/lib/armv6-m\libg_nano.a(lib_a-atoi.o)
 .ARM.attributes
                0x00000858       0x2c c:/program files (x86)/cypress/psoc creator/4.0/psoc creator/import/gnu/arm/4.9.3/bin/../lib/gcc/arm-none-eabi/4.9.3/../../../../arm-none-eabi/lib/armv6-m\libg_nano.a(lib_a-errno.o)
 .ARM.attributes
                0x00000884       0x2c c:/program files (x86)/cypress/psoc creator/4.0/psoc creator/import/gnu/arm/4.9.3/bin/../lib/gcc/arm-none-eabi/4.9.3/../../../../arm-none-eabi/lib/armv6-m\libg_nano.a(lib_a-exit.o)
 .ARM.attributes
                0x000008b0       0x2c c:/program files (x86)/cypress/psoc creator/4.0/psoc creator/import/gnu/arm/4.9.3/bin/../lib/gcc/arm-none-eabi/4.9.3/../../../../arm-none-eabi/lib/armv6-m\libg_nano.a(lib_a-impure.o)
 .ARM.attributes
                0x000008dc       0x2c c:/program files (x86)/cypress/psoc creator/4.0/psoc creator/import/gnu/arm/4.9.3/bin/../lib/gcc/arm-none-eabi/4.9.3/../../../../arm-none-eabi/lib/armv6-m\libg_nano.a(lib_a-init.o)
 .ARM.attributes
                0x00000908       0x2c c:/program files (x86)/cypress/psoc creator/4.0/psoc creator/import/gnu/arm/4.9.3/bin/../lib/gcc/arm-none-eabi/4.9.3/../../../../arm-none-eabi/lib/armv6-m\libg_nano.a(lib_a-memcpy.o)
 .ARM.attributes
                0x00000934       0x2c c:/program files (x86)/cypress/psoc creator/4.0/psoc creator/import/gnu/arm/4.9.3/bin/../lib/gcc/arm-none-eabi/4.9.3/../../../../arm-none-eabi/lib/armv6-m\libg_nano.a(lib_a-memset.o)
 .ARM.attributes
                0x00000960       0x2c c:/program files (x86)/cypress/psoc creator/4.0/psoc creator/import/gnu/arm/4.9.3/bin/../lib/gcc/arm-none-eabi/4.9.3/../../../../arm-none-eabi/lib/armv6-m\libg_nano.a(lib_a-strtol.o)
 .ARM.attributes
                0x0000098c       0x2c c:/program files (x86)/cypress/psoc creator/4.0/psoc creator/import/gnu/arm/4.9.3/bin/../lib/gcc/arm-none-eabi/4.9.3/../../../../arm-none-eabi/lib/armv6-m\libg_nano.a(lib_a-ctype_.o)
 .ARM.attributes
                0x000009b8       0x2c c:/program files (x86)/cypress/psoc creator/4.0/psoc creator/import/gnu/arm/4.9.3/bin/../lib/gcc/arm-none-eabi/4.9.3/armv6-m/crtend.o
 .ARM.attributes
                0x000009e4       0x1e c:/program files (x86)/cypress/psoc creator/4.0/psoc creator/import/gnu/arm/4.9.3/bin/../lib/gcc/arm-none-eabi/4.9.3/armv6-m/crtn.o

/DISCARD/
 *(.note.GNU-stack)
OUTPUT(.\CortexM0\ARM_GCC_493\Debug\Tarocco.elf elf32-littlearm)
