Archive member included because of file (symbol)

.\CortexM0\ARM_GCC_493\Debug\cncboot.a(cyfitter_cfg.o)
                              .\CortexM0\ARM_GCC_493\Debug\Cm0Start.o (cyfitter_cfg)
.\CortexM0\ARM_GCC_493\Debug\cncboot.a(Bootloader_1.o)
                              .\CortexM0\ARM_GCC_493\Debug\Cm0Start.o (CyBtldr_CheckLaunch)
.\CortexM0\ARM_GCC_493\Debug\cncboot.a(CyFlash.o)
                              .\CortexM0\ARM_GCC_493\Debug\cncboot.a(Bootloader_1.o) (CySysFlashWriteRow)
.\CortexM0\ARM_GCC_493\Debug\cncboot.a(CyLib.o)
                              .\CortexM0\ARM_GCC_493\Debug\cncboot.a(cyfitter_cfg.o) (CyIntSetVector)
.\CortexM0\ARM_GCC_493\Debug\cncboot.a(CyLFClk.o)
                              .\CortexM0\ARM_GCC_493\Debug\cncboot.a(cyfitter_cfg.o) (CySysWdtIsr)
.\CortexM0\ARM_GCC_493\Debug\cncboot.a(UART_UART_BOOT.o)
                              .\CortexM0\ARM_GCC_493\Debug\cncboot.a(Bootloader_1.o) (UART_UartCyBtldrCommStart)
.\CortexM0\ARM_GCC_493\Debug\cncboot.a(PWM.o)
                              .\CortexM0\ARM_GCC_493\Debug\main.o (PWM_Start)
.\CortexM0\ARM_GCC_493\Debug\cncboot.a(CyBootAsmGnu.o)
                              .\CortexM0\ARM_GCC_493\Debug\cncboot.a(CyLib.o) (CyDelayCycles)
.\CortexM0\ARM_GCC_493\Debug\cncboot.a(UART.o)
                              .\CortexM0\ARM_GCC_493\Debug\cncboot.a(UART_UART_BOOT.o) (UART_Start)
.\CortexM0\ARM_GCC_493\Debug\cncboot.a(UART_SPI_UART.o)
                              .\CortexM0\ARM_GCC_493\Debug\cncboot.a(UART_UART_BOOT.o) (UART_SpiUartReadRxData)
.\CortexM0\ARM_GCC_493\Debug\cncboot.a(UART_UART.o)
                              .\CortexM0\ARM_GCC_493\Debug\cncboot.a(UART.o) (UART_UartInit)
.\CortexM0\ARM_GCC_493\Debug\cncboot.a(UART_SPI_UART_INT.o)
                              .\CortexM0\ARM_GCC_493\Debug\cncboot.a(UART_UART.o) (UART_SPI_UART_ISR)
c:/program files (x86)/cypress/psoc creator/4.0/psoc creator/import/gnu/arm/4.9.3/bin/../lib/gcc/arm-none-eabi/4.9.3/armv6-m\libgcc.a(_thumb1_case_uqi.o)
                              .\CortexM0\ARM_GCC_493\Debug\cncboot.a(Bootloader_1.o) (__gnu_thumb1_case_uqi)
c:/program files (x86)/cypress/psoc creator/4.0/psoc creator/import/gnu/arm/4.9.3/bin/../lib/gcc/arm-none-eabi/4.9.3/armv6-m\libgcc.a(_thumb1_case_shi.o)
                              .\CortexM0\ARM_GCC_493\Debug\cncboot.a(Bootloader_1.o) (__gnu_thumb1_case_shi)
c:/program files (x86)/cypress/psoc creator/4.0/psoc creator/import/gnu/arm/4.9.3/bin/../lib/gcc/arm-none-eabi/4.9.3/armv6-m\libgcc.a(_udivsi3.o)
                              .\CortexM0\ARM_GCC_493\Debug\cncboot.a(CyLib.o) (__aeabi_uidiv)
c:/program files (x86)/cypress/psoc creator/4.0/psoc creator/import/gnu/arm/4.9.3/bin/../lib/gcc/arm-none-eabi/4.9.3/armv6-m\libgcc.a(_dvmd_tls.o)
                              c:/program files (x86)/cypress/psoc creator/4.0/psoc creator/import/gnu/arm/4.9.3/bin/../lib/gcc/arm-none-eabi/4.9.3/armv6-m\libgcc.a(_udivsi3.o) (__aeabi_idiv0)
c:/program files (x86)/cypress/psoc creator/4.0/psoc creator/import/gnu/arm/4.9.3/bin/../lib/gcc/arm-none-eabi/4.9.3/../../../../arm-none-eabi/lib/armv6-m\libg_nano.a(lib_a-errno.o)
                              .\CortexM0\ARM_GCC_493\Debug\Cm0Start.o (__errno)
c:/program files (x86)/cypress/psoc creator/4.0/psoc creator/import/gnu/arm/4.9.3/bin/../lib/gcc/arm-none-eabi/4.9.3/../../../../arm-none-eabi/lib/armv6-m\libg_nano.a(lib_a-exit.o)
                              c:/program files (x86)/cypress/psoc creator/4.0/psoc creator/import/gnu/arm/4.9.3/bin/../lib/gcc/arm-none-eabi/4.9.3/../../../../arm-none-eabi/lib/armv6-m/crt0.o (exit)
c:/program files (x86)/cypress/psoc creator/4.0/psoc creator/import/gnu/arm/4.9.3/bin/../lib/gcc/arm-none-eabi/4.9.3/../../../../arm-none-eabi/lib/armv6-m\libg_nano.a(lib_a-impure.o)
                              c:/program files (x86)/cypress/psoc creator/4.0/psoc creator/import/gnu/arm/4.9.3/bin/../lib/gcc/arm-none-eabi/4.9.3/../../../../arm-none-eabi/lib/armv6-m\libg_nano.a(lib_a-exit.o) (_global_impure_ptr)
c:/program files (x86)/cypress/psoc creator/4.0/psoc creator/import/gnu/arm/4.9.3/bin/../lib/gcc/arm-none-eabi/4.9.3/../../../../arm-none-eabi/lib/armv6-m\libg_nano.a(lib_a-init.o)
                              c:/program files (x86)/cypress/psoc creator/4.0/psoc creator/import/gnu/arm/4.9.3/bin/../lib/gcc/arm-none-eabi/4.9.3/../../../../arm-none-eabi/lib/armv6-m/crt0.o (__libc_init_array)
c:/program files (x86)/cypress/psoc creator/4.0/psoc creator/import/gnu/arm/4.9.3/bin/../lib/gcc/arm-none-eabi/4.9.3/../../../../arm-none-eabi/lib/armv6-m\libg_nano.a(lib_a-memcpy.o)
                              .\CortexM0\ARM_GCC_493\Debug\cncboot.a(Bootloader_1.o) (memcpy)
c:/program files (x86)/cypress/psoc creator/4.0/psoc creator/import/gnu/arm/4.9.3/bin/../lib/gcc/arm-none-eabi/4.9.3/../../../../arm-none-eabi/lib/armv6-m\libg_nano.a(lib_a-memset.o)
                              c:/program files (x86)/cypress/psoc creator/4.0/psoc creator/import/gnu/arm/4.9.3/bin/../lib/gcc/arm-none-eabi/4.9.3/../../../../arm-none-eabi/lib/armv6-m/crt0.o (memset)

Allocating common symbols
Common symbol       size              file

UART_txBufferTail   0x4               .\CortexM0\ARM_GCC_493\Debug\cncboot.a(UART_SPI_UART.o)
UART_txBufferHead   0x4               .\CortexM0\ARM_GCC_493\Debug\cncboot.a(UART_SPI_UART.o)
UART_rxBufferTail   0x4               .\CortexM0\ARM_GCC_493\Debug\cncboot.a(UART_SPI_UART.o)
UART_txBufferInternal
                    0x40              .\CortexM0\ARM_GCC_493\Debug\cncboot.a(UART_SPI_UART.o)
UART_rxBufferInternal
                    0x41              .\CortexM0\ARM_GCC_493\Debug\cncboot.a(UART_SPI_UART.o)
UART_rxBufferOverflow
                    0x1               .\CortexM0\ARM_GCC_493\Debug\cncboot.a(UART_SPI_UART.o)
UART_rxBufferHead   0x4               .\CortexM0\ARM_GCC_493\Debug\cncboot.a(UART_SPI_UART.o)

Discarded input sections

 .text          0x00000000        0x0 c:/program files (x86)/cypress/psoc creator/4.0/psoc creator/import/gnu/arm/4.9.3/bin/../lib/gcc/arm-none-eabi/4.9.3/armv6-m/crti.o
 .data          0x00000000        0x0 c:/program files (x86)/cypress/psoc creator/4.0/psoc creator/import/gnu/arm/4.9.3/bin/../lib/gcc/arm-none-eabi/4.9.3/armv6-m/crti.o
 .bss           0x00000000        0x0 c:/program files (x86)/cypress/psoc creator/4.0/psoc creator/import/gnu/arm/4.9.3/bin/../lib/gcc/arm-none-eabi/4.9.3/armv6-m/crti.o
 .data          0x00000000        0x4 c:/program files (x86)/cypress/psoc creator/4.0/psoc creator/import/gnu/arm/4.9.3/bin/../lib/gcc/arm-none-eabi/4.9.3/armv6-m/crtbegin.o
 .text          0x00000000       0x78 c:/program files (x86)/cypress/psoc creator/4.0/psoc creator/import/gnu/arm/4.9.3/bin/../lib/gcc/arm-none-eabi/4.9.3/../../../../arm-none-eabi/lib/armv6-m/crt0.o
 .data          0x00000000        0x0 c:/program files (x86)/cypress/psoc creator/4.0/psoc creator/import/gnu/arm/4.9.3/bin/../lib/gcc/arm-none-eabi/4.9.3/../../../../arm-none-eabi/lib/armv6-m/crt0.o
 .bss           0x00000000        0x0 c:/program files (x86)/cypress/psoc creator/4.0/psoc creator/import/gnu/arm/4.9.3/bin/../lib/gcc/arm-none-eabi/4.9.3/../../../../arm-none-eabi/lib/armv6-m/crt0.o
 .ARM.extab     0x00000000        0x0 c:/program files (x86)/cypress/psoc creator/4.0/psoc creator/import/gnu/arm/4.9.3/bin/../lib/gcc/arm-none-eabi/4.9.3/../../../../arm-none-eabi/lib/armv6-m/crt0.o
 .ARM.exidx     0x00000000        0x8 c:/program files (x86)/cypress/psoc creator/4.0/psoc creator/import/gnu/arm/4.9.3/bin/../lib/gcc/arm-none-eabi/4.9.3/../../../../arm-none-eabi/lib/armv6-m/crt0.o
 .text          0x00000000        0x0 .\CortexM0\ARM_GCC_493\Debug\main.o
 .data          0x00000000        0x0 .\CortexM0\ARM_GCC_493\Debug\main.o
 .bss           0x00000000        0x0 .\CortexM0\ARM_GCC_493\Debug\main.o
 .text          0x00000000        0x0 .\CortexM0\ARM_GCC_493\Debug\cymetadata.o
 .data          0x00000000        0x0 .\CortexM0\ARM_GCC_493\Debug\cymetadata.o
 .bss           0x00000000        0x0 .\CortexM0\ARM_GCC_493\Debug\cymetadata.o
 .text          0x00000000        0x0 .\CortexM0\ARM_GCC_493\Debug\Cm0Start.o
 .data          0x00000000        0x4 .\CortexM0\ARM_GCC_493\Debug\Cm0Start.o
 .bss           0x00000000        0x0 .\CortexM0\ARM_GCC_493\Debug\Cm0Start.o
 .text._exit    0x00000000        0xa .\CortexM0\ARM_GCC_493\Debug\Cm0Start.o
 .text._sbrk    0x00000000       0x2c .\CortexM0\ARM_GCC_493\Debug\Cm0Start.o
 .text          0x00000000        0x0 .\CortexM0\ARM_GCC_493\Debug\cncboot.a(cyfitter_cfg.o)
 .data          0x00000000        0x0 .\CortexM0\ARM_GCC_493\Debug\cncboot.a(cyfitter_cfg.o)
 .bss           0x00000000        0x0 .\CortexM0\ARM_GCC_493\Debug\cncboot.a(cyfitter_cfg.o)
 .text          0x00000000        0x0 .\CortexM0\ARM_GCC_493\Debug\cncboot.a(Bootloader_1.o)
 .text.Bootloader_1_InitCallback
                0x00000000        0xc .\CortexM0\ARM_GCC_493\Debug\cncboot.a(Bootloader_1.o)
 .text.Bootloader_1_Exit
                0x00000000       0x34 .\CortexM0\ARM_GCC_493\Debug\cncboot.a(Bootloader_1.o)
 .text          0x00000000        0x0 .\CortexM0\ARM_GCC_493\Debug\cncboot.a(CyFlash.o)
 .data          0x00000000        0x0 .\CortexM0\ARM_GCC_493\Debug\cncboot.a(CyFlash.o)
 .text.CySysFlashSetWaitCycles
                0x00000000       0x30 .\CortexM0\ARM_GCC_493\Debug\cncboot.a(CyFlash.o)
 .text          0x00000000        0x0 .\CortexM0\ARM_GCC_493\Debug\cncboot.a(CyLib.o)
 .bss           0x00000000       0x18 .\CortexM0\ARM_GCC_493\Debug\cncboot.a(CyLib.o)
 .text.CySysClkImoStart
                0x00000000       0x14 .\CortexM0\ARM_GCC_493\Debug\cncboot.a(CyLib.o)
 .text.CySysClkImoStop
                0x00000000       0x10 .\CortexM0\ARM_GCC_493\Debug\cncboot.a(CyLib.o)
 .text.CySysClkWriteHfclkDirect
                0x00000000       0x20 .\CortexM0\ARM_GCC_493\Debug\cncboot.a(CyLib.o)
 .text.CySysClkGetSysclkSource
                0x00000000       0x18 .\CortexM0\ARM_GCC_493\Debug\cncboot.a(CyLib.o)
 .text.CySysClkWriteSysclkDiv
                0x00000000       0x28 .\CortexM0\ARM_GCC_493\Debug\cncboot.a(CyLib.o)
 .text.CySysLvdDisable
                0x00000000       0x20 .\CortexM0\ARM_GCC_493\Debug\cncboot.a(CyLib.o)
 .text.CySysLvdGetInterruptSource
                0x00000000       0x10 .\CortexM0\ARM_GCC_493\Debug\cncboot.a(CyLib.o)
 .text.CySysLvdClearInterrupt
                0x00000000        0xc .\CortexM0\ARM_GCC_493\Debug\cncboot.a(CyLib.o)
 .text.CySysGetResetReason
                0x00000000       0x14 .\CortexM0\ARM_GCC_493\Debug\cncboot.a(CyLib.o)
 .text.CyDisableInts
                0x00000000       0x10 .\CortexM0\ARM_GCC_493\Debug\cncboot.a(CyLib.o)
 .text.CyEnableInts
                0x00000000        0xc .\CortexM0\ARM_GCC_493\Debug\cncboot.a(CyLib.o)
 .text.CyIntSetSysVector
                0x00000000       0x14 .\CortexM0\ARM_GCC_493\Debug\cncboot.a(CyLib.o)
 .text.CyIntGetSysVector
                0x00000000       0x12 .\CortexM0\ARM_GCC_493\Debug\cncboot.a(CyLib.o)
 .text.CyIntGetVector
                0x00000000       0x14 .\CortexM0\ARM_GCC_493\Debug\cncboot.a(CyLib.o)
 .text.CyIntGetPriority
                0x00000000       0x28 .\CortexM0\ARM_GCC_493\Debug\cncboot.a(CyLib.o)
 .text.CyIntGetState
                0x00000000       0x18 .\CortexM0\ARM_GCC_493\Debug\cncboot.a(CyLib.o)
 .text.CyIntSetPending
                0x00000000       0x14 .\CortexM0\ARM_GCC_493\Debug\cncboot.a(CyLib.o)
 .text.CySysLvdEnable
                0x00000000       0x44 .\CortexM0\ARM_GCC_493\Debug\cncboot.a(CyLib.o)
 .text.CyDelayFreq
                0x00000000       0x48 .\CortexM0\ARM_GCC_493\Debug\cncboot.a(CyLib.o)
 .text.CySysTickInit
                0x00000000       0x50 .\CortexM0\ARM_GCC_493\Debug\cncboot.a(CyLib.o)
 .text.CySysTickStop
                0x00000000       0x10 .\CortexM0\ARM_GCC_493\Debug\cncboot.a(CyLib.o)
 .text.CySysTickEnableInterrupt
                0x00000000       0x10 .\CortexM0\ARM_GCC_493\Debug\cncboot.a(CyLib.o)
 .text.CySysTickEnable
                0x00000000       0x18 .\CortexM0\ARM_GCC_493\Debug\cncboot.a(CyLib.o)
 .text.CySysTickStart
                0x00000000       0x1c .\CortexM0\ARM_GCC_493\Debug\cncboot.a(CyLib.o)
 .text.CySysTickDisableInterrupt
                0x00000000       0x10 .\CortexM0\ARM_GCC_493\Debug\cncboot.a(CyLib.o)
 .text.CySysTickSetReload
                0x00000000       0x10 .\CortexM0\ARM_GCC_493\Debug\cncboot.a(CyLib.o)
 .text.CySysTickGetReload
                0x00000000       0x10 .\CortexM0\ARM_GCC_493\Debug\cncboot.a(CyLib.o)
 .text.CySysTickGetValue
                0x00000000       0x10 .\CortexM0\ARM_GCC_493\Debug\cncboot.a(CyLib.o)
 .text.CySysTickGetCountFlag
                0x00000000       0x10 .\CortexM0\ARM_GCC_493\Debug\cncboot.a(CyLib.o)
 .text.CySysTickServiceCallbacks
                0x00000000       0x24 .\CortexM0\ARM_GCC_493\Debug\cncboot.a(CyLib.o)
 .text.CySysTickClear
                0x00000000        0xc .\CortexM0\ARM_GCC_493\Debug\cncboot.a(CyLib.o)
 .text.CySysTickSetCallback
                0x00000000       0x10 .\CortexM0\ARM_GCC_493\Debug\cncboot.a(CyLib.o)
 .text.CySysTickGetCallback
                0x00000000        0xc .\CortexM0\ARM_GCC_493\Debug\cncboot.a(CyLib.o)
 .text.CyGetUniqueId
                0x00000000       0x70 .\CortexM0\ARM_GCC_493\Debug\cncboot.a(CyLib.o)
 .text          0x00000000        0x0 .\CortexM0\ARM_GCC_493\Debug\cncboot.a(CyLFClk.o)
 .text.CySysClkIloStart
                0x00000000       0x14 .\CortexM0\ARM_GCC_493\Debug\cncboot.a(CyLFClk.o)
 .text.CySysClkIloStartMeasurement
                0x00000000       0x34 .\CortexM0\ARM_GCC_493\Debug\cncboot.a(CyLFClk.o)
 .text.CySysClkIloStopMeasurement
                0x00000000       0x14 .\CortexM0\ARM_GCC_493\Debug\cncboot.a(CyLFClk.o)
 .text.CySysClkIloCompensate
                0x00000000       0xe8 .\CortexM0\ARM_GCC_493\Debug\cncboot.a(CyLFClk.o)
 .text.CySysWdtGetEnabledStatus
                0x00000000       0x24 .\CortexM0\ARM_GCC_493\Debug\cncboot.a(CyLFClk.o)
 .text.CySysWdtSetMode
                0x00000000       0x38 .\CortexM0\ARM_GCC_493\Debug\cncboot.a(CyLFClk.o)
 .text.CySysWdtGetMode
                0x00000000       0x14 .\CortexM0\ARM_GCC_493\Debug\cncboot.a(CyLFClk.o)
 .text.CySysWdtSetClearOnMatch
                0x00000000       0x38 .\CortexM0\ARM_GCC_493\Debug\cncboot.a(CyLFClk.o)
 .text.CySysWdtGetClearOnMatch
                0x00000000       0x24 .\CortexM0\ARM_GCC_493\Debug\cncboot.a(CyLFClk.o)
 .text.CySysWdtEnable
                0x00000000       0x34 .\CortexM0\ARM_GCC_493\Debug\cncboot.a(CyLFClk.o)
 .text.CySysWdtDisable
                0x00000000       0x3c .\CortexM0\ARM_GCC_493\Debug\cncboot.a(CyLFClk.o)
 .text.CySysWdtSetCascade
                0x00000000       0x34 .\CortexM0\ARM_GCC_493\Debug\cncboot.a(CyLFClk.o)
 .text.CySysWdtGetCascade
                0x00000000       0x14 .\CortexM0\ARM_GCC_493\Debug\cncboot.a(CyLFClk.o)
 .text.CySysWdtSetMatch
                0x00000000       0x3c .\CortexM0\ARM_GCC_493\Debug\cncboot.a(CyLFClk.o)
 .text.CySysWdtSetToggleBit
                0x00000000       0x28 .\CortexM0\ARM_GCC_493\Debug\cncboot.a(CyLFClk.o)
 .text.CySysWdtGetToggleBit
                0x00000000       0x10 .\CortexM0\ARM_GCC_493\Debug\cncboot.a(CyLFClk.o)
 .text.CySysWdtGetMatch
                0x00000000       0x20 .\CortexM0\ARM_GCC_493\Debug\cncboot.a(CyLFClk.o)
 .text.CySysWdtGetCount
                0x00000000       0x38 .\CortexM0\ARM_GCC_493\Debug\cncboot.a(CyLFClk.o)
 .text.CySysClkIloStop
                0x00000000       0xb4 .\CortexM0\ARM_GCC_493\Debug\cncboot.a(CyLFClk.o)
 .text.CySysWdtGetInterruptSource
                0x00000000       0x14 .\CortexM0\ARM_GCC_493\Debug\cncboot.a(CyLFClk.o)
 .text.CySysWdtResetCounters
                0x00000000       0x1c .\CortexM0\ARM_GCC_493\Debug\cncboot.a(CyLFClk.o)
 .text.CySysWdtSetInterruptCallback
                0x00000000       0x20 .\CortexM0\ARM_GCC_493\Debug\cncboot.a(CyLFClk.o)
 .text.CySysWdtGetInterruptCallback
                0x00000000       0x20 .\CortexM0\ARM_GCC_493\Debug\cncboot.a(CyLFClk.o)
 .text.CySysWdtEnableCounterIsr
                0x00000000       0x34 .\CortexM0\ARM_GCC_493\Debug\cncboot.a(CyLFClk.o)
 .text.CySysWdtDisableCounterIsr
                0x00000000       0x28 .\CortexM0\ARM_GCC_493\Debug\cncboot.a(CyLFClk.o)
 .text.CySysWatchdogFeed
                0x00000000       0x4e .\CortexM0\ARM_GCC_493\Debug\cncboot.a(CyLFClk.o)
 .text.CySysTimerDelayUntilMatch
                0x00000000       0x6c .\CortexM0\ARM_GCC_493\Debug\cncboot.a(CyLFClk.o)
 .text.CySysTimerDelay
                0x00000000       0x3c .\CortexM0\ARM_GCC_493\Debug\cncboot.a(CyLFClk.o)
 .rodata        0x00000000        0xc .\CortexM0\ARM_GCC_493\Debug\cncboot.a(CyLFClk.o)
 .text          0x00000000        0x0 .\CortexM0\ARM_GCC_493\Debug\cncboot.a(UART_UART_BOOT.o)
 .data          0x00000000        0x0 .\CortexM0\ARM_GCC_493\Debug\cncboot.a(UART_UART_BOOT.o)
 .bss           0x00000000        0x0 .\CortexM0\ARM_GCC_493\Debug\cncboot.a(UART_UART_BOOT.o)
 .text.UART_UartCyBtldrCommReset
                0x00000000        0xc .\CortexM0\ARM_GCC_493\Debug\cncboot.a(UART_UART_BOOT.o)
 .text          0x00000000        0x0 .\CortexM0\ARM_GCC_493\Debug\cncboot.a(PWM.o)
 .data          0x00000000        0x0 .\CortexM0\ARM_GCC_493\Debug\cncboot.a(PWM.o)
 .text.PWM_Stop
                0x00000000       0x1c .\CortexM0\ARM_GCC_493\Debug\cncboot.a(PWM.o)
 .text.PWM_SetMode
                0x00000000       0x28 .\CortexM0\ARM_GCC_493\Debug\cncboot.a(PWM.o)
 .text.PWM_SetQDMode
                0x00000000       0x28 .\CortexM0\ARM_GCC_493\Debug\cncboot.a(PWM.o)
 .text.PWM_SetPrescaler
                0x00000000       0x28 .\CortexM0\ARM_GCC_493\Debug\cncboot.a(PWM.o)
 .text.PWM_SetOneShot
                0x00000000       0x2c .\CortexM0\ARM_GCC_493\Debug\cncboot.a(PWM.o)
 .text.PWM_SetPWMMode
                0x00000000       0x10 .\CortexM0\ARM_GCC_493\Debug\cncboot.a(PWM.o)
 .text.PWM_SetPWMSyncKill
                0x00000000       0x28 .\CortexM0\ARM_GCC_493\Debug\cncboot.a(PWM.o)
 .text.PWM_SetPWMStopOnKill
                0x00000000       0x28 .\CortexM0\ARM_GCC_493\Debug\cncboot.a(PWM.o)
 .text.PWM_SetPWMDeadTime
                0x00000000       0x2c .\CortexM0\ARM_GCC_493\Debug\cncboot.a(PWM.o)
 .text.PWM_SetPWMInvert
                0x00000000       0x28 .\CortexM0\ARM_GCC_493\Debug\cncboot.a(PWM.o)
 .text.PWM_WriteCounter
                0x00000000        0xc .\CortexM0\ARM_GCC_493\Debug\cncboot.a(PWM.o)
 .text.PWM_ReadCounter
                0x00000000        0xc .\CortexM0\ARM_GCC_493\Debug\cncboot.a(PWM.o)
 .text.PWM_SetCounterMode
                0x00000000       0x28 .\CortexM0\ARM_GCC_493\Debug\cncboot.a(PWM.o)
 .text.PWM_WritePeriod
                0x00000000        0xc .\CortexM0\ARM_GCC_493\Debug\cncboot.a(PWM.o)
 .text.PWM_ReadPeriod
                0x00000000        0xc .\CortexM0\ARM_GCC_493\Debug\cncboot.a(PWM.o)
 .text.PWM_SetCompareSwap
                0x00000000       0x24 .\CortexM0\ARM_GCC_493\Debug\cncboot.a(PWM.o)
 .text.PWM_WritePeriodBuf
                0x00000000        0xc .\CortexM0\ARM_GCC_493\Debug\cncboot.a(PWM.o)
 .text.PWM_ReadPeriodBuf
                0x00000000        0xc .\CortexM0\ARM_GCC_493\Debug\cncboot.a(PWM.o)
 .text.PWM_SetPeriodSwap
                0x00000000       0x28 .\CortexM0\ARM_GCC_493\Debug\cncboot.a(PWM.o)
 .text.PWM_WriteCompare
                0x00000000        0xc .\CortexM0\ARM_GCC_493\Debug\cncboot.a(PWM.o)
 .text.PWM_ReadCompare
                0x00000000        0xc .\CortexM0\ARM_GCC_493\Debug\cncboot.a(PWM.o)
 .text.PWM_WriteCompareBuf
                0x00000000        0xc .\CortexM0\ARM_GCC_493\Debug\cncboot.a(PWM.o)
 .text.PWM_ReadCompareBuf
                0x00000000        0xc .\CortexM0\ARM_GCC_493\Debug\cncboot.a(PWM.o)
 .text.PWM_ReadCapture
                0x00000000        0xc .\CortexM0\ARM_GCC_493\Debug\cncboot.a(PWM.o)
 .text.PWM_ReadCaptureBuf
                0x00000000        0xc .\CortexM0\ARM_GCC_493\Debug\cncboot.a(PWM.o)
 .text.PWM_SetCaptureMode
                0x00000000       0x24 .\CortexM0\ARM_GCC_493\Debug\cncboot.a(PWM.o)
 .text.PWM_SetReloadMode
                0x00000000       0x24 .\CortexM0\ARM_GCC_493\Debug\cncboot.a(PWM.o)
 .text.PWM_SetStartMode
                0x00000000       0x28 .\CortexM0\ARM_GCC_493\Debug\cncboot.a(PWM.o)
 .text.PWM_SetStopMode
                0x00000000       0x24 .\CortexM0\ARM_GCC_493\Debug\cncboot.a(PWM.o)
 .text.PWM_SetCountMode
                0x00000000       0x24 .\CortexM0\ARM_GCC_493\Debug\cncboot.a(PWM.o)
 .text.PWM_ReadStatus
                0x00000000       0x14 .\CortexM0\ARM_GCC_493\Debug\cncboot.a(PWM.o)
 .text.PWM_SetInterruptMode
                0x00000000        0xc .\CortexM0\ARM_GCC_493\Debug\cncboot.a(PWM.o)
 .text.PWM_GetInterruptSourceMasked
                0x00000000        0xc .\CortexM0\ARM_GCC_493\Debug\cncboot.a(PWM.o)
 .text.PWM_GetInterruptSource
                0x00000000        0xc .\CortexM0\ARM_GCC_493\Debug\cncboot.a(PWM.o)
 .text.PWM_ClearInterrupt
                0x00000000        0xc .\CortexM0\ARM_GCC_493\Debug\cncboot.a(PWM.o)
 .text.PWM_SetInterrupt
                0x00000000        0xc .\CortexM0\ARM_GCC_493\Debug\cncboot.a(PWM.o)
 .data          0x00000000        0x0 .\CortexM0\ARM_GCC_493\Debug\cncboot.a(CyBootAsmGnu.o)
 .bss           0x00000000        0x0 .\CortexM0\ARM_GCC_493\Debug\cncboot.a(CyBootAsmGnu.o)
 .text          0x00000000        0x0 .\CortexM0\ARM_GCC_493\Debug\cncboot.a(UART.o)
 .data          0x00000000        0x0 .\CortexM0\ARM_GCC_493\Debug\cncboot.a(UART.o)
 .text.UART_Init
                0x00000000        0x8 .\CortexM0\ARM_GCC_493\Debug\cncboot.a(UART.o)
 .text.UART_SetRxFifoLevel
                0x00000000       0x14 .\CortexM0\ARM_GCC_493\Debug\cncboot.a(UART.o)
 .text.UART_SetTxFifoLevel
                0x00000000       0x14 .\CortexM0\ARM_GCC_493\Debug\cncboot.a(UART.o)
 .text.UART_SetCustomInterruptHandler
                0x00000000        0xc .\CortexM0\ARM_GCC_493\Debug\cncboot.a(UART.o)
 .text.UART_I2CSlaveNackGeneration
                0x00000000       0x3c .\CortexM0\ARM_GCC_493\Debug\cncboot.a(UART.o)
 .text          0x00000000        0x0 .\CortexM0\ARM_GCC_493\Debug\cncboot.a(UART_SPI_UART.o)
 .data          0x00000000        0x0 .\CortexM0\ARM_GCC_493\Debug\cncboot.a(UART_SPI_UART.o)
 .bss           0x00000000        0x0 .\CortexM0\ARM_GCC_493\Debug\cncboot.a(UART_SPI_UART.o)
 .text.UART_SpiUartClearRxBuffer
                0x00000000       0x54 .\CortexM0\ARM_GCC_493\Debug\cncboot.a(UART_SPI_UART.o)
 .text.UART_SpiUartGetTxBufferSize
                0x00000000       0x1c .\CortexM0\ARM_GCC_493\Debug\cncboot.a(UART_SPI_UART.o)
 .text.UART_SpiUartClearTxBuffer
                0x00000000       0x58 .\CortexM0\ARM_GCC_493\Debug\cncboot.a(UART_SPI_UART.o)
 .text.UART_SpiUartDisableIntRx
                0x00000000       0x10 .\CortexM0\ARM_GCC_493\Debug\cncboot.a(UART_SPI_UART.o)
 .text.UART_SpiUartDisableIntTx
                0x00000000       0x10 .\CortexM0\ARM_GCC_493\Debug\cncboot.a(UART_SPI_UART.o)
 .text          0x00000000        0x0 .\CortexM0\ARM_GCC_493\Debug\cncboot.a(UART_UART.o)
 .data          0x00000000        0x0 .\CortexM0\ARM_GCC_493\Debug\cncboot.a(UART_UART.o)
 .bss           0x00000000        0x0 .\CortexM0\ARM_GCC_493\Debug\cncboot.a(UART_UART.o)
 .text.UART_UartSetRxAddress
                0x00000000       0x14 .\CortexM0\ARM_GCC_493\Debug\cncboot.a(UART_UART.o)
 .text.UART_UartSetRxAddressMask
                0x00000000       0x18 .\CortexM0\ARM_GCC_493\Debug\cncboot.a(UART_UART.o)
 .text.UART_UartGetChar
                0x00000000       0x28 .\CortexM0\ARM_GCC_493\Debug\cncboot.a(UART_UART.o)
 .text.UART_UartGetByte
                0x00000000       0x48 .\CortexM0\ARM_GCC_493\Debug\cncboot.a(UART_UART.o)
 .text.UART_UartPutString
                0x00000000       0x16 .\CortexM0\ARM_GCC_493\Debug\cncboot.a(UART_UART.o)
 .text.UART_UartPutCRLF
                0x00000000       0x14 .\CortexM0\ARM_GCC_493\Debug\cncboot.a(UART_UART.o)
 .text          0x00000000        0x0 .\CortexM0\ARM_GCC_493\Debug\cncboot.a(UART_SPI_UART_INT.o)
 .data          0x00000000        0x0 .\CortexM0\ARM_GCC_493\Debug\cncboot.a(UART_SPI_UART_INT.o)
 .bss           0x00000000        0x0 .\CortexM0\ARM_GCC_493\Debug\cncboot.a(UART_SPI_UART_INT.o)
 .data          0x00000000        0x0 c:/program files (x86)/cypress/psoc creator/4.0/psoc creator/import/gnu/arm/4.9.3/bin/../lib/gcc/arm-none-eabi/4.9.3/armv6-m\libgcc.a(_thumb1_case_uqi.o)
 .bss           0x00000000        0x0 c:/program files (x86)/cypress/psoc creator/4.0/psoc creator/import/gnu/arm/4.9.3/bin/../lib/gcc/arm-none-eabi/4.9.3/armv6-m\libgcc.a(_thumb1_case_uqi.o)
 .data          0x00000000        0x0 c:/program files (x86)/cypress/psoc creator/4.0/psoc creator/import/gnu/arm/4.9.3/bin/../lib/gcc/arm-none-eabi/4.9.3/armv6-m\libgcc.a(_thumb1_case_shi.o)
 .bss           0x00000000        0x0 c:/program files (x86)/cypress/psoc creator/4.0/psoc creator/import/gnu/arm/4.9.3/bin/../lib/gcc/arm-none-eabi/4.9.3/armv6-m\libgcc.a(_thumb1_case_shi.o)
 .text          0x00000000      0x120 c:/program files (x86)/cypress/psoc creator/4.0/psoc creator/import/gnu/arm/4.9.3/bin/../lib/gcc/arm-none-eabi/4.9.3/armv6-m\libgcc.a(_udivsi3.o)
 .data          0x00000000        0x0 c:/program files (x86)/cypress/psoc creator/4.0/psoc creator/import/gnu/arm/4.9.3/bin/../lib/gcc/arm-none-eabi/4.9.3/armv6-m\libgcc.a(_udivsi3.o)
 .bss           0x00000000        0x0 c:/program files (x86)/cypress/psoc creator/4.0/psoc creator/import/gnu/arm/4.9.3/bin/../lib/gcc/arm-none-eabi/4.9.3/armv6-m\libgcc.a(_udivsi3.o)
 .text          0x00000000        0x4 c:/program files (x86)/cypress/psoc creator/4.0/psoc creator/import/gnu/arm/4.9.3/bin/../lib/gcc/arm-none-eabi/4.9.3/armv6-m\libgcc.a(_dvmd_tls.o)
 .data          0x00000000        0x0 c:/program files (x86)/cypress/psoc creator/4.0/psoc creator/import/gnu/arm/4.9.3/bin/../lib/gcc/arm-none-eabi/4.9.3/armv6-m\libgcc.a(_dvmd_tls.o)
 .bss           0x00000000        0x0 c:/program files (x86)/cypress/psoc creator/4.0/psoc creator/import/gnu/arm/4.9.3/bin/../lib/gcc/arm-none-eabi/4.9.3/armv6-m\libgcc.a(_dvmd_tls.o)
 .text          0x00000000        0x0 c:/program files (x86)/cypress/psoc creator/4.0/psoc creator/import/gnu/arm/4.9.3/bin/../lib/gcc/arm-none-eabi/4.9.3/../../../../arm-none-eabi/lib/armv6-m\libg_nano.a(lib_a-errno.o)
 .data          0x00000000        0x0 c:/program files (x86)/cypress/psoc creator/4.0/psoc creator/import/gnu/arm/4.9.3/bin/../lib/gcc/arm-none-eabi/4.9.3/../../../../arm-none-eabi/lib/armv6-m\libg_nano.a(lib_a-errno.o)
 .bss           0x00000000        0x0 c:/program files (x86)/cypress/psoc creator/4.0/psoc creator/import/gnu/arm/4.9.3/bin/../lib/gcc/arm-none-eabi/4.9.3/../../../../arm-none-eabi/lib/armv6-m\libg_nano.a(lib_a-errno.o)
 .text.__errno  0x00000000        0xc c:/program files (x86)/cypress/psoc creator/4.0/psoc creator/import/gnu/arm/4.9.3/bin/../lib/gcc/arm-none-eabi/4.9.3/../../../../arm-none-eabi/lib/armv6-m\libg_nano.a(lib_a-errno.o)
 .text          0x00000000        0x0 c:/program files (x86)/cypress/psoc creator/4.0/psoc creator/import/gnu/arm/4.9.3/bin/../lib/gcc/arm-none-eabi/4.9.3/../../../../arm-none-eabi/lib/armv6-m\libg_nano.a(lib_a-exit.o)
 .data          0x00000000        0x0 c:/program files (x86)/cypress/psoc creator/4.0/psoc creator/import/gnu/arm/4.9.3/bin/../lib/gcc/arm-none-eabi/4.9.3/../../../../arm-none-eabi/lib/armv6-m\libg_nano.a(lib_a-exit.o)
 .bss           0x00000000        0x0 c:/program files (x86)/cypress/psoc creator/4.0/psoc creator/import/gnu/arm/4.9.3/bin/../lib/gcc/arm-none-eabi/4.9.3/../../../../arm-none-eabi/lib/armv6-m\libg_nano.a(lib_a-exit.o)
 .text.exit     0x00000000       0x2c c:/program files (x86)/cypress/psoc creator/4.0/psoc creator/import/gnu/arm/4.9.3/bin/../lib/gcc/arm-none-eabi/4.9.3/../../../../arm-none-eabi/lib/armv6-m\libg_nano.a(lib_a-exit.o)
 .text          0x00000000        0x0 c:/program files (x86)/cypress/psoc creator/4.0/psoc creator/import/gnu/arm/4.9.3/bin/../lib/gcc/arm-none-eabi/4.9.3/../../../../arm-none-eabi/lib/armv6-m\libg_nano.a(lib_a-impure.o)
 .data          0x00000000        0x0 c:/program files (x86)/cypress/psoc creator/4.0/psoc creator/import/gnu/arm/4.9.3/bin/../lib/gcc/arm-none-eabi/4.9.3/../../../../arm-none-eabi/lib/armv6-m\libg_nano.a(lib_a-impure.o)
 .bss           0x00000000        0x0 c:/program files (x86)/cypress/psoc creator/4.0/psoc creator/import/gnu/arm/4.9.3/bin/../lib/gcc/arm-none-eabi/4.9.3/../../../../arm-none-eabi/lib/armv6-m\libg_nano.a(lib_a-impure.o)
 .data.impure_data
                0x00000000       0x60 c:/program files (x86)/cypress/psoc creator/4.0/psoc creator/import/gnu/arm/4.9.3/bin/../lib/gcc/arm-none-eabi/4.9.3/../../../../arm-none-eabi/lib/armv6-m\libg_nano.a(lib_a-impure.o)
 .data._impure_ptr
                0x00000000        0x4 c:/program files (x86)/cypress/psoc creator/4.0/psoc creator/import/gnu/arm/4.9.3/bin/../lib/gcc/arm-none-eabi/4.9.3/../../../../arm-none-eabi/lib/armv6-m\libg_nano.a(lib_a-impure.o)
 .rodata.str1.1
                0x00000000        0x2 c:/program files (x86)/cypress/psoc creator/4.0/psoc creator/import/gnu/arm/4.9.3/bin/../lib/gcc/arm-none-eabi/4.9.3/../../../../arm-none-eabi/lib/armv6-m\libg_nano.a(lib_a-impure.o)
 .rodata._global_impure_ptr
                0x00000000        0x4 c:/program files (x86)/cypress/psoc creator/4.0/psoc creator/import/gnu/arm/4.9.3/bin/../lib/gcc/arm-none-eabi/4.9.3/../../../../arm-none-eabi/lib/armv6-m\libg_nano.a(lib_a-impure.o)
 .text          0x00000000        0x0 c:/program files (x86)/cypress/psoc creator/4.0/psoc creator/import/gnu/arm/4.9.3/bin/../lib/gcc/arm-none-eabi/4.9.3/../../../../arm-none-eabi/lib/armv6-m\libg_nano.a(lib_a-init.o)
 .data          0x00000000        0x0 c:/program files (x86)/cypress/psoc creator/4.0/psoc creator/import/gnu/arm/4.9.3/bin/../lib/gcc/arm-none-eabi/4.9.3/../../../../arm-none-eabi/lib/armv6-m\libg_nano.a(lib_a-init.o)
 .bss           0x00000000        0x0 c:/program files (x86)/cypress/psoc creator/4.0/psoc creator/import/gnu/arm/4.9.3/bin/../lib/gcc/arm-none-eabi/4.9.3/../../../../arm-none-eabi/lib/armv6-m\libg_nano.a(lib_a-init.o)
 .text          0x00000000        0x0 c:/program files (x86)/cypress/psoc creator/4.0/psoc creator/import/gnu/arm/4.9.3/bin/../lib/gcc/arm-none-eabi/4.9.3/../../../../arm-none-eabi/lib/armv6-m\libg_nano.a(lib_a-memcpy.o)
 .data          0x00000000        0x0 c:/program files (x86)/cypress/psoc creator/4.0/psoc creator/import/gnu/arm/4.9.3/bin/../lib/gcc/arm-none-eabi/4.9.3/../../../../arm-none-eabi/lib/armv6-m\libg_nano.a(lib_a-memcpy.o)
 .bss           0x00000000        0x0 c:/program files (x86)/cypress/psoc creator/4.0/psoc creator/import/gnu/arm/4.9.3/bin/../lib/gcc/arm-none-eabi/4.9.3/../../../../arm-none-eabi/lib/armv6-m\libg_nano.a(lib_a-memcpy.o)
 .text          0x00000000        0x0 c:/program files (x86)/cypress/psoc creator/4.0/psoc creator/import/gnu/arm/4.9.3/bin/../lib/gcc/arm-none-eabi/4.9.3/../../../../arm-none-eabi/lib/armv6-m\libg_nano.a(lib_a-memset.o)
 .data          0x00000000        0x0 c:/program files (x86)/cypress/psoc creator/4.0/psoc creator/import/gnu/arm/4.9.3/bin/../lib/gcc/arm-none-eabi/4.9.3/../../../../arm-none-eabi/lib/armv6-m\libg_nano.a(lib_a-memset.o)
 .bss           0x00000000        0x0 c:/program files (x86)/cypress/psoc creator/4.0/psoc creator/import/gnu/arm/4.9.3/bin/../lib/gcc/arm-none-eabi/4.9.3/../../../../arm-none-eabi/lib/armv6-m\libg_nano.a(lib_a-memset.o)
 .text          0x00000000        0x0 c:/program files (x86)/cypress/psoc creator/4.0/psoc creator/import/gnu/arm/4.9.3/bin/../lib/gcc/arm-none-eabi/4.9.3/armv6-m/crtend.o
 .data          0x00000000        0x0 c:/program files (x86)/cypress/psoc creator/4.0/psoc creator/import/gnu/arm/4.9.3/bin/../lib/gcc/arm-none-eabi/4.9.3/armv6-m/crtend.o
 .bss           0x00000000        0x0 c:/program files (x86)/cypress/psoc creator/4.0/psoc creator/import/gnu/arm/4.9.3/bin/../lib/gcc/arm-none-eabi/4.9.3/armv6-m/crtend.o
 .text          0x00000000        0x0 c:/program files (x86)/cypress/psoc creator/4.0/psoc creator/import/gnu/arm/4.9.3/bin/../lib/gcc/arm-none-eabi/4.9.3/armv6-m/crtn.o
 .data          0x00000000        0x0 c:/program files (x86)/cypress/psoc creator/4.0/psoc creator/import/gnu/arm/4.9.3/bin/../lib/gcc/arm-none-eabi/4.9.3/armv6-m/crtn.o
 .bss           0x00000000        0x0 c:/program files (x86)/cypress/psoc creator/4.0/psoc creator/import/gnu/arm/4.9.3/bin/../lib/gcc/arm-none-eabi/4.9.3/armv6-m/crtn.o

Memory Configuration

Name             Origin             Length             Attributes
rom              0x00000000         0x00008000         xr
ram              0x20000000         0x00001000         xrw
*default*        0x00000000         0xffffffff

Linker script and memory map

LOAD c:/program files (x86)/cypress/psoc creator/4.0/psoc creator/import/gnu/arm/4.9.3/bin/../lib/gcc/arm-none-eabi/4.9.3/armv6-m/crti.o
LOAD c:/program files (x86)/cypress/psoc creator/4.0/psoc creator/import/gnu/arm/4.9.3/bin/../lib/gcc/arm-none-eabi/4.9.3/armv6-m/crtbegin.o
LOAD c:/program files (x86)/cypress/psoc creator/4.0/psoc creator/import/gnu/arm/4.9.3/bin/../lib/gcc/arm-none-eabi/4.9.3/../../../../arm-none-eabi/lib/armv6-m/crt0.o
START GROUP
LOAD .\CortexM0\ARM_GCC_493\Debug\main.o
LOAD .\CortexM0\ARM_GCC_493\Debug\cymetadata.o
LOAD .\CortexM0\ARM_GCC_493\Debug\Cm0Start.o
LOAD .\CortexM0\ARM_GCC_493\Debug\cncboot.a
LOAD C:\Program Files (x86)\Cypress\PSoC Creator\4.0\PSoC Creator\psoc\content\cycomponentlibrary\CyComponentLibrary.cylib\CortexM0\ARM_GCC_493\Debug\CyComponentLibrary.a
END GROUP
START GROUP
LOAD c:/program files (x86)/cypress/psoc creator/4.0/psoc creator/import/gnu/arm/4.9.3/bin/../lib/gcc/arm-none-eabi/4.9.3/armv6-m\libgcc.a
LOAD c:/program files (x86)/cypress/psoc creator/4.0/psoc creator/import/gnu/arm/4.9.3/bin/../lib/gcc/arm-none-eabi/4.9.3/../../../../arm-none-eabi/lib/armv6-m\libg_nano.a
LOAD c:/program files (x86)/cypress/psoc creator/4.0/psoc creator/import/gnu/arm/4.9.3/bin/../lib/gcc/arm-none-eabi/4.9.3/../../../../arm-none-eabi/lib/armv6-m\libc_nano.a
END GROUP
START GROUP
LOAD c:/program files (x86)/cypress/psoc creator/4.0/psoc creator/import/gnu/arm/4.9.3/bin/../lib/gcc/arm-none-eabi/4.9.3/armv6-m\libgcc.a
LOAD c:/program files (x86)/cypress/psoc creator/4.0/psoc creator/import/gnu/arm/4.9.3/bin/../lib/gcc/arm-none-eabi/4.9.3/../../../../arm-none-eabi/lib/armv6-m\libc_nano.a
END GROUP
LOAD c:/program files (x86)/cypress/psoc creator/4.0/psoc creator/import/gnu/arm/4.9.3/bin/../lib/gcc/arm-none-eabi/4.9.3/armv6-m/crtend.o
LOAD c:/program files (x86)/cypress/psoc creator/4.0/psoc creator/import/gnu/arm/4.9.3/bin/../lib/gcc/arm-none-eabi/4.9.3/armv6-m/crtn.o
START GROUP
LOAD c:/program files (x86)/cypress/psoc creator/4.0/psoc creator/import/gnu/arm/4.9.3/bin/../lib/gcc/arm-none-eabi/4.9.3/armv6-m\libgcc.a
LOAD c:/program files (x86)/cypress/psoc creator/4.0/psoc creator/import/gnu/arm/4.9.3/bin/../lib/gcc/arm-none-eabi/4.9.3/../../../../arm-none-eabi/lib/armv6-m\libc.a
LOAD c:/program files (x86)/cypress/psoc creator/4.0/psoc creator/import/gnu/arm/4.9.3/bin/../lib/gcc/arm-none-eabi/4.9.3/../../../../arm-none-eabi/lib/armv6-m\libnosys.a
END GROUP
                0x00000000                CY_APPL_ORIGIN = 0x0
                0x00000080                CY_FLASH_ROW_SIZE = 0x80
                0x00000001                CY_APPL_NUM = 0x1
                0x00000001                CY_APPL_MAX = 0x1
                0x00000040                CY_METADATA_SIZE = 0x40
                0x00000000                CY_APPL_LOADABLE = 0x0
                0x00000000                CY_CHECKSUM_EXCLUDE_SIZE = ALIGN (0x0, CY_FLASH_ROW_SIZE)
                0x00000000                CY_APP_FOR_STACK_AND_COPIER = 0x0
                0x200001d8                PROVIDE (__cy_heap_start, _end)
                0x00000001                PROVIDE (__cy_region_num, ((__cy_regions_end - __cy_regions) / 0x10))
                0x20001000                PROVIDE (__cy_stack, (ORIGIN (ram) + 0x1000))
                0x20000c00                PROVIDE (__cy_heap_end, (__cy_stack - 0x400))

.cybootloader   0x00000000        0x0
 *(.cybootloader)
                0x00000000                appl1_start = CY_APPL_ORIGIN?CY_APPL_ORIGIN:ALIGN (CY_FLASH_ROW_SIZE)
                0x00003f80                appl2_start = (appl1_start + ALIGN ((((0x8000 - appl1_start) - (0x2 * CY_FLASH_ROW_SIZE)) / 0x2), CY_FLASH_ROW_SIZE))
                0x00000000                appl_start = (CY_APPL_NUM == 0x1)?appl1_start:appl2_start
                0x00000001                cy_project_type_bootloader = (appl_start == 0x0)?0x1:0x0
                0x00000000                cy_project_type_app_for_stack_and_copier = (CY_APP_FOR_STACK_AND_COPIER == 0x1)?0x1:0x0

.text           0x00000000     0x12c8
 CREATE_OBJECT_SYMBOLS
                0x00000000                PROVIDE (__cy_interrupt_vector, RomVectors)
 *(.romvectors)
 .romvectors    0x00000000       0x10 .\CortexM0\ARM_GCC_493\Debug\Cm0Start.o
                0x00000000                RomVectors
                0x00000001                ASSERT ((. != __cy_interrupt_vector), No interrupt vector)
                0x00000001                ASSERT (CY_APPL_ORIGIN?(SIZEOF (.cybootloader) <= CY_APPL_ORIGIN):0x1, Wrong image location)
                0x00000010                PROVIDE (__cy_reset, Reset)
 *(.text.Reset)
 .text.Reset    0x00000010        0xa .\CortexM0\ARM_GCC_493\Debug\Cm0Start.o
                0x00000010                Reset
                0x00000001                ASSERT ((. != __cy_reset), No reset code)
 *(.psocinit)
 *fill*         0x0000001a        0x2 
 .psocinit      0x0000001c      0x130 .\CortexM0\ARM_GCC_493\Debug\cncboot.a(cyfitter_cfg.o)
                0x0000001c                cyfitter_cfg
                0x0000014c                . = MAX (., 0x100)
 *(.text .text.* .gnu.linkonce.t.*)
 .text          0x0000014c       0x60 c:/program files (x86)/cypress/psoc creator/4.0/psoc creator/import/gnu/arm/4.9.3/bin/../lib/gcc/arm-none-eabi/4.9.3/armv6-m/crtbegin.o
 .text.startup.main
                0x000001ac        0xe .\CortexM0\ARM_GCC_493\Debug\main.o
                0x000001ac                main
 .text.IntDefaultHandler
                0x000001ba        0x2 .\CortexM0\ARM_GCC_493\Debug\Cm0Start.o
                0x000001ba                IntDefaultHandler
 .text.Start_c  0x000001bc       0x4c .\CortexM0\ARM_GCC_493\Debug\Cm0Start.o
                0x000001bc                Start_c
 .text.startup.initialize_psoc
                0x00000208       0x50 .\CortexM0\ARM_GCC_493\Debug\Cm0Start.o
                0x00000208                initialize_psoc
 .text.Bootloader_1_LaunchBootloadable
                0x00000258        0x2 .\CortexM0\ARM_GCC_493\Debug\cncboot.a(Bootloader_1.o)
 .text.Bootloader_1_Calc8BitSum
                0x0000025a       0x26 .\CortexM0\ARM_GCC_493\Debug\cncboot.a(Bootloader_1.o)
                0x0000025a                Bootloader_1_Calc8BitSum
 .text.Bootloader_1_SetFlashByte
                0x00000280       0x3c .\CortexM0\ARM_GCC_493\Debug\cncboot.a(Bootloader_1.o)
                0x00000280                Bootloader_1_SetFlashByte
 .text.Bootloader_1_GetMetadata
                0x000002bc       0xac .\CortexM0\ARM_GCC_493\Debug\cncboot.a(Bootloader_1.o)
                0x000002bc                Bootloader_1_GetMetadata
 .text.CyBtldr_CheckLaunch
                0x00000368       0x3c .\CortexM0\ARM_GCC_493\Debug\cncboot.a(Bootloader_1.o)
                0x00000368                CyBtldr_CheckLaunch
 .text.Bootloader_1_ValidateBootloadable
                0x000003a4       0x80 .\CortexM0\ARM_GCC_493\Debug\cncboot.a(Bootloader_1.o)
                0x000003a4                Bootloader_1_ValidateBootloadable
 .text.Bootloader_1_HostLink
                0x00000424      0x3cc .\CortexM0\ARM_GCC_493\Debug\cncboot.a(Bootloader_1.o)
 .text.Bootloader_1_Start
                0x000007f0       0x68 .\CortexM0\ARM_GCC_493\Debug\cncboot.a(Bootloader_1.o)
                0x000007f0                Bootloader_1_Start
 .text.CySysFlashWriteRow
                0x00000858      0x1b0 .\CortexM0\ARM_GCC_493\Debug\cncboot.a(CyFlash.o)
                0x00000858                CySysFlashWriteRow
 .text.CyIntSetVector
                0x00000a08       0x18 .\CortexM0\ARM_GCC_493\Debug\cncboot.a(CyLib.o)
                0x00000a08                CyIntSetVector
 .text.CyIntSetPriority
                0x00000a20       0x3c .\CortexM0\ARM_GCC_493\Debug\cncboot.a(CyLib.o)
                0x00000a20                CyIntSetPriority
 .text.CyIntEnable
                0x00000a5c       0x14 .\CortexM0\ARM_GCC_493\Debug\cncboot.a(CyLib.o)
                0x00000a5c                CyIntEnable
 .text.CyIntDisable
                0x00000a70       0x14 .\CortexM0\ARM_GCC_493\Debug\cncboot.a(CyLib.o)
                0x00000a70                CyIntDisable
 .text.CyIntClearPending
                0x00000a84       0x14 .\CortexM0\ARM_GCC_493\Debug\cncboot.a(CyLib.o)
                0x00000a84                CyIntClearPending
 .text.CyHalt   0x00000a98        0x4 .\CortexM0\ARM_GCC_493\Debug\cncboot.a(CyLib.o)
                0x00000a98                CyHalt
 .text.CySoftwareReset
                0x00000a9c       0x18 .\CortexM0\ARM_GCC_493\Debug\cncboot.a(CyLib.o)
                0x00000a9c                CySoftwareReset
 .text.CyDelay  0x00000ab4       0x2c .\CortexM0\ARM_GCC_493\Debug\cncboot.a(CyLib.o)
                0x00000ab4                CyDelay
 .text.CyDelayUs
                0x00000ae0       0x14 .\CortexM0\ARM_GCC_493\Debug\cncboot.a(CyLib.o)
                0x00000ae0                CyDelayUs
 .text.CySysClkWriteImoFreq
                0x00000af4      0x128 .\CortexM0\ARM_GCC_493\Debug\cncboot.a(CyLib.o)
                0x00000af4                CySysClkWriteImoFreq
 .text.CySysWdtLock
                0x00000c1c       0x1c .\CortexM0\ARM_GCC_493\Debug\cncboot.a(CyLFClk.o)
                0x00000c1c                CySysWdtLock
 .text.CySysWdtUnlock
                0x00000c38       0x30 .\CortexM0\ARM_GCC_493\Debug\cncboot.a(CyLFClk.o)
                0x00000c38                CySysWdtUnlock
 .text.CySysWdtClearInterrupt
                0x00000c68       0x54 .\CortexM0\ARM_GCC_493\Debug\cncboot.a(CyLFClk.o)
                0x00000c68                CySysWdtClearInterrupt
 .text.CySysWdtIsr
                0x00000cbc       0xa0 .\CortexM0\ARM_GCC_493\Debug\cncboot.a(CyLFClk.o)
                0x00000cbc                CySysWdtIsr
 .text.UART_UartCyBtldrCommStart
                0x00000d5c        0x8 .\CortexM0\ARM_GCC_493\Debug\cncboot.a(UART_UART_BOOT.o)
                0x00000d5c                UART_UartCyBtldrCommStart
 .text.UART_UartCyBtldrCommStop
                0x00000d64        0x8 .\CortexM0\ARM_GCC_493\Debug\cncboot.a(UART_UART_BOOT.o)
                0x00000d64                UART_UartCyBtldrCommStop
 .text.UART_UartCyBtldrCommRead
                0x00000d6c       0x66 .\CortexM0\ARM_GCC_493\Debug\cncboot.a(UART_UART_BOOT.o)
                0x00000d6c                UART_UartCyBtldrCommRead
 .text.UART_UartCyBtldrCommWrite
                0x00000dd2       0x1c .\CortexM0\ARM_GCC_493\Debug\cncboot.a(UART_UART_BOOT.o)
                0x00000dd2                UART_UartCyBtldrCommWrite
 *fill*         0x00000dee        0x2 
 .text.PWM_Init
                0x00000df0       0x60 .\CortexM0\ARM_GCC_493\Debug\cncboot.a(PWM.o)
                0x00000df0                PWM_Init
 .text.PWM_TriggerCommand
                0x00000e50       0x1c .\CortexM0\ARM_GCC_493\Debug\cncboot.a(PWM.o)
                0x00000e50                PWM_TriggerCommand
 .text.PWM_Enable
                0x00000e6c       0x24 .\CortexM0\ARM_GCC_493\Debug\cncboot.a(PWM.o)
                0x00000e6c                PWM_Enable
 .text.PWM_Start
                0x00000e90       0x1c .\CortexM0\ARM_GCC_493\Debug\cncboot.a(PWM.o)
                0x00000e90                PWM_Start
 *fill*         0x00000eac        0x4 
 .text          0x00000eb0       0x28 .\CortexM0\ARM_GCC_493\Debug\cncboot.a(CyBootAsmGnu.o)
                0x00000eb0                CyDelayCycles
                0x00000ec4                CyEnterCriticalSection
                0x00000ecc                CyExitCriticalSection
 .text.UART_Enable
                0x00000ed8       0x20 .\CortexM0\ARM_GCC_493\Debug\cncboot.a(UART.o)
                0x00000ed8                UART_Enable
 .text.UART_Start
                0x00000ef8       0x1c .\CortexM0\ARM_GCC_493\Debug\cncboot.a(UART.o)
                0x00000ef8                UART_Start
 .text.UART_Stop
                0x00000f14       0x2c .\CortexM0\ARM_GCC_493\Debug\cncboot.a(UART.o)
                0x00000f14                UART_Stop
 .text.UART_SpiUartReadRxData
                0x00000f40       0x34 .\CortexM0\ARM_GCC_493\Debug\cncboot.a(UART_SPI_UART.o)
                0x00000f40                UART_SpiUartReadRxData
 .text.UART_SpiUartGetRxBufferSize
                0x00000f74       0x1c .\CortexM0\ARM_GCC_493\Debug\cncboot.a(UART_SPI_UART.o)
                0x00000f74                UART_SpiUartGetRxBufferSize
 .text.UART_SpiUartWriteTxData
                0x00000f90       0x70 .\CortexM0\ARM_GCC_493\Debug\cncboot.a(UART_SPI_UART.o)
                0x00000f90                UART_SpiUartWriteTxData
 .text.UART_SpiUartPutArray
                0x00001000       0x16 .\CortexM0\ARM_GCC_493\Debug\cncboot.a(UART_SPI_UART.o)
                0x00001000                UART_SpiUartPutArray
 *fill*         0x00001016        0x2 
 .text.UART_UartInit
                0x00001018       0xe4 .\CortexM0\ARM_GCC_493\Debug\cncboot.a(UART_UART.o)
                0x00001018                UART_UartInit
 .text.UART_UartPostEnable
                0x000010fc       0x24 .\CortexM0\ARM_GCC_493\Debug\cncboot.a(UART_UART.o)
                0x000010fc                UART_UartPostEnable
 .text.UART_UartStop
                0x00001120       0x28 .\CortexM0\ARM_GCC_493\Debug\cncboot.a(UART_UART.o)
                0x00001120                UART_UartStop
 .text.UART_SPI_UART_ISR
                0x00001148       0xe0 .\CortexM0\ARM_GCC_493\Debug\cncboot.a(UART_SPI_UART_INT.o)
                0x00001148                UART_SPI_UART_ISR
 .text          0x00001228       0x14 c:/program files (x86)/cypress/psoc creator/4.0/psoc creator/import/gnu/arm/4.9.3/bin/../lib/gcc/arm-none-eabi/4.9.3/armv6-m\libgcc.a(_thumb1_case_uqi.o)
                0x00001228                __gnu_thumb1_case_uqi
 .text          0x0000123c       0x14 c:/program files (x86)/cypress/psoc creator/4.0/psoc creator/import/gnu/arm/4.9.3/bin/../lib/gcc/arm-none-eabi/4.9.3/armv6-m\libgcc.a(_thumb1_case_shi.o)
                0x0000123c                __gnu_thumb1_case_shi
 .text.__libc_init_array
                0x00001250       0x4c c:/program files (x86)/cypress/psoc creator/4.0/psoc creator/import/gnu/arm/4.9.3/bin/../lib/gcc/arm-none-eabi/4.9.3/../../../../arm-none-eabi/lib/armv6-m\libg_nano.a(lib_a-init.o)
                0x00001250                __libc_init_array
 .text.memcpy   0x0000129c       0x12 c:/program files (x86)/cypress/psoc creator/4.0/psoc creator/import/gnu/arm/4.9.3/bin/../lib/gcc/arm-none-eabi/4.9.3/../../../../arm-none-eabi/lib/armv6-m\libg_nano.a(lib_a-memcpy.o)
                0x0000129c                memcpy
 .text.memset   0x000012ae       0x10 c:/program files (x86)/cypress/psoc creator/4.0/psoc creator/import/gnu/arm/4.9.3/bin/../lib/gcc/arm-none-eabi/4.9.3/../../../../arm-none-eabi/lib/armv6-m\libg_nano.a(lib_a-memset.o)
                0x000012ae                memset
 *(.plt)
 *(.gnu.warning)
 *(.glue_7t)
 .glue_7t       0x00000000        0x0 linker stubs
 *(.glue_7)
 .glue_7        0x00000000        0x0 linker stubs
 *(.vfp11_veneer)
 .vfp11_veneer  0x00000000        0x0 linker stubs
 *(.bootloader)
 *fill*         0x000012be        0x2 
 .bootloader    0x000012c0        0x8 .\CortexM0\ARM_GCC_493\Debug\cncboot.a(Bootloader_1.o)
                0x000012c0                Bootloader_1_SizeBytes
                0x000012c4                Bootloader_1_Checksum
 *(.ARM.extab* .gnu.linkonce.armextab.*)
 *(.gcc_except_table)

.v4_bx          0x000012c8        0x0
 .v4_bx         0x00000000        0x0 linker stubs

.iplt           0x000012c8        0x0
 .iplt          0x00000000        0x0 c:/program files (x86)/cypress/psoc creator/4.0/psoc creator/import/gnu/arm/4.9.3/bin/../lib/gcc/arm-none-eabi/4.9.3/armv6-m/crtbegin.o

.eh_frame_hdr
 *(.eh_frame_hdr)

.eh_frame       0x000012c8        0x4
 *(.eh_frame)
 .eh_frame      0x000012c8        0x0 c:/program files (x86)/cypress/psoc creator/4.0/psoc creator/import/gnu/arm/4.9.3/bin/../lib/gcc/arm-none-eabi/4.9.3/armv6-m/crtbegin.o
 .eh_frame      0x000012c8        0x4 c:/program files (x86)/cypress/psoc creator/4.0/psoc creator/import/gnu/arm/4.9.3/bin/../lib/gcc/arm-none-eabi/4.9.3/armv6-m/crtend.o
                0x000012cc                PROVIDE (__exidx_start, .)

.ARM.exidx
 *(.ARM.exidx* .gnu.linkonce.armexidx.*)
                0x000012cc                __exidx_end = .

.rodata         0x000012cc       0x7c
 *(.rodata .rodata.* .gnu.linkonce.r.*)
 .rodata        0x000012cc        0xe .\CortexM0\ARM_GCC_493\Debug\cncboot.a(cyfitter_cfg.o)
 *fill*         0x000012da        0x2 
 .rodata        0x000012dc        0x8 .\CortexM0\ARM_GCC_493\Debug\cncboot.a(Bootloader_1.o)
 .rodata        0x000012e4       0x2e .\CortexM0\ARM_GCC_493\Debug\cncboot.a(CyLib.o)
                0x000012e4                cyImoFreqMhz2Reg
                0x00001314                . = ALIGN (0x4)
 *fill*         0x00001312        0x2 
 *(.init)
 .init          0x00001314        0x4 c:/program files (x86)/cypress/psoc creator/4.0/psoc creator/import/gnu/arm/4.9.3/bin/../lib/gcc/arm-none-eabi/4.9.3/armv6-m/crti.o
                0x00001314                _init
 .init          0x00001318        0x8 c:/program files (x86)/cypress/psoc creator/4.0/psoc creator/import/gnu/arm/4.9.3/bin/../lib/gcc/arm-none-eabi/4.9.3/armv6-m/crtn.o
                0x00001320                . = ALIGN (0x4)
                0x00001320                __preinit_array_start = .
 *(.preinit_array)
                0x00001320                __preinit_array_end = .
                0x00001320                . = ALIGN (0x4)
                0x00001320                __init_array_start = .
 *(SORT(.init_array.*))
 *(.init_array)
 .init_array    0x00001320        0x4 c:/program files (x86)/cypress/psoc creator/4.0/psoc creator/import/gnu/arm/4.9.3/bin/../lib/gcc/arm-none-eabi/4.9.3/armv6-m/crtbegin.o
 .init_array    0x00001324        0x4 .\CortexM0\ARM_GCC_493\Debug\Cm0Start.o
                0x00001328                __init_array_end = .
                0x00001328                . = ALIGN (0x4)
 *(.fini)
 .fini          0x00001328        0x4 c:/program files (x86)/cypress/psoc creator/4.0/psoc creator/import/gnu/arm/4.9.3/bin/../lib/gcc/arm-none-eabi/4.9.3/armv6-m/crti.o
                0x00001328                _fini
 .fini          0x0000132c        0x8 c:/program files (x86)/cypress/psoc creator/4.0/psoc creator/import/gnu/arm/4.9.3/bin/../lib/gcc/arm-none-eabi/4.9.3/armv6-m/crtn.o
                0x00001334                . = ALIGN (0x4)
                0x00001334                __fini_array_start = .
 *(.fini_array)
 .fini_array    0x00001334        0x4 c:/program files (x86)/cypress/psoc creator/4.0/psoc creator/import/gnu/arm/4.9.3/bin/../lib/gcc/arm-none-eabi/4.9.3/armv6-m/crtbegin.o
 *(SORT(.fini_array.*))
                0x00001338                __fini_array_end = .
                0x00001338                . = ALIGN (0x4)
 *crtbegin.o(.ctors)
 *(EXCLUDE_FILE(*crtend.o) .ctors)
 *(SORT(.ctors.*))
 *crtend.o(.ctors)
                0x00001338                . = ALIGN (0x4)
 *crtbegin.o(.dtors)
 *(EXCLUDE_FILE(*crtend.o) .dtors)
 *(SORT(.dtors.*))
 *crtend.o(.dtors)
                0x00001338                . = ALIGN (0x4)
                0x00001338                __cy_regions = .
                0x00001338        0x4 LONG 0x1348 __cy_region_init_ram
                0x0000133c        0x4 LONG 0x200000d0 __cy_region_start_data
                0x00001340        0x4 LONG 0x20 __cy_region_init_size_ram
                0x00001344        0x4 LONG 0xe8 __cy_region_zero_size_ram
                0x00001348                __cy_regions_end = .
                0x00001348                . = ALIGN (0x8)
                0x00001348                _etext = .

.cy_checksum_exclude
                0x00001348        0x0
 *(.cy_checksum_exclude)

.ramvectors     0x20000000       0xc0
                0x20000000                __cy_region_start_ram = .
 *(.ramvectors)
 .ramvectors    0x20000000       0xc0 .\CortexM0\ARM_GCC_493\Debug\Cm0Start.o
                0x20000000                CyRamVectors

.btldr_run      0x200000c0        0x4
 *(.bootloaderruntype)
 .bootloaderruntype
                0x200000c0        0x4 .\CortexM0\ARM_GCC_493\Debug\Cm0Start.o
                0x200000c0                cyBtldrRunType

.noinit         0x200000c8        0x4
 *(.noinit)
 .noinit        0x200000c8        0x4 .\CortexM0\ARM_GCC_493\Debug\Cm0Start.o

.data           0x200000d0       0x20 load address 0x00001348
                0x200000d0                __cy_region_start_data = .
 *(.jcr)
 .jcr           0x200000d0        0x0 c:/program files (x86)/cypress/psoc creator/4.0/psoc creator/import/gnu/arm/4.9.3/bin/../lib/gcc/arm-none-eabi/4.9.3/armv6-m/crtbegin.o
 .jcr           0x200000d0        0x4 c:/program files (x86)/cypress/psoc creator/4.0/psoc creator/import/gnu/arm/4.9.3/bin/../lib/gcc/arm-none-eabi/4.9.3/armv6-m/crtend.o
 *(.got.plt)
 *(.got)
 *(.shdata)
 *(.data .data.* .gnu.linkonce.d.*)
 .data          0x200000d4        0x8 .\CortexM0\ARM_GCC_493\Debug\cncboot.a(Bootloader_1.o)
                0x200000d4                Bootloader_1_SizeBytesAccess
                0x200000d8                Bootloader_1_ChecksumAccess
 .data          0x200000dc       0x10 .\CortexM0\ARM_GCC_493\Debug\cncboot.a(CyLib.o)
                0x200000dc                cydelay32kMs
                0x200000e0                cydelayFreqKhz
                0x200000e4                cydelayFreqMhz
                0x200000e8                cydelayFreqHz
 .data          0x200000ec        0x4 .\CortexM0\ARM_GCC_493\Debug\cncboot.a(CyLFClk.o)
                0x200000f0                . = ALIGN (0x8)
 *(.ram)
                0x200000f0                _edata = .

.igot.plt       0x200000f0        0x0 load address 0x00001368
 .igot.plt      0x00000000        0x0 c:/program files (x86)/cypress/psoc creator/4.0/psoc creator/import/gnu/arm/4.9.3/bin/../lib/gcc/arm-none-eabi/4.9.3/armv6-m/crtbegin.o

.bss            0x200000f0       0xe8 load address 0x00001368
                0x200000f0                PROVIDE (__bss_start__, .)
 *(.shbss)
 *(.bss .bss.* .gnu.linkonce.b.*)
 .bss           0x200000f0       0x1c c:/program files (x86)/cypress/psoc creator/4.0/psoc creator/import/gnu/arm/4.9.3/bin/../lib/gcc/arm-none-eabi/4.9.3/armv6-m/crtbegin.o
 .bss           0x2000010c        0x4 .\CortexM0\ARM_GCC_493\Debug\cncboot.a(Bootloader_1.o)
 .bss           0x20000110        0x4 .\CortexM0\ARM_GCC_493\Debug\cncboot.a(CyFlash.o)
 .bss           0x20000114       0x20 .\CortexM0\ARM_GCC_493\Debug\cncboot.a(CyLFClk.o)
 .bss           0x20000134        0x1 .\CortexM0\ARM_GCC_493\Debug\cncboot.a(PWM.o)
                0x20000134                PWM_initVar
 *fill*         0x20000135        0x3 
 .bss           0x20000138        0xc .\CortexM0\ARM_GCC_493\Debug\cncboot.a(UART.o)
                0x20000138                UART_initVar
                0x2000013c                UART_customIntrHandler
                0x20000140                UART_IntrTxMask
 *(COMMON)
 COMMON         0x20000144       0x94 .\CortexM0\ARM_GCC_493\Debug\cncboot.a(UART_SPI_UART.o)
                0x20000144                UART_txBufferTail
                0x20000148                UART_txBufferHead
                0x2000014c                UART_rxBufferTail
                0x20000150                UART_txBufferInternal
                0x20000190                UART_rxBufferInternal
                0x200001d1                UART_rxBufferOverflow
                0x200001d4                UART_rxBufferHead
                0x200001d8                . = ALIGN (0x8)
 *(.ram.b)
                0x200001d8                _end = .
                0x200001d8                __end = .
                0x200001d8                PROVIDE (end, .)
                0x200001d8                PROVIDE (__bss_end__, .)
                0x00001348                __cy_region_init_ram = LOADADDR (.data)
                0x00000020                __cy_region_init_size_ram = (_edata - ADDR (.data))
                0x000000e8                __cy_region_zero_size_ram = (_end - _edata)

.heap           0x200001d8       0x80 load address 0x00001368
                0x200001d8                . = _end
                0x20000258                . = (. + 0x80)
 *fill*         0x200001d8       0x80 
                0x20000258                __cy_heap_limit = .

.stack          0x20000c00      0x400
                0x20000c00                __cy_stack_limit = .
                0x20001000                . = (. + 0x400)
 *fill*         0x20000c00      0x400 
                0x00000001                ASSERT ((__cy_stack_limit >= __cy_heap_limit), region RAM overflowed with stack)
                0x00000000                cy_checksum_exclude_size = (CY_APPL_LOADABLE == 0x1)?SIZEOF (.cy_checksum_exclude):0x0
                0x00000001                ASSERT ((cy_checksum_exclude_size <= CY_CHECKSUM_EXCLUDE_SIZE), CY_BOOT: Section .cy_checksum_exclude size exceedes specified limit.)
                0x00007fc0                cyloadermeta_start = (cy_project_type_bootloader || cy_project_type_app_for_stack_and_copier)?(0x8000 - CY_METADATA_SIZE):0xf0000000

.cyloadermeta   0x00007fc0       0x40
 *(.cyloadermeta)
 .cyloadermeta  0x00007fc0       0x40 .\CortexM0\ARM_GCC_493\Debug\cymetadata.o
                0x00007fc0                cy_meta_loader
                0x00007fc0                cyloadablemeta_start = cy_project_type_app_for_stack_and_copier?((0x8000 - CY_FLASH_ROW_SIZE) - CY_METADATA_SIZE):((0x8000 - (CY_FLASH_ROW_SIZE * (CY_APPL_NUM - 0x1))) - CY_METADATA_SIZE)

.cyloadablemeta
 *(.cyloadablemeta)

.cyflashprotect
                0x90400000       0x20
 *(.cyflashprotect)
 .cyflashprotect
                0x90400000       0x20 .\CortexM0\ARM_GCC_493\Debug\cymetadata.o
                0x90400000                cy_meta_flashprotect

.cymeta         0x90500000        0xc
 *(.cymeta)
 .cymeta        0x90500000        0xc .\CortexM0\ARM_GCC_493\Debug\cymetadata.o
                0x90500000                cy_metadata

.cychipprotect  0x90600000        0x1
 *(.cychipprotect)
 .cychipprotect
                0x90600000        0x1 .\CortexM0\ARM_GCC_493\Debug\cymetadata.o
                0x90600000                cy_meta_chipprotect

.rel.dyn        0x00001368        0x0 load address 0x90600004
 .rel.iplt      0x00000000        0x0 c:/program files (x86)/cypress/psoc creator/4.0/psoc creator/import/gnu/arm/4.9.3/bin/../lib/gcc/arm-none-eabi/4.9.3/armv6-m/crtbegin.o

.stab
 *(.stab)

.stabstr
 *(.stabstr)

.debug
 *(.debug)

.line
 *(.line)

.debug_srcinfo
 *(.debug_srcinfo)

.debug_sfnames
 *(.debug_sfnames)

.debug_aranges  0x00000000      0x6b0
 *(.debug_aranges)
 .debug_aranges
                0x00000000       0x20 .\CortexM0\ARM_GCC_493\Debug\main.o
 .debug_aranges
                0x00000020       0x18 .\CortexM0\ARM_GCC_493\Debug\cymetadata.o
 .debug_aranges
                0x00000038       0x48 .\CortexM0\ARM_GCC_493\Debug\Cm0Start.o
 .debug_aranges
                0x00000080       0x20 .\CortexM0\ARM_GCC_493\Debug\cncboot.a(cyfitter_cfg.o)
 .debug_aranges
                0x000000a0       0x68 .\CortexM0\ARM_GCC_493\Debug\cncboot.a(Bootloader_1.o)
 .debug_aranges
                0x00000108       0x28 .\CortexM0\ARM_GCC_493\Debug\cncboot.a(CyFlash.o)
 .debug_aranges
                0x00000130      0x178 .\CortexM0\ARM_GCC_493\Debug\cncboot.a(CyLib.o)
 .debug_aranges
                0x000002a8      0x118 .\CortexM0\ARM_GCC_493\Debug\cncboot.a(CyLFClk.o)
 .debug_aranges
                0x000003c0       0x40 .\CortexM0\ARM_GCC_493\Debug\cncboot.a(UART_UART_BOOT.o)
 .debug_aranges
                0x00000400      0x158 .\CortexM0\ARM_GCC_493\Debug\cncboot.a(PWM.o)
 .debug_aranges
                0x00000558       0x20 .\CortexM0\ARM_GCC_493\Debug\cncboot.a(CyBootAsmGnu.o)
 .debug_aranges
                0x00000578       0x58 .\CortexM0\ARM_GCC_493\Debug\cncboot.a(UART.o)
 .debug_aranges
                0x000005d0       0x60 .\CortexM0\ARM_GCC_493\Debug\cncboot.a(UART_SPI_UART.o)
 .debug_aranges
                0x00000630       0x60 .\CortexM0\ARM_GCC_493\Debug\cncboot.a(UART_UART.o)
 .debug_aranges
                0x00000690       0x20 .\CortexM0\ARM_GCC_493\Debug\cncboot.a(UART_SPI_UART_INT.o)

.debug_pubnames
 *(.debug_pubnames)

.debug_info     0x00000000     0x4ce3
 *(.debug_info .gnu.linkonce.wi.*)
 .debug_info    0x00000000       0xc3 .\CortexM0\ARM_GCC_493\Debug\main.o
 .debug_info    0x000000c3      0x124 .\CortexM0\ARM_GCC_493\Debug\cymetadata.o
 .debug_info    0x000001e7      0x3ad .\CortexM0\ARM_GCC_493\Debug\Cm0Start.o
 .debug_info    0x00000594      0x400 .\CortexM0\ARM_GCC_493\Debug\cncboot.a(cyfitter_cfg.o)
 .debug_info    0x00000994      0xccb .\CortexM0\ARM_GCC_493\Debug\cncboot.a(Bootloader_1.o)
 .debug_info    0x0000165f      0x390 .\CortexM0\ARM_GCC_493\Debug\cncboot.a(CyFlash.o)
 .debug_info    0x000019ef      0xbd9 .\CortexM0\ARM_GCC_493\Debug\cncboot.a(CyLib.o)
 .debug_info    0x000025c8      0xe43 .\CortexM0\ARM_GCC_493\Debug\cncboot.a(CyLFClk.o)
 .debug_info    0x0000340b      0x2f8 .\CortexM0\ARM_GCC_493\Debug\cncboot.a(UART_UART_BOOT.o)
 .debug_info    0x00003703      0x961 .\CortexM0\ARM_GCC_493\Debug\cncboot.a(PWM.o)
 .debug_info    0x00004064       0x74 .\CortexM0\ARM_GCC_493\Debug\cncboot.a(CyBootAsmGnu.o)
 .debug_info    0x000040d8      0x303 .\CortexM0\ARM_GCC_493\Debug\cncboot.a(UART.o)
 .debug_info    0x000043db      0x3a4 .\CortexM0\ARM_GCC_493\Debug\cncboot.a(UART_SPI_UART.o)
 .debug_info    0x0000477f      0x3e5 .\CortexM0\ARM_GCC_493\Debug\cncboot.a(UART_UART.o)
 .debug_info    0x00004b64      0x17f .\CortexM0\ARM_GCC_493\Debug\cncboot.a(UART_SPI_UART_INT.o)

.debug_abbrev   0x00000000     0x18fd
 *(.debug_abbrev)
 .debug_abbrev  0x00000000       0x71 .\CortexM0\ARM_GCC_493\Debug\main.o
 .debug_abbrev  0x00000071       0x5d .\CortexM0\ARM_GCC_493\Debug\cymetadata.o
 .debug_abbrev  0x000000ce      0x20f .\CortexM0\ARM_GCC_493\Debug\Cm0Start.o
 .debug_abbrev  0x000002dd      0x230 .\CortexM0\ARM_GCC_493\Debug\cncboot.a(cyfitter_cfg.o)
 .debug_abbrev  0x0000050d      0x2ba .\CortexM0\ARM_GCC_493\Debug\cncboot.a(Bootloader_1.o)
 .debug_abbrev  0x000007c7      0x1fa .\CortexM0\ARM_GCC_493\Debug\cncboot.a(CyFlash.o)
 .debug_abbrev  0x000009c1      0x338 .\CortexM0\ARM_GCC_493\Debug\cncboot.a(CyLib.o)
 .debug_abbrev  0x00000cf9      0x38a .\CortexM0\ARM_GCC_493\Debug\cncboot.a(CyLFClk.o)
 .debug_abbrev  0x00001083      0x139 .\CortexM0\ARM_GCC_493\Debug\cncboot.a(UART_UART_BOOT.o)
 .debug_abbrev  0x000011bc      0x1ad .\CortexM0\ARM_GCC_493\Debug\cncboot.a(PWM.o)
 .debug_abbrev  0x00001369       0x14 .\CortexM0\ARM_GCC_493\Debug\cncboot.a(CyBootAsmGnu.o)
 .debug_abbrev  0x0000137d      0x195 .\CortexM0\ARM_GCC_493\Debug\cncboot.a(UART.o)
 .debug_abbrev  0x00001512      0x1e3 .\CortexM0\ARM_GCC_493\Debug\cncboot.a(UART_SPI_UART.o)
 .debug_abbrev  0x000016f5      0x16e .\CortexM0\ARM_GCC_493\Debug\cncboot.a(UART_UART.o)
 .debug_abbrev  0x00001863       0x9a .\CortexM0\ARM_GCC_493\Debug\cncboot.a(UART_SPI_UART_INT.o)

.debug_line     0x00000000     0x1ea1
 *(.debug_line)
 .debug_line    0x00000000       0x70 .\CortexM0\ARM_GCC_493\Debug\main.o
 .debug_line    0x00000070       0x51 .\CortexM0\ARM_GCC_493\Debug\cymetadata.o
 .debug_line    0x000000c1      0x235 .\CortexM0\ARM_GCC_493\Debug\Cm0Start.o
 .debug_line    0x000002f6      0x150 .\CortexM0\ARM_GCC_493\Debug\cncboot.a(cyfitter_cfg.o)
 .debug_line    0x00000446      0x428 .\CortexM0\ARM_GCC_493\Debug\cncboot.a(Bootloader_1.o)
 .debug_line    0x0000086e      0x189 .\CortexM0\ARM_GCC_493\Debug\cncboot.a(CyFlash.o)
 .debug_line    0x000009f7      0x4ee .\CortexM0\ARM_GCC_493\Debug\cncboot.a(CyLib.o)
 .debug_line    0x00000ee5      0x51a .\CortexM0\ARM_GCC_493\Debug\cncboot.a(CyLFClk.o)
 .debug_line    0x000013ff      0x115 .\CortexM0\ARM_GCC_493\Debug\cncboot.a(UART_UART_BOOT.o)
 .debug_line    0x00001514      0x400 .\CortexM0\ARM_GCC_493\Debug\cncboot.a(PWM.o)
 .debug_line    0x00001914       0x69 .\CortexM0\ARM_GCC_493\Debug\cncboot.a(CyBootAsmGnu.o)
 .debug_line    0x0000197d      0x158 .\CortexM0\ARM_GCC_493\Debug\cncboot.a(UART.o)
 .debug_line    0x00001ad5      0x173 .\CortexM0\ARM_GCC_493\Debug\cncboot.a(UART_SPI_UART.o)
 .debug_line    0x00001c48      0x1a3 .\CortexM0\ARM_GCC_493\Debug\cncboot.a(UART_UART.o)
 .debug_line    0x00001deb       0xb6 .\CortexM0\ARM_GCC_493\Debug\cncboot.a(UART_SPI_UART_INT.o)

.debug_frame    0x00000000     0x1128
 *(.debug_frame)
 .debug_frame   0x00000000       0x2c .\CortexM0\ARM_GCC_493\Debug\main.o
 .debug_frame   0x0000002c       0xb0 .\CortexM0\ARM_GCC_493\Debug\Cm0Start.o
 .debug_frame   0x000000dc       0x30 .\CortexM0\ARM_GCC_493\Debug\cncboot.a(cyfitter_cfg.o)
 .debug_frame   0x0000010c      0x140 .\CortexM0\ARM_GCC_493\Debug\cncboot.a(Bootloader_1.o)
 .debug_frame   0x0000024c       0x54 .\CortexM0\ARM_GCC_493\Debug\cncboot.a(CyFlash.o)
 .debug_frame   0x000002a0      0x388 .\CortexM0\ARM_GCC_493\Debug\cncboot.a(CyLib.o)
 .debug_frame   0x00000628      0x354 .\CortexM0\ARM_GCC_493\Debug\cncboot.a(CyLFClk.o)
 .debug_frame   0x0000097c       0xac .\CortexM0\ARM_GCC_493\Debug\cncboot.a(UART_UART_BOOT.o)
 .debug_frame   0x00000a28      0x384 .\CortexM0\ARM_GCC_493\Debug\cncboot.a(PWM.o)
 .debug_frame   0x00000dac       0xc0 .\CortexM0\ARM_GCC_493\Debug\cncboot.a(UART.o)
 .debug_frame   0x00000e6c       0xd4 .\CortexM0\ARM_GCC_493\Debug\cncboot.a(UART_SPI_UART.o)
 .debug_frame   0x00000f40       0xe0 .\CortexM0\ARM_GCC_493\Debug\cncboot.a(UART_UART.o)
 .debug_frame   0x00001020       0x2c .\CortexM0\ARM_GCC_493\Debug\cncboot.a(UART_SPI_UART_INT.o)
 .debug_frame   0x0000104c       0x20 c:/program files (x86)/cypress/psoc creator/4.0/psoc creator/import/gnu/arm/4.9.3/bin/../lib/gcc/arm-none-eabi/4.9.3/armv6-m\libgcc.a(_udivsi3.o)
 .debug_frame   0x0000106c       0x20 c:/program files (x86)/cypress/psoc creator/4.0/psoc creator/import/gnu/arm/4.9.3/bin/../lib/gcc/arm-none-eabi/4.9.3/../../../../arm-none-eabi/lib/armv6-m\libg_nano.a(lib_a-errno.o)
 .debug_frame   0x0000108c       0x28 c:/program files (x86)/cypress/psoc creator/4.0/psoc creator/import/gnu/arm/4.9.3/bin/../lib/gcc/arm-none-eabi/4.9.3/../../../../arm-none-eabi/lib/armv6-m\libg_nano.a(lib_a-exit.o)
 .debug_frame   0x000010b4       0x2c c:/program files (x86)/cypress/psoc creator/4.0/psoc creator/import/gnu/arm/4.9.3/bin/../lib/gcc/arm-none-eabi/4.9.3/../../../../arm-none-eabi/lib/armv6-m\libg_nano.a(lib_a-init.o)
 .debug_frame   0x000010e0       0x28 c:/program files (x86)/cypress/psoc creator/4.0/psoc creator/import/gnu/arm/4.9.3/bin/../lib/gcc/arm-none-eabi/4.9.3/../../../../arm-none-eabi/lib/armv6-m\libg_nano.a(lib_a-memcpy.o)
 .debug_frame   0x00001108       0x20 c:/program files (x86)/cypress/psoc creator/4.0/psoc creator/import/gnu/arm/4.9.3/bin/../lib/gcc/arm-none-eabi/4.9.3/../../../../arm-none-eabi/lib/armv6-m\libg_nano.a(lib_a-memset.o)

.debug_str      0x00000000     0x1c3a
 *(.debug_str)
 .debug_str     0x00000000      0x143 .\CortexM0\ARM_GCC_493\Debug\main.o
                                0x17c (size before relaxing)
 .debug_str     0x00000143       0x6e .\CortexM0\ARM_GCC_493\Debug\cymetadata.o
                                0x1c1 (size before relaxing)
 .debug_str     0x000001b1      0x184 .\CortexM0\ARM_GCC_493\Debug\Cm0Start.o
                                0x2fc (size before relaxing)
 .debug_str     0x00000335      0x10b .\CortexM0\ARM_GCC_493\Debug\cncboot.a(cyfitter_cfg.o)
                                0x2bb (size before relaxing)
 .debug_str     0x00000440      0x4f5 .\CortexM0\ARM_GCC_493\Debug\cncboot.a(Bootloader_1.o)
                                0x6c8 (size before relaxing)
 .debug_str     0x00000935      0x157 .\CortexM0\ARM_GCC_493\Debug\cncboot.a(CyFlash.o)
                                0x306 (size before relaxing)
 .debug_str     0x00000a8c      0x458 .\CortexM0\ARM_GCC_493\Debug\cncboot.a(CyLib.o)
                                0x66d (size before relaxing)
 .debug_str     0x00000ee4      0x529 .\CortexM0\ARM_GCC_493\Debug\cncboot.a(CyLFClk.o)
                                0x715 (size before relaxing)
 .debug_str     0x0000140d       0xed .\CortexM0\ARM_GCC_493\Debug\cncboot.a(UART_UART_BOOT.o)
                                0x2ef (size before relaxing)
 .debug_str     0x000014fa      0x380 .\CortexM0\ARM_GCC_493\Debug\cncboot.a(PWM.o)
                                0x535 (size before relaxing)
 .debug_str     0x0000187a      0x157 .\CortexM0\ARM_GCC_493\Debug\cncboot.a(UART.o)
                                0x304 (size before relaxing)
 .debug_str     0x000019d1      0x153 .\CortexM0\ARM_GCC_493\Debug\cncboot.a(UART_SPI_UART.o)
                                0x359 (size before relaxing)
 .debug_str     0x00001b24       0xd9 .\CortexM0\ARM_GCC_493\Debug\cncboot.a(UART_UART.o)
                                0x384 (size before relaxing)
 .debug_str     0x00001bfd       0x3d .\CortexM0\ARM_GCC_493\Debug\cncboot.a(UART_SPI_UART_INT.o)
                                0x261 (size before relaxing)

.debug_loc      0x00000000     0x2ef3
 *(.debug_loc)
 .debug_loc     0x00000000      0x1e9 .\CortexM0\ARM_GCC_493\Debug\Cm0Start.o
 .debug_loc     0x000001e9       0xc4 .\CortexM0\ARM_GCC_493\Debug\cncboot.a(cyfitter_cfg.o)
 .debug_loc     0x000002ad      0xe77 .\CortexM0\ARM_GCC_493\Debug\cncboot.a(Bootloader_1.o)
 .debug_loc     0x00001124      0x266 .\CortexM0\ARM_GCC_493\Debug\cncboot.a(CyFlash.o)
 .debug_loc     0x0000138a      0x5e3 .\CortexM0\ARM_GCC_493\Debug\cncboot.a(CyLib.o)
 .debug_loc     0x0000196d      0xa7d .\CortexM0\ARM_GCC_493\Debug\cncboot.a(CyLFClk.o)
 .debug_loc     0x000023ea      0x261 .\CortexM0\ARM_GCC_493\Debug\cncboot.a(UART_UART_BOOT.o)
 .debug_loc     0x0000264b      0x53c .\CortexM0\ARM_GCC_493\Debug\cncboot.a(PWM.o)
 .debug_loc     0x00002b87       0x7e .\CortexM0\ARM_GCC_493\Debug\cncboot.a(UART.o)
 .debug_loc     0x00002c05      0x11a .\CortexM0\ARM_GCC_493\Debug\cncboot.a(UART_SPI_UART.o)
 .debug_loc     0x00002d1f      0x197 .\CortexM0\ARM_GCC_493\Debug\cncboot.a(UART_UART.o)
 .debug_loc     0x00002eb6       0x3d .\CortexM0\ARM_GCC_493\Debug\cncboot.a(UART_SPI_UART_INT.o)

.debug_macinfo
 *(.debug_macinfo)

.debug_ranges   0x00000000      0x860
 *(.debug_ranges)
 .debug_ranges  0x00000000       0x10 .\CortexM0\ARM_GCC_493\Debug\main.o
 .debug_ranges  0x00000010       0x38 .\CortexM0\ARM_GCC_493\Debug\Cm0Start.o
 .debug_ranges  0x00000048       0x60 .\CortexM0\ARM_GCC_493\Debug\cncboot.a(cyfitter_cfg.o)
 .debug_ranges  0x000000a8      0x148 .\CortexM0\ARM_GCC_493\Debug\cncboot.a(Bootloader_1.o)
 .debug_ranges  0x000001f0       0x30 .\CortexM0\ARM_GCC_493\Debug\cncboot.a(CyFlash.o)
 .debug_ranges  0x00000220      0x1d8 .\CortexM0\ARM_GCC_493\Debug\cncboot.a(CyLib.o)
 .debug_ranges  0x000003f8      0x1d8 .\CortexM0\ARM_GCC_493\Debug\cncboot.a(CyLFClk.o)
 .debug_ranges  0x000005d0       0x30 .\CortexM0\ARM_GCC_493\Debug\cncboot.a(UART_UART_BOOT.o)
 .debug_ranges  0x00000600      0x168 .\CortexM0\ARM_GCC_493\Debug\cncboot.a(PWM.o)
 .debug_ranges  0x00000768       0x48 .\CortexM0\ARM_GCC_493\Debug\cncboot.a(UART.o)
 .debug_ranges  0x000007b0       0x50 .\CortexM0\ARM_GCC_493\Debug\cncboot.a(UART_SPI_UART.o)
 .debug_ranges  0x00000800       0x50 .\CortexM0\ARM_GCC_493\Debug\cncboot.a(UART_UART.o)
 .debug_ranges  0x00000850       0x10 .\CortexM0\ARM_GCC_493\Debug\cncboot.a(UART_SPI_UART_INT.o)

.comment        0x00000000       0x70
 .comment       0x00000000       0x70 .\CortexM0\ARM_GCC_493\Debug\main.o
                                 0x71 (size before relaxing)
 .comment       0x00000000       0x71 .\CortexM0\ARM_GCC_493\Debug\cymetadata.o
 .comment       0x00000000       0x71 .\CortexM0\ARM_GCC_493\Debug\Cm0Start.o
 .comment       0x00000000       0x71 .\CortexM0\ARM_GCC_493\Debug\cncboot.a(cyfitter_cfg.o)
 .comment       0x00000000       0x71 .\CortexM0\ARM_GCC_493\Debug\cncboot.a(Bootloader_1.o)
 .comment       0x00000000       0x71 .\CortexM0\ARM_GCC_493\Debug\cncboot.a(CyFlash.o)
 .comment       0x00000000       0x71 .\CortexM0\ARM_GCC_493\Debug\cncboot.a(CyLib.o)
 .comment       0x00000000       0x71 .\CortexM0\ARM_GCC_493\Debug\cncboot.a(CyLFClk.o)
 .comment       0x00000000       0x71 .\CortexM0\ARM_GCC_493\Debug\cncboot.a(UART_UART_BOOT.o)
 .comment       0x00000000       0x71 .\CortexM0\ARM_GCC_493\Debug\cncboot.a(PWM.o)
 .comment       0x00000000       0x71 .\CortexM0\ARM_GCC_493\Debug\cncboot.a(UART.o)
 .comment       0x00000000       0x71 .\CortexM0\ARM_GCC_493\Debug\cncboot.a(UART_SPI_UART.o)
 .comment       0x00000000       0x71 .\CortexM0\ARM_GCC_493\Debug\cncboot.a(UART_UART.o)
 .comment       0x00000000       0x71 .\CortexM0\ARM_GCC_493\Debug\cncboot.a(UART_SPI_UART_INT.o)

.debug_weaknames
 *(.debug_weaknames)

.debug_funcnames
 *(.debug_funcnames)

.debug_typenames
 *(.debug_typenames)

.debug_varnames
 *(.debug_varnames)

.note.gnu.arm.ident
 *(.note.gnu.arm.ident)

.ARM.attributes
                0x00000000       0x28
 *(.ARM.attributes)
 .ARM.attributes
                0x00000000       0x1e c:/program files (x86)/cypress/psoc creator/4.0/psoc creator/import/gnu/arm/4.9.3/bin/../lib/gcc/arm-none-eabi/4.9.3/armv6-m/crti.o
 .ARM.attributes
                0x0000001e       0x2c c:/program files (x86)/cypress/psoc creator/4.0/psoc creator/import/gnu/arm/4.9.3/bin/../lib/gcc/arm-none-eabi/4.9.3/armv6-m/crtbegin.o
 .ARM.attributes
                0x0000004a       0x1b c:/program files (x86)/cypress/psoc creator/4.0/psoc creator/import/gnu/arm/4.9.3/bin/../lib/gcc/arm-none-eabi/4.9.3/../../../../arm-none-eabi/lib/armv6-m/crt0.o
 .ARM.attributes
                0x00000065       0x31 .\CortexM0\ARM_GCC_493\Debug\main.o
 .ARM.attributes
                0x00000096       0x31 .\CortexM0\ARM_GCC_493\Debug\cymetadata.o
 .ARM.attributes
                0x000000c7       0x31 .\CortexM0\ARM_GCC_493\Debug\Cm0Start.o
 .ARM.attributes
                0x000000f8       0x31 .\CortexM0\ARM_GCC_493\Debug\cncboot.a(cyfitter_cfg.o)
 .ARM.attributes
                0x00000129       0x31 .\CortexM0\ARM_GCC_493\Debug\cncboot.a(Bootloader_1.o)
 .ARM.attributes
                0x0000015a       0x31 .\CortexM0\ARM_GCC_493\Debug\cncboot.a(CyFlash.o)
 .ARM.attributes
                0x0000018b       0x31 .\CortexM0\ARM_GCC_493\Debug\cncboot.a(CyLib.o)
 .ARM.attributes
                0x000001bc       0x31 .\CortexM0\ARM_GCC_493\Debug\cncboot.a(CyLFClk.o)
 .ARM.attributes
                0x000001ed       0x31 .\CortexM0\ARM_GCC_493\Debug\cncboot.a(UART_UART_BOOT.o)
 .ARM.attributes
                0x0000021e       0x31 .\CortexM0\ARM_GCC_493\Debug\cncboot.a(PWM.o)
 .ARM.attributes
                0x0000024f       0x21 .\CortexM0\ARM_GCC_493\Debug\cncboot.a(CyBootAsmGnu.o)
 .ARM.attributes
                0x00000270       0x31 .\CortexM0\ARM_GCC_493\Debug\cncboot.a(UART.o)
 .ARM.attributes
                0x000002a1       0x31 .\CortexM0\ARM_GCC_493\Debug\cncboot.a(UART_SPI_UART.o)
 .ARM.attributes
                0x000002d2       0x31 .\CortexM0\ARM_GCC_493\Debug\cncboot.a(UART_UART.o)
 .ARM.attributes
                0x00000303       0x31 .\CortexM0\ARM_GCC_493\Debug\cncboot.a(UART_SPI_UART_INT.o)
 .ARM.attributes
                0x00000334       0x1e c:/program files (x86)/cypress/psoc creator/4.0/psoc creator/import/gnu/arm/4.9.3/bin/../lib/gcc/arm-none-eabi/4.9.3/armv6-m\libgcc.a(_thumb1_case_uqi.o)
 .ARM.attributes
                0x00000352       0x1e c:/program files (x86)/cypress/psoc creator/4.0/psoc creator/import/gnu/arm/4.9.3/bin/../lib/gcc/arm-none-eabi/4.9.3/armv6-m\libgcc.a(_thumb1_case_shi.o)
 .ARM.attributes
                0x00000370       0x1e c:/program files (x86)/cypress/psoc creator/4.0/psoc creator/import/gnu/arm/4.9.3/bin/../lib/gcc/arm-none-eabi/4.9.3/armv6-m\libgcc.a(_udivsi3.o)
 .ARM.attributes
                0x0000038e       0x1e c:/program files (x86)/cypress/psoc creator/4.0/psoc creator/import/gnu/arm/4.9.3/bin/../lib/gcc/arm-none-eabi/4.9.3/armv6-m\libgcc.a(_dvmd_tls.o)
 .ARM.attributes
                0x000003ac       0x2c c:/program files (x86)/cypress/psoc creator/4.0/psoc creator/import/gnu/arm/4.9.3/bin/../lib/gcc/arm-none-eabi/4.9.3/../../../../arm-none-eabi/lib/armv6-m\libg_nano.a(lib_a-errno.o)
 .ARM.attributes
                0x000003d8       0x2c c:/program files (x86)/cypress/psoc creator/4.0/psoc creator/import/gnu/arm/4.9.3/bin/../lib/gcc/arm-none-eabi/4.9.3/../../../../arm-none-eabi/lib/armv6-m\libg_nano.a(lib_a-exit.o)
 .ARM.attributes
                0x00000404       0x2c c:/program files (x86)/cypress/psoc creator/4.0/psoc creator/import/gnu/arm/4.9.3/bin/../lib/gcc/arm-none-eabi/4.9.3/../../../../arm-none-eabi/lib/armv6-m\libg_nano.a(lib_a-impure.o)
 .ARM.attributes
                0x00000430       0x2c c:/program files (x86)/cypress/psoc creator/4.0/psoc creator/import/gnu/arm/4.9.3/bin/../lib/gcc/arm-none-eabi/4.9.3/../../../../arm-none-eabi/lib/armv6-m\libg_nano.a(lib_a-init.o)
 .ARM.attributes
                0x0000045c       0x2c c:/program files (x86)/cypress/psoc creator/4.0/psoc creator/import/gnu/arm/4.9.3/bin/../lib/gcc/arm-none-eabi/4.9.3/../../../../arm-none-eabi/lib/armv6-m\libg_nano.a(lib_a-memcpy.o)
 .ARM.attributes
                0x00000488       0x2c c:/program files (x86)/cypress/psoc creator/4.0/psoc creator/import/gnu/arm/4.9.3/bin/../lib/gcc/arm-none-eabi/4.9.3/../../../../arm-none-eabi/lib/armv6-m\libg_nano.a(lib_a-memset.o)
 .ARM.attributes
                0x000004b4       0x2c c:/program files (x86)/cypress/psoc creator/4.0/psoc creator/import/gnu/arm/4.9.3/bin/../lib/gcc/arm-none-eabi/4.9.3/armv6-m/crtend.o
 .ARM.attributes
                0x000004e0       0x1e c:/program files (x86)/cypress/psoc creator/4.0/psoc creator/import/gnu/arm/4.9.3/bin/../lib/gcc/arm-none-eabi/4.9.3/armv6-m/crtn.o

/DISCARD/
 *(.note.GNU-stack)
OUTPUT(.\CortexM0\ARM_GCC_493\Debug\cncboot.elf elf32-littlearm)
