ARM GAS  C:\Users\g\AppData\Local\Temp\ccH3b8Xq.s 			page 1


   1              		.cpu cortex-m0
   2              		.fpu softvfp
   3              		.eabi_attribute 20, 1
   4              		.eabi_attribute 21, 1
   5              		.eabi_attribute 23, 3
   6              		.eabi_attribute 24, 1
   7              		.eabi_attribute 25, 1
   8              		.eabi_attribute 26, 1
   9              		.eabi_attribute 30, 1
  10              		.eabi_attribute 34, 0
  11              		.eabi_attribute 18, 4
  12              		.code	16
  13              		.file	"ADC_IRQ.c"
  14              		.text
  15              	.Ltext0:
  16              		.cfi_sections	.debug_frame
  17              		.section	.text.ADC_IRQ_Interrupt,"ax",%progbits
  18              		.align	2
  19              		.global	ADC_IRQ_Interrupt
  20              		.code	16
  21              		.thumb_func
  22              		.type	ADC_IRQ_Interrupt, %function
  23              	ADC_IRQ_Interrupt:
  24              	.LFB3:
  25              		.file 1 "Generated_Source\\PSoC4\\ADC_IRQ.c"
   1:Generated_Source\PSoC4/ADC_IRQ.c **** /*******************************************************************************
   2:Generated_Source\PSoC4/ADC_IRQ.c **** * File Name: ADC_IRQ.c  
   3:Generated_Source\PSoC4/ADC_IRQ.c **** * Version 1.70
   4:Generated_Source\PSoC4/ADC_IRQ.c **** *
   5:Generated_Source\PSoC4/ADC_IRQ.c **** *  Description:
   6:Generated_Source\PSoC4/ADC_IRQ.c **** *   API for controlling the state of an interrupt.
   7:Generated_Source\PSoC4/ADC_IRQ.c **** *
   8:Generated_Source\PSoC4/ADC_IRQ.c **** *
   9:Generated_Source\PSoC4/ADC_IRQ.c **** *  Note:
  10:Generated_Source\PSoC4/ADC_IRQ.c **** *
  11:Generated_Source\PSoC4/ADC_IRQ.c **** ********************************************************************************
  12:Generated_Source\PSoC4/ADC_IRQ.c **** * Copyright 2008-2015, Cypress Semiconductor Corporation.  All rights reserved.
  13:Generated_Source\PSoC4/ADC_IRQ.c **** * You may use this file only in accordance with the license, terms, conditions, 
  14:Generated_Source\PSoC4/ADC_IRQ.c **** * disclaimers, and limitations in the end user license agreement accompanying 
  15:Generated_Source\PSoC4/ADC_IRQ.c **** * the software package with which this file was provided.
  16:Generated_Source\PSoC4/ADC_IRQ.c **** *******************************************************************************/
  17:Generated_Source\PSoC4/ADC_IRQ.c **** 
  18:Generated_Source\PSoC4/ADC_IRQ.c **** 
  19:Generated_Source\PSoC4/ADC_IRQ.c **** #include <cydevice_trm.h>
  20:Generated_Source\PSoC4/ADC_IRQ.c **** #include <CyLib.h>
  21:Generated_Source\PSoC4/ADC_IRQ.c **** #include <ADC_IRQ.h>
  22:Generated_Source\PSoC4/ADC_IRQ.c **** #include "cyapicallbacks.h"
  23:Generated_Source\PSoC4/ADC_IRQ.c **** 
  24:Generated_Source\PSoC4/ADC_IRQ.c **** #if !defined(ADC_IRQ__REMOVED) /* Check for removal by optimization */
  25:Generated_Source\PSoC4/ADC_IRQ.c **** 
  26:Generated_Source\PSoC4/ADC_IRQ.c **** /*******************************************************************************
  27:Generated_Source\PSoC4/ADC_IRQ.c **** *  Place your includes, defines and code here 
  28:Generated_Source\PSoC4/ADC_IRQ.c **** ********************************************************************************/
  29:Generated_Source\PSoC4/ADC_IRQ.c **** /* `#START ADC_IRQ_intc` */
  30:Generated_Source\PSoC4/ADC_IRQ.c **** 
  31:Generated_Source\PSoC4/ADC_IRQ.c **** /* `#END` */
  32:Generated_Source\PSoC4/ADC_IRQ.c **** 
ARM GAS  C:\Users\g\AppData\Local\Temp\ccH3b8Xq.s 			page 2


  33:Generated_Source\PSoC4/ADC_IRQ.c **** extern cyisraddress CyRamVectors[CYINT_IRQ_BASE + CY_NUM_INTERRUPTS];
  34:Generated_Source\PSoC4/ADC_IRQ.c **** 
  35:Generated_Source\PSoC4/ADC_IRQ.c **** /* Declared in startup, used to set unused interrupts to. */
  36:Generated_Source\PSoC4/ADC_IRQ.c **** CY_ISR_PROTO(IntDefaultHandler);
  37:Generated_Source\PSoC4/ADC_IRQ.c **** 
  38:Generated_Source\PSoC4/ADC_IRQ.c **** 
  39:Generated_Source\PSoC4/ADC_IRQ.c **** /*******************************************************************************
  40:Generated_Source\PSoC4/ADC_IRQ.c **** * Function Name: ADC_IRQ_Start
  41:Generated_Source\PSoC4/ADC_IRQ.c **** ********************************************************************************
  42:Generated_Source\PSoC4/ADC_IRQ.c **** *
  43:Generated_Source\PSoC4/ADC_IRQ.c **** * Summary:
  44:Generated_Source\PSoC4/ADC_IRQ.c **** *  Set up the interrupt and enable it. This function disables the interrupt, 
  45:Generated_Source\PSoC4/ADC_IRQ.c **** *  sets the default interrupt vector, sets the priority from the value in the
  46:Generated_Source\PSoC4/ADC_IRQ.c **** *  Design Wide Resources Interrupt Editor, then enables the interrupt to the 
  47:Generated_Source\PSoC4/ADC_IRQ.c **** *  interrupt controller.
  48:Generated_Source\PSoC4/ADC_IRQ.c **** *
  49:Generated_Source\PSoC4/ADC_IRQ.c **** * Parameters:  
  50:Generated_Source\PSoC4/ADC_IRQ.c **** *   None
  51:Generated_Source\PSoC4/ADC_IRQ.c **** *
  52:Generated_Source\PSoC4/ADC_IRQ.c **** * Return:
  53:Generated_Source\PSoC4/ADC_IRQ.c **** *   None
  54:Generated_Source\PSoC4/ADC_IRQ.c **** *
  55:Generated_Source\PSoC4/ADC_IRQ.c **** *******************************************************************************/
  56:Generated_Source\PSoC4/ADC_IRQ.c **** void ADC_IRQ_Start(void)
  57:Generated_Source\PSoC4/ADC_IRQ.c **** {
  58:Generated_Source\PSoC4/ADC_IRQ.c ****     /* For all we know the interrupt is active. */
  59:Generated_Source\PSoC4/ADC_IRQ.c ****     ADC_IRQ_Disable();
  60:Generated_Source\PSoC4/ADC_IRQ.c **** 
  61:Generated_Source\PSoC4/ADC_IRQ.c ****     /* Set the ISR to point to the ADC_IRQ Interrupt. */
  62:Generated_Source\PSoC4/ADC_IRQ.c ****     ADC_IRQ_SetVector(&ADC_IRQ_Interrupt);
  63:Generated_Source\PSoC4/ADC_IRQ.c **** 
  64:Generated_Source\PSoC4/ADC_IRQ.c ****     /* Set the priority. */
  65:Generated_Source\PSoC4/ADC_IRQ.c ****     ADC_IRQ_SetPriority((uint8)ADC_IRQ_INTC_PRIOR_NUMBER);
  66:Generated_Source\PSoC4/ADC_IRQ.c **** 
  67:Generated_Source\PSoC4/ADC_IRQ.c ****     /* Enable it. */
  68:Generated_Source\PSoC4/ADC_IRQ.c ****     ADC_IRQ_Enable();
  69:Generated_Source\PSoC4/ADC_IRQ.c **** }
  70:Generated_Source\PSoC4/ADC_IRQ.c **** 
  71:Generated_Source\PSoC4/ADC_IRQ.c **** 
  72:Generated_Source\PSoC4/ADC_IRQ.c **** /*******************************************************************************
  73:Generated_Source\PSoC4/ADC_IRQ.c **** * Function Name: ADC_IRQ_StartEx
  74:Generated_Source\PSoC4/ADC_IRQ.c **** ********************************************************************************
  75:Generated_Source\PSoC4/ADC_IRQ.c **** *
  76:Generated_Source\PSoC4/ADC_IRQ.c **** * Summary:
  77:Generated_Source\PSoC4/ADC_IRQ.c **** *  Sets up the interrupt and enables it. This function disables the interrupt,
  78:Generated_Source\PSoC4/ADC_IRQ.c **** *  sets the interrupt vector based on the address passed in, sets the priority 
  79:Generated_Source\PSoC4/ADC_IRQ.c **** *  from the value in the Design Wide Resources Interrupt Editor, then enables 
  80:Generated_Source\PSoC4/ADC_IRQ.c **** *  the interrupt to the interrupt controller.
  81:Generated_Source\PSoC4/ADC_IRQ.c **** *  
  82:Generated_Source\PSoC4/ADC_IRQ.c **** *  When defining ISR functions, the CY_ISR and CY_ISR_PROTO macros should be 
  83:Generated_Source\PSoC4/ADC_IRQ.c **** *  used to provide consistent definition across compilers:
  84:Generated_Source\PSoC4/ADC_IRQ.c **** *  
  85:Generated_Source\PSoC4/ADC_IRQ.c **** *  Function definition example:
  86:Generated_Source\PSoC4/ADC_IRQ.c **** *   CY_ISR(MyISR)
  87:Generated_Source\PSoC4/ADC_IRQ.c **** *   {
  88:Generated_Source\PSoC4/ADC_IRQ.c **** *   }
  89:Generated_Source\PSoC4/ADC_IRQ.c **** *   Function prototype example:
ARM GAS  C:\Users\g\AppData\Local\Temp\ccH3b8Xq.s 			page 3


  90:Generated_Source\PSoC4/ADC_IRQ.c **** *   CY_ISR_PROTO(MyISR);
  91:Generated_Source\PSoC4/ADC_IRQ.c **** *
  92:Generated_Source\PSoC4/ADC_IRQ.c **** * Parameters:  
  93:Generated_Source\PSoC4/ADC_IRQ.c **** *   address: Address of the ISR to set in the interrupt vector table.
  94:Generated_Source\PSoC4/ADC_IRQ.c **** *
  95:Generated_Source\PSoC4/ADC_IRQ.c **** * Return:
  96:Generated_Source\PSoC4/ADC_IRQ.c **** *   None
  97:Generated_Source\PSoC4/ADC_IRQ.c **** *
  98:Generated_Source\PSoC4/ADC_IRQ.c **** *******************************************************************************/
  99:Generated_Source\PSoC4/ADC_IRQ.c **** void ADC_IRQ_StartEx(cyisraddress address)
 100:Generated_Source\PSoC4/ADC_IRQ.c **** {
 101:Generated_Source\PSoC4/ADC_IRQ.c ****     /* For all we know the interrupt is active. */
 102:Generated_Source\PSoC4/ADC_IRQ.c ****     ADC_IRQ_Disable();
 103:Generated_Source\PSoC4/ADC_IRQ.c **** 
 104:Generated_Source\PSoC4/ADC_IRQ.c ****     /* Set the ISR to point to the ADC_IRQ Interrupt. */
 105:Generated_Source\PSoC4/ADC_IRQ.c ****     ADC_IRQ_SetVector(address);
 106:Generated_Source\PSoC4/ADC_IRQ.c **** 
 107:Generated_Source\PSoC4/ADC_IRQ.c ****     /* Set the priority. */
 108:Generated_Source\PSoC4/ADC_IRQ.c ****     ADC_IRQ_SetPriority((uint8)ADC_IRQ_INTC_PRIOR_NUMBER);
 109:Generated_Source\PSoC4/ADC_IRQ.c **** 
 110:Generated_Source\PSoC4/ADC_IRQ.c ****     /* Enable it. */
 111:Generated_Source\PSoC4/ADC_IRQ.c ****     ADC_IRQ_Enable();
 112:Generated_Source\PSoC4/ADC_IRQ.c **** }
 113:Generated_Source\PSoC4/ADC_IRQ.c **** 
 114:Generated_Source\PSoC4/ADC_IRQ.c **** 
 115:Generated_Source\PSoC4/ADC_IRQ.c **** /*******************************************************************************
 116:Generated_Source\PSoC4/ADC_IRQ.c **** * Function Name: ADC_IRQ_Stop
 117:Generated_Source\PSoC4/ADC_IRQ.c **** ********************************************************************************
 118:Generated_Source\PSoC4/ADC_IRQ.c **** *
 119:Generated_Source\PSoC4/ADC_IRQ.c **** * Summary:
 120:Generated_Source\PSoC4/ADC_IRQ.c **** *   Disables and removes the interrupt.
 121:Generated_Source\PSoC4/ADC_IRQ.c **** *
 122:Generated_Source\PSoC4/ADC_IRQ.c **** * Parameters:  
 123:Generated_Source\PSoC4/ADC_IRQ.c **** *   None
 124:Generated_Source\PSoC4/ADC_IRQ.c **** *
 125:Generated_Source\PSoC4/ADC_IRQ.c **** * Return:
 126:Generated_Source\PSoC4/ADC_IRQ.c **** *   None
 127:Generated_Source\PSoC4/ADC_IRQ.c **** *
 128:Generated_Source\PSoC4/ADC_IRQ.c **** *******************************************************************************/
 129:Generated_Source\PSoC4/ADC_IRQ.c **** void ADC_IRQ_Stop(void)
 130:Generated_Source\PSoC4/ADC_IRQ.c **** {
 131:Generated_Source\PSoC4/ADC_IRQ.c ****     /* Disable this interrupt. */
 132:Generated_Source\PSoC4/ADC_IRQ.c ****     ADC_IRQ_Disable();
 133:Generated_Source\PSoC4/ADC_IRQ.c **** 
 134:Generated_Source\PSoC4/ADC_IRQ.c ****     /* Set the ISR to point to the passive one. */
 135:Generated_Source\PSoC4/ADC_IRQ.c ****     ADC_IRQ_SetVector(&IntDefaultHandler);
 136:Generated_Source\PSoC4/ADC_IRQ.c **** }
 137:Generated_Source\PSoC4/ADC_IRQ.c **** 
 138:Generated_Source\PSoC4/ADC_IRQ.c **** 
 139:Generated_Source\PSoC4/ADC_IRQ.c **** /*******************************************************************************
 140:Generated_Source\PSoC4/ADC_IRQ.c **** * Function Name: ADC_IRQ_Interrupt
 141:Generated_Source\PSoC4/ADC_IRQ.c **** ********************************************************************************
 142:Generated_Source\PSoC4/ADC_IRQ.c **** *
 143:Generated_Source\PSoC4/ADC_IRQ.c **** * Summary:
 144:Generated_Source\PSoC4/ADC_IRQ.c **** *   The default Interrupt Service Routine for ADC_IRQ.
 145:Generated_Source\PSoC4/ADC_IRQ.c **** *
 146:Generated_Source\PSoC4/ADC_IRQ.c **** *   Add custom code between the START and END comments to keep the next version
ARM GAS  C:\Users\g\AppData\Local\Temp\ccH3b8Xq.s 			page 4


 147:Generated_Source\PSoC4/ADC_IRQ.c **** *   of this file from over-writing your code.
 148:Generated_Source\PSoC4/ADC_IRQ.c **** *
 149:Generated_Source\PSoC4/ADC_IRQ.c **** *   Note You may use either the default ISR by using this API, or you may define
 150:Generated_Source\PSoC4/ADC_IRQ.c **** *   your own separate ISR through ISR_StartEx().
 151:Generated_Source\PSoC4/ADC_IRQ.c **** *
 152:Generated_Source\PSoC4/ADC_IRQ.c **** * Parameters:  
 153:Generated_Source\PSoC4/ADC_IRQ.c **** *   None
 154:Generated_Source\PSoC4/ADC_IRQ.c **** *
 155:Generated_Source\PSoC4/ADC_IRQ.c **** * Return:
 156:Generated_Source\PSoC4/ADC_IRQ.c **** *   None
 157:Generated_Source\PSoC4/ADC_IRQ.c **** *
 158:Generated_Source\PSoC4/ADC_IRQ.c **** *******************************************************************************/
 159:Generated_Source\PSoC4/ADC_IRQ.c **** CY_ISR(ADC_IRQ_Interrupt)
 160:Generated_Source\PSoC4/ADC_IRQ.c **** {
  26              		.loc 1 160 0
  27              		.cfi_startproc
 161:Generated_Source\PSoC4/ADC_IRQ.c ****     #ifdef ADC_IRQ_INTERRUPT_INTERRUPT_CALLBACK
 162:Generated_Source\PSoC4/ADC_IRQ.c ****         ADC_IRQ_Interrupt_InterruptCallback();
 163:Generated_Source\PSoC4/ADC_IRQ.c ****     #endif /* ADC_IRQ_INTERRUPT_INTERRUPT_CALLBACK */ 
 164:Generated_Source\PSoC4/ADC_IRQ.c **** 
 165:Generated_Source\PSoC4/ADC_IRQ.c ****     /*  Place your Interrupt code here. */
 166:Generated_Source\PSoC4/ADC_IRQ.c ****     /* `#START ADC_IRQ_Interrupt` */
 167:Generated_Source\PSoC4/ADC_IRQ.c **** 
 168:Generated_Source\PSoC4/ADC_IRQ.c ****     /* `#END` */
 169:Generated_Source\PSoC4/ADC_IRQ.c **** }
  28              		.loc 1 169 0
  29              		@ sp needed
  30 0000 7047     		bx	lr
  31              		.cfi_endproc
  32              	.LFE3:
  33              		.size	ADC_IRQ_Interrupt, .-ADC_IRQ_Interrupt
  34 0002 C046     		.section	.text.ADC_IRQ_SetVector,"ax",%progbits
  35              		.align	2
  36              		.global	ADC_IRQ_SetVector
  37              		.code	16
  38              		.thumb_func
  39              		.type	ADC_IRQ_SetVector, %function
  40              	ADC_IRQ_SetVector:
  41              	.LFB4:
 170:Generated_Source\PSoC4/ADC_IRQ.c **** 
 171:Generated_Source\PSoC4/ADC_IRQ.c **** 
 172:Generated_Source\PSoC4/ADC_IRQ.c **** /*******************************************************************************
 173:Generated_Source\PSoC4/ADC_IRQ.c **** * Function Name: ADC_IRQ_SetVector
 174:Generated_Source\PSoC4/ADC_IRQ.c **** ********************************************************************************
 175:Generated_Source\PSoC4/ADC_IRQ.c **** *
 176:Generated_Source\PSoC4/ADC_IRQ.c **** * Summary:
 177:Generated_Source\PSoC4/ADC_IRQ.c **** *   Change the ISR vector for the Interrupt. Note calling ADC_IRQ_Start
 178:Generated_Source\PSoC4/ADC_IRQ.c **** *   will override any effect this method would have had. To set the vector 
 179:Generated_Source\PSoC4/ADC_IRQ.c **** *   before the component has been started use ADC_IRQ_StartEx instead.
 180:Generated_Source\PSoC4/ADC_IRQ.c **** * 
 181:Generated_Source\PSoC4/ADC_IRQ.c **** *   When defining ISR functions, the CY_ISR and CY_ISR_PROTO macros should be 
 182:Generated_Source\PSoC4/ADC_IRQ.c **** *   used to provide consistent definition across compilers:
 183:Generated_Source\PSoC4/ADC_IRQ.c **** *
 184:Generated_Source\PSoC4/ADC_IRQ.c **** *   Function definition example:
 185:Generated_Source\PSoC4/ADC_IRQ.c **** *   CY_ISR(MyISR)
 186:Generated_Source\PSoC4/ADC_IRQ.c **** *   {
 187:Generated_Source\PSoC4/ADC_IRQ.c **** *   }
ARM GAS  C:\Users\g\AppData\Local\Temp\ccH3b8Xq.s 			page 5


 188:Generated_Source\PSoC4/ADC_IRQ.c **** *
 189:Generated_Source\PSoC4/ADC_IRQ.c **** *   Function prototype example:
 190:Generated_Source\PSoC4/ADC_IRQ.c **** *     CY_ISR_PROTO(MyISR);
 191:Generated_Source\PSoC4/ADC_IRQ.c **** *
 192:Generated_Source\PSoC4/ADC_IRQ.c **** * Parameters:
 193:Generated_Source\PSoC4/ADC_IRQ.c **** *   address: Address of the ISR to set in the interrupt vector table.
 194:Generated_Source\PSoC4/ADC_IRQ.c **** *
 195:Generated_Source\PSoC4/ADC_IRQ.c **** * Return:
 196:Generated_Source\PSoC4/ADC_IRQ.c **** *   None
 197:Generated_Source\PSoC4/ADC_IRQ.c **** *
 198:Generated_Source\PSoC4/ADC_IRQ.c **** *******************************************************************************/
 199:Generated_Source\PSoC4/ADC_IRQ.c **** void ADC_IRQ_SetVector(cyisraddress address)
 200:Generated_Source\PSoC4/ADC_IRQ.c **** {
  42              		.loc 1 200 0
  43              		.cfi_startproc
  44              	.LVL0:
 201:Generated_Source\PSoC4/ADC_IRQ.c ****     CyRamVectors[CYINT_IRQ_BASE + ADC_IRQ__INTC_NUMBER] = address;
  45              		.loc 1 201 0
  46 0000 014B     		ldr	r3, .L3
  47 0002 9867     		str	r0, [r3, #120]
 202:Generated_Source\PSoC4/ADC_IRQ.c **** }
  48              		.loc 1 202 0
  49              		@ sp needed
  50 0004 7047     		bx	lr
  51              	.L4:
  52 0006 C046     		.align	2
  53              	.L3:
  54 0008 00000000 		.word	CyRamVectors
  55              		.cfi_endproc
  56              	.LFE4:
  57              		.size	ADC_IRQ_SetVector, .-ADC_IRQ_SetVector
  58              		.section	.text.ADC_IRQ_GetVector,"ax",%progbits
  59              		.align	2
  60              		.global	ADC_IRQ_GetVector
  61              		.code	16
  62              		.thumb_func
  63              		.type	ADC_IRQ_GetVector, %function
  64              	ADC_IRQ_GetVector:
  65              	.LFB5:
 203:Generated_Source\PSoC4/ADC_IRQ.c **** 
 204:Generated_Source\PSoC4/ADC_IRQ.c **** 
 205:Generated_Source\PSoC4/ADC_IRQ.c **** /*******************************************************************************
 206:Generated_Source\PSoC4/ADC_IRQ.c **** * Function Name: ADC_IRQ_GetVector
 207:Generated_Source\PSoC4/ADC_IRQ.c **** ********************************************************************************
 208:Generated_Source\PSoC4/ADC_IRQ.c **** *
 209:Generated_Source\PSoC4/ADC_IRQ.c **** * Summary:
 210:Generated_Source\PSoC4/ADC_IRQ.c **** *   Gets the "address" of the current ISR vector for the Interrupt.
 211:Generated_Source\PSoC4/ADC_IRQ.c **** *
 212:Generated_Source\PSoC4/ADC_IRQ.c **** * Parameters:
 213:Generated_Source\PSoC4/ADC_IRQ.c **** *   None
 214:Generated_Source\PSoC4/ADC_IRQ.c **** *
 215:Generated_Source\PSoC4/ADC_IRQ.c **** * Return:
 216:Generated_Source\PSoC4/ADC_IRQ.c **** *   Address of the ISR in the interrupt vector table.
 217:Generated_Source\PSoC4/ADC_IRQ.c **** *
 218:Generated_Source\PSoC4/ADC_IRQ.c **** *******************************************************************************/
 219:Generated_Source\PSoC4/ADC_IRQ.c **** cyisraddress ADC_IRQ_GetVector(void)
 220:Generated_Source\PSoC4/ADC_IRQ.c **** {
ARM GAS  C:\Users\g\AppData\Local\Temp\ccH3b8Xq.s 			page 6


  66              		.loc 1 220 0
  67              		.cfi_startproc
 221:Generated_Source\PSoC4/ADC_IRQ.c ****     return CyRamVectors[CYINT_IRQ_BASE + ADC_IRQ__INTC_NUMBER];
  68              		.loc 1 221 0
  69 0000 014B     		ldr	r3, .L6
  70 0002 986F     		ldr	r0, [r3, #120]
 222:Generated_Source\PSoC4/ADC_IRQ.c **** }
  71              		.loc 1 222 0
  72              		@ sp needed
  73 0004 7047     		bx	lr
  74              	.L7:
  75 0006 C046     		.align	2
  76              	.L6:
  77 0008 00000000 		.word	CyRamVectors
  78              		.cfi_endproc
  79              	.LFE5:
  80              		.size	ADC_IRQ_GetVector, .-ADC_IRQ_GetVector
  81              		.section	.text.ADC_IRQ_SetPriority,"ax",%progbits
  82              		.align	2
  83              		.global	ADC_IRQ_SetPriority
  84              		.code	16
  85              		.thumb_func
  86              		.type	ADC_IRQ_SetPriority, %function
  87              	ADC_IRQ_SetPriority:
  88              	.LFB6:
 223:Generated_Source\PSoC4/ADC_IRQ.c **** 
 224:Generated_Source\PSoC4/ADC_IRQ.c **** 
 225:Generated_Source\PSoC4/ADC_IRQ.c **** /*******************************************************************************
 226:Generated_Source\PSoC4/ADC_IRQ.c **** * Function Name: ADC_IRQ_SetPriority
 227:Generated_Source\PSoC4/ADC_IRQ.c **** ********************************************************************************
 228:Generated_Source\PSoC4/ADC_IRQ.c **** *
 229:Generated_Source\PSoC4/ADC_IRQ.c **** * Summary:
 230:Generated_Source\PSoC4/ADC_IRQ.c **** *   Sets the Priority of the Interrupt. 
 231:Generated_Source\PSoC4/ADC_IRQ.c **** *
 232:Generated_Source\PSoC4/ADC_IRQ.c **** *   Note calling ADC_IRQ_Start or ADC_IRQ_StartEx will 
 233:Generated_Source\PSoC4/ADC_IRQ.c **** *   override any effect this API would have had. This API should only be called
 234:Generated_Source\PSoC4/ADC_IRQ.c **** *   after ADC_IRQ_Start or ADC_IRQ_StartEx has been called. 
 235:Generated_Source\PSoC4/ADC_IRQ.c **** *   To set the initial priority for the component, use the Design-Wide Resources
 236:Generated_Source\PSoC4/ADC_IRQ.c **** *   Interrupt Editor.
 237:Generated_Source\PSoC4/ADC_IRQ.c **** *
 238:Generated_Source\PSoC4/ADC_IRQ.c **** *   Note This API has no effect on Non-maskable interrupt NMI).
 239:Generated_Source\PSoC4/ADC_IRQ.c **** *
 240:Generated_Source\PSoC4/ADC_IRQ.c **** * Parameters:
 241:Generated_Source\PSoC4/ADC_IRQ.c **** *   priority: Priority of the interrupt, 0 being the highest priority
 242:Generated_Source\PSoC4/ADC_IRQ.c **** *             PSoC 3 and PSoC 5LP: Priority is from 0 to 7.
 243:Generated_Source\PSoC4/ADC_IRQ.c **** *             PSoC 4: Priority is from 0 to 3.
 244:Generated_Source\PSoC4/ADC_IRQ.c **** *
 245:Generated_Source\PSoC4/ADC_IRQ.c **** * Return:
 246:Generated_Source\PSoC4/ADC_IRQ.c **** *   None
 247:Generated_Source\PSoC4/ADC_IRQ.c **** *
 248:Generated_Source\PSoC4/ADC_IRQ.c **** *******************************************************************************/
 249:Generated_Source\PSoC4/ADC_IRQ.c **** void ADC_IRQ_SetPriority(uint8 priority)
 250:Generated_Source\PSoC4/ADC_IRQ.c **** {
  89              		.loc 1 250 0
  90              		.cfi_startproc
  91              	.LVL1:
  92 0000 10B5     		push	{r4, lr}
ARM GAS  C:\Users\g\AppData\Local\Temp\ccH3b8Xq.s 			page 7


  93              		.cfi_def_cfa_offset 8
  94              		.cfi_offset 4, -8
  95              		.cfi_offset 14, -4
  96 0002 041C     		mov	r4, r0
  97              	.LVL2:
 251:Generated_Source\PSoC4/ADC_IRQ.c **** 	uint8 interruptState;
 252:Generated_Source\PSoC4/ADC_IRQ.c ****     uint32 priorityOffset = ((ADC_IRQ__INTC_NUMBER % 4u) * 8u) + 6u;
 253:Generated_Source\PSoC4/ADC_IRQ.c ****     
 254:Generated_Source\PSoC4/ADC_IRQ.c **** 	interruptState = CyEnterCriticalSection();
  98              		.loc 1 254 0
  99 0004 FFF7FEFF 		bl	CyEnterCriticalSection
 100              	.LVL3:
 255:Generated_Source\PSoC4/ADC_IRQ.c ****     *ADC_IRQ_INTC_PRIOR = (*ADC_IRQ_INTC_PRIOR & (uint32)(~ADC_IRQ__INTC_PRIOR_MASK)) |
 101              		.loc 1 255 0
 102 0008 044A     		ldr	r2, .L9
 103 000a 1168     		ldr	r1, [r2]
 104 000c 044B     		ldr	r3, .L9+4
 105 000e 0B40     		and	r3, r1
 256:Generated_Source\PSoC4/ADC_IRQ.c ****                                     ((uint32)priority << priorityOffset);
 106              		.loc 1 256 0
 107 0010 A405     		lsl	r4, r4, #22
 255:Generated_Source\PSoC4/ADC_IRQ.c ****     *ADC_IRQ_INTC_PRIOR = (*ADC_IRQ_INTC_PRIOR & (uint32)(~ADC_IRQ__INTC_PRIOR_MASK)) |
 108              		.loc 1 255 0
 109 0012 1C43     		orr	r4, r3
 110 0014 1460     		str	r4, [r2]
 257:Generated_Source\PSoC4/ADC_IRQ.c **** 	CyExitCriticalSection(interruptState);
 111              		.loc 1 257 0
 112 0016 FFF7FEFF 		bl	CyExitCriticalSection
 113              	.LVL4:
 258:Generated_Source\PSoC4/ADC_IRQ.c **** }
 114              		.loc 1 258 0
 115              		@ sp needed
 116 001a 10BD     		pop	{r4, pc}
 117              	.L10:
 118              		.align	2
 119              	.L9:
 120 001c 0CE400E0 		.word	-536812532
 121 0020 FFFF3FFF 		.word	-12582913
 122              		.cfi_endproc
 123              	.LFE6:
 124              		.size	ADC_IRQ_SetPriority, .-ADC_IRQ_SetPriority
 125              		.section	.text.ADC_IRQ_GetPriority,"ax",%progbits
 126              		.align	2
 127              		.global	ADC_IRQ_GetPriority
 128              		.code	16
 129              		.thumb_func
 130              		.type	ADC_IRQ_GetPriority, %function
 131              	ADC_IRQ_GetPriority:
 132              	.LFB7:
 259:Generated_Source\PSoC4/ADC_IRQ.c **** 
 260:Generated_Source\PSoC4/ADC_IRQ.c **** 
 261:Generated_Source\PSoC4/ADC_IRQ.c **** /*******************************************************************************
 262:Generated_Source\PSoC4/ADC_IRQ.c **** * Function Name: ADC_IRQ_GetPriority
 263:Generated_Source\PSoC4/ADC_IRQ.c **** ********************************************************************************
 264:Generated_Source\PSoC4/ADC_IRQ.c **** *
 265:Generated_Source\PSoC4/ADC_IRQ.c **** * Summary:
 266:Generated_Source\PSoC4/ADC_IRQ.c **** *   Gets the Priority of the Interrupt.
ARM GAS  C:\Users\g\AppData\Local\Temp\ccH3b8Xq.s 			page 8


 267:Generated_Source\PSoC4/ADC_IRQ.c **** *
 268:Generated_Source\PSoC4/ADC_IRQ.c **** * Parameters:
 269:Generated_Source\PSoC4/ADC_IRQ.c **** *   None
 270:Generated_Source\PSoC4/ADC_IRQ.c **** *
 271:Generated_Source\PSoC4/ADC_IRQ.c **** * Return:
 272:Generated_Source\PSoC4/ADC_IRQ.c **** *   Priority of the interrupt, 0 being the highest priority
 273:Generated_Source\PSoC4/ADC_IRQ.c **** *    PSoC 3 and PSoC 5LP: Priority is from 0 to 7.
 274:Generated_Source\PSoC4/ADC_IRQ.c **** *    PSoC 4: Priority is from 0 to 3.
 275:Generated_Source\PSoC4/ADC_IRQ.c **** *
 276:Generated_Source\PSoC4/ADC_IRQ.c **** *******************************************************************************/
 277:Generated_Source\PSoC4/ADC_IRQ.c **** uint8 ADC_IRQ_GetPriority(void)
 278:Generated_Source\PSoC4/ADC_IRQ.c **** {
 133              		.loc 1 278 0
 134              		.cfi_startproc
 135              	.LVL5:
 279:Generated_Source\PSoC4/ADC_IRQ.c ****     uint32 priority;
 280:Generated_Source\PSoC4/ADC_IRQ.c **** 	uint32 priorityOffset = ((ADC_IRQ__INTC_NUMBER % 4u) * 8u) + 6u;
 281:Generated_Source\PSoC4/ADC_IRQ.c **** 
 282:Generated_Source\PSoC4/ADC_IRQ.c ****     priority = (*ADC_IRQ_INTC_PRIOR & ADC_IRQ__INTC_PRIOR_MASK) >> priorityOffset;
 136              		.loc 1 282 0
 137 0000 024B     		ldr	r3, .L12
 138 0002 1868     		ldr	r0, [r3]
 139 0004 0002     		lsl	r0, r0, #8
 140              	.LVL6:
 283:Generated_Source\PSoC4/ADC_IRQ.c **** 
 284:Generated_Source\PSoC4/ADC_IRQ.c ****     return (uint8)priority;
 141              		.loc 1 284 0
 142 0006 800F     		lsr	r0, r0, #30
 143              	.LVL7:
 285:Generated_Source\PSoC4/ADC_IRQ.c **** }
 144              		.loc 1 285 0
 145              		@ sp needed
 146 0008 7047     		bx	lr
 147              	.L13:
 148 000a C046     		.align	2
 149              	.L12:
 150 000c 0CE400E0 		.word	-536812532
 151              		.cfi_endproc
 152              	.LFE7:
 153              		.size	ADC_IRQ_GetPriority, .-ADC_IRQ_GetPriority
 154              		.section	.text.ADC_IRQ_Enable,"ax",%progbits
 155              		.align	2
 156              		.global	ADC_IRQ_Enable
 157              		.code	16
 158              		.thumb_func
 159              		.type	ADC_IRQ_Enable, %function
 160              	ADC_IRQ_Enable:
 161              	.LFB8:
 286:Generated_Source\PSoC4/ADC_IRQ.c **** 
 287:Generated_Source\PSoC4/ADC_IRQ.c **** 
 288:Generated_Source\PSoC4/ADC_IRQ.c **** /*******************************************************************************
 289:Generated_Source\PSoC4/ADC_IRQ.c **** * Function Name: ADC_IRQ_Enable
 290:Generated_Source\PSoC4/ADC_IRQ.c **** ********************************************************************************
 291:Generated_Source\PSoC4/ADC_IRQ.c **** *
 292:Generated_Source\PSoC4/ADC_IRQ.c **** * Summary:
 293:Generated_Source\PSoC4/ADC_IRQ.c **** *   Enables the interrupt to the interrupt controller. Do not call this function
 294:Generated_Source\PSoC4/ADC_IRQ.c **** *   unless ISR_Start() has been called or the functionality of the ISR_Start() 
ARM GAS  C:\Users\g\AppData\Local\Temp\ccH3b8Xq.s 			page 9


 295:Generated_Source\PSoC4/ADC_IRQ.c **** *   function, which sets the vector and the priority, has been called.
 296:Generated_Source\PSoC4/ADC_IRQ.c **** *
 297:Generated_Source\PSoC4/ADC_IRQ.c **** * Parameters:
 298:Generated_Source\PSoC4/ADC_IRQ.c **** *   None
 299:Generated_Source\PSoC4/ADC_IRQ.c **** *
 300:Generated_Source\PSoC4/ADC_IRQ.c **** * Return:
 301:Generated_Source\PSoC4/ADC_IRQ.c **** *   None
 302:Generated_Source\PSoC4/ADC_IRQ.c **** *
 303:Generated_Source\PSoC4/ADC_IRQ.c **** *******************************************************************************/
 304:Generated_Source\PSoC4/ADC_IRQ.c **** void ADC_IRQ_Enable(void)
 305:Generated_Source\PSoC4/ADC_IRQ.c **** {
 162              		.loc 1 305 0
 163              		.cfi_startproc
 306:Generated_Source\PSoC4/ADC_IRQ.c ****     /* Enable the general interrupt. */
 307:Generated_Source\PSoC4/ADC_IRQ.c ****     *ADC_IRQ_INTC_SET_EN = ADC_IRQ__INTC_MASK;
 164              		.loc 1 307 0
 165 0000 8022     		mov	r2, #128
 166 0002 D201     		lsl	r2, r2, #7
 167 0004 014B     		ldr	r3, .L15
 168 0006 1A60     		str	r2, [r3]
 308:Generated_Source\PSoC4/ADC_IRQ.c **** }
 169              		.loc 1 308 0
 170              		@ sp needed
 171 0008 7047     		bx	lr
 172              	.L16:
 173 000a C046     		.align	2
 174              	.L15:
 175 000c 00E100E0 		.word	-536813312
 176              		.cfi_endproc
 177              	.LFE8:
 178              		.size	ADC_IRQ_Enable, .-ADC_IRQ_Enable
 179              		.section	.text.ADC_IRQ_GetState,"ax",%progbits
 180              		.align	2
 181              		.global	ADC_IRQ_GetState
 182              		.code	16
 183              		.thumb_func
 184              		.type	ADC_IRQ_GetState, %function
 185              	ADC_IRQ_GetState:
 186              	.LFB9:
 309:Generated_Source\PSoC4/ADC_IRQ.c **** 
 310:Generated_Source\PSoC4/ADC_IRQ.c **** 
 311:Generated_Source\PSoC4/ADC_IRQ.c **** /*******************************************************************************
 312:Generated_Source\PSoC4/ADC_IRQ.c **** * Function Name: ADC_IRQ_GetState
 313:Generated_Source\PSoC4/ADC_IRQ.c **** ********************************************************************************
 314:Generated_Source\PSoC4/ADC_IRQ.c **** *
 315:Generated_Source\PSoC4/ADC_IRQ.c **** * Summary:
 316:Generated_Source\PSoC4/ADC_IRQ.c **** *   Gets the state (enabled, disabled) of the Interrupt.
 317:Generated_Source\PSoC4/ADC_IRQ.c **** *
 318:Generated_Source\PSoC4/ADC_IRQ.c **** * Parameters:
 319:Generated_Source\PSoC4/ADC_IRQ.c **** *   None
 320:Generated_Source\PSoC4/ADC_IRQ.c **** *
 321:Generated_Source\PSoC4/ADC_IRQ.c **** * Return:
 322:Generated_Source\PSoC4/ADC_IRQ.c **** *   1 if enabled, 0 if disabled.
 323:Generated_Source\PSoC4/ADC_IRQ.c **** *
 324:Generated_Source\PSoC4/ADC_IRQ.c **** *******************************************************************************/
 325:Generated_Source\PSoC4/ADC_IRQ.c **** uint8 ADC_IRQ_GetState(void)
 326:Generated_Source\PSoC4/ADC_IRQ.c **** {
ARM GAS  C:\Users\g\AppData\Local\Temp\ccH3b8Xq.s 			page 10


 187              		.loc 1 326 0
 188              		.cfi_startproc
 327:Generated_Source\PSoC4/ADC_IRQ.c ****     /* Get the state of the general interrupt. */
 328:Generated_Source\PSoC4/ADC_IRQ.c ****     return ((*ADC_IRQ_INTC_SET_EN & (uint32)ADC_IRQ__INTC_MASK) != 0u) ? 1u:0u;
 189              		.loc 1 328 0
 190 0000 034B     		ldr	r3, .L20
 191 0002 1B68     		ldr	r3, [r3]
 192 0004 5B04     		lsl	r3, r3, #17
 193 0006 01D5     		bpl	.L19
 194 0008 0120     		mov	r0, #1
 195 000a 00E0     		b	.L18
 196              	.L19:
 197 000c 0020     		mov	r0, #0
 198              	.L18:
 329:Generated_Source\PSoC4/ADC_IRQ.c **** }
 199              		.loc 1 329 0 discriminator 4
 200              		@ sp needed
 201 000e 7047     		bx	lr
 202              	.L21:
 203              		.align	2
 204              	.L20:
 205 0010 00E100E0 		.word	-536813312
 206              		.cfi_endproc
 207              	.LFE9:
 208              		.size	ADC_IRQ_GetState, .-ADC_IRQ_GetState
 209              		.section	.text.ADC_IRQ_Disable,"ax",%progbits
 210              		.align	2
 211              		.global	ADC_IRQ_Disable
 212              		.code	16
 213              		.thumb_func
 214              		.type	ADC_IRQ_Disable, %function
 215              	ADC_IRQ_Disable:
 216              	.LFB10:
 330:Generated_Source\PSoC4/ADC_IRQ.c **** 
 331:Generated_Source\PSoC4/ADC_IRQ.c **** 
 332:Generated_Source\PSoC4/ADC_IRQ.c **** /*******************************************************************************
 333:Generated_Source\PSoC4/ADC_IRQ.c **** * Function Name: ADC_IRQ_Disable
 334:Generated_Source\PSoC4/ADC_IRQ.c **** ********************************************************************************
 335:Generated_Source\PSoC4/ADC_IRQ.c **** *
 336:Generated_Source\PSoC4/ADC_IRQ.c **** * Summary:
 337:Generated_Source\PSoC4/ADC_IRQ.c **** *   Disables the Interrupt in the interrupt controller.
 338:Generated_Source\PSoC4/ADC_IRQ.c **** *
 339:Generated_Source\PSoC4/ADC_IRQ.c **** * Parameters:
 340:Generated_Source\PSoC4/ADC_IRQ.c **** *   None
 341:Generated_Source\PSoC4/ADC_IRQ.c **** *
 342:Generated_Source\PSoC4/ADC_IRQ.c **** * Return:
 343:Generated_Source\PSoC4/ADC_IRQ.c **** *   None
 344:Generated_Source\PSoC4/ADC_IRQ.c **** *
 345:Generated_Source\PSoC4/ADC_IRQ.c **** *******************************************************************************/
 346:Generated_Source\PSoC4/ADC_IRQ.c **** void ADC_IRQ_Disable(void)
 347:Generated_Source\PSoC4/ADC_IRQ.c **** {
 217              		.loc 1 347 0
 218              		.cfi_startproc
 348:Generated_Source\PSoC4/ADC_IRQ.c ****     /* Disable the general interrupt. */
 349:Generated_Source\PSoC4/ADC_IRQ.c ****     *ADC_IRQ_INTC_CLR_EN = ADC_IRQ__INTC_MASK;
 219              		.loc 1 349 0
 220 0000 8022     		mov	r2, #128
ARM GAS  C:\Users\g\AppData\Local\Temp\ccH3b8Xq.s 			page 11


 221 0002 D201     		lsl	r2, r2, #7
 222 0004 014B     		ldr	r3, .L23
 223 0006 1A60     		str	r2, [r3]
 350:Generated_Source\PSoC4/ADC_IRQ.c **** }
 224              		.loc 1 350 0
 225              		@ sp needed
 226 0008 7047     		bx	lr
 227              	.L24:
 228 000a C046     		.align	2
 229              	.L23:
 230 000c 80E100E0 		.word	-536813184
 231              		.cfi_endproc
 232              	.LFE10:
 233              		.size	ADC_IRQ_Disable, .-ADC_IRQ_Disable
 234              		.section	.text.ADC_IRQ_Start,"ax",%progbits
 235              		.align	2
 236              		.global	ADC_IRQ_Start
 237              		.code	16
 238              		.thumb_func
 239              		.type	ADC_IRQ_Start, %function
 240              	ADC_IRQ_Start:
 241              	.LFB0:
  57:Generated_Source\PSoC4/ADC_IRQ.c ****     /* For all we know the interrupt is active. */
 242              		.loc 1 57 0
 243              		.cfi_startproc
 244 0000 08B5     		push	{r3, lr}
 245              		.cfi_def_cfa_offset 8
 246              		.cfi_offset 3, -8
 247              		.cfi_offset 14, -4
  59:Generated_Source\PSoC4/ADC_IRQ.c **** 
 248              		.loc 1 59 0
 249 0002 FFF7FEFF 		bl	ADC_IRQ_Disable
 250              	.LVL8:
  62:Generated_Source\PSoC4/ADC_IRQ.c **** 
 251              		.loc 1 62 0
 252 0006 0448     		ldr	r0, .L26
 253 0008 FFF7FEFF 		bl	ADC_IRQ_SetVector
 254              	.LVL9:
  65:Generated_Source\PSoC4/ADC_IRQ.c **** 
 255              		.loc 1 65 0
 256 000c 0320     		mov	r0, #3
 257 000e FFF7FEFF 		bl	ADC_IRQ_SetPriority
 258              	.LVL10:
  68:Generated_Source\PSoC4/ADC_IRQ.c **** }
 259              		.loc 1 68 0
 260 0012 FFF7FEFF 		bl	ADC_IRQ_Enable
 261              	.LVL11:
  69:Generated_Source\PSoC4/ADC_IRQ.c **** 
 262              		.loc 1 69 0
 263              		@ sp needed
 264 0016 08BD     		pop	{r3, pc}
 265              	.L27:
 266              		.align	2
 267              	.L26:
 268 0018 00000000 		.word	ADC_IRQ_Interrupt
 269              		.cfi_endproc
 270              	.LFE0:
ARM GAS  C:\Users\g\AppData\Local\Temp\ccH3b8Xq.s 			page 12


 271              		.size	ADC_IRQ_Start, .-ADC_IRQ_Start
 272              		.section	.text.ADC_IRQ_StartEx,"ax",%progbits
 273              		.align	2
 274              		.global	ADC_IRQ_StartEx
 275              		.code	16
 276              		.thumb_func
 277              		.type	ADC_IRQ_StartEx, %function
 278              	ADC_IRQ_StartEx:
 279              	.LFB1:
 100:Generated_Source\PSoC4/ADC_IRQ.c ****     /* For all we know the interrupt is active. */
 280              		.loc 1 100 0
 281              		.cfi_startproc
 282              	.LVL12:
 283 0000 10B5     		push	{r4, lr}
 284              		.cfi_def_cfa_offset 8
 285              		.cfi_offset 4, -8
 286              		.cfi_offset 14, -4
 287 0002 041C     		mov	r4, r0
 102:Generated_Source\PSoC4/ADC_IRQ.c **** 
 288              		.loc 1 102 0
 289 0004 FFF7FEFF 		bl	ADC_IRQ_Disable
 290              	.LVL13:
 105:Generated_Source\PSoC4/ADC_IRQ.c **** 
 291              		.loc 1 105 0
 292 0008 201C     		mov	r0, r4
 293 000a FFF7FEFF 		bl	ADC_IRQ_SetVector
 294              	.LVL14:
 108:Generated_Source\PSoC4/ADC_IRQ.c **** 
 295              		.loc 1 108 0
 296 000e 0320     		mov	r0, #3
 297 0010 FFF7FEFF 		bl	ADC_IRQ_SetPriority
 298              	.LVL15:
 111:Generated_Source\PSoC4/ADC_IRQ.c **** }
 299              		.loc 1 111 0
 300 0014 FFF7FEFF 		bl	ADC_IRQ_Enable
 301              	.LVL16:
 112:Generated_Source\PSoC4/ADC_IRQ.c **** 
 302              		.loc 1 112 0
 303              		@ sp needed
 304              	.LVL17:
 305 0018 10BD     		pop	{r4, pc}
 306              		.cfi_endproc
 307              	.LFE1:
 308              		.size	ADC_IRQ_StartEx, .-ADC_IRQ_StartEx
 309 001a C046     		.section	.text.ADC_IRQ_Stop,"ax",%progbits
 310              		.align	2
 311              		.global	ADC_IRQ_Stop
 312              		.code	16
 313              		.thumb_func
 314              		.type	ADC_IRQ_Stop, %function
 315              	ADC_IRQ_Stop:
 316              	.LFB2:
 130:Generated_Source\PSoC4/ADC_IRQ.c ****     /* Disable this interrupt. */
 317              		.loc 1 130 0
 318              		.cfi_startproc
 319 0000 08B5     		push	{r3, lr}
 320              		.cfi_def_cfa_offset 8
ARM GAS  C:\Users\g\AppData\Local\Temp\ccH3b8Xq.s 			page 13


 321              		.cfi_offset 3, -8
 322              		.cfi_offset 14, -4
 132:Generated_Source\PSoC4/ADC_IRQ.c **** 
 323              		.loc 1 132 0
 324 0002 FFF7FEFF 		bl	ADC_IRQ_Disable
 325              	.LVL18:
 135:Generated_Source\PSoC4/ADC_IRQ.c **** }
 326              		.loc 1 135 0
 327 0006 0248     		ldr	r0, .L30
 328 0008 FFF7FEFF 		bl	ADC_IRQ_SetVector
 329              	.LVL19:
 136:Generated_Source\PSoC4/ADC_IRQ.c **** 
 330              		.loc 1 136 0
 331              		@ sp needed
 332 000c 08BD     		pop	{r3, pc}
 333              	.L31:
 334 000e C046     		.align	2
 335              	.L30:
 336 0010 00000000 		.word	IntDefaultHandler
 337              		.cfi_endproc
 338              	.LFE2:
 339              		.size	ADC_IRQ_Stop, .-ADC_IRQ_Stop
 340              		.section	.text.ADC_IRQ_SetPending,"ax",%progbits
 341              		.align	2
 342              		.global	ADC_IRQ_SetPending
 343              		.code	16
 344              		.thumb_func
 345              		.type	ADC_IRQ_SetPending, %function
 346              	ADC_IRQ_SetPending:
 347              	.LFB11:
 351:Generated_Source\PSoC4/ADC_IRQ.c **** 
 352:Generated_Source\PSoC4/ADC_IRQ.c **** 
 353:Generated_Source\PSoC4/ADC_IRQ.c **** /*******************************************************************************
 354:Generated_Source\PSoC4/ADC_IRQ.c **** * Function Name: ADC_IRQ_SetPending
 355:Generated_Source\PSoC4/ADC_IRQ.c **** ********************************************************************************
 356:Generated_Source\PSoC4/ADC_IRQ.c **** *
 357:Generated_Source\PSoC4/ADC_IRQ.c **** * Summary:
 358:Generated_Source\PSoC4/ADC_IRQ.c **** *   Causes the Interrupt to enter the pending state, a software method of
 359:Generated_Source\PSoC4/ADC_IRQ.c **** *   generating the interrupt.
 360:Generated_Source\PSoC4/ADC_IRQ.c **** *
 361:Generated_Source\PSoC4/ADC_IRQ.c **** * Parameters:
 362:Generated_Source\PSoC4/ADC_IRQ.c **** *   None
 363:Generated_Source\PSoC4/ADC_IRQ.c **** *
 364:Generated_Source\PSoC4/ADC_IRQ.c **** * Return:
 365:Generated_Source\PSoC4/ADC_IRQ.c **** *   None
 366:Generated_Source\PSoC4/ADC_IRQ.c **** *
 367:Generated_Source\PSoC4/ADC_IRQ.c **** * Side Effects:
 368:Generated_Source\PSoC4/ADC_IRQ.c **** *   If interrupts are enabled and the interrupt is set up properly, the ISR is
 369:Generated_Source\PSoC4/ADC_IRQ.c **** *   entered (depending on the priority of this interrupt and other pending 
 370:Generated_Source\PSoC4/ADC_IRQ.c **** *   interrupts).
 371:Generated_Source\PSoC4/ADC_IRQ.c **** *
 372:Generated_Source\PSoC4/ADC_IRQ.c **** *******************************************************************************/
 373:Generated_Source\PSoC4/ADC_IRQ.c **** void ADC_IRQ_SetPending(void)
 374:Generated_Source\PSoC4/ADC_IRQ.c **** {
 348              		.loc 1 374 0
 349              		.cfi_startproc
 375:Generated_Source\PSoC4/ADC_IRQ.c ****     *ADC_IRQ_INTC_SET_PD = ADC_IRQ__INTC_MASK;
ARM GAS  C:\Users\g\AppData\Local\Temp\ccH3b8Xq.s 			page 14


 350              		.loc 1 375 0
 351 0000 8022     		mov	r2, #128
 352 0002 D201     		lsl	r2, r2, #7
 353 0004 014B     		ldr	r3, .L33
 354 0006 1A60     		str	r2, [r3]
 376:Generated_Source\PSoC4/ADC_IRQ.c **** }
 355              		.loc 1 376 0
 356              		@ sp needed
 357 0008 7047     		bx	lr
 358              	.L34:
 359 000a C046     		.align	2
 360              	.L33:
 361 000c 00E200E0 		.word	-536813056
 362              		.cfi_endproc
 363              	.LFE11:
 364              		.size	ADC_IRQ_SetPending, .-ADC_IRQ_SetPending
 365              		.section	.text.ADC_IRQ_ClearPending,"ax",%progbits
 366              		.align	2
 367              		.global	ADC_IRQ_ClearPending
 368              		.code	16
 369              		.thumb_func
 370              		.type	ADC_IRQ_ClearPending, %function
 371              	ADC_IRQ_ClearPending:
 372              	.LFB12:
 377:Generated_Source\PSoC4/ADC_IRQ.c **** 
 378:Generated_Source\PSoC4/ADC_IRQ.c **** 
 379:Generated_Source\PSoC4/ADC_IRQ.c **** /*******************************************************************************
 380:Generated_Source\PSoC4/ADC_IRQ.c **** * Function Name: ADC_IRQ_ClearPending
 381:Generated_Source\PSoC4/ADC_IRQ.c **** ********************************************************************************
 382:Generated_Source\PSoC4/ADC_IRQ.c **** *
 383:Generated_Source\PSoC4/ADC_IRQ.c **** * Summary:
 384:Generated_Source\PSoC4/ADC_IRQ.c **** *   Clears a pending interrupt in the interrupt controller.
 385:Generated_Source\PSoC4/ADC_IRQ.c **** *
 386:Generated_Source\PSoC4/ADC_IRQ.c **** *   Note Some interrupt sources are clear-on-read and require the block 
 387:Generated_Source\PSoC4/ADC_IRQ.c **** *   interrupt/status register to be read/cleared with the appropriate block API 
 388:Generated_Source\PSoC4/ADC_IRQ.c **** *   (GPIO, UART, and so on). Otherwise the ISR will continue to remain in 
 389:Generated_Source\PSoC4/ADC_IRQ.c **** *   pending state even though the interrupt itself is cleared using this API.
 390:Generated_Source\PSoC4/ADC_IRQ.c **** *
 391:Generated_Source\PSoC4/ADC_IRQ.c **** * Parameters:
 392:Generated_Source\PSoC4/ADC_IRQ.c **** *   None
 393:Generated_Source\PSoC4/ADC_IRQ.c **** *
 394:Generated_Source\PSoC4/ADC_IRQ.c **** * Return:
 395:Generated_Source\PSoC4/ADC_IRQ.c **** *   None
 396:Generated_Source\PSoC4/ADC_IRQ.c **** *
 397:Generated_Source\PSoC4/ADC_IRQ.c **** *******************************************************************************/
 398:Generated_Source\PSoC4/ADC_IRQ.c **** void ADC_IRQ_ClearPending(void)
 399:Generated_Source\PSoC4/ADC_IRQ.c **** {
 373              		.loc 1 399 0
 374              		.cfi_startproc
 400:Generated_Source\PSoC4/ADC_IRQ.c ****     *ADC_IRQ_INTC_CLR_PD = ADC_IRQ__INTC_MASK;
 375              		.loc 1 400 0
 376 0000 8022     		mov	r2, #128
 377 0002 D201     		lsl	r2, r2, #7
 378 0004 014B     		ldr	r3, .L36
 379 0006 1A60     		str	r2, [r3]
 401:Generated_Source\PSoC4/ADC_IRQ.c **** }
 380              		.loc 1 401 0
ARM GAS  C:\Users\g\AppData\Local\Temp\ccH3b8Xq.s 			page 15


 381              		@ sp needed
 382 0008 7047     		bx	lr
 383              	.L37:
 384 000a C046     		.align	2
 385              	.L36:
 386 000c 80E200E0 		.word	-536812928
 387              		.cfi_endproc
 388              	.LFE12:
 389              		.size	ADC_IRQ_ClearPending, .-ADC_IRQ_ClearPending
 390              		.text
 391              	.Letext0:
 392              		.file 2 "Generated_Source\\PSoC4/cytypes.h"
 393              		.file 3 "Generated_Source\\PSoC4/CyLib.h"
 394              		.section	.debug_info,"",%progbits
 395              	.Ldebug_info0:
 396 0000 FC020000 		.4byte	0x2fc
 397 0004 0400     		.2byte	0x4
 398 0006 00000000 		.4byte	.Ldebug_abbrev0
 399 000a 04       		.byte	0x4
 400 000b 01       		.uleb128 0x1
 401 000c B7000000 		.4byte	.LASF33
 402 0010 01       		.byte	0x1
 403 0011 CB010000 		.4byte	.LASF34
 404 0015 00000000 		.4byte	.LASF35
 405 0019 00000000 		.4byte	.Ldebug_ranges0+0
 406 001d 00000000 		.4byte	0
 407 0021 00000000 		.4byte	.Ldebug_line0
 408 0025 02       		.uleb128 0x2
 409 0026 01       		.byte	0x1
 410 0027 06       		.byte	0x6
 411 0028 BA020000 		.4byte	.LASF0
 412 002c 02       		.uleb128 0x2
 413 002d 01       		.byte	0x1
 414 002e 08       		.byte	0x8
 415 002f 50010000 		.4byte	.LASF1
 416 0033 02       		.uleb128 0x2
 417 0034 02       		.byte	0x2
 418 0035 05       		.byte	0x5
 419 0036 82020000 		.4byte	.LASF2
 420 003a 02       		.uleb128 0x2
 421 003b 02       		.byte	0x2
 422 003c 07       		.byte	0x7
 423 003d 52000000 		.4byte	.LASF3
 424 0041 02       		.uleb128 0x2
 425 0042 04       		.byte	0x4
 426 0043 05       		.byte	0x5
 427 0044 AB020000 		.4byte	.LASF4
 428 0048 02       		.uleb128 0x2
 429 0049 04       		.byte	0x4
 430 004a 07       		.byte	0x7
 431 004b 6D010000 		.4byte	.LASF5
 432 004f 02       		.uleb128 0x2
 433 0050 08       		.byte	0x8
 434 0051 05       		.byte	0x5
 435 0052 6F020000 		.4byte	.LASF6
 436 0056 02       		.uleb128 0x2
 437 0057 08       		.byte	0x8
ARM GAS  C:\Users\g\AppData\Local\Temp\ccH3b8Xq.s 			page 16


 438 0058 07       		.byte	0x7
 439 0059 A0000000 		.4byte	.LASF7
 440 005d 03       		.uleb128 0x3
 441 005e 04       		.byte	0x4
 442 005f 05       		.byte	0x5
 443 0060 696E7400 		.ascii	"int\000"
 444 0064 02       		.uleb128 0x2
 445 0065 04       		.byte	0x4
 446 0066 07       		.byte	0x7
 447 0067 1E020000 		.4byte	.LASF8
 448 006b 04       		.uleb128 0x4
 449 006c 7F010000 		.4byte	.LASF9
 450 0070 02       		.byte	0x2
 451 0071 9801     		.2byte	0x198
 452 0073 2C000000 		.4byte	0x2c
 453 0077 04       		.uleb128 0x4
 454 0078 00020000 		.4byte	.LASF10
 455 007c 02       		.byte	0x2
 456 007d 9A01     		.2byte	0x19a
 457 007f 48000000 		.4byte	0x48
 458 0083 02       		.uleb128 0x2
 459 0084 04       		.byte	0x4
 460 0085 04       		.byte	0x4
 461 0086 9A000000 		.4byte	.LASF11
 462 008a 02       		.uleb128 0x2
 463 008b 08       		.byte	0x8
 464 008c 04       		.byte	0x4
 465 008d B6010000 		.4byte	.LASF12
 466 0091 02       		.uleb128 0x2
 467 0092 01       		.byte	0x1
 468 0093 08       		.byte	0x8
 469 0094 7D020000 		.4byte	.LASF13
 470 0098 04       		.uleb128 0x4
 471 0099 B4020000 		.4byte	.LASF14
 472 009d 02       		.byte	0x2
 473 009e 4402     		.2byte	0x244
 474 00a0 A4000000 		.4byte	0xa4
 475 00a4 05       		.uleb128 0x5
 476 00a5 77000000 		.4byte	0x77
 477 00a9 04       		.uleb128 0x4
 478 00aa 49020000 		.4byte	.LASF15
 479 00ae 02       		.byte	0x2
 480 00af 5402     		.2byte	0x254
 481 00b1 B5000000 		.4byte	0xb5
 482 00b5 06       		.uleb128 0x6
 483 00b6 04       		.byte	0x4
 484 00b7 BB000000 		.4byte	0xbb
 485 00bb 07       		.uleb128 0x7
 486 00bc 02       		.uleb128 0x2
 487 00bd 04       		.byte	0x4
 488 00be 07       		.byte	0x7
 489 00bf 66020000 		.4byte	.LASF16
 490 00c3 08       		.uleb128 0x8
 491 00c4 88000000 		.4byte	.LASF23
 492 00c8 01       		.byte	0x1
 493 00c9 9F       		.byte	0x9f
 494 00ca 00000000 		.4byte	.LFB3
ARM GAS  C:\Users\g\AppData\Local\Temp\ccH3b8Xq.s 			page 17


 495 00ce 02000000 		.4byte	.LFE3-.LFB3
 496 00d2 01       		.uleb128 0x1
 497 00d3 9C       		.byte	0x9c
 498 00d4 09       		.uleb128 0x9
 499 00d5 40000000 		.4byte	.LASF17
 500 00d9 01       		.byte	0x1
 501 00da C7       		.byte	0xc7
 502 00db 00000000 		.4byte	.LFB4
 503 00df 0C000000 		.4byte	.LFE4-.LFB4
 504 00e3 01       		.uleb128 0x1
 505 00e4 9C       		.byte	0x9c
 506 00e5 F7000000 		.4byte	0xf7
 507 00e9 0A       		.uleb128 0xa
 508 00ea 2B020000 		.4byte	.LASF19
 509 00ee 01       		.byte	0x1
 510 00ef C7       		.byte	0xc7
 511 00f0 A9000000 		.4byte	0xa9
 512 00f4 01       		.uleb128 0x1
 513 00f5 50       		.byte	0x50
 514 00f6 00       		.byte	0
 515 00f7 0B       		.uleb128 0xb
 516 00f8 76000000 		.4byte	.LASF25
 517 00fc 01       		.byte	0x1
 518 00fd DB       		.byte	0xdb
 519 00fe A9000000 		.4byte	0xa9
 520 0102 00000000 		.4byte	.LFB5
 521 0106 0C000000 		.4byte	.LFE5-.LFB5
 522 010a 01       		.uleb128 0x1
 523 010b 9C       		.byte	0x9c
 524 010c 09       		.uleb128 0x9
 525 010d C6020000 		.4byte	.LASF18
 526 0111 01       		.byte	0x1
 527 0112 F9       		.byte	0xf9
 528 0113 00000000 		.4byte	.LFB6
 529 0117 24000000 		.4byte	.LFE6-.LFB6
 530 011b 01       		.uleb128 0x1
 531 011c 9C       		.byte	0x9c
 532 011d 5E010000 		.4byte	0x15e
 533 0121 0C       		.uleb128 0xc
 534 0122 85010000 		.4byte	.LASF20
 535 0126 01       		.byte	0x1
 536 0127 F9       		.byte	0xf9
 537 0128 6B000000 		.4byte	0x6b
 538 012c 00000000 		.4byte	.LLST0
 539 0130 0D       		.uleb128 0xd
 540 0131 5E010000 		.4byte	.LASF21
 541 0135 01       		.byte	0x1
 542 0136 FB       		.byte	0xfb
 543 0137 6B000000 		.4byte	0x6b
 544 013b 21000000 		.4byte	.LLST1
 545 013f 0E       		.uleb128 0xe
 546 0140 9C020000 		.4byte	.LASF22
 547 0144 01       		.byte	0x1
 548 0145 FC       		.byte	0xfc
 549 0146 77000000 		.4byte	0x77
 550 014a 16       		.byte	0x16
 551 014b 0F       		.uleb128 0xf
ARM GAS  C:\Users\g\AppData\Local\Temp\ccH3b8Xq.s 			page 18


 552 014c 08000000 		.4byte	.LVL3
 553 0150 E7020000 		.4byte	0x2e7
 554 0154 0F       		.uleb128 0xf
 555 0155 1A000000 		.4byte	.LVL4
 556 0159 F2020000 		.4byte	0x2f2
 557 015d 00       		.byte	0
 558 015e 10       		.uleb128 0x10
 559 015f EC010000 		.4byte	.LASF36
 560 0163 01       		.byte	0x1
 561 0164 1501     		.2byte	0x115
 562 0166 6B000000 		.4byte	0x6b
 563 016a 00000000 		.4byte	.LFB7
 564 016e 10000000 		.4byte	.LFE7-.LFB7
 565 0172 01       		.uleb128 0x1
 566 0173 9C       		.byte	0x9c
 567 0174 96010000 		.4byte	0x196
 568 0178 11       		.uleb128 0x11
 569 0179 85010000 		.4byte	.LASF20
 570 017d 01       		.byte	0x1
 571 017e 1701     		.2byte	0x117
 572 0180 77000000 		.4byte	0x77
 573 0184 34000000 		.4byte	.LLST2
 574 0188 12       		.uleb128 0x12
 575 0189 9C020000 		.4byte	.LASF22
 576 018d 01       		.byte	0x1
 577 018e 1801     		.2byte	0x118
 578 0190 77000000 		.4byte	0x77
 579 0194 16       		.byte	0x16
 580 0195 00       		.byte	0
 581 0196 13       		.uleb128 0x13
 582 0197 DA020000 		.4byte	.LASF24
 583 019b 01       		.byte	0x1
 584 019c 3001     		.2byte	0x130
 585 019e 00000000 		.4byte	.LFB8
 586 01a2 10000000 		.4byte	.LFE8-.LFB8
 587 01a6 01       		.uleb128 0x1
 588 01a7 9C       		.byte	0x9c
 589 01a8 14       		.uleb128 0x14
 590 01a9 65000000 		.4byte	.LASF26
 591 01ad 01       		.byte	0x1
 592 01ae 4501     		.2byte	0x145
 593 01b0 6B000000 		.4byte	0x6b
 594 01b4 00000000 		.4byte	.LFB9
 595 01b8 14000000 		.4byte	.LFE9-.LFB9
 596 01bc 01       		.uleb128 0x1
 597 01bd 9C       		.byte	0x9c
 598 01be 13       		.uleb128 0x13
 599 01bf 8C020000 		.4byte	.LASF27
 600 01c3 01       		.byte	0x1
 601 01c4 5A01     		.2byte	0x15a
 602 01c6 00000000 		.4byte	.LFB10
 603 01ca 10000000 		.4byte	.LFE10-.LFB10
 604 01ce 01       		.uleb128 0x1
 605 01cf 9C       		.byte	0x9c
 606 01d0 09       		.uleb128 0x9
 607 01d1 BD010000 		.4byte	.LASF28
 608 01d5 01       		.byte	0x1
ARM GAS  C:\Users\g\AppData\Local\Temp\ccH3b8Xq.s 			page 19


 609 01d6 38       		.byte	0x38
 610 01d7 00000000 		.4byte	.LFB0
 611 01db 1C000000 		.4byte	.LFE0-.LFB0
 612 01df 01       		.uleb128 0x1
 613 01e0 9C       		.byte	0x9c
 614 01e1 22020000 		.4byte	0x222
 615 01e5 0F       		.uleb128 0xf
 616 01e6 06000000 		.4byte	.LVL8
 617 01ea BE010000 		.4byte	0x1be
 618 01ee 15       		.uleb128 0x15
 619 01ef 0C000000 		.4byte	.LVL9
 620 01f3 D4000000 		.4byte	0xd4
 621 01f7 05020000 		.4byte	0x205
 622 01fb 16       		.uleb128 0x16
 623 01fc 01       		.uleb128 0x1
 624 01fd 50       		.byte	0x50
 625 01fe 05       		.uleb128 0x5
 626 01ff 03       		.byte	0x3
 627 0200 00000000 		.4byte	ADC_IRQ_Interrupt
 628 0204 00       		.byte	0
 629 0205 15       		.uleb128 0x15
 630 0206 12000000 		.4byte	.LVL10
 631 020a 0C010000 		.4byte	0x10c
 632 020e 18020000 		.4byte	0x218
 633 0212 16       		.uleb128 0x16
 634 0213 01       		.uleb128 0x1
 635 0214 50       		.byte	0x50
 636 0215 01       		.uleb128 0x1
 637 0216 33       		.byte	0x33
 638 0217 00       		.byte	0
 639 0218 0F       		.uleb128 0xf
 640 0219 16000000 		.4byte	.LVL11
 641 021d 96010000 		.4byte	0x196
 642 0221 00       		.byte	0
 643 0222 09       		.uleb128 0x9
 644 0223 56020000 		.4byte	.LASF29
 645 0227 01       		.byte	0x1
 646 0228 63       		.byte	0x63
 647 0229 00000000 		.4byte	.LFB1
 648 022d 1A000000 		.4byte	.LFE1-.LFB1
 649 0231 01       		.uleb128 0x1
 650 0232 9C       		.byte	0x9c
 651 0233 80020000 		.4byte	0x280
 652 0237 0C       		.uleb128 0xc
 653 0238 2B020000 		.4byte	.LASF19
 654 023c 01       		.byte	0x1
 655 023d 63       		.byte	0x63
 656 023e A9000000 		.4byte	0xa9
 657 0242 56000000 		.4byte	.LLST3
 658 0246 0F       		.uleb128 0xf
 659 0247 08000000 		.4byte	.LVL13
 660 024b BE010000 		.4byte	0x1be
 661 024f 15       		.uleb128 0x15
 662 0250 0E000000 		.4byte	.LVL14
 663 0254 D4000000 		.4byte	0xd4
 664 0258 63020000 		.4byte	0x263
 665 025c 16       		.uleb128 0x16
ARM GAS  C:\Users\g\AppData\Local\Temp\ccH3b8Xq.s 			page 20


 666 025d 01       		.uleb128 0x1
 667 025e 50       		.byte	0x50
 668 025f 02       		.uleb128 0x2
 669 0260 74       		.byte	0x74
 670 0261 00       		.sleb128 0
 671 0262 00       		.byte	0
 672 0263 15       		.uleb128 0x15
 673 0264 14000000 		.4byte	.LVL15
 674 0268 0C010000 		.4byte	0x10c
 675 026c 76020000 		.4byte	0x276
 676 0270 16       		.uleb128 0x16
 677 0271 01       		.uleb128 0x1
 678 0272 50       		.byte	0x50
 679 0273 01       		.uleb128 0x1
 680 0274 33       		.byte	0x33
 681 0275 00       		.byte	0
 682 0276 0F       		.uleb128 0xf
 683 0277 18000000 		.4byte	.LVL16
 684 027b 96010000 		.4byte	0x196
 685 027f 00       		.byte	0
 686 0280 09       		.uleb128 0x9
 687 0281 33000000 		.4byte	.LASF30
 688 0285 01       		.byte	0x1
 689 0286 81       		.byte	0x81
 690 0287 00000000 		.4byte	.LFB2
 691 028b 14000000 		.4byte	.LFE2-.LFB2
 692 028f 01       		.uleb128 0x1
 693 0290 9C       		.byte	0x9c
 694 0291 A8020000 		.4byte	0x2a8
 695 0295 0F       		.uleb128 0xf
 696 0296 06000000 		.4byte	.LVL18
 697 029a BE010000 		.4byte	0x1be
 698 029e 0F       		.uleb128 0xf
 699 029f 0C000000 		.4byte	.LVL19
 700 02a3 D4000000 		.4byte	0xd4
 701 02a7 00       		.byte	0
 702 02a8 13       		.uleb128 0x13
 703 02a9 8E010000 		.4byte	.LASF31
 704 02ad 01       		.byte	0x1
 705 02ae 7501     		.2byte	0x175
 706 02b0 00000000 		.4byte	.LFB11
 707 02b4 10000000 		.4byte	.LFE11-.LFB11
 708 02b8 01       		.uleb128 0x1
 709 02b9 9C       		.byte	0x9c
 710 02ba 13       		.uleb128 0x13
 711 02bb A1010000 		.4byte	.LASF32
 712 02bf 01       		.byte	0x1
 713 02c0 8E01     		.2byte	0x18e
 714 02c2 00000000 		.4byte	.LFB12
 715 02c6 10000000 		.4byte	.LFE12-.LFB12
 716 02ca 01       		.uleb128 0x1
 717 02cb 9C       		.byte	0x9c
 718 02cc 17       		.uleb128 0x17
 719 02cd A9000000 		.4byte	0xa9
 720 02d1 DC020000 		.4byte	0x2dc
 721 02d5 18       		.uleb128 0x18
 722 02d6 BC000000 		.4byte	0xbc
ARM GAS  C:\Users\g\AppData\Local\Temp\ccH3b8Xq.s 			page 21


 723 02da 2F       		.byte	0x2f
 724 02db 00       		.byte	0
 725 02dc 19       		.uleb128 0x19
 726 02dd 26000000 		.4byte	.LASF37
 727 02e1 01       		.byte	0x1
 728 02e2 21       		.byte	0x21
 729 02e3 CC020000 		.4byte	0x2cc
 730 02e7 1A       		.uleb128 0x1a
 731 02e8 07020000 		.4byte	.LASF38
 732 02ec 03       		.byte	0x3
 733 02ed E3       		.byte	0xe3
 734 02ee 6B000000 		.4byte	0x6b
 735 02f2 1B       		.uleb128 0x1b
 736 02f3 33020000 		.4byte	.LASF39
 737 02f7 03       		.byte	0x3
 738 02f8 E4       		.byte	0xe4
 739 02f9 1C       		.uleb128 0x1c
 740 02fa 6B000000 		.4byte	0x6b
 741 02fe 00       		.byte	0
 742 02ff 00       		.byte	0
 743              		.section	.debug_abbrev,"",%progbits
 744              	.Ldebug_abbrev0:
 745 0000 01       		.uleb128 0x1
 746 0001 11       		.uleb128 0x11
 747 0002 01       		.byte	0x1
 748 0003 25       		.uleb128 0x25
 749 0004 0E       		.uleb128 0xe
 750 0005 13       		.uleb128 0x13
 751 0006 0B       		.uleb128 0xb
 752 0007 03       		.uleb128 0x3
 753 0008 0E       		.uleb128 0xe
 754 0009 1B       		.uleb128 0x1b
 755 000a 0E       		.uleb128 0xe
 756 000b 55       		.uleb128 0x55
 757 000c 17       		.uleb128 0x17
 758 000d 11       		.uleb128 0x11
 759 000e 01       		.uleb128 0x1
 760 000f 10       		.uleb128 0x10
 761 0010 17       		.uleb128 0x17
 762 0011 00       		.byte	0
 763 0012 00       		.byte	0
 764 0013 02       		.uleb128 0x2
 765 0014 24       		.uleb128 0x24
 766 0015 00       		.byte	0
 767 0016 0B       		.uleb128 0xb
 768 0017 0B       		.uleb128 0xb
 769 0018 3E       		.uleb128 0x3e
 770 0019 0B       		.uleb128 0xb
 771 001a 03       		.uleb128 0x3
 772 001b 0E       		.uleb128 0xe
 773 001c 00       		.byte	0
 774 001d 00       		.byte	0
 775 001e 03       		.uleb128 0x3
 776 001f 24       		.uleb128 0x24
 777 0020 00       		.byte	0
 778 0021 0B       		.uleb128 0xb
 779 0022 0B       		.uleb128 0xb
ARM GAS  C:\Users\g\AppData\Local\Temp\ccH3b8Xq.s 			page 22


 780 0023 3E       		.uleb128 0x3e
 781 0024 0B       		.uleb128 0xb
 782 0025 03       		.uleb128 0x3
 783 0026 08       		.uleb128 0x8
 784 0027 00       		.byte	0
 785 0028 00       		.byte	0
 786 0029 04       		.uleb128 0x4
 787 002a 16       		.uleb128 0x16
 788 002b 00       		.byte	0
 789 002c 03       		.uleb128 0x3
 790 002d 0E       		.uleb128 0xe
 791 002e 3A       		.uleb128 0x3a
 792 002f 0B       		.uleb128 0xb
 793 0030 3B       		.uleb128 0x3b
 794 0031 05       		.uleb128 0x5
 795 0032 49       		.uleb128 0x49
 796 0033 13       		.uleb128 0x13
 797 0034 00       		.byte	0
 798 0035 00       		.byte	0
 799 0036 05       		.uleb128 0x5
 800 0037 35       		.uleb128 0x35
 801 0038 00       		.byte	0
 802 0039 49       		.uleb128 0x49
 803 003a 13       		.uleb128 0x13
 804 003b 00       		.byte	0
 805 003c 00       		.byte	0
 806 003d 06       		.uleb128 0x6
 807 003e 0F       		.uleb128 0xf
 808 003f 00       		.byte	0
 809 0040 0B       		.uleb128 0xb
 810 0041 0B       		.uleb128 0xb
 811 0042 49       		.uleb128 0x49
 812 0043 13       		.uleb128 0x13
 813 0044 00       		.byte	0
 814 0045 00       		.byte	0
 815 0046 07       		.uleb128 0x7
 816 0047 15       		.uleb128 0x15
 817 0048 00       		.byte	0
 818 0049 27       		.uleb128 0x27
 819 004a 19       		.uleb128 0x19
 820 004b 00       		.byte	0
 821 004c 00       		.byte	0
 822 004d 08       		.uleb128 0x8
 823 004e 2E       		.uleb128 0x2e
 824 004f 00       		.byte	0
 825 0050 3F       		.uleb128 0x3f
 826 0051 19       		.uleb128 0x19
 827 0052 03       		.uleb128 0x3
 828 0053 0E       		.uleb128 0xe
 829 0054 3A       		.uleb128 0x3a
 830 0055 0B       		.uleb128 0xb
 831 0056 3B       		.uleb128 0x3b
 832 0057 0B       		.uleb128 0xb
 833 0058 27       		.uleb128 0x27
 834 0059 19       		.uleb128 0x19
 835 005a 11       		.uleb128 0x11
 836 005b 01       		.uleb128 0x1
ARM GAS  C:\Users\g\AppData\Local\Temp\ccH3b8Xq.s 			page 23


 837 005c 12       		.uleb128 0x12
 838 005d 06       		.uleb128 0x6
 839 005e 40       		.uleb128 0x40
 840 005f 18       		.uleb128 0x18
 841 0060 9742     		.uleb128 0x2117
 842 0062 19       		.uleb128 0x19
 843 0063 00       		.byte	0
 844 0064 00       		.byte	0
 845 0065 09       		.uleb128 0x9
 846 0066 2E       		.uleb128 0x2e
 847 0067 01       		.byte	0x1
 848 0068 3F       		.uleb128 0x3f
 849 0069 19       		.uleb128 0x19
 850 006a 03       		.uleb128 0x3
 851 006b 0E       		.uleb128 0xe
 852 006c 3A       		.uleb128 0x3a
 853 006d 0B       		.uleb128 0xb
 854 006e 3B       		.uleb128 0x3b
 855 006f 0B       		.uleb128 0xb
 856 0070 27       		.uleb128 0x27
 857 0071 19       		.uleb128 0x19
 858 0072 11       		.uleb128 0x11
 859 0073 01       		.uleb128 0x1
 860 0074 12       		.uleb128 0x12
 861 0075 06       		.uleb128 0x6
 862 0076 40       		.uleb128 0x40
 863 0077 18       		.uleb128 0x18
 864 0078 9742     		.uleb128 0x2117
 865 007a 19       		.uleb128 0x19
 866 007b 01       		.uleb128 0x1
 867 007c 13       		.uleb128 0x13
 868 007d 00       		.byte	0
 869 007e 00       		.byte	0
 870 007f 0A       		.uleb128 0xa
 871 0080 05       		.uleb128 0x5
 872 0081 00       		.byte	0
 873 0082 03       		.uleb128 0x3
 874 0083 0E       		.uleb128 0xe
 875 0084 3A       		.uleb128 0x3a
 876 0085 0B       		.uleb128 0xb
 877 0086 3B       		.uleb128 0x3b
 878 0087 0B       		.uleb128 0xb
 879 0088 49       		.uleb128 0x49
 880 0089 13       		.uleb128 0x13
 881 008a 02       		.uleb128 0x2
 882 008b 18       		.uleb128 0x18
 883 008c 00       		.byte	0
 884 008d 00       		.byte	0
 885 008e 0B       		.uleb128 0xb
 886 008f 2E       		.uleb128 0x2e
 887 0090 00       		.byte	0
 888 0091 3F       		.uleb128 0x3f
 889 0092 19       		.uleb128 0x19
 890 0093 03       		.uleb128 0x3
 891 0094 0E       		.uleb128 0xe
 892 0095 3A       		.uleb128 0x3a
 893 0096 0B       		.uleb128 0xb
ARM GAS  C:\Users\g\AppData\Local\Temp\ccH3b8Xq.s 			page 24


 894 0097 3B       		.uleb128 0x3b
 895 0098 0B       		.uleb128 0xb
 896 0099 27       		.uleb128 0x27
 897 009a 19       		.uleb128 0x19
 898 009b 49       		.uleb128 0x49
 899 009c 13       		.uleb128 0x13
 900 009d 11       		.uleb128 0x11
 901 009e 01       		.uleb128 0x1
 902 009f 12       		.uleb128 0x12
 903 00a0 06       		.uleb128 0x6
 904 00a1 40       		.uleb128 0x40
 905 00a2 18       		.uleb128 0x18
 906 00a3 9742     		.uleb128 0x2117
 907 00a5 19       		.uleb128 0x19
 908 00a6 00       		.byte	0
 909 00a7 00       		.byte	0
 910 00a8 0C       		.uleb128 0xc
 911 00a9 05       		.uleb128 0x5
 912 00aa 00       		.byte	0
 913 00ab 03       		.uleb128 0x3
 914 00ac 0E       		.uleb128 0xe
 915 00ad 3A       		.uleb128 0x3a
 916 00ae 0B       		.uleb128 0xb
 917 00af 3B       		.uleb128 0x3b
 918 00b0 0B       		.uleb128 0xb
 919 00b1 49       		.uleb128 0x49
 920 00b2 13       		.uleb128 0x13
 921 00b3 02       		.uleb128 0x2
 922 00b4 17       		.uleb128 0x17
 923 00b5 00       		.byte	0
 924 00b6 00       		.byte	0
 925 00b7 0D       		.uleb128 0xd
 926 00b8 34       		.uleb128 0x34
 927 00b9 00       		.byte	0
 928 00ba 03       		.uleb128 0x3
 929 00bb 0E       		.uleb128 0xe
 930 00bc 3A       		.uleb128 0x3a
 931 00bd 0B       		.uleb128 0xb
 932 00be 3B       		.uleb128 0x3b
 933 00bf 0B       		.uleb128 0xb
 934 00c0 49       		.uleb128 0x49
 935 00c1 13       		.uleb128 0x13
 936 00c2 02       		.uleb128 0x2
 937 00c3 17       		.uleb128 0x17
 938 00c4 00       		.byte	0
 939 00c5 00       		.byte	0
 940 00c6 0E       		.uleb128 0xe
 941 00c7 34       		.uleb128 0x34
 942 00c8 00       		.byte	0
 943 00c9 03       		.uleb128 0x3
 944 00ca 0E       		.uleb128 0xe
 945 00cb 3A       		.uleb128 0x3a
 946 00cc 0B       		.uleb128 0xb
 947 00cd 3B       		.uleb128 0x3b
 948 00ce 0B       		.uleb128 0xb
 949 00cf 49       		.uleb128 0x49
 950 00d0 13       		.uleb128 0x13
ARM GAS  C:\Users\g\AppData\Local\Temp\ccH3b8Xq.s 			page 25


 951 00d1 1C       		.uleb128 0x1c
 952 00d2 0B       		.uleb128 0xb
 953 00d3 00       		.byte	0
 954 00d4 00       		.byte	0
 955 00d5 0F       		.uleb128 0xf
 956 00d6 898201   		.uleb128 0x4109
 957 00d9 00       		.byte	0
 958 00da 11       		.uleb128 0x11
 959 00db 01       		.uleb128 0x1
 960 00dc 31       		.uleb128 0x31
 961 00dd 13       		.uleb128 0x13
 962 00de 00       		.byte	0
 963 00df 00       		.byte	0
 964 00e0 10       		.uleb128 0x10
 965 00e1 2E       		.uleb128 0x2e
 966 00e2 01       		.byte	0x1
 967 00e3 3F       		.uleb128 0x3f
 968 00e4 19       		.uleb128 0x19
 969 00e5 03       		.uleb128 0x3
 970 00e6 0E       		.uleb128 0xe
 971 00e7 3A       		.uleb128 0x3a
 972 00e8 0B       		.uleb128 0xb
 973 00e9 3B       		.uleb128 0x3b
 974 00ea 05       		.uleb128 0x5
 975 00eb 27       		.uleb128 0x27
 976 00ec 19       		.uleb128 0x19
 977 00ed 49       		.uleb128 0x49
 978 00ee 13       		.uleb128 0x13
 979 00ef 11       		.uleb128 0x11
 980 00f0 01       		.uleb128 0x1
 981 00f1 12       		.uleb128 0x12
 982 00f2 06       		.uleb128 0x6
 983 00f3 40       		.uleb128 0x40
 984 00f4 18       		.uleb128 0x18
 985 00f5 9742     		.uleb128 0x2117
 986 00f7 19       		.uleb128 0x19
 987 00f8 01       		.uleb128 0x1
 988 00f9 13       		.uleb128 0x13
 989 00fa 00       		.byte	0
 990 00fb 00       		.byte	0
 991 00fc 11       		.uleb128 0x11
 992 00fd 34       		.uleb128 0x34
 993 00fe 00       		.byte	0
 994 00ff 03       		.uleb128 0x3
 995 0100 0E       		.uleb128 0xe
 996 0101 3A       		.uleb128 0x3a
 997 0102 0B       		.uleb128 0xb
 998 0103 3B       		.uleb128 0x3b
 999 0104 05       		.uleb128 0x5
 1000 0105 49       		.uleb128 0x49
 1001 0106 13       		.uleb128 0x13
 1002 0107 02       		.uleb128 0x2
 1003 0108 17       		.uleb128 0x17
 1004 0109 00       		.byte	0
 1005 010a 00       		.byte	0
 1006 010b 12       		.uleb128 0x12
 1007 010c 34       		.uleb128 0x34
ARM GAS  C:\Users\g\AppData\Local\Temp\ccH3b8Xq.s 			page 26


 1008 010d 00       		.byte	0
 1009 010e 03       		.uleb128 0x3
 1010 010f 0E       		.uleb128 0xe
 1011 0110 3A       		.uleb128 0x3a
 1012 0111 0B       		.uleb128 0xb
 1013 0112 3B       		.uleb128 0x3b
 1014 0113 05       		.uleb128 0x5
 1015 0114 49       		.uleb128 0x49
 1016 0115 13       		.uleb128 0x13
 1017 0116 1C       		.uleb128 0x1c
 1018 0117 0B       		.uleb128 0xb
 1019 0118 00       		.byte	0
 1020 0119 00       		.byte	0
 1021 011a 13       		.uleb128 0x13
 1022 011b 2E       		.uleb128 0x2e
 1023 011c 00       		.byte	0
 1024 011d 3F       		.uleb128 0x3f
 1025 011e 19       		.uleb128 0x19
 1026 011f 03       		.uleb128 0x3
 1027 0120 0E       		.uleb128 0xe
 1028 0121 3A       		.uleb128 0x3a
 1029 0122 0B       		.uleb128 0xb
 1030 0123 3B       		.uleb128 0x3b
 1031 0124 05       		.uleb128 0x5
 1032 0125 27       		.uleb128 0x27
 1033 0126 19       		.uleb128 0x19
 1034 0127 11       		.uleb128 0x11
 1035 0128 01       		.uleb128 0x1
 1036 0129 12       		.uleb128 0x12
 1037 012a 06       		.uleb128 0x6
 1038 012b 40       		.uleb128 0x40
 1039 012c 18       		.uleb128 0x18
 1040 012d 9742     		.uleb128 0x2117
 1041 012f 19       		.uleb128 0x19
 1042 0130 00       		.byte	0
 1043 0131 00       		.byte	0
 1044 0132 14       		.uleb128 0x14
 1045 0133 2E       		.uleb128 0x2e
 1046 0134 00       		.byte	0
 1047 0135 3F       		.uleb128 0x3f
 1048 0136 19       		.uleb128 0x19
 1049 0137 03       		.uleb128 0x3
 1050 0138 0E       		.uleb128 0xe
 1051 0139 3A       		.uleb128 0x3a
 1052 013a 0B       		.uleb128 0xb
 1053 013b 3B       		.uleb128 0x3b
 1054 013c 05       		.uleb128 0x5
 1055 013d 27       		.uleb128 0x27
 1056 013e 19       		.uleb128 0x19
 1057 013f 49       		.uleb128 0x49
 1058 0140 13       		.uleb128 0x13
 1059 0141 11       		.uleb128 0x11
 1060 0142 01       		.uleb128 0x1
 1061 0143 12       		.uleb128 0x12
 1062 0144 06       		.uleb128 0x6
 1063 0145 40       		.uleb128 0x40
 1064 0146 18       		.uleb128 0x18
ARM GAS  C:\Users\g\AppData\Local\Temp\ccH3b8Xq.s 			page 27


 1065 0147 9742     		.uleb128 0x2117
 1066 0149 19       		.uleb128 0x19
 1067 014a 00       		.byte	0
 1068 014b 00       		.byte	0
 1069 014c 15       		.uleb128 0x15
 1070 014d 898201   		.uleb128 0x4109
 1071 0150 01       		.byte	0x1
 1072 0151 11       		.uleb128 0x11
 1073 0152 01       		.uleb128 0x1
 1074 0153 31       		.uleb128 0x31
 1075 0154 13       		.uleb128 0x13
 1076 0155 01       		.uleb128 0x1
 1077 0156 13       		.uleb128 0x13
 1078 0157 00       		.byte	0
 1079 0158 00       		.byte	0
 1080 0159 16       		.uleb128 0x16
 1081 015a 8A8201   		.uleb128 0x410a
 1082 015d 00       		.byte	0
 1083 015e 02       		.uleb128 0x2
 1084 015f 18       		.uleb128 0x18
 1085 0160 9142     		.uleb128 0x2111
 1086 0162 18       		.uleb128 0x18
 1087 0163 00       		.byte	0
 1088 0164 00       		.byte	0
 1089 0165 17       		.uleb128 0x17
 1090 0166 01       		.uleb128 0x1
 1091 0167 01       		.byte	0x1
 1092 0168 49       		.uleb128 0x49
 1093 0169 13       		.uleb128 0x13
 1094 016a 01       		.uleb128 0x1
 1095 016b 13       		.uleb128 0x13
 1096 016c 00       		.byte	0
 1097 016d 00       		.byte	0
 1098 016e 18       		.uleb128 0x18
 1099 016f 21       		.uleb128 0x21
 1100 0170 00       		.byte	0
 1101 0171 49       		.uleb128 0x49
 1102 0172 13       		.uleb128 0x13
 1103 0173 2F       		.uleb128 0x2f
 1104 0174 0B       		.uleb128 0xb
 1105 0175 00       		.byte	0
 1106 0176 00       		.byte	0
 1107 0177 19       		.uleb128 0x19
 1108 0178 34       		.uleb128 0x34
 1109 0179 00       		.byte	0
 1110 017a 03       		.uleb128 0x3
 1111 017b 0E       		.uleb128 0xe
 1112 017c 3A       		.uleb128 0x3a
 1113 017d 0B       		.uleb128 0xb
 1114 017e 3B       		.uleb128 0x3b
 1115 017f 0B       		.uleb128 0xb
 1116 0180 49       		.uleb128 0x49
 1117 0181 13       		.uleb128 0x13
 1118 0182 3F       		.uleb128 0x3f
 1119 0183 19       		.uleb128 0x19
 1120 0184 3C       		.uleb128 0x3c
 1121 0185 19       		.uleb128 0x19
ARM GAS  C:\Users\g\AppData\Local\Temp\ccH3b8Xq.s 			page 28


 1122 0186 00       		.byte	0
 1123 0187 00       		.byte	0
 1124 0188 1A       		.uleb128 0x1a
 1125 0189 2E       		.uleb128 0x2e
 1126 018a 00       		.byte	0
 1127 018b 3F       		.uleb128 0x3f
 1128 018c 19       		.uleb128 0x19
 1129 018d 03       		.uleb128 0x3
 1130 018e 0E       		.uleb128 0xe
 1131 018f 3A       		.uleb128 0x3a
 1132 0190 0B       		.uleb128 0xb
 1133 0191 3B       		.uleb128 0x3b
 1134 0192 0B       		.uleb128 0xb
 1135 0193 27       		.uleb128 0x27
 1136 0194 19       		.uleb128 0x19
 1137 0195 49       		.uleb128 0x49
 1138 0196 13       		.uleb128 0x13
 1139 0197 3C       		.uleb128 0x3c
 1140 0198 19       		.uleb128 0x19
 1141 0199 00       		.byte	0
 1142 019a 00       		.byte	0
 1143 019b 1B       		.uleb128 0x1b
 1144 019c 2E       		.uleb128 0x2e
 1145 019d 01       		.byte	0x1
 1146 019e 3F       		.uleb128 0x3f
 1147 019f 19       		.uleb128 0x19
 1148 01a0 03       		.uleb128 0x3
 1149 01a1 0E       		.uleb128 0xe
 1150 01a2 3A       		.uleb128 0x3a
 1151 01a3 0B       		.uleb128 0xb
 1152 01a4 3B       		.uleb128 0x3b
 1153 01a5 0B       		.uleb128 0xb
 1154 01a6 27       		.uleb128 0x27
 1155 01a7 19       		.uleb128 0x19
 1156 01a8 3C       		.uleb128 0x3c
 1157 01a9 19       		.uleb128 0x19
 1158 01aa 00       		.byte	0
 1159 01ab 00       		.byte	0
 1160 01ac 1C       		.uleb128 0x1c
 1161 01ad 05       		.uleb128 0x5
 1162 01ae 00       		.byte	0
 1163 01af 49       		.uleb128 0x49
 1164 01b0 13       		.uleb128 0x13
 1165 01b1 00       		.byte	0
 1166 01b2 00       		.byte	0
 1167 01b3 00       		.byte	0
 1168              		.section	.debug_loc,"",%progbits
 1169              	.Ldebug_loc0:
 1170              	.LLST0:
 1171 0000 00000000 		.4byte	.LVL1
 1172 0004 07000000 		.4byte	.LVL3-1
 1173 0008 0100     		.2byte	0x1
 1174 000a 50       		.byte	0x50
 1175 000b 07000000 		.4byte	.LVL3-1
 1176 000f 24000000 		.4byte	.LFE6
 1177 0013 0400     		.2byte	0x4
 1178 0015 F3       		.byte	0xf3
ARM GAS  C:\Users\g\AppData\Local\Temp\ccH3b8Xq.s 			page 29


 1179 0016 01       		.uleb128 0x1
 1180 0017 50       		.byte	0x50
 1181 0018 9F       		.byte	0x9f
 1182 0019 00000000 		.4byte	0
 1183 001d 00000000 		.4byte	0
 1184              	.LLST1:
 1185 0021 08000000 		.4byte	.LVL3
 1186 0025 19000000 		.4byte	.LVL4-1
 1187 0029 0100     		.2byte	0x1
 1188 002b 50       		.byte	0x50
 1189 002c 00000000 		.4byte	0
 1190 0030 00000000 		.4byte	0
 1191              	.LLST2:
 1192 0034 06000000 		.4byte	.LVL6
 1193 0038 08000000 		.4byte	.LVL7
 1194 003c 0500     		.2byte	0x5
 1195 003e 70       		.byte	0x70
 1196 003f 00       		.sleb128 0
 1197 0040 4E       		.byte	0x4e
 1198 0041 25       		.byte	0x25
 1199 0042 9F       		.byte	0x9f
 1200 0043 08000000 		.4byte	.LVL7
 1201 0047 10000000 		.4byte	.LFE7
 1202 004b 0100     		.2byte	0x1
 1203 004d 50       		.byte	0x50
 1204 004e 00000000 		.4byte	0
 1205 0052 00000000 		.4byte	0
 1206              	.LLST3:
 1207 0056 00000000 		.4byte	.LVL12
 1208 005a 07000000 		.4byte	.LVL13-1
 1209 005e 0100     		.2byte	0x1
 1210 0060 50       		.byte	0x50
 1211 0061 07000000 		.4byte	.LVL13-1
 1212 0065 18000000 		.4byte	.LVL17
 1213 0069 0100     		.2byte	0x1
 1214 006b 54       		.byte	0x54
 1215 006c 18000000 		.4byte	.LVL17
 1216 0070 1A000000 		.4byte	.LFE1
 1217 0074 0400     		.2byte	0x4
 1218 0076 F3       		.byte	0xf3
 1219 0077 01       		.uleb128 0x1
 1220 0078 50       		.byte	0x50
 1221 0079 9F       		.byte	0x9f
 1222 007a 00000000 		.4byte	0
 1223 007e 00000000 		.4byte	0
 1224              		.section	.debug_aranges,"",%progbits
 1225 0000 7C000000 		.4byte	0x7c
 1226 0004 0200     		.2byte	0x2
 1227 0006 00000000 		.4byte	.Ldebug_info0
 1228 000a 04       		.byte	0x4
 1229 000b 00       		.byte	0
 1230 000c 0000     		.2byte	0
 1231 000e 0000     		.2byte	0
 1232 0010 00000000 		.4byte	.LFB3
 1233 0014 02000000 		.4byte	.LFE3-.LFB3
 1234 0018 00000000 		.4byte	.LFB4
 1235 001c 0C000000 		.4byte	.LFE4-.LFB4
ARM GAS  C:\Users\g\AppData\Local\Temp\ccH3b8Xq.s 			page 30


 1236 0020 00000000 		.4byte	.LFB5
 1237 0024 0C000000 		.4byte	.LFE5-.LFB5
 1238 0028 00000000 		.4byte	.LFB6
 1239 002c 24000000 		.4byte	.LFE6-.LFB6
 1240 0030 00000000 		.4byte	.LFB7
 1241 0034 10000000 		.4byte	.LFE7-.LFB7
 1242 0038 00000000 		.4byte	.LFB8
 1243 003c 10000000 		.4byte	.LFE8-.LFB8
 1244 0040 00000000 		.4byte	.LFB9
 1245 0044 14000000 		.4byte	.LFE9-.LFB9
 1246 0048 00000000 		.4byte	.LFB10
 1247 004c 10000000 		.4byte	.LFE10-.LFB10
 1248 0050 00000000 		.4byte	.LFB0
 1249 0054 1C000000 		.4byte	.LFE0-.LFB0
 1250 0058 00000000 		.4byte	.LFB1
 1251 005c 1A000000 		.4byte	.LFE1-.LFB1
 1252 0060 00000000 		.4byte	.LFB2
 1253 0064 14000000 		.4byte	.LFE2-.LFB2
 1254 0068 00000000 		.4byte	.LFB11
 1255 006c 10000000 		.4byte	.LFE11-.LFB11
 1256 0070 00000000 		.4byte	.LFB12
 1257 0074 10000000 		.4byte	.LFE12-.LFB12
 1258 0078 00000000 		.4byte	0
 1259 007c 00000000 		.4byte	0
 1260              		.section	.debug_ranges,"",%progbits
 1261              	.Ldebug_ranges0:
 1262 0000 00000000 		.4byte	.LFB3
 1263 0004 02000000 		.4byte	.LFE3
 1264 0008 00000000 		.4byte	.LFB4
 1265 000c 0C000000 		.4byte	.LFE4
 1266 0010 00000000 		.4byte	.LFB5
 1267 0014 0C000000 		.4byte	.LFE5
 1268 0018 00000000 		.4byte	.LFB6
 1269 001c 24000000 		.4byte	.LFE6
 1270 0020 00000000 		.4byte	.LFB7
 1271 0024 10000000 		.4byte	.LFE7
 1272 0028 00000000 		.4byte	.LFB8
 1273 002c 10000000 		.4byte	.LFE8
 1274 0030 00000000 		.4byte	.LFB9
 1275 0034 14000000 		.4byte	.LFE9
 1276 0038 00000000 		.4byte	.LFB10
 1277 003c 10000000 		.4byte	.LFE10
 1278 0040 00000000 		.4byte	.LFB0
 1279 0044 1C000000 		.4byte	.LFE0
 1280 0048 00000000 		.4byte	.LFB1
 1281 004c 1A000000 		.4byte	.LFE1
 1282 0050 00000000 		.4byte	.LFB2
 1283 0054 14000000 		.4byte	.LFE2
 1284 0058 00000000 		.4byte	.LFB11
 1285 005c 10000000 		.4byte	.LFE11
 1286 0060 00000000 		.4byte	.LFB12
 1287 0064 10000000 		.4byte	.LFE12
 1288 0068 00000000 		.4byte	0
 1289 006c 00000000 		.4byte	0
 1290              		.section	.debug_line,"",%progbits
 1291              	.Ldebug_line0:
 1292 0000 4F010000 		.section	.debug_str,"MS",%progbits,1
ARM GAS  C:\Users\g\AppData\Local\Temp\ccH3b8Xq.s 			page 31


 1292      02004F00 
 1292      00000201 
 1292      FB0E0D00 
 1292      01010101 
 1293              	.LASF35:
 1294 0000 443A5C63 		.ascii	"D:\\code\\cypress\\Tarocco\\Tarocco.cydsn\000"
 1294      6F64655C 
 1294      63797072 
 1294      6573735C 
 1294      5461726F 
 1295              	.LASF37:
 1296 0026 43795261 		.ascii	"CyRamVectors\000"
 1296      6D566563 
 1296      746F7273 
 1296      00
 1297              	.LASF30:
 1298 0033 4144435F 		.ascii	"ADC_IRQ_Stop\000"
 1298      4952515F 
 1298      53746F70 
 1298      00
 1299              	.LASF17:
 1300 0040 4144435F 		.ascii	"ADC_IRQ_SetVector\000"
 1300      4952515F 
 1300      53657456 
 1300      6563746F 
 1300      7200
 1301              	.LASF3:
 1302 0052 73686F72 		.ascii	"short unsigned int\000"
 1302      7420756E 
 1302      7369676E 
 1302      65642069 
 1302      6E7400
 1303              	.LASF26:
 1304 0065 4144435F 		.ascii	"ADC_IRQ_GetState\000"
 1304      4952515F 
 1304      47657453 
 1304      74617465 
 1304      00
 1305              	.LASF25:
 1306 0076 4144435F 		.ascii	"ADC_IRQ_GetVector\000"
 1306      4952515F 
 1306      47657456 
 1306      6563746F 
 1306      7200
 1307              	.LASF23:
 1308 0088 4144435F 		.ascii	"ADC_IRQ_Interrupt\000"
 1308      4952515F 
 1308      496E7465 
 1308      72727570 
 1308      7400
 1309              	.LASF11:
 1310 009a 666C6F61 		.ascii	"float\000"
 1310      7400
 1311              	.LASF7:
 1312 00a0 6C6F6E67 		.ascii	"long long unsigned int\000"
 1312      206C6F6E 
 1312      6720756E 
ARM GAS  C:\Users\g\AppData\Local\Temp\ccH3b8Xq.s 			page 32


 1312      7369676E 
 1312      65642069 
 1313              	.LASF33:
 1314 00b7 474E5520 		.ascii	"GNU C 4.9.3 20150303 (release) [ARM/embedded-4_9-br"
 1314      4320342E 
 1314      392E3320 
 1314      32303135 
 1314      30333033 
 1315 00ea 616E6368 		.ascii	"anch revision 221220] -mcpu=cortex-m0 -mthumb -g -O"
 1315      20726576 
 1315      6973696F 
 1315      6E203232 
 1315      31323230 
 1316 011d 67202D73 		.ascii	"g -std=gnu99 -ffunction-sections -ffat-lto-objects\000"
 1316      74643D67 
 1316      6E753939 
 1316      202D6666 
 1316      756E6374 
 1317              	.LASF1:
 1318 0150 756E7369 		.ascii	"unsigned char\000"
 1318      676E6564 
 1318      20636861 
 1318      7200
 1319              	.LASF21:
 1320 015e 696E7465 		.ascii	"interruptState\000"
 1320      72727570 
 1320      74537461 
 1320      746500
 1321              	.LASF5:
 1322 016d 6C6F6E67 		.ascii	"long unsigned int\000"
 1322      20756E73 
 1322      69676E65 
 1322      6420696E 
 1322      7400
 1323              	.LASF9:
 1324 017f 75696E74 		.ascii	"uint8\000"
 1324      3800
 1325              	.LASF20:
 1326 0185 7072696F 		.ascii	"priority\000"
 1326      72697479 
 1326      00
 1327              	.LASF31:
 1328 018e 4144435F 		.ascii	"ADC_IRQ_SetPending\000"
 1328      4952515F 
 1328      53657450 
 1328      656E6469 
 1328      6E6700
 1329              	.LASF32:
 1330 01a1 4144435F 		.ascii	"ADC_IRQ_ClearPending\000"
 1330      4952515F 
 1330      436C6561 
 1330      7250656E 
 1330      64696E67 
 1331              	.LASF12:
 1332 01b6 646F7562 		.ascii	"double\000"
 1332      6C6500
 1333              	.LASF28:
ARM GAS  C:\Users\g\AppData\Local\Temp\ccH3b8Xq.s 			page 33


 1334 01bd 4144435F 		.ascii	"ADC_IRQ_Start\000"
 1334      4952515F 
 1334      53746172 
 1334      7400
 1335              	.LASF34:
 1336 01cb 47656E65 		.ascii	"Generated_Source\\PSoC4\\ADC_IRQ.c\000"
 1336      72617465 
 1336      645F536F 
 1336      75726365 
 1336      5C50536F 
 1337              	.LASF36:
 1338 01ec 4144435F 		.ascii	"ADC_IRQ_GetPriority\000"
 1338      4952515F 
 1338      47657450 
 1338      72696F72 
 1338      69747900 
 1339              	.LASF10:
 1340 0200 75696E74 		.ascii	"uint32\000"
 1340      333200
 1341              	.LASF38:
 1342 0207 4379456E 		.ascii	"CyEnterCriticalSection\000"
 1342      74657243 
 1342      72697469 
 1342      63616C53 
 1342      65637469 
 1343              	.LASF8:
 1344 021e 756E7369 		.ascii	"unsigned int\000"
 1344      676E6564 
 1344      20696E74 
 1344      00
 1345              	.LASF19:
 1346 022b 61646472 		.ascii	"address\000"
 1346      65737300 
 1347              	.LASF39:
 1348 0233 43794578 		.ascii	"CyExitCriticalSection\000"
 1348      69744372 
 1348      69746963 
 1348      616C5365 
 1348      6374696F 
 1349              	.LASF15:
 1350 0249 63796973 		.ascii	"cyisraddress\000"
 1350      72616464 
 1350      72657373 
 1350      00
 1351              	.LASF29:
 1352 0256 4144435F 		.ascii	"ADC_IRQ_StartEx\000"
 1352      4952515F 
 1352      53746172 
 1352      74457800 
 1353              	.LASF16:
 1354 0266 73697A65 		.ascii	"sizetype\000"
 1354      74797065 
 1354      00
 1355              	.LASF6:
 1356 026f 6C6F6E67 		.ascii	"long long int\000"
 1356      206C6F6E 
 1356      6720696E 
ARM GAS  C:\Users\g\AppData\Local\Temp\ccH3b8Xq.s 			page 34


 1356      7400
 1357              	.LASF13:
 1358 027d 63686172 		.ascii	"char\000"
 1358      00
 1359              	.LASF2:
 1360 0282 73686F72 		.ascii	"short int\000"
 1360      7420696E 
 1360      7400
 1361              	.LASF27:
 1362 028c 4144435F 		.ascii	"ADC_IRQ_Disable\000"
 1362      4952515F 
 1362      44697361 
 1362      626C6500 
 1363              	.LASF22:
 1364 029c 7072696F 		.ascii	"priorityOffset\000"
 1364      72697479 
 1364      4F666673 
 1364      657400
 1365              	.LASF4:
 1366 02ab 6C6F6E67 		.ascii	"long int\000"
 1366      20696E74 
 1366      00
 1367              	.LASF14:
 1368 02b4 72656733 		.ascii	"reg32\000"
 1368      3200
 1369              	.LASF0:
 1370 02ba 7369676E 		.ascii	"signed char\000"
 1370      65642063 
 1370      68617200 
 1371              	.LASF18:
 1372 02c6 4144435F 		.ascii	"ADC_IRQ_SetPriority\000"
 1372      4952515F 
 1372      53657450 
 1372      72696F72 
 1372      69747900 
 1373              	.LASF24:
 1374 02da 4144435F 		.ascii	"ADC_IRQ_Enable\000"
 1374      4952515F 
 1374      456E6162 
 1374      6C6500
 1375              		.ident	"GCC: (GNU Tools for ARM Embedded Processors) 4.9.3 20150303 (release) [ARM/embedded-4_9-br
