Archive member included because of file (symbol)

.\CortexM0\ARM_GCC_493\Debug\dcsd.a(cyfitter_cfg.o)
                              .\CortexM0\ARM_GCC_493\Debug\Cm0Start.o (cyfitter_cfg)
.\CortexM0\ARM_GCC_493\Debug\dcsd.a(PWM_MOT.o)
                              .\CortexM0\ARM_GCC_493\Debug\main.o (PWM_MOT_Start)
.\CortexM0\ARM_GCC_493\Debug\dcsd.a(vin.o)
                              .\CortexM0\ARM_GCC_493\Debug\main.o (vin_Write)
.\CortexM0\ARM_GCC_493\Debug\dcsd.a(err.o)
                              .\CortexM0\ARM_GCC_493\Debug\main.o (err_Write)
.\CortexM0\ARM_GCC_493\Debug\dcsd.a(phase.o)
                              .\CortexM0\ARM_GCC_493\Debug\main.o (phase_Write)
.\CortexM0\ARM_GCC_493\Debug\dcsd.a(sleep.o)
                              .\CortexM0\ARM_GCC_493\Debug\main.o (sleep_Write)
.\CortexM0\ARM_GCC_493\Debug\dcsd.a(fault.o)
                              .\CortexM0\ARM_GCC_493\Debug\main.o (fault_Read)
.\CortexM0\ARM_GCC_493\Debug\dcsd.a(ovc.o)
                              .\CortexM0\ARM_GCC_493\Debug\main.o (ovc_Read)
.\CortexM0\ARM_GCC_493\Debug\dcsd.a(ADC.o)
                              .\CortexM0\ARM_GCC_493\Debug\main.o (ADC_Start)
.\CortexM0\ARM_GCC_493\Debug\dcsd.a(ADC_INT.o)
                              .\CortexM0\ARM_GCC_493\Debug\dcsd.a(ADC.o) (ADC_ISR)
.\CortexM0\ARM_GCC_493\Debug\dcsd.a(UART.o)
                              .\CortexM0\ARM_GCC_493\Debug\main.o (UART_Start)
.\CortexM0\ARM_GCC_493\Debug\dcsd.a(UART_SPI_UART.o)
                              .\CortexM0\ARM_GCC_493\Debug\main.o (UART_SpiUartWriteTxData)
.\CortexM0\ARM_GCC_493\Debug\dcsd.a(UART_UART.o)
                              .\CortexM0\ARM_GCC_493\Debug\dcsd.a(UART.o) (UART_UartInit)
.\CortexM0\ARM_GCC_493\Debug\dcsd.a(reset.o)
                              .\CortexM0\ARM_GCC_493\Debug\main.o (reset_Read)
.\CortexM0\ARM_GCC_493\Debug\dcsd.a(error.o)
                              .\CortexM0\ARM_GCC_493\Debug\main.o (error_Write)
.\CortexM0\ARM_GCC_493\Debug\dcsd.a(direction.o)
                              .\CortexM0\ARM_GCC_493\Debug\main.o (direction_Read)
.\CortexM0\ARM_GCC_493\Debug\dcsd.a(step.o)
                              .\CortexM0\ARM_GCC_493\Debug\main.o (step_ClearInterrupt)
.\CortexM0\ARM_GCC_493\Debug\dcsd.a(CyLib.o)
                              .\CortexM0\ARM_GCC_493\Debug\dcsd.a(cyfitter_cfg.o) (CySysClkWriteImoFreq)
.\CortexM0\ARM_GCC_493\Debug\dcsd.a(CyLFClk.o)
                              .\CortexM0\ARM_GCC_493\Debug\dcsd.a(cyfitter_cfg.o) (CySysWdtIsr)
.\CortexM0\ARM_GCC_493\Debug\dcsd.a(stepISR.o)
                              .\CortexM0\ARM_GCC_493\Debug\main.o (stepISR_StartEx)
.\CortexM0\ARM_GCC_493\Debug\dcsd.a(rxISR.o)
                              .\CortexM0\ARM_GCC_493\Debug\main.o (rxISR_StartEx)
.\CortexM0\ARM_GCC_493\Debug\dcsd.a(TX_SEND.o)
                              .\CortexM0\ARM_GCC_493\Debug\main.o (TX_SEND_Start)
.\CortexM0\ARM_GCC_493\Debug\dcsd.a(txISR.o)
                              .\CortexM0\ARM_GCC_493\Debug\main.o (txISR_StartEx)
.\CortexM0\ARM_GCC_493\Debug\dcsd.a(EEPROM.o)
                              .\CortexM0\ARM_GCC_493\Debug\main.o (EEPROM_Start)
.\CortexM0\ARM_GCC_493\Debug\dcsd.a(QDEC.o)
                              .\CortexM0\ARM_GCC_493\Debug\main.o (QDEC_Start)
.\CortexM0\ARM_GCC_493\Debug\dcsd.a(QDEC_INT.o)
                              .\CortexM0\ARM_GCC_493\Debug\dcsd.a(QDEC.o) (QDEC_ISR)
.\CortexM0\ARM_GCC_493\Debug\dcsd.a(QDEC_Cnt16.o)
                              .\CortexM0\ARM_GCC_493\Debug\dcsd.a(QDEC.o) (QDEC_Cnt16_Start)
.\CortexM0\ARM_GCC_493\Debug\dcsd.a(CyBootAsmGnu.o)
                              .\CortexM0\ARM_GCC_493\Debug\dcsd.a(CyLib.o) (CyDelayCycles)
.\CortexM0\ARM_GCC_493\Debug\dcsd.a(CyFlash.o)
                              .\CortexM0\ARM_GCC_493\Debug\dcsd.a(EEPROM.o) (CySysFlashWriteRow)
c:/program files (x86)/cypress/psoc creator/4.0/psoc creator/import/gnu/arm/4.9.3/bin/../lib/gcc/arm-none-eabi/4.9.3/armv6-m\libgcc.a(_udivsi3.o)
                              .\CortexM0\ARM_GCC_493\Debug\dcsd.a(CyLib.o) (__aeabi_uidiv)
c:/program files (x86)/cypress/psoc creator/4.0/psoc creator/import/gnu/arm/4.9.3/bin/../lib/gcc/arm-none-eabi/4.9.3/armv6-m\libgcc.a(_divsi3.o)
                              .\CortexM0\ARM_GCC_493\Debug\dcsd.a(ADC.o) (__aeabi_idiv)
c:/program files (x86)/cypress/psoc creator/4.0/psoc creator/import/gnu/arm/4.9.3/bin/../lib/gcc/arm-none-eabi/4.9.3/armv6-m\libgcc.a(_dvmd_tls.o)
                              c:/program files (x86)/cypress/psoc creator/4.0/psoc creator/import/gnu/arm/4.9.3/bin/../lib/gcc/arm-none-eabi/4.9.3/armv6-m\libgcc.a(_udivsi3.o) (__aeabi_idiv0)
c:/program files (x86)/cypress/psoc creator/4.0/psoc creator/import/gnu/arm/4.9.3/bin/../lib/gcc/arm-none-eabi/4.9.3/armv6-m\libgcc.a(_aeabi_ldivmod.o)
                              .\CortexM0\ARM_GCC_493\Debug\dcsd.a(ADC.o) (__aeabi_ldivmod)
[...]
Memory Configuration

Name             Origin             Length             Attributes
rom              0x00000000         0x00008000         xr
ram              0x20000000         0x00001000         xrw
*default*        0x00000000         0xffffffff

Linker script and memory map

LOAD c:/program files (x86)/cypress/psoc creator/4.0/psoc creator/import/gnu/arm/4.9.3/bin/../lib/gcc/arm-none-eabi/4.9.3/armv6-m/crti.o
LOAD c:/program files (x86)/cypress/psoc creator/4.0/psoc creator/import/gnu/arm/4.9.3/bin/../lib/gcc/arm-none-eabi/4.9.3/armv6-m/crtbegin.o
LOAD c:/program files (x86)/cypress/psoc creator/4.0/psoc creator/import/gnu/arm/4.9.3/bin/../lib/gcc/arm-none-eabi/4.9.3/../../../../arm-none-eabi/lib/armv6-m/crt0.o
START GROUP
LOAD .\CortexM0\ARM_GCC_493\Debug\main.o
LOAD .\CortexM0\ARM_GCC_493\Debug\cybootloader.o
LOAD .\CortexM0\ARM_GCC_493\Debug\cymetadata.o
LOAD .\CortexM0\ARM_GCC_493\Debug\Cm0Start.o
LOAD .\CortexM0\ARM_GCC_493\Debug\dcsd.a
LOAD C:\Program Files (x86)\Cypress\PSoC Creator\4.0\PSoC Creator\psoc\content\cycomponentlibrary\CyComponentLibrary.cylib\CortexM0\ARM_GCC_493\Debug\CyComponentLibrary.a
END GROUP
START GROUP
LOAD c:/program files (x86)/cypress/psoc creator/4.0/psoc creator/import/gnu/arm/4.9.3/bin/../lib/gcc/arm-none-eabi/4.9.3/armv6-m\libgcc.a
LOAD c:/program files (x86)/cypress/psoc creator/4.0/psoc creator/import/gnu/arm/4.9.3/bin/../lib/gcc/arm-none-eabi/4.9.3/../../../../arm-none-eabi/lib/armv6-m\libg_nano.a
LOAD c:/program files (x86)/cypress/psoc creator/4.0/psoc creator/import/gnu/arm/4.9.3/bin/../lib/gcc/arm-none-eabi/4.9.3/../../../../arm-none-eabi/lib/armv6-m\libc_nano.a
END GROUP
START GROUP
LOAD c:/program files (x86)/cypress/psoc creator/4.0/psoc creator/import/gnu/arm/4.9.3/bin/../lib/gcc/arm-none-eabi/4.9.3/armv6-m\libgcc.a
LOAD c:/program files (x86)/cypress/psoc creator/4.0/psoc creator/import/gnu/arm/4.9.3/bin/../lib/gcc/arm-none-eabi/4.9.3/../../../../arm-none-eabi/lib/armv6-m\libc_nano.a
END GROUP
LOAD c:/program files (x86)/cypress/psoc creator/4.0/psoc creator/import/gnu/arm/4.9.3/bin/../lib/gcc/arm-none-eabi/4.9.3/armv6-m/crtend.o
LOAD c:/program files (x86)/cypress/psoc creator/4.0/psoc creator/import/gnu/arm/4.9.3/bin/../lib/gcc/arm-none-eabi/4.9.3/armv6-m/crtn.o
START GROUP
LOAD c:/program files (x86)/cypress/psoc creator/4.0/psoc creator/import/gnu/arm/4.9.3/bin/../lib/gcc/arm-none-eabi/4.9.3/armv6-m\libgcc.a
LOAD c:/program files (x86)/cypress/psoc creator/4.0/psoc creator/import/gnu/arm/4.9.3/bin/../lib/gcc/arm-none-eabi/4.9.3/../../../../arm-none-eabi/lib/armv6-m\libc.a
LOAD c:/program files (x86)/cypress/psoc creator/4.0/psoc creator/import/gnu/arm/4.9.3/bin/../lib/gcc/arm-none-eabi/4.9.3/../../../../arm-none-eabi/lib/armv6-m\libnosys.a
END GROUP
                0x00000000                CY_APPL_ORIGIN = 0x0
                0x00000080                CY_FLASH_ROW_SIZE = 0x80
                0x00000001                CY_APPL_NUM = 0x1
                0x00000001                CY_APPL_MAX = 0x1
                0x00000040                CY_METADATA_SIZE = 0x40
                0x00000001                CY_APPL_LOADABLE = 0x1
                0x00000000                CY_CHECKSUM_EXCLUDE_SIZE = ALIGN (0x0, CY_FLASH_ROW_SIZE)
                0x00000000                CY_APP_FOR_STACK_AND_COPIER = 0x0
                0x200001c0                PROVIDE (__cy_heap_start, _end)
                0x00000001                PROVIDE (__cy_region_num, ((__cy_regions_end - __cy_regions) / 0x10))
                0x20001000                PROVIDE (__cy_stack, (ORIGIN (ram) + 0x1000))
                0x20000f00                PROVIDE (__cy_heap_end, (__cy_stack - 0x100))

.cybootloader   0x00000000     0x1700
 *(.cybootloader)
 .cybootloader  0x00000000     0x1700 .\CortexM0\ARM_GCC_493\Debug\cybootloader.o
                0x00000000                cy_bootloader
                0x00001700                appl1_start = CY_APPL_ORIGIN?CY_APPL_ORIGIN:ALIGN (CY_FLASH_ROW_SIZE)
                0x00004b00                appl2_start = (appl1_start + ALIGN ((((0x8000 - appl1_start) - (0x2 * CY_FLASH_ROW_SIZE)) / 0x2), CY_FLASH_ROW_SIZE))
                0x00001700                appl_start = (CY_APPL_NUM == 0x1)?appl1_start:appl2_start
                0x00000000                cy_project_type_bootloader = (appl_start == 0x0)?0x1:0x0
                0x00000000                cy_project_type_app_for_stack_and_copier = (CY_APP_FOR_STACK_AND_COPIER == 0x1)?0x1:0x0

.text           0x00001700     0x18ec
 CREATE_OBJECT_SYMBOLS
                0x00001700                PROVIDE (__cy_interrupt_vector, RomVectors)
 *(.romvectors)
 .romvectors    0x00001700       0x10 .\CortexM0\ARM_GCC_493\Debug\Cm0Start.o
                0x00001700                RomVectors
                0x00000001                ASSERT ((. != __cy_interrupt_vector), No interrupt vector)
                0x00000001                ASSERT (CY_APPL_ORIGIN?(SIZEOF (.cybootloader) <= CY_APPL_ORIGIN):0x1, Wrong image location)
                0x00001710                PROVIDE (__cy_reset, Reset)
 *(.text.Reset)
 .text.Reset    0x00001710       0x10 .\CortexM0\ARM_GCC_493\Debug\Cm0Start.o
                0x00001710                Reset
                0x00000001                ASSERT ((. != __cy_reset), No reset code)
 *(.psocinit)
 .psocinit      0x00001720      0x234 .\CortexM0\ARM_GCC_493\Debug\dcsd.a(cyfitter_cfg.o)
                0x00001720                cyfitter_cfg
                0x00001954                . = MAX (., 0x100)
 *(.text .text.* .gnu.linkonce.t.*)
 .text          0x00001954       0x60 c:/program files (x86)/cypress/psoc creator/4.0/psoc creator/import/gnu/arm/4.9.3/bin/../lib/gcc/arm-none-eabi/4.9.3/armv6-m/crtbegin.o
 .text.transmitUpdate
                0x000019b4        0xc .\CortexM0\ARM_GCC_493\Debug\main.o
                0x000019b4                transmitUpdate
 .text.stepCount
                0x000019c0       0x2c .\CortexM0\ARM_GCC_493\Debug\main.o
                0x000019c0                stepCount
 .text.uartReceive
                0x000019ec       0x50 .\CortexM0\ARM_GCC_493\Debug\main.o
                0x000019ec                uartReceive
 .text.fast_itoa
                0x00001a3c       0xc4 .\CortexM0\ARM_GCC_493\Debug\main.o
                0x00001a3c                fast_itoa
 .text.startup.main
                0x00001b00      0x3b0 .\CortexM0\ARM_GCC_493\Debug\main.o
                0x00001b00                main
 .text.IntDefaultHandler
                0x00001eb0        0x4 .\CortexM0\ARM_GCC_493\Debug\Cm0Start.o
                0x00001eb0                IntDefaultHandler
 .text.Start_c  0x00001eb4       0x4c .\CortexM0\ARM_GCC_493\Debug\Cm0Start.o
                0x00001eb4                Start_c
 .text.startup.initialize_psoc
                0x00001f00       0x60 .\CortexM0\ARM_GCC_493\Debug\Cm0Start.o
                0x00001f00                initialize_psoc
 .text.PWM_MOT_Enable
                0x00001f60       0x30 .\CortexM0\ARM_GCC_493\Debug\dcsd.a(PWM_MOT.o)
                0x00001f60                PWM_MOT_Enable
 .text.PWM_MOT_Start
                0x00001f90       0x6c .\CortexM0\ARM_GCC_493\Debug\dcsd.a(PWM_MOT.o)
                0x00001f90                PWM_MOT_Start
 .text.PWM_MOT_WriteCompare
                0x00001ffc       0x10 .\CortexM0\ARM_GCC_493\Debug\dcsd.a(PWM_MOT.o)
                0x00001ffc                PWM_MOT_WriteCompare
 .text.vin_Write
                0x0000200c       0x1c .\CortexM0\ARM_GCC_493\Debug\dcsd.a(vin.o)
                0x0000200c                vin_Write
 .text.err_Write
                0x00002028       0x1c .\CortexM0\ARM_GCC_493\Debug\dcsd.a(err.o)
                0x00002028                err_Write
 .text.phase_Write
                0x00002044       0x18 .\CortexM0\ARM_GCC_493\Debug\dcsd.a(phase.o)
                0x00002044                phase_Write
 .text.sleep_Write
                0x0000205c       0x1c .\CortexM0\ARM_GCC_493\Debug\dcsd.a(sleep.o)
                0x0000205c                sleep_Write
 .text.fault_Read
                0x00002078       0x10 .\CortexM0\ARM_GCC_493\Debug\dcsd.a(fault.o)
                0x00002078                fault_Read
 .text.ovc_Read
                0x00002088       0x10 .\CortexM0\ARM_GCC_493\Debug\dcsd.a(ovc.o)
                0x00002088                ovc_Read
 .text.ADC_Init
                0x00002098       0xf4 .\CortexM0\ARM_GCC_493\Debug\dcsd.a(ADC.o)
                0x00002098                ADC_Init
 .text.ADC_Start
                0x0000218c       0x38 .\CortexM0\ARM_GCC_493\Debug\dcsd.a(ADC.o)
                0x0000218c                ADC_Start
 .text.ADC_GetResult16
                0x000021c4       0x20 .\CortexM0\ARM_GCC_493\Debug\dcsd.a(ADC.o)
                0x000021c4                ADC_GetResult16
 .text.ADC_ISR  0x000021e4        0xc .\CortexM0\ARM_GCC_493\Debug\dcsd.a(ADC_INT.o)
                0x000021e4                ADC_ISR
 .text.UART_Start
                0x000021f0       0x2c .\CortexM0\ARM_GCC_493\Debug\dcsd.a(UART.o)
                0x000021f0                UART_Start
 .text.UART_SpiUartReadRxData
                0x0000221c        0xc .\CortexM0\ARM_GCC_493\Debug\dcsd.a(UART_SPI_UART.o)
                0x0000221c                UART_SpiUartReadRxData
 .text.UART_SpiUartGetRxBufferSize
                0x00002228       0x10 .\CortexM0\ARM_GCC_493\Debug\dcsd.a(UART_SPI_UART.o)
                0x00002228                UART_SpiUartGetRxBufferSize
 .text.UART_SpiUartWriteTxData
                0x00002238       0x1c .\CortexM0\ARM_GCC_493\Debug\dcsd.a(UART_SPI_UART.o)
                0x00002238                UART_SpiUartWriteTxData
 .text.UART_UartInit
                0x00002254       0xa0 .\CortexM0\ARM_GCC_493\Debug\dcsd.a(UART_UART.o)
                0x00002254                UART_UartInit
 .text.UART_UartPostEnable
                0x000022f4       0x24 .\CortexM0\ARM_GCC_493\Debug\dcsd.a(UART_UART.o)
                0x000022f4                UART_UartPostEnable
 .text.UART_UartGetChar
                0x00002318       0x2c .\CortexM0\ARM_GCC_493\Debug\dcsd.a(UART_UART.o)
                0x00002318                UART_UartGetChar
 .text.UART_UartPutString
                0x00002344       0x1c .\CortexM0\ARM_GCC_493\Debug\dcsd.a(UART_UART.o)
                0x00002344                UART_UartPutString
 .text.reset_Read
                0x00002360       0x10 .\CortexM0\ARM_GCC_493\Debug\dcsd.a(reset.o)
                0x00002360                reset_Read
 .text.error_Write
                0x00002370       0x1c .\CortexM0\ARM_GCC_493\Debug\dcsd.a(error.o)
                0x00002370                error_Write
 .text.direction_Read
                0x0000238c       0x10 .\CortexM0\ARM_GCC_493\Debug\dcsd.a(direction.o)
                0x0000238c                direction_Read
 .text.step_ClearInterrupt
                0x0000239c       0x14 .\CortexM0\ARM_GCC_493\Debug\dcsd.a(step.o)
                0x0000239c                step_ClearInterrupt
 .text.CySysClkWriteImoFreq
                0x000023b0      0x18c .\CortexM0\ARM_GCC_493\Debug\dcsd.a(CyLib.o)
                0x000023b0                CySysClkWriteImoFreq
 .text.CyIntSetVector
                0x0000253c       0x18 .\CortexM0\ARM_GCC_493\Debug\dcsd.a(CyLib.o)
                0x0000253c                CyIntSetVector
 .text.CyIntSetPriority
                0x00002554       0x40 .\CortexM0\ARM_GCC_493\Debug\dcsd.a(CyLib.o)
                0x00002554                CyIntSetPriority
 .text.CyIntEnable
                0x00002594       0x14 .\CortexM0\ARM_GCC_493\Debug\dcsd.a(CyLib.o)
                0x00002594                CyIntEnable
 .text.CyIntDisable
                0x000025a8       0x14 .\CortexM0\ARM_GCC_493\Debug\dcsd.a(CyLib.o)
                0x000025a8                CyIntDisable
 .text.CyHalt   0x000025bc        0x4 .\CortexM0\ARM_GCC_493\Debug\dcsd.a(CyLib.o)
                0x000025bc                CyHalt
 .text.CyDelay  0x000025c0       0x48 .\CortexM0\ARM_GCC_493\Debug\dcsd.a(CyLib.o)
                0x000025c0                CyDelay
 .text.CyDelayUs
                0x00002608       0x14 .\CortexM0\ARM_GCC_493\Debug\dcsd.a(CyLib.o)
                0x00002608                CyDelayUs
 .text.CySysWdtLock
                0x0000261c       0x1c .\CortexM0\ARM_GCC_493\Debug\dcsd.a(CyLFClk.o)
                0x0000261c                CySysWdtLock
 .text.CySysWdtUnlock
                0x00002638       0x30 .\CortexM0\ARM_GCC_493\Debug\dcsd.a(CyLFClk.o)
                0x00002638                CySysWdtUnlock
 .text.CySysWdtClearInterrupt
                0x00002668       0x5c .\CortexM0\ARM_GCC_493\Debug\dcsd.a(CyLFClk.o)
                0x00002668                CySysWdtClearInterrupt
 .text.CySysWdtIsr
                0x000026c4       0xa8 .\CortexM0\ARM_GCC_493\Debug\dcsd.a(CyLFClk.o)
                0x000026c4                CySysWdtIsr
 .text.stepISR_SetPriority
                0x0000276c       0x20 .\CortexM0\ARM_GCC_493\Debug\dcsd.a(stepISR.o)
                0x0000276c                stepISR_SetPriority
 .text.stepISR_StartEx
                0x0000278c       0x24 .\CortexM0\ARM_GCC_493\Debug\dcsd.a(stepISR.o)
                0x0000278c                stepISR_StartEx
 .text.rxISR_SetPriority
                0x000027b0       0x20 .\CortexM0\ARM_GCC_493\Debug\dcsd.a(rxISR.o)
                0x000027b0                rxISR_SetPriority
 .text.rxISR_StartEx
                0x000027d0       0x28 .\CortexM0\ARM_GCC_493\Debug\dcsd.a(rxISR.o)
                0x000027d0                rxISR_StartEx
 .text.TX_SEND_Enable
                0x000027f8       0x30 .\CortexM0\ARM_GCC_493\Debug\dcsd.a(TX_SEND.o)
                0x000027f8                TX_SEND_Enable
 .text.TX_SEND_Start
                0x00002828       0x4c .\CortexM0\ARM_GCC_493\Debug\dcsd.a(TX_SEND.o)
                0x00002828                TX_SEND_Start
 .text.txISR_SetPriority
                0x00002874       0x24 .\CortexM0\ARM_GCC_493\Debug\dcsd.a(txISR.o)
                0x00002874                txISR_SetPriority
 .text.txISR_StartEx
                0x00002898       0x24 .\CortexM0\ARM_GCC_493\Debug\dcsd.a(txISR.o)
                0x00002898                txISR_StartEx
 .text.EEPROM_Start
                0x000028bc        0x4 .\CortexM0\ARM_GCC_493\Debug\dcsd.a(EEPROM.o)
                0x000028bc                EEPROM_Start
 .text.EEPROM_Write
                0x000028c0       0x98 .\CortexM0\ARM_GCC_493\Debug\dcsd.a(EEPROM.o)
                0x000028c0                EEPROM_Write
 .text.QDEC_Init
                0x00002958       0x20 .\CortexM0\ARM_GCC_493\Debug\dcsd.a(QDEC.o)
                0x00002958                QDEC_Init
 .text.QDEC_Enable
                0x00002978       0x34 .\CortexM0\ARM_GCC_493\Debug\dcsd.a(QDEC.o)
                0x00002978                QDEC_Enable
 .text.QDEC_Start
                0x000029ac       0x34 .\CortexM0\ARM_GCC_493\Debug\dcsd.a(QDEC.o)
                0x000029ac                QDEC_Start
 .text.QDEC_GetCounter
                0x000029e0       0x2c .\CortexM0\ARM_GCC_493\Debug\dcsd.a(QDEC.o)
                0x000029e0                QDEC_GetCounter
 .text.QDEC_ISR
                0x00002a0c       0x44 .\CortexM0\ARM_GCC_493\Debug\dcsd.a(QDEC_INT.o)
                0x00002a0c                QDEC_ISR
 .text.QDEC_Cnt16_Init
                0x00002a50       0x78 .\CortexM0\ARM_GCC_493\Debug\dcsd.a(QDEC_Cnt16.o)
                0x00002a50                QDEC_Cnt16_Init
 .text.QDEC_Cnt16_Start
                0x00002ac8       0x28 .\CortexM0\ARM_GCC_493\Debug\dcsd.a(QDEC_Cnt16.o)
                0x00002ac8                QDEC_Cnt16_Start
 .text.QDEC_Cnt16_WriteCounter
                0x00002af0        0xc .\CortexM0\ARM_GCC_493\Debug\dcsd.a(QDEC_Cnt16.o)
                0x00002af0                QDEC_Cnt16_WriteCounter
 .text.QDEC_Cnt16_ReadCounter
                0x00002afc       0x14 .\CortexM0\ARM_GCC_493\Debug\dcsd.a(QDEC_Cnt16.o)
                0x00002afc                QDEC_Cnt16_ReadCounter
 .text          0x00002b10       0x28 .\CortexM0\ARM_GCC_493\Debug\dcsd.a(CyBootAsmGnu.o)
                0x00002b10                CyDelayCycles
                0x00002b24                CyEnterCriticalSection
                0x00002b2c                CyExitCriticalSection
 .text.CySysFlashWriteRow
                0x00002b38      0x1d8 .\CortexM0\ARM_GCC_493\Debug\dcsd.a(CyFlash.o)
                0x00002b38                CySysFlashWriteRow
 .text          0x00002d10      0x120 c:/program files (x86)/cypress/psoc creator/4.0/psoc creator/import/gnu/arm/4.9.3/bin/../lib/gcc/arm-none-eabi/4.9.3/armv6-m\libgcc.a(_udivsi3.o)
                0x00002d10                __aeabi_uidiv
                0x00002d10                __udivsi3
                0x00002e1c                __aeabi_uidivmod
 .text          0x00002e30        0x4 c:/program files (x86)/cypress/psoc creator/4.0/psoc creator/import/gnu/arm/4.9.3/bin/../lib/gcc/arm-none-eabi/4.9.3/armv6-m\libgcc.a(_dvmd_tls.o)
                0x00002e30                __aeabi_idiv0
                0x00002e30                __aeabi_ldiv0
 .text.atoi     0x00002e34        0xc c:/program files (x86)/cypress/psoc creator/4.0/psoc creator/import/gnu/arm/4.9.3/bin/../lib/gcc/arm-none-eabi/4.9.3/../../../../arm-none-eabi/lib/armv6-m\libg_nano.a(lib_a-atoi.o)
                0x00002e34                atoi
 .text.__libc_init_array
                0x00002e40       0x4c c:/program files (x86)/cypress/psoc creator/4.0/psoc creator/import/gnu/arm/4.9.3/bin/../lib/gcc/arm-none-eabi/4.9.3/../../../../arm-none-eabi/lib/armv6-m\libg_nano.a(lib_a-init.o)
                0x00002e40                __libc_init_array
 .text.memcpy   0x00002e8c       0x12 c:/program files (x86)/cypress/psoc creator/4.0/psoc creator/import/gnu/arm/4.9.3/bin/../lib/gcc/arm-none-eabi/4.9.3/../../../../arm-none-eabi/lib/armv6-m\libg_nano.a(lib_a-memcpy.o)
                0x00002e8c                memcpy
 .text.memset   0x00002e9e       0x10 c:/program files (x86)/cypress/psoc creator/4.0/psoc creator/import/gnu/arm/4.9.3/bin/../lib/gcc/arm-none-eabi/4.9.3/../../../../arm-none-eabi/lib/armv6-m\libg_nano.a(lib_a-memset.o)
                0x00002e9e                memset
 *fill*         0x00002eae        0x2 
 .text._strtol_r
                0x00002eb0      0x120 c:/program files (x86)/cypress/psoc creator/4.0/psoc creator/import/gnu/arm/4.9.3/bin/../lib/gcc/arm-none-eabi/4.9.3/../../../../arm-none-eabi/lib/armv6-m\libg_nano.a(lib_a-strtol.o)
                0x00002eb0                _strtol_r
 .text.strtol   0x00002fd0       0x1c c:/program files (x86)/cypress/psoc creator/4.0/psoc creator/import/gnu/arm/4.9.3/bin/../lib/gcc/arm-none-eabi/4.9.3/../../../../arm-none-eabi/lib/armv6-m\libg_nano.a(lib_a-strtol.o)
                0x00002fd0                strtol
 *(.plt)
 *(.gnu.warning)
 *(.glue_7t)
 .glue_7t       0x00000000        0x0 linker stubs
 *(.glue_7)
 .glue_7        0x00000000        0x0 linker stubs
 *(.vfp11_veneer)
 .vfp11_veneer  0x00000000        0x0 linker stubs
 *(.bootloader)
 *(.ARM.extab* .gnu.linkonce.armextab.*)
 *(.gcc_except_table)

.v4_bx          0x00002fec        0x0
 .v4_bx         0x00000000        0x0 linker stubs

.iplt           0x00002fec        0x0
 .iplt          0x00000000        0x0 c:/program files (x86)/cypress/psoc creator/4.0/psoc creator/import/gnu/arm/4.9.3/bin/../lib/gcc/arm-none-eabi/4.9.3/armv6-m/crtbegin.o

.eh_frame_hdr
 *(.eh_frame_hdr)

.eh_frame       0x00002fec        0x4
 *(.eh_frame)
 .eh_frame      0x00002fec        0x0 c:/program files (x86)/cypress/psoc creator/4.0/psoc creator/import/gnu/arm/4.9.3/bin/../lib/gcc/arm-none-eabi/4.9.3/armv6-m/crtbegin.o
 .eh_frame      0x00002fec        0x4 c:/program files (x86)/cypress/psoc creator/4.0/psoc creator/import/gnu/arm/4.9.3/bin/../lib/gcc/arm-none-eabi/4.9.3/armv6-m/crtend.o
                0x00002ff0                PROVIDE (__exidx_start, .)

.ARM.exidx
 *(.ARM.exidx* .gnu.linkonce.armexidx.*)
                0x00002ff0                __exidx_end = .

.rodata         0x00002ff0      0x558
 *(.rodata .rodata.* .gnu.linkonce.r.*)
 .rodata.cst2   0x00002ff0        0x2 .\CortexM0\ARM_GCC_493\Debug\main.o
 *fill*         0x00002ff2        0x2 
 .rodata        0x00002ff4      0x134 .\CortexM0\ARM_GCC_493\Debug\main.o
 .rodata        0x00003128      0x2b8 .\CortexM0\ARM_GCC_493\Debug\dcsd.a(cyfitter_cfg.o)
 .rodata        0x000033e0       0x30 .\CortexM0\ARM_GCC_493\Debug\dcsd.a(CyLib.o)
                0x000033e0                cyImoFreqMhz2Reg
 .rodata.str1.1
                0x00003410        0x2 c:/program files (x86)/cypress/psoc creator/4.0/psoc creator/import/gnu/arm/4.9.3/bin/../lib/gcc/arm-none-eabi/4.9.3/../../../../arm-none-eabi/lib/armv6-m\libg_nano.a(lib_a-impure.o)
 .rodata._ctype_
                0x00003412      0x101 c:/program files (x86)/cypress/psoc creator/4.0/psoc creator/import/gnu/arm/4.9.3/bin/../lib/gcc/arm-none-eabi/4.9.3/../../../../arm-none-eabi/lib/armv6-m\libg_nano.a(lib_a-ctype_.o)
                0x00003412                _ctype_
                0x00003514                . = ALIGN (0x4)
 *fill*         0x00003513        0x1 
 *(.init)
 .init          0x00003514        0x4 c:/program files (x86)/cypress/psoc creator/4.0/psoc creator/import/gnu/arm/4.9.3/bin/../lib/gcc/arm-none-eabi/4.9.3/armv6-m/crti.o
                0x00003514                _init
 .init          0x00003518        0x8 c:/program files (x86)/cypress/psoc creator/4.0/psoc creator/import/gnu/arm/4.9.3/bin/../lib/gcc/arm-none-eabi/4.9.3/armv6-m/crtn.o
                0x00003520                . = ALIGN (0x4)
                0x00003520                __preinit_array_start = .
 *(.preinit_array)
                0x00003520                __preinit_array_end = .
                0x00003520                . = ALIGN (0x4)
                0x00003520                __init_array_start = .
 *(SORT(.init_array.*))
 *(.init_array)
 .init_array    0x00003520        0x4 c:/program files (x86)/cypress/psoc creator/4.0/psoc creator/import/gnu/arm/4.9.3/bin/../lib/gcc/arm-none-eabi/4.9.3/armv6-m/crtbegin.o
 .init_array    0x00003524        0x4 .\CortexM0\ARM_GCC_493\Debug\Cm0Start.o
                0x00003528                __init_array_end = .
                0x00003528                . = ALIGN (0x4)
 *(.fini)
 .fini          0x00003528        0x4 c:/program files (x86)/cypress/psoc creator/4.0/psoc creator/import/gnu/arm/4.9.3/bin/../lib/gcc/arm-none-eabi/4.9.3/armv6-m/crti.o
                0x00003528                _fini
 .fini          0x0000352c        0x8 c:/program files (x86)/cypress/psoc creator/4.0/psoc creator/import/gnu/arm/4.9.3/bin/../lib/gcc/arm-none-eabi/4.9.3/armv6-m/crtn.o
                0x00003534                . = ALIGN (0x4)
                0x00003534                __fini_array_start = .
 *(.fini_array)
 .fini_array    0x00003534        0x4 c:/program files (x86)/cypress/psoc creator/4.0/psoc creator/import/gnu/arm/4.9.3/bin/../lib/gcc/arm-none-eabi/4.9.3/armv6-m/crtbegin.o
 *(SORT(.fini_array.*))
                0x00003538                __fini_array_end = .
                0x00003538                . = ALIGN (0x4)
 *crtbegin.o(.ctors)
 *(EXCLUDE_FILE(*crtend.o) .ctors)
 *(SORT(.ctors.*))
 *crtend.o(.ctors)
                0x00003538                . = ALIGN (0x4)
 *crtbegin.o(.dtors)
 *(EXCLUDE_FILE(*crtend.o) .dtors)
 *(SORT(.dtors.*))
 *crtend.o(.dtors)
                0x00003538                . = ALIGN (0x4)
                0x00003538                __cy_regions = .
                0x00003538        0x4 LONG 0x3548 __cy_region_init_ram
                0x0000353c        0x4 LONG 0x200000d0 __cy_region_start_data
                0x00003540        0x4 LONG 0x80 __cy_region_init_size_ram
                0x00003544        0x4 LONG 0x70 __cy_region_zero_size_ram
                0x00003548                __cy_regions_end = .
                0x00003548                . = ALIGN (0x8)
                0x00003548                _etext = .

.ramvectors     0x20000000       0xc0
                0x20000000                __cy_region_start_ram = .
 *(.ramvectors)
 .ramvectors    0x20000000       0xc0 .\CortexM0\ARM_GCC_493\Debug\Cm0Start.o
                0x20000000                CyRamVectors

.btldr_run      0x200000c0        0x4
 *(.bootloaderruntype)
 .bootloaderruntype
                0x200000c0        0x4 .\CortexM0\ARM_GCC_493\Debug\Cm0Start.o
                0x200000c0                cyBtldrRunType

.noinit         0x200000c8        0x4
 *(.noinit)
 .noinit        0x200000c8        0x4 .\CortexM0\ARM_GCC_493\Debug\Cm0Start.o

.data           0x200000d0       0x80 load address 0x00003548
                0x200000d0                __cy_region_start_data = .
 *(.jcr)
 .jcr           0x200000d0        0x0 c:/program files (x86)/cypress/psoc creator/4.0/psoc creator/import/gnu/arm/4.9.3/bin/../lib/gcc/arm-none-eabi/4.9.3/armv6-m/crtbegin.o
 .jcr           0x200000d0        0x4 c:/program files (x86)/cypress/psoc creator/4.0/psoc creator/import/gnu/arm/4.9.3/bin/../lib/gcc/arm-none-eabi/4.9.3/armv6-m/crtend.o
 *(.got.plt)
 *(.got)
 *(.shdata)
 *(.data .data.* .gnu.linkonce.d.*)
 .data          0x200000d4       0x10 .\CortexM0\ARM_GCC_493\Debug\dcsd.a(CyLib.o)
                0x200000d4                cydelayFreqMhz
                0x200000d8                cydelay32kMs
                0x200000dc                cydelayFreqKhz
                0x200000e0                cydelayFreqHz
 .data          0x200000e4        0x4 .\CortexM0\ARM_GCC_493\Debug\dcsd.a(CyLFClk.o)
 .data.impure_data
                0x200000e8       0x60 c:/program files (x86)/cypress/psoc creator/4.0/psoc creator/import/gnu/arm/4.9.3/bin/../lib/gcc/arm-none-eabi/4.9.3/../../../../arm-none-eabi/lib/armv6-m\libg_nano.a(lib_a-impure.o)
 .data._impure_ptr
                0x20000148        0x4 c:/program files (x86)/cypress/psoc creator/4.0/psoc creator/import/gnu/arm/4.9.3/bin/../lib/gcc/arm-none-eabi/4.9.3/../../../../arm-none-eabi/lib/armv6-m\libg_nano.a(lib_a-impure.o)
                0x20000148                _impure_ptr
 .data.__ctype_ptr__
                0x2000014c        0x4 c:/program files (x86)/cypress/psoc creator/4.0/psoc creator/import/gnu/arm/4.9.3/bin/../lib/gcc/arm-none-eabi/4.9.3/../../../../arm-none-eabi/lib/armv6-m\libg_nano.a(lib_a-ctype_.o)
                0x2000014c                __ctype_ptr__
                0x20000150                . = ALIGN (0x8)
 *(.ram)
                0x20000150                _edata = .

.igot.plt       0x20000150        0x0 load address 0x000035c8
 .igot.plt      0x00000000        0x0 c:/program files (x86)/cypress/psoc creator/4.0/psoc creator/import/gnu/arm/4.9.3/bin/../lib/gcc/arm-none-eabi/4.9.3/armv6-m/crtbegin.o

.bss            0x20000150       0x70 load address 0x000035c8
                0x20000150                PROVIDE (__bss_start__, .)
 *(.shbss)
 *(.bss .bss.* .gnu.linkonce.b.*)
 .bss           0x20000150       0x1c c:/program files (x86)/cypress/psoc creator/4.0/psoc creator/import/gnu/arm/4.9.3/bin/../lib/gcc/arm-none-eabi/4.9.3/armv6-m/crtbegin.o
 .bss           0x2000016c        0x1 .\CortexM0\ARM_GCC_493\Debug\dcsd.a(PWM_MOT.o)
                0x2000016c                PWM_MOT_initVar
 .bss           0x2000016d        0x1 .\CortexM0\ARM_GCC_493\Debug\dcsd.a(ADC.o)
                0x2000016d                ADC_initVar
 .bss           0x2000016e        0x4 .\CortexM0\ARM_GCC_493\Debug\dcsd.a(UART.o)
                0x2000016e                UART_initVar
                0x20000170                UART_IntrTxMask
 *fill*         0x20000172        0x2 
 .bss           0x20000174       0x20 .\CortexM0\ARM_GCC_493\Debug\dcsd.a(CyLFClk.o)
 .bss           0x20000194        0x1 .\CortexM0\ARM_GCC_493\Debug\dcsd.a(TX_SEND.o)
                0x20000194                TX_SEND_initVar
 .bss           0x20000195        0x1 .\CortexM0\ARM_GCC_493\Debug\dcsd.a(QDEC.o)
                0x20000195                QDEC_initVar
 *fill*         0x20000196        0x2 
 .bss           0x20000198        0x4 .\CortexM0\ARM_GCC_493\Debug\dcsd.a(QDEC_INT.o)
                0x20000198                QDEC_count32SoftPart
 .bss           0x2000019c        0x1 .\CortexM0\ARM_GCC_493\Debug\dcsd.a(QDEC_Cnt16.o)
                0x2000019c                QDEC_Cnt16_initVar
 *fill*         0x2000019d        0x3 
 .bss           0x200001a0        0x4 .\CortexM0\ARM_GCC_493\Debug\dcsd.a(CyFlash.o)
 *(COMMON)
 COMMON         0x200001a4        0xf .\CortexM0\ARM_GCC_493\Debug\main.o
                0x200001a4                command_parser
                0x200001aa                timeout_counter
                0x200001ac                set_point
                0x200001b0                transmit_ready
                0x200001b1                command_ready
                0x200001b2                command_index
 *fill*         0x200001b3        0x1 
 COMMON         0x200001b4        0x6 .\CortexM0\ARM_GCC_493\Debug\dcsd.a(ADC.o)
                0x200001b4                ADC_countsPer10Volt
                0x200001b8                ADC_offset
                0x200001c0                . = ALIGN (0x8)
 *fill*         0x200001ba        0x6 
 *(.ram.b)
                0x200001c0                _end = .
                0x200001c0                __end = .
                0x200001c0                PROVIDE (end, .)
                0x200001c0                PROVIDE (__bss_end__, .)
                0x00003548                __cy_region_init_ram = LOADADDR (.data)
                0x00000080                __cy_region_init_size_ram = (_edata - ADDR (.data))
                0x00000070                __cy_region_zero_size_ram = (_end - _edata)

.heap           0x200001c0       0x20 load address 0x000035c8
                0x200001c0                . = _end
                0x200001e0                . = (. + 0x20)
 *fill*         0x200001c0       0x20 
                0x200001e0                __cy_heap_limit = .

.stack          0x20000f00      0x100
                0x20000f00                __cy_stack_limit = .
                0x20001000                . = (. + 0x100)
 *fill*         0x20000f00      0x100 
                0x00000001                ASSERT ((__cy_stack_limit >= __cy_heap_limit), region RAM overflowed with stack)

.cy_checksum_exclude
                0x00007f80        0x0
 *(.cy_checksum_exclude)
                0x00000000                cy_checksum_exclude_size = (CY_APPL_LOADABLE == 0x1)?SIZEOF (.cy_checksum_exclude):0x0
                0x00000001                ASSERT ((cy_checksum_exclude_size <= CY_CHECKSUM_EXCLUDE_SIZE), CY_BOOT: Section .cy_checksum_exclude size exceedes specified limit.)
                0xf0000000                cyloadermeta_start = (cy_project_type_bootloader || cy_project_type_app_for_stack_and_copier)?(0x8000 - CY_METADATA_SIZE):0xf0000000

.cyloadermeta   0xf0000000       0x40
 *(.cyloadermeta)
 .cyloadermeta  0xf0000000       0x40 .\CortexM0\ARM_GCC_493\Debug\cybootloader.o
                0xf0000000                cy_meta_loader
                0x00007fc0                cyloadablemeta_start = cy_project_type_app_for_stack_and_copier?((0x8000 - CY_FLASH_ROW_SIZE) - CY_METADATA_SIZE):((0x8000 - (CY_FLASH_ROW_SIZE * (CY_APPL_NUM - 0x1))) - CY_METADATA_SIZE)

.cyloadablemeta
                0x00007fc0       0x40
 *(.cyloadablemeta)
 .cyloadablemeta
                0x00007fc0       0x40 .\CortexM0\ARM_GCC_493\Debug\cymetadata.o
                0x00007fc0                cy_meta_loadable

.cyflashprotect
                0x90400000       0x20
 *(.cyflashprotect)
 .cyflashprotect
                0x90400000       0x20 .\CortexM0\ARM_GCC_493\Debug\cybootloader.o
                0x90400000                cy_meta_flashprotect

.cymeta         0x90500000        0xc
 *(.cymeta)
 .cymeta        0x90500000        0xc .\CortexM0\ARM_GCC_493\Debug\cybootloader.o
                0x90500000                cy_metadata

.cychipprotect  0x90600000        0x4
 *(.cychipprotect)
 .cychipprotect
                0x90600000        0x4 .\CortexM0\ARM_GCC_493\Debug\cybootloader.o
                0x90600000                cy_meta_chipprotect

.rel.dyn        0x00008000        0x0 load address 0x90600004
 .rel.iplt      0x00000000        0x0 c:/program files (x86)/cypress/psoc creator/4.0/psoc creator/import/gnu/arm/4.9.3/bin/../lib/gcc/arm-none-eabi/4.9.3/armv6-m/crtbegin.o

.stab
 *(.stab)

.stabstr
 *(.stabstr)

.debug
 *(.debug)

.line
 *(.line)

.debug_srcinfo
 *(.debug_srcinfo)

.debug_sfnames
 *(.debug_sfnames)

.debug_aranges  0x00000000      0xdd8
 *(.debug_aranges)
 .debug_aranges
                0x00000000       0x40 .\CortexM0\ARM_GCC_493\Debug\main.o
 .debug_aranges
                0x00000040       0x18 .\CortexM0\ARM_GCC_493\Debug\cybootloader.o
 .debug_aranges
                0x00000058       0x18 .\CortexM0\ARM_GCC_493\Debug\cymetadata.o
 .debug_aranges
                0x00000070       0x48 .\CortexM0\ARM_GCC_493\Debug\Cm0Start.o
 .debug_aranges
                0x000000b8       0x28 .\CortexM0\ARM_GCC_493\Debug\dcsd.a(cyfitter_cfg.o)
 .debug_aranges
                0x000000e0      0x158 .\CortexM0\ARM_GCC_493\Debug\dcsd.a(PWM_MOT.o)
 .debug_aranges
                0x00000238       0x48 .\CortexM0\ARM_GCC_493\Debug\dcsd.a(vin.o)
 .debug_aranges
                0x00000280       0x48 .\CortexM0\ARM_GCC_493\Debug\dcsd.a(err.o)
 .debug_aranges
                0x000002c8       0x48 .\CortexM0\ARM_GCC_493\Debug\dcsd.a(phase.o)
 .debug_aranges
                0x00000310       0x48 .\CortexM0\ARM_GCC_493\Debug\dcsd.a(sleep.o)
 .debug_aranges
                0x00000358       0x48 .\CortexM0\ARM_GCC_493\Debug\dcsd.a(fault.o)
 .debug_aranges
                0x000003a0       0x48 .\CortexM0\ARM_GCC_493\Debug\dcsd.a(ovc.o)
 .debug_aranges
                0x000003e8       0xa8 .\CortexM0\ARM_GCC_493\Debug\dcsd.a(ADC.o)
 .debug_aranges
                0x00000490       0x20 .\CortexM0\ARM_GCC_493\Debug\dcsd.a(ADC_INT.o)
 .debug_aranges
                0x000004b0       0x50 .\CortexM0\ARM_GCC_493\Debug\dcsd.a(UART.o)
 .debug_aranges
                0x00000500       0x60 .\CortexM0\ARM_GCC_493\Debug\dcsd.a(UART_SPI_UART.o)
 .debug_aranges
                0x00000560       0x60 .\CortexM0\ARM_GCC_493\Debug\dcsd.a(UART_UART.o)
 .debug_aranges
                0x000005c0       0x48 .\CortexM0\ARM_GCC_493\Debug\dcsd.a(reset.o)
 .debug_aranges
                0x00000608       0x48 .\CortexM0\ARM_GCC_493\Debug\dcsd.a(error.o)
 .debug_aranges
                0x00000650       0x48 .\CortexM0\ARM_GCC_493\Debug\dcsd.a(direction.o)
 .debug_aranges
                0x00000698       0x48 .\CortexM0\ARM_GCC_493\Debug\dcsd.a(step.o)
 .debug_aranges
                0x000006e0      0x178 .\CortexM0\ARM_GCC_493\Debug\dcsd.a(CyLib.o)
 .debug_aranges
                0x00000858      0x118 .\CortexM0\ARM_GCC_493\Debug\dcsd.a(CyLFClk.o)
 .debug_aranges
                0x00000970       0x80 .\CortexM0\ARM_GCC_493\Debug\dcsd.a(stepISR.o)
 .debug_aranges
                0x000009f0       0x80 .\CortexM0\ARM_GCC_493\Debug\dcsd.a(rxISR.o)
 .debug_aranges
                0x00000a70      0x158 .\CortexM0\ARM_GCC_493\Debug\dcsd.a(TX_SEND.o)
 .debug_aranges
                0x00000bc8       0x80 .\CortexM0\ARM_GCC_493\Debug\dcsd.a(txISR.o)
 .debug_aranges
                0x00000c48       0x30 .\CortexM0\ARM_GCC_493\Debug\dcsd.a(EEPROM.o)
 .debug_aranges
                0x00000c78       0x60 .\CortexM0\ARM_GCC_493\Debug\dcsd.a(QDEC.o)
 .debug_aranges
                0x00000cd8       0x20 .\CortexM0\ARM_GCC_493\Debug\dcsd.a(QDEC_INT.o)
 .debug_aranges
                0x00000cf8       0x98 .\CortexM0\ARM_GCC_493\Debug\dcsd.a(QDEC_Cnt16.o)
 .debug_aranges
                0x00000d90       0x20 .\CortexM0\ARM_GCC_493\Debug\dcsd.a(CyBootAsmGnu.o)
 .debug_aranges
                0x00000db0       0x28 .\CortexM0\ARM_GCC_493\Debug\dcsd.a(CyFlash.o)

.debug_pubnames
 *(.debug_pubnames)

.debug_info     0x00000000     0x7a96
 *(.debug_info .gnu.linkonce.wi.*)
 .debug_info    0x00000000      0x9f0 .\CortexM0\ARM_GCC_493\Debug\main.o
 .debug_info    0x000009f0      0x14e .\CortexM0\ARM_GCC_493\Debug\cybootloader.o
 .debug_info    0x00000b3e       0xb2 .\CortexM0\ARM_GCC_493\Debug\cymetadata.o
 .debug_info    0x00000bf0      0x399 .\CortexM0\ARM_GCC_493\Debug\Cm0Start.o
 .debug_info    0x00000f89      0x440 .\CortexM0\ARM_GCC_493\Debug\dcsd.a(cyfitter_cfg.o)
 .debug_info    0x000013c9      0xa2b .\CortexM0\ARM_GCC_493\Debug\dcsd.a(PWM_MOT.o)
 .debug_info    0x00001df4      0x19b .\CortexM0\ARM_GCC_493\Debug\dcsd.a(vin.o)
 .debug_info    0x00001f8f      0x19b .\CortexM0\ARM_GCC_493\Debug\dcsd.a(err.o)
 .debug_info    0x0000212a      0x199 .\CortexM0\ARM_GCC_493\Debug\dcsd.a(phase.o)
 .debug_info    0x000022c3      0x19b .\CortexM0\ARM_GCC_493\Debug\dcsd.a(sleep.o)
 .debug_info    0x0000245e      0x19b .\CortexM0\ARM_GCC_493\Debug\dcsd.a(fault.o)
 .debug_info    0x000025f9      0x19b .\CortexM0\ARM_GCC_493\Debug\dcsd.a(ovc.o)
 .debug_info    0x00002794      0x5c0 .\CortexM0\ARM_GCC_493\Debug\dcsd.a(ADC.o)
 .debug_info    0x00002d54       0xc4 .\CortexM0\ARM_GCC_493\Debug\dcsd.a(ADC_INT.o)
 .debug_info    0x00002e18      0x274 .\CortexM0\ARM_GCC_493\Debug\dcsd.a(UART.o)
 .debug_info    0x0000308c      0x23e .\CortexM0\ARM_GCC_493\Debug\dcsd.a(UART_SPI_UART.o)
 .debug_info    0x000032ca      0x2c4 .\CortexM0\ARM_GCC_493\Debug\dcsd.a(UART_UART.o)
 .debug_info    0x0000358e      0x19b .\CortexM0\ARM_GCC_493\Debug\dcsd.a(reset.o)
 .debug_info    0x00003729      0x19b .\CortexM0\ARM_GCC_493\Debug\dcsd.a(error.o)
 .debug_info    0x000038c4      0x19b .\CortexM0\ARM_GCC_493\Debug\dcsd.a(direction.o)
 .debug_info    0x00003a5f      0x19b .\CortexM0\ARM_GCC_493\Debug\dcsd.a(step.o)
 .debug_info    0x00003bfa      0xd1a .\CortexM0\ARM_GCC_493\Debug\dcsd.a(CyLib.o)
 .debug_info    0x00004914      0xebf .\CortexM0\ARM_GCC_493\Debug\dcsd.a(CyLFClk.o)
 .debug_info    0x000057d3      0x350 .\CortexM0\ARM_GCC_493\Debug\dcsd.a(stepISR.o)
 .debug_info    0x00005b23      0x350 .\CortexM0\ARM_GCC_493\Debug\dcsd.a(rxISR.o)
 .debug_info    0x00005e73      0x9e4 .\CortexM0\ARM_GCC_493\Debug\dcsd.a(TX_SEND.o)
 .debug_info    0x00006857      0x350 .\CortexM0\ARM_GCC_493\Debug\dcsd.a(txISR.o)
 .debug_info    0x00006ba7      0x1e4 .\CortexM0\ARM_GCC_493\Debug\dcsd.a(EEPROM.o)
 .debug_info    0x00006d8b      0x422 .\CortexM0\ARM_GCC_493\Debug\dcsd.a(QDEC.o)
 .debug_info    0x000071ad       0xec .\CortexM0\ARM_GCC_493\Debug\dcsd.a(QDEC_INT.o)
 .debug_info    0x00007299      0x3fc .\CortexM0\ARM_GCC_493\Debug\dcsd.a(QDEC_Cnt16.o)
 .debug_info    0x00007695       0x75 .\CortexM0\ARM_GCC_493\Debug\dcsd.a(CyBootAsmGnu.o)
 .debug_info    0x0000770a      0x38c .\CortexM0\ARM_GCC_493\Debug\dcsd.a(CyFlash.o)

.debug_abbrev   0x00000000     0x2e98
 *(.debug_abbrev)
 .debug_abbrev  0x00000000      0x210 .\CortexM0\ARM_GCC_493\Debug\main.o
 .debug_abbrev  0x00000210       0x77 .\CortexM0\ARM_GCC_493\Debug\cybootloader.o
 .debug_abbrev  0x00000287       0x5d .\CortexM0\ARM_GCC_493\Debug\cymetadata.o
 .debug_abbrev  0x000002e4      0x20d .\CortexM0\ARM_GCC_493\Debug\Cm0Start.o
 .debug_abbrev  0x000004f1      0x261 .\CortexM0\ARM_GCC_493\Debug\dcsd.a(cyfitter_cfg.o)
 .debug_abbrev  0x00000752      0x1c6 .\CortexM0\ARM_GCC_493\Debug\dcsd.a(PWM_MOT.o)
 .debug_abbrev  0x00000918       0xc6 .\CortexM0\ARM_GCC_493\Debug\dcsd.a(vin.o)
 .debug_abbrev  0x000009de       0xc6 .\CortexM0\ARM_GCC_493\Debug\dcsd.a(err.o)
 .debug_abbrev  0x00000aa4       0xd5 .\CortexM0\ARM_GCC_493\Debug\dcsd.a(phase.o)
 .debug_abbrev  0x00000b79       0xc6 .\CortexM0\ARM_GCC_493\Debug\dcsd.a(sleep.o)
 .debug_abbrev  0x00000c3f       0xc6 .\CortexM0\ARM_GCC_493\Debug\dcsd.a(fault.o)
 .debug_abbrev  0x00000d05       0xc6 .\CortexM0\ARM_GCC_493\Debug\dcsd.a(ovc.o)
 .debug_abbrev  0x00000dcb      0x1db .\CortexM0\ARM_GCC_493\Debug\dcsd.a(ADC.o)
 .debug_abbrev  0x00000fa6       0x65 .\CortexM0\ARM_GCC_493\Debug\dcsd.a(ADC_INT.o)
 .debug_abbrev  0x0000100b      0x136 .\CortexM0\ARM_GCC_493\Debug\dcsd.a(UART.o)
 .debug_abbrev  0x00001141      0x188 .\CortexM0\ARM_GCC_493\Debug\dcsd.a(UART_SPI_UART.o)
 .debug_abbrev  0x000012c9      0x13d .\CortexM0\ARM_GCC_493\Debug\dcsd.a(UART_UART.o)
 .debug_abbrev  0x00001406       0xc6 .\CortexM0\ARM_GCC_493\Debug\dcsd.a(reset.o)
 .debug_abbrev  0x000014cc       0xc6 .\CortexM0\ARM_GCC_493\Debug\dcsd.a(error.o)
 .debug_abbrev  0x00001592       0xc6 .\CortexM0\ARM_GCC_493\Debug\dcsd.a(direction.o)
 .debug_abbrev  0x00001658       0xc6 .\CortexM0\ARM_GCC_493\Debug\dcsd.a(step.o)
 .debug_abbrev  0x0000171e      0x352 .\CortexM0\ARM_GCC_493\Debug\dcsd.a(CyLib.o)
 .debug_abbrev  0x00001a70      0x3a5 .\CortexM0\ARM_GCC_493\Debug\dcsd.a(CyLFClk.o)
 .debug_abbrev  0x00001e15      0x25e .\CortexM0\ARM_GCC_493\Debug\dcsd.a(stepISR.o)
 .debug_abbrev  0x00002073      0x24d .\CortexM0\ARM_GCC_493\Debug\dcsd.a(rxISR.o)
 .debug_abbrev  0x000022c0      0x1c6 .\CortexM0\ARM_GCC_493\Debug\dcsd.a(TX_SEND.o)
 .debug_abbrev  0x00002486      0x25e .\CortexM0\ARM_GCC_493\Debug\dcsd.a(txISR.o)
 .debug_abbrev  0x000026e4      0x101 .\CortexM0\ARM_GCC_493\Debug\dcsd.a(EEPROM.o)
 .debug_abbrev  0x000027e5      0x201 .\CortexM0\ARM_GCC_493\Debug\dcsd.a(QDEC.o)
 .debug_abbrev  0x000029e6       0x78 .\CortexM0\ARM_GCC_493\Debug\dcsd.a(QDEC_INT.o)
 .debug_abbrev  0x00002a5e      0x219 .\CortexM0\ARM_GCC_493\Debug\dcsd.a(QDEC_Cnt16.o)
 .debug_abbrev  0x00002c77       0x14 .\CortexM0\ARM_GCC_493\Debug\dcsd.a(CyBootAsmGnu.o)
 .debug_abbrev  0x00002c8b      0x20d .\CortexM0\ARM_GCC_493\Debug\dcsd.a(CyFlash.o)

.debug_line     0x00000000     0x363d
 *(.debug_line)
 .debug_line    0x00000000      0x3a2 .\CortexM0\ARM_GCC_493\Debug\main.o
 .debug_line    0x000003a2       0x53 .\CortexM0\ARM_GCC_493\Debug\cybootloader.o
 .debug_line    0x000003f5       0x51 .\CortexM0\ARM_GCC_493\Debug\cymetadata.o
 .debug_line    0x00000446      0x259 .\CortexM0\ARM_GCC_493\Debug\Cm0Start.o
 .debug_line    0x0000069f      0x1c0 .\CortexM0\ARM_GCC_493\Debug\dcsd.a(cyfitter_cfg.o)
 .debug_line    0x0000085f      0x41f .\CortexM0\ARM_GCC_493\Debug\dcsd.a(PWM_MOT.o)
 .debug_line    0x00000c7e       0xc8 .\CortexM0\ARM_GCC_493\Debug\dcsd.a(vin.o)
 .debug_line    0x00000d46       0xc8 .\CortexM0\ARM_GCC_493\Debug\dcsd.a(err.o)
 .debug_line    0x00000e0e       0xc9 .\CortexM0\ARM_GCC_493\Debug\dcsd.a(phase.o)
 .debug_line    0x00000ed7       0xca .\CortexM0\ARM_GCC_493\Debug\dcsd.a(sleep.o)
 .debug_line    0x00000fa1       0xca .\CortexM0\ARM_GCC_493\Debug\dcsd.a(fault.o)
 .debug_line    0x0000106b       0xc8 .\CortexM0\ARM_GCC_493\Debug\dcsd.a(ovc.o)
 .debug_line    0x00001133      0x2ed .\CortexM0\ARM_GCC_493\Debug\dcsd.a(ADC.o)
 .debug_line    0x00001420       0x68 .\CortexM0\ARM_GCC_493\Debug\dcsd.a(ADC_INT.o)
 .debug_line    0x00001488      0x136 .\CortexM0\ARM_GCC_493\Debug\dcsd.a(UART.o)
 .debug_line    0x000015be      0x138 .\CortexM0\ARM_GCC_493\Debug\dcsd.a(UART_SPI_UART.o)
 .debug_line    0x000016f6      0x178 .\CortexM0\ARM_GCC_493\Debug\dcsd.a(UART_UART.o)
 .debug_line    0x0000186e       0xca .\CortexM0\ARM_GCC_493\Debug\dcsd.a(reset.o)
 .debug_line    0x00001938       0xca .\CortexM0\ARM_GCC_493\Debug\dcsd.a(error.o)
 .debug_line    0x00001a02       0xcd .\CortexM0\ARM_GCC_493\Debug\dcsd.a(direction.o)
 .debug_line    0x00001acf       0xc9 .\CortexM0\ARM_GCC_493\Debug\dcsd.a(step.o)
 .debug_line    0x00001b98      0x561 .\CortexM0\ARM_GCC_493\Debug\dcsd.a(CyLib.o)
 .debug_line    0x000020f9      0x584 .\CortexM0\ARM_GCC_493\Debug\dcsd.a(CyLFClk.o)
 .debug_line    0x0000267d      0x1b1 .\CortexM0\ARM_GCC_493\Debug\dcsd.a(stepISR.o)
 .debug_line    0x0000282e      0x19f .\CortexM0\ARM_GCC_493\Debug\dcsd.a(rxISR.o)
 .debug_line    0x000029cd      0x41a .\CortexM0\ARM_GCC_493\Debug\dcsd.a(TX_SEND.o)
 .debug_line    0x00002de7      0x1ad .\CortexM0\ARM_GCC_493\Debug\dcsd.a(txISR.o)
 .debug_line    0x00002f94       0xc5 .\CortexM0\ARM_GCC_493\Debug\dcsd.a(EEPROM.o)
 .debug_line    0x00003059      0x163 .\CortexM0\ARM_GCC_493\Debug\dcsd.a(QDEC.o)
 .debug_line    0x000031bc       0x6e .\CortexM0\ARM_GCC_493\Debug\dcsd.a(QDEC_INT.o)
 .debug_line    0x0000322a      0x20c .\CortexM0\ARM_GCC_493\Debug\dcsd.a(QDEC_Cnt16.o)
 .debug_line    0x00003436       0x69 .\CortexM0\ARM_GCC_493\Debug\dcsd.a(CyBootAsmGnu.o)
 .debug_line    0x0000349f      0x19e .\CortexM0\ARM_GCC_493\Debug\dcsd.a(CyFlash.o)

.debug_frame    0x00000000     0x2114
 *(.debug_frame)
 .debug_frame   0x00000000       0xac .\CortexM0\ARM_GCC_493\Debug\main.o
 .debug_frame   0x000000ac       0xbc .\CortexM0\ARM_GCC_493\Debug\Cm0Start.o
 .debug_frame   0x00000168       0x48 .\CortexM0\ARM_GCC_493\Debug\dcsd.a(cyfitter_cfg.o)
 .debug_frame   0x000001b0      0x384 .\CortexM0\ARM_GCC_493\Debug\dcsd.a(PWM_MOT.o)
 .debug_frame   0x00000534       0x70 .\CortexM0\ARM_GCC_493\Debug\dcsd.a(vin.o)
 .debug_frame   0x000005a4       0x70 .\CortexM0\ARM_GCC_493\Debug\dcsd.a(err.o)
 .debug_frame   0x00000614       0x70 .\CortexM0\ARM_GCC_493\Debug\dcsd.a(phase.o)
 .debug_frame   0x00000684       0x70 .\CortexM0\ARM_GCC_493\Debug\dcsd.a(sleep.o)
 .debug_frame   0x000006f4       0x70 .\CortexM0\ARM_GCC_493\Debug\dcsd.a(fault.o)
 .debug_frame   0x00000764       0x70 .\CortexM0\ARM_GCC_493\Debug\dcsd.a(ovc.o)
 .debug_frame   0x000007d4      0x1b0 .\CortexM0\ARM_GCC_493\Debug\dcsd.a(ADC.o)
 .debug_frame   0x00000984       0x20 .\CortexM0\ARM_GCC_493\Debug\dcsd.a(ADC_INT.o)
 .debug_frame   0x000009a4       0xb0 .\CortexM0\ARM_GCC_493\Debug\dcsd.a(UART.o)
 .debug_frame   0x00000a54       0xb0 .\CortexM0\ARM_GCC_493\Debug\dcsd.a(UART_SPI_UART.o)
 .debug_frame   0x00000b04       0xd0 .\CortexM0\ARM_GCC_493\Debug\dcsd.a(UART_UART.o)
 .debug_frame   0x00000bd4       0x70 .\CortexM0\ARM_GCC_493\Debug\dcsd.a(reset.o)
 .debug_frame   0x00000c44       0x70 .\CortexM0\ARM_GCC_493\Debug\dcsd.a(error.o)
 .debug_frame   0x00000cb4       0x70 .\CortexM0\ARM_GCC_493\Debug\dcsd.a(direction.o)
 .debug_frame   0x00000d24       0x70 .\CortexM0\ARM_GCC_493\Debug\dcsd.a(step.o)
 .debug_frame   0x00000d94      0x398 .\CortexM0\ARM_GCC_493\Debug\dcsd.a(CyLib.o)
 .debug_frame   0x0000112c      0x334 .\CortexM0\ARM_GCC_493\Debug\dcsd.a(CyLFClk.o)
 .debug_frame   0x00001460      0x104 .\CortexM0\ARM_GCC_493\Debug\dcsd.a(stepISR.o)
 .debug_frame   0x00001564      0x104 .\CortexM0\ARM_GCC_493\Debug\dcsd.a(rxISR.o)
 .debug_frame   0x00001668      0x384 .\CortexM0\ARM_GCC_493\Debug\dcsd.a(TX_SEND.o)
 .debug_frame   0x000019ec      0x104 .\CortexM0\ARM_GCC_493\Debug\dcsd.a(txISR.o)
 .debug_frame   0x00001af0       0x68 .\CortexM0\ARM_GCC_493\Debug\dcsd.a(EEPROM.o)
 .debug_frame   0x00001b58       0xe8 .\CortexM0\ARM_GCC_493\Debug\dcsd.a(QDEC.o)
 .debug_frame   0x00001c40       0x20 .\CortexM0\ARM_GCC_493\Debug\dcsd.a(QDEC_INT.o)
 .debug_frame   0x00001c60      0x128 .\CortexM0\ARM_GCC_493\Debug\dcsd.a(QDEC_Cnt16.o)
 .debug_frame   0x00001d88       0x64 .\CortexM0\ARM_GCC_493\Debug\dcsd.a(CyFlash.o)
 .debug_frame   0x00001dec       0x20 c:/program files (x86)/cypress/psoc creator/4.0/psoc creator/import/gnu/arm/4.9.3/bin/../lib/gcc/arm-none-eabi/4.9.3/armv6-m\libgcc.a(_udivsi3.o)
 .debug_frame   0x00001e0c       0x20 c:/program files (x86)/cypress/psoc creator/4.0/psoc creator/import/gnu/arm/4.9.3/bin/../lib/gcc/arm-none-eabi/4.9.3/armv6-m\libgcc.a(_divsi3.o)
 .debug_frame   0x00001e2c       0x34 c:/program files (x86)/cypress/psoc creator/4.0/psoc creator/import/gnu/arm/4.9.3/bin/../lib/gcc/arm-none-eabi/4.9.3/armv6-m\libgcc.a(_muldi3.o)
 .debug_frame   0x00001e60       0x50 c:/program files (x86)/cypress/psoc creator/4.0/psoc creator/import/gnu/arm/4.9.3/bin/../lib/gcc/arm-none-eabi/4.9.3/armv6-m\libgcc.a(bpabi.o)
 .debug_frame   0x00001eb0       0x3c c:/program files (x86)/cypress/psoc creator/4.0/psoc creator/import/gnu/arm/4.9.3/bin/../lib/gcc/arm-none-eabi/4.9.3/armv6-m\libgcc.a(divsf3.o)
 .debug_frame   0x00001eec       0x3c c:/program files (x86)/cypress/psoc creator/4.0/psoc creator/import/gnu/arm/4.9.3/bin/../lib/gcc/arm-none-eabi/4.9.3/armv6-m\libgcc.a(mulsf3.o)
 .debug_frame   0x00001f28       0x2c c:/program files (x86)/cypress/psoc creator/4.0/psoc creator/import/gnu/arm/4.9.3/bin/../lib/gcc/arm-none-eabi/4.9.3/armv6-m\libgcc.a(floatsisf.o)
 .debug_frame   0x00001f54       0x3c c:/program files (x86)/cypress/psoc creator/4.0/psoc creator/import/gnu/arm/4.9.3/bin/../lib/gcc/arm-none-eabi/4.9.3/armv6-m\libgcc.a(_divdi3.o)
 .debug_frame   0x00001f90       0x3c c:/program files (x86)/cypress/psoc creator/4.0/psoc creator/import/gnu/arm/4.9.3/bin/../lib/gcc/arm-none-eabi/4.9.3/armv6-m\libgcc.a(_udivdi3.o)
 .debug_frame   0x00001fcc       0x40 c:/program files (x86)/cypress/psoc creator/4.0/psoc creator/import/gnu/arm/4.9.3/bin/../lib/gcc/arm-none-eabi/4.9.3/../../../../arm-none-eabi/lib/armv6-m\libg_nano.a(lib_a-atoi.o)
 .debug_frame   0x0000200c       0x20 c:/program files (x86)/cypress/psoc creator/4.0/psoc creator/import/gnu/arm/4.9.3/bin/../lib/gcc/arm-none-eabi/4.9.3/../../../../arm-none-eabi/lib/armv6-m\libg_nano.a(lib_a-errno.o)
 .debug_frame   0x0000202c       0x28 c:/program files (x86)/cypress/psoc creator/4.0/psoc creator/import/gnu/arm/4.9.3/bin/../lib/gcc/arm-none-eabi/4.9.3/../../../../arm-none-eabi/lib/armv6-m\libg_nano.a(lib_a-exit.o)
 .debug_frame   0x00002054       0x2c c:/program files (x86)/cypress/psoc creator/4.0/psoc creator/import/gnu/arm/4.9.3/bin/../lib/gcc/arm-none-eabi/4.9.3/../../../../arm-none-eabi/lib/armv6-m\libg_nano.a(lib_a-init.o)
 .debug_frame   0x00002080       0x28 c:/program files (x86)/cypress/psoc creator/4.0/psoc creator/import/gnu/arm/4.9.3/bin/../lib/gcc/arm-none-eabi/4.9.3/../../../../arm-none-eabi/lib/armv6-m\libg_nano.a(lib_a-memcpy.o)
 .debug_frame   0x000020a8       0x20 c:/program files (x86)/cypress/psoc creator/4.0/psoc creator/import/gnu/arm/4.9.3/bin/../lib/gcc/arm-none-eabi/4.9.3/../../../../arm-none-eabi/lib/armv6-m\libg_nano.a(lib_a-memset.o)
 .debug_frame   0x000020c8       0x4c c:/program files (x86)/cypress/psoc creator/4.0/psoc creator/import/gnu/arm/4.9.3/bin/../lib/gcc/arm-none-eabi/4.9.3/../../../../arm-none-eabi/lib/armv6-m\libg_nano.a(lib_a-strtol.o)

.debug_str      0x00000000     0x2a39
 *(.debug_str)
 .debug_str     0x00000000      0x4dd .\CortexM0\ARM_GCC_493\Debug\main.o
                                0x577 (size before relaxing)
 .debug_str     0x000004dd       0x78 .\CortexM0\ARM_GCC_493\Debug\cybootloader.o
                                0x1db (size before relaxing)
 .debug_str     0x00000555       0x35 .\CortexM0\ARM_GCC_493\Debug\cymetadata.o
                                0x198 (size before relaxing)
 .debug_str     0x0000058a      0x156 .\CortexM0\ARM_GCC_493\Debug\Cm0Start.o
                                0x2f2 (size before relaxing)
 .debug_str     0x000006e0      0x125 .\CortexM0\ARM_GCC_493\Debug\dcsd.a(cyfitter_cfg.o)
                                0x2ec (size before relaxing)
 .debug_str     0x00000805      0x44e .\CortexM0\ARM_GCC_493\Debug\dcsd.a(PWM_MOT.o)
                                0x5e7 (size before relaxing)
 .debug_str     0x00000c53       0x93 .\CortexM0\ARM_GCC_493\Debug\dcsd.a(vin.o)
                                0x216 (size before relaxing)
 .debug_str     0x00000ce6       0x6f .\CortexM0\ARM_GCC_493\Debug\dcsd.a(err.o)
                                0x216 (size before relaxing)
 .debug_str     0x00000d55       0x7b .\CortexM0\ARM_GCC_493\Debug\dcsd.a(phase.o)
                                0x224 (size before relaxing)
 .debug_str     0x00000dd0       0x7b .\CortexM0\ARM_GCC_493\Debug\dcsd.a(sleep.o)
                                0x224 (size before relaxing)
 .debug_str     0x00000e4b       0x7c .\CortexM0\ARM_GCC_493\Debug\dcsd.a(fault.o)
                                0x224 (size before relaxing)
 .debug_str     0x00000ec7       0x70 .\CortexM0\ARM_GCC_493\Debug\dcsd.a(ovc.o)
                                0x216 (size before relaxing)
 .debug_str     0x00000f37      0x1cc .\CortexM0\ARM_GCC_493\Debug\dcsd.a(ADC.o)
                                0x3b3 (size before relaxing)
 .debug_str     0x00001103       0x35 .\CortexM0\ARM_GCC_493\Debug\dcsd.a(ADC_INT.o)
                                0x19f (size before relaxing)
 .debug_str     0x00001138      0x126 .\CortexM0\ARM_GCC_493\Debug\dcsd.a(UART.o)
                                0x2a8 (size before relaxing)
 .debug_str     0x0000125e      0x11d .\CortexM0\ARM_GCC_493\Debug\dcsd.a(UART_SPI_UART.o)
                                0x2b0 (size before relaxing)
 .debug_str     0x0000137b       0xa8 .\CortexM0\ARM_GCC_493\Debug\dcsd.a(UART_UART.o)
                                0x2e4 (size before relaxing)
 .debug_str     0x00001423       0x7c .\CortexM0\ARM_GCC_493\Debug\dcsd.a(reset.o)
                                0x224 (size before relaxing)
 .debug_str     0x0000149f       0x7b .\CortexM0\ARM_GCC_493\Debug\dcsd.a(error.o)
                                0x224 (size before relaxing)
 .debug_str     0x0000151a       0x94 .\CortexM0\ARM_GCC_493\Debug\dcsd.a(direction.o)
                                0x240 (size before relaxing)
 .debug_str     0x000015ae       0x6c .\CortexM0\ARM_GCC_493\Debug\dcsd.a(step.o)
                                0x21d (size before relaxing)
 .debug_str     0x0000161a      0x43e .\CortexM0\ARM_GCC_493\Debug\dcsd.a(CyLib.o)
                                0x677 (size before relaxing)
 .debug_str     0x00001a58      0x520 .\CortexM0\ARM_GCC_493\Debug\dcsd.a(CyLFClk.o)
                                0x71f (size before relaxing)
 .debug_str     0x00001f78      0x101 .\CortexM0\ARM_GCC_493\Debug\dcsd.a(stepISR.o)
                                0x2e8 (size before relaxing)
 .debug_str     0x00002079       0xd8 .\CortexM0\ARM_GCC_493\Debug\dcsd.a(rxISR.o)
                                0x2cc (size before relaxing)
 .debug_str     0x00002151      0x36d .\CortexM0\ARM_GCC_493\Debug\dcsd.a(TX_SEND.o)
                                0x5e7 (size before relaxing)
 .debug_str     0x000024be       0xd8 .\CortexM0\ARM_GCC_493\Debug\dcsd.a(txISR.o)
                                0x2cc (size before relaxing)
 .debug_str     0x00002596       0x9a .\CortexM0\ARM_GCC_493\Debug\dcsd.a(EEPROM.o)
                                0x22c (size before relaxing)
 .debug_str     0x00002630      0x10a .\CortexM0\ARM_GCC_493\Debug\dcsd.a(QDEC.o)
                                0x335 (size before relaxing)
 .debug_str     0x0000273a       0x39 .\CortexM0\ARM_GCC_493\Debug\dcsd.a(QDEC_INT.o)
                                0x1bc (size before relaxing)
 .debug_str     0x00002773      0x196 .\CortexM0\ARM_GCC_493\Debug\dcsd.a(QDEC_Cnt16.o)
                                0x399 (size before relaxing)
 .debug_str     0x00002909      0x130 .\CortexM0\ARM_GCC_493\Debug\dcsd.a(CyFlash.o)
                                0x310 (size before relaxing)

.debug_loc      0x00000000     0x3b63
 *(.debug_loc)
 .debug_loc     0x00000000      0x528 .\CortexM0\ARM_GCC_493\Debug\main.o
 .debug_loc     0x00000528      0x1a5 .\CortexM0\ARM_GCC_493\Debug\Cm0Start.o
 .debug_loc     0x000006cd      0x124 .\CortexM0\ARM_GCC_493\Debug\dcsd.a(cyfitter_cfg.o)
 .debug_loc     0x000007f1      0x5a1 .\CortexM0\ARM_GCC_493\Debug\dcsd.a(PWM_MOT.o)
 .debug_loc     0x00000d92       0xa1 .\CortexM0\ARM_GCC_493\Debug\dcsd.a(vin.o)
 .debug_loc     0x00000e33       0xa1 .\CortexM0\ARM_GCC_493\Debug\dcsd.a(err.o)
 .debug_loc     0x00000ed4       0x80 .\CortexM0\ARM_GCC_493\Debug\dcsd.a(phase.o)
 .debug_loc     0x00000f54       0xa1 .\CortexM0\ARM_GCC_493\Debug\dcsd.a(sleep.o)
 .debug_loc     0x00000ff5       0xa1 .\CortexM0\ARM_GCC_493\Debug\dcsd.a(fault.o)
 .debug_loc     0x00001096       0xa1 .\CortexM0\ARM_GCC_493\Debug\dcsd.a(ovc.o)
 .debug_loc     0x00001137      0x3fd .\CortexM0\ARM_GCC_493\Debug\dcsd.a(ADC.o)
 .debug_loc     0x00001534       0x7e .\CortexM0\ARM_GCC_493\Debug\dcsd.a(UART.o)
 .debug_loc     0x000015b2       0xef .\CortexM0\ARM_GCC_493\Debug\dcsd.a(UART_SPI_UART.o)
 .debug_loc     0x000016a1      0x1b6 .\CortexM0\ARM_GCC_493\Debug\dcsd.a(UART_UART.o)
 .debug_loc     0x00001857       0xa1 .\CortexM0\ARM_GCC_493\Debug\dcsd.a(reset.o)
 .debug_loc     0x000018f8       0xa1 .\CortexM0\ARM_GCC_493\Debug\dcsd.a(error.o)
 .debug_loc     0x00001999       0xa1 .\CortexM0\ARM_GCC_493\Debug\dcsd.a(direction.o)
 .debug_loc     0x00001a3a       0xa1 .\CortexM0\ARM_GCC_493\Debug\dcsd.a(step.o)
 .debug_loc     0x00001adb      0x7c9 .\CortexM0\ARM_GCC_493\Debug\dcsd.a(CyLib.o)
 .debug_loc     0x000022a4      0xb60 .\CortexM0\ARM_GCC_493\Debug\dcsd.a(CyLFClk.o)
 .debug_loc     0x00002e04       0xaa .\CortexM0\ARM_GCC_493\Debug\dcsd.a(stepISR.o)
 .debug_loc     0x00002eae       0xac .\CortexM0\ARM_GCC_493\Debug\dcsd.a(rxISR.o)
 .debug_loc     0x00002f5a      0x58d .\CortexM0\ARM_GCC_493\Debug\dcsd.a(TX_SEND.o)
 .debug_loc     0x000034e7       0xab .\CortexM0\ARM_GCC_493\Debug\dcsd.a(txISR.o)
 .debug_loc     0x00003592      0x1c6 .\CortexM0\ARM_GCC_493\Debug\dcsd.a(EEPROM.o)
 .debug_loc     0x00003758       0xb8 .\CortexM0\ARM_GCC_493\Debug\dcsd.a(QDEC.o)
 .debug_loc     0x00003810       0x1e .\CortexM0\ARM_GCC_493\Debug\dcsd.a(QDEC_INT.o)
 .debug_loc     0x0000382e       0x58 .\CortexM0\ARM_GCC_493\Debug\dcsd.a(QDEC_Cnt16.o)
 .debug_loc     0x00003886      0x2dd .\CortexM0\ARM_GCC_493\Debug\dcsd.a(CyFlash.o)

.debug_macinfo
 *(.debug_macinfo)

.debug_ranges   0x00000000     0x1180
 *(.debug_ranges)
 .debug_ranges  0x00000000       0x48 .\CortexM0\ARM_GCC_493\Debug\main.o
 .debug_ranges  0x00000048       0x58 .\CortexM0\ARM_GCC_493\Debug\Cm0Start.o
 .debug_ranges  0x000000a0       0xd8 .\CortexM0\ARM_GCC_493\Debug\dcsd.a(cyfitter_cfg.o)
 .debug_ranges  0x00000178      0x160 .\CortexM0\ARM_GCC_493\Debug\dcsd.a(PWM_MOT.o)
 .debug_ranges  0x000002d8       0x38 .\CortexM0\ARM_GCC_493\Debug\dcsd.a(vin.o)
 .debug_ranges  0x00000310       0x38 .\CortexM0\ARM_GCC_493\Debug\dcsd.a(err.o)
 .debug_ranges  0x00000348       0x38 .\CortexM0\ARM_GCC_493\Debug\dcsd.a(phase.o)
 .debug_ranges  0x00000380       0x38 .\CortexM0\ARM_GCC_493\Debug\dcsd.a(sleep.o)
 .debug_ranges  0x000003b8       0x38 .\CortexM0\ARM_GCC_493\Debug\dcsd.a(fault.o)
 .debug_ranges  0x000003f0       0x38 .\CortexM0\ARM_GCC_493\Debug\dcsd.a(ovc.o)
 .debug_ranges  0x00000428       0x98 .\CortexM0\ARM_GCC_493\Debug\dcsd.a(ADC.o)
 .debug_ranges  0x000004c0       0x10 .\CortexM0\ARM_GCC_493\Debug\dcsd.a(ADC_INT.o)
 .debug_ranges  0x000004d0       0x58 .\CortexM0\ARM_GCC_493\Debug\dcsd.a(UART.o)
 .debug_ranges  0x00000528       0x68 .\CortexM0\ARM_GCC_493\Debug\dcsd.a(UART_SPI_UART.o)
 .debug_ranges  0x00000590       0x50 .\CortexM0\ARM_GCC_493\Debug\dcsd.a(UART_UART.o)
 .debug_ranges  0x000005e0       0x38 .\CortexM0\ARM_GCC_493\Debug\dcsd.a(reset.o)
 .debug_ranges  0x00000618       0x38 .\CortexM0\ARM_GCC_493\Debug\dcsd.a(error.o)
 .debug_ranges  0x00000650       0x38 .\CortexM0\ARM_GCC_493\Debug\dcsd.a(direction.o)
 .debug_ranges  0x00000688       0x38 .\CortexM0\ARM_GCC_493\Debug\dcsd.a(step.o)
 .debug_ranges  0x000006c0      0x270 .\CortexM0\ARM_GCC_493\Debug\dcsd.a(CyLib.o)
 .debug_ranges  0x00000930      0x1f8 .\CortexM0\ARM_GCC_493\Debug\dcsd.a(CyLFClk.o)
 .debug_ranges  0x00000b28       0xf0 .\CortexM0\ARM_GCC_493\Debug\dcsd.a(stepISR.o)
 .debug_ranges  0x00000c18       0xd0 .\CortexM0\ARM_GCC_493\Debug\dcsd.a(rxISR.o)
 .debug_ranges  0x00000ce8      0x1b8 .\CortexM0\ARM_GCC_493\Debug\dcsd.a(TX_SEND.o)
 .debug_ranges  0x00000ea0       0xf0 .\CortexM0\ARM_GCC_493\Debug\dcsd.a(txISR.o)
 .debug_ranges  0x00000f90       0x20 .\CortexM0\ARM_GCC_493\Debug\dcsd.a(EEPROM.o)
 .debug_ranges  0x00000fb0       0x70 .\CortexM0\ARM_GCC_493\Debug\dcsd.a(QDEC.o)
 .debug_ranges  0x00001020       0x10 .\CortexM0\ARM_GCC_493\Debug\dcsd.a(QDEC_INT.o)
 .debug_ranges  0x00001030      0x118 .\CortexM0\ARM_GCC_493\Debug\dcsd.a(QDEC_Cnt16.o)
 .debug_ranges  0x00001148       0x38 .\CortexM0\ARM_GCC_493\Debug\dcsd.a(CyFlash.o)

.comment        0x00000000       0x70
 .comment       0x00000000       0x70 .\CortexM0\ARM_GCC_493\Debug\main.o
                                 0x71 (size before relaxing)
 .comment       0x00000000       0x71 .\CortexM0\ARM_GCC_493\Debug\cybootloader.o
 .comment       0x00000000       0x71 .\CortexM0\ARM_GCC_493\Debug\cymetadata.o
 .comment       0x00000000       0x71 .\CortexM0\ARM_GCC_493\Debug\Cm0Start.o
 .comment       0x00000000       0x71 .\CortexM0\ARM_GCC_493\Debug\dcsd.a(cyfitter_cfg.o)
 .comment       0x00000000       0x71 .\CortexM0\ARM_GCC_493\Debug\dcsd.a(PWM_MOT.o)
 .comment       0x00000000       0x71 .\CortexM0\ARM_GCC_493\Debug\dcsd.a(vin.o)
 .comment       0x00000000       0x71 .\CortexM0\ARM_GCC_493\Debug\dcsd.a(err.o)
 .comment       0x00000000       0x71 .\CortexM0\ARM_GCC_493\Debug\dcsd.a(phase.o)
 .comment       0x00000000       0x71 .\CortexM0\ARM_GCC_493\Debug\dcsd.a(sleep.o)
 .comment       0x00000000       0x71 .\CortexM0\ARM_GCC_493\Debug\dcsd.a(fault.o)
 .comment       0x00000000       0x71 .\CortexM0\ARM_GCC_493\Debug\dcsd.a(ovc.o)
 .comment       0x00000000       0x71 .\CortexM0\ARM_GCC_493\Debug\dcsd.a(ADC.o)
 .comment       0x00000000       0x71 .\CortexM0\ARM_GCC_493\Debug\dcsd.a(ADC_INT.o)
 .comment       0x00000000       0x71 .\CortexM0\ARM_GCC_493\Debug\dcsd.a(UART.o)
 .comment       0x00000000       0x71 .\CortexM0\ARM_GCC_493\Debug\dcsd.a(UART_SPI_UART.o)
 .comment       0x00000000       0x71 .\CortexM0\ARM_GCC_493\Debug\dcsd.a(UART_UART.o)
 .comment       0x00000000       0x71 .\CortexM0\ARM_GCC_493\Debug\dcsd.a(reset.o)
 .comment       0x00000000       0x71 .\CortexM0\ARM_GCC_493\Debug\dcsd.a(error.o)
 .comment       0x00000000       0x71 .\CortexM0\ARM_GCC_493\Debug\dcsd.a(direction.o)
 .comment       0x00000000       0x71 .\CortexM0\ARM_GCC_493\Debug\dcsd.a(step.o)
 .comment       0x00000000       0x71 .\CortexM0\ARM_GCC_493\Debug\dcsd.a(CyLib.o)
 .comment       0x00000000       0x71 .\CortexM0\ARM_GCC_493\Debug\dcsd.a(CyLFClk.o)
 .comment       0x00000000       0x71 .\CortexM0\ARM_GCC_493\Debug\dcsd.a(stepISR.o)
 .comment       0x00000000       0x71 .\CortexM0\ARM_GCC_493\Debug\dcsd.a(rxISR.o)
 .comment       0x00000000       0x71 .\CortexM0\ARM_GCC_493\Debug\dcsd.a(TX_SEND.o)
 .comment       0x00000000       0x71 .\CortexM0\ARM_GCC_493\Debug\dcsd.a(txISR.o)
 .comment       0x00000000       0x71 .\CortexM0\ARM_GCC_493\Debug\dcsd.a(EEPROM.o)
 .comment       0x00000000       0x71 .\CortexM0\ARM_GCC_493\Debug\dcsd.a(QDEC.o)
 .comment       0x00000000       0x71 .\CortexM0\ARM_GCC_493\Debug\dcsd.a(QDEC_INT.o)
 .comment       0x00000000       0x71 .\CortexM0\ARM_GCC_493\Debug\dcsd.a(QDEC_Cnt16.o)
 .comment       0x00000000       0x71 .\CortexM0\ARM_GCC_493\Debug\dcsd.a(CyFlash.o)

.debug_weaknames
 *(.debug_weaknames)

.debug_funcnames
 *(.debug_funcnames)

.debug_typenames
 *(.debug_typenames)

.debug_varnames
 *(.debug_varnames)

.note.gnu.arm.ident
 *(.note.gnu.arm.ident)

.ARM.attributes
                0x00000000       0x28
 *(.ARM.attributes)
 .ARM.attributes
                0x00000000       0x1e c:/program files (x86)/cypress/psoc creator/4.0/psoc creator/import/gnu/arm/4.9.3/bin/../lib/gcc/arm-none-eabi/4.9.3/armv6-m/crti.o
 .ARM.attributes
                0x0000001e       0x2c c:/program files (x86)/cypress/psoc creator/4.0/psoc creator/import/gnu/arm/4.9.3/bin/../lib/gcc/arm-none-eabi/4.9.3/armv6-m/crtbegin.o
 .ARM.attributes
                0x0000004a       0x1b c:/program files (x86)/cypress/psoc creator/4.0/psoc creator/import/gnu/arm/4.9.3/bin/../lib/gcc/arm-none-eabi/4.9.3/../../../../arm-none-eabi/lib/armv6-m/crt0.o
 .ARM.attributes
                0x00000065       0x31 .\CortexM0\ARM_GCC_493\Debug\main.o
 .ARM.attributes
                0x00000096       0x31 .\CortexM0\ARM_GCC_493\Debug\cybootloader.o
 .ARM.attributes
                0x000000c7       0x31 .\CortexM0\ARM_GCC_493\Debug\cymetadata.o
 .ARM.attributes
                0x000000f8       0x31 .\CortexM0\ARM_GCC_493\Debug\Cm0Start.o
 .ARM.attributes
                0x00000129       0x31 .\CortexM0\ARM_GCC_493\Debug\dcsd.a(cyfitter_cfg.o)
 .ARM.attributes
                0x0000015a       0x31 .\CortexM0\ARM_GCC_493\Debug\dcsd.a(PWM_MOT.o)
 .ARM.attributes
                0x0000018b       0x31 .\CortexM0\ARM_GCC_493\Debug\dcsd.a(vin.o)
 .ARM.attributes
                0x000001bc       0x31 .\CortexM0\ARM_GCC_493\Debug\dcsd.a(err.o)
 .ARM.attributes
                0x000001ed       0x31 .\CortexM0\ARM_GCC_493\Debug\dcsd.a(phase.o)
 .ARM.attributes
                0x0000021e       0x31 .\CortexM0\ARM_GCC_493\Debug\dcsd.a(sleep.o)
 .ARM.attributes
                0x0000024f       0x31 .\CortexM0\ARM_GCC_493\Debug\dcsd.a(fault.o)
 .ARM.attributes
                0x00000280       0x31 .\CortexM0\ARM_GCC_493\Debug\dcsd.a(ovc.o)
 .ARM.attributes
                0x000002b1       0x31 .\CortexM0\ARM_GCC_493\Debug\dcsd.a(ADC.o)
 .ARM.attributes
                0x000002e2       0x31 .\CortexM0\ARM_GCC_493\Debug\dcsd.a(ADC_INT.o)
 .ARM.attributes
                0x00000313       0x31 .\CortexM0\ARM_GCC_493\Debug\dcsd.a(UART.o)
 .ARM.attributes
                0x00000344       0x31 .\CortexM0\ARM_GCC_493\Debug\dcsd.a(UART_SPI_UART.o)
 .ARM.attributes
                0x00000375       0x31 .\CortexM0\ARM_GCC_493\Debug\dcsd.a(UART_UART.o)
 .ARM.attributes
                0x000003a6       0x31 .\CortexM0\ARM_GCC_493\Debug\dcsd.a(reset.o)
 .ARM.attributes
                0x000003d7       0x31 .\CortexM0\ARM_GCC_493\Debug\dcsd.a(error.o)
 .ARM.attributes
                0x00000408       0x31 .\CortexM0\ARM_GCC_493\Debug\dcsd.a(direction.o)
 .ARM.attributes
                0x00000439       0x31 .\CortexM0\ARM_GCC_493\Debug\dcsd.a(step.o)
 .ARM.attributes
                0x0000046a       0x31 .\CortexM0\ARM_GCC_493\Debug\dcsd.a(CyLib.o)
 .ARM.attributes
                0x0000049b       0x31 .\CortexM0\ARM_GCC_493\Debug\dcsd.a(CyLFClk.o)
 .ARM.attributes
                0x000004cc       0x31 .\CortexM0\ARM_GCC_493\Debug\dcsd.a(stepISR.o)
 .ARM.attributes
                0x000004fd       0x31 .\CortexM0\ARM_GCC_493\Debug\dcsd.a(rxISR.o)
 .ARM.attributes
                0x0000052e       0x31 .\CortexM0\ARM_GCC_493\Debug\dcsd.a(TX_SEND.o)
 .ARM.attributes
                0x0000055f       0x31 .\CortexM0\ARM_GCC_493\Debug\dcsd.a(txISR.o)
 .ARM.attributes
                0x00000590       0x31 .\CortexM0\ARM_GCC_493\Debug\dcsd.a(EEPROM.o)
 .ARM.attributes
                0x000005c1       0x31 .\CortexM0\ARM_GCC_493\Debug\dcsd.a(QDEC.o)
 .ARM.attributes
                0x000005f2       0x31 .\CortexM0\ARM_GCC_493\Debug\dcsd.a(QDEC_INT.o)
 .ARM.attributes
                0x00000623       0x31 .\CortexM0\ARM_GCC_493\Debug\dcsd.a(QDEC_Cnt16.o)
 .ARM.attributes
                0x00000654       0x21 .\CortexM0\ARM_GCC_493\Debug\dcsd.a(CyBootAsmGnu.o)
 .ARM.attributes
                0x00000675       0x31 .\CortexM0\ARM_GCC_493\Debug\dcsd.a(CyFlash.o)
 .ARM.attributes
                0x000006a6       0x1e c:/program files (x86)/cypress/psoc creator/4.0/psoc creator/import/gnu/arm/4.9.3/bin/../lib/gcc/arm-none-eabi/4.9.3/armv6-m\libgcc.a(_udivsi3.o)
 .ARM.attributes
                0x000006c4       0x1e c:/program files (x86)/cypress/psoc creator/4.0/psoc creator/import/gnu/arm/4.9.3/bin/../lib/gcc/arm-none-eabi/4.9.3/armv6-m\libgcc.a(_divsi3.o)
 .ARM.attributes
                0x000006e2       0x1e c:/program files (x86)/cypress/psoc creator/4.0/psoc creator/import/gnu/arm/4.9.3/bin/../lib/gcc/arm-none-eabi/4.9.3/armv6-m\libgcc.a(_dvmd_tls.o)
 .ARM.attributes
                0x00000700       0x1e c:/program files (x86)/cypress/psoc creator/4.0/psoc creator/import/gnu/arm/4.9.3/bin/../lib/gcc/arm-none-eabi/4.9.3/armv6-m\libgcc.a(_aeabi_ldivmod.o)
 .ARM.attributes
                0x0000071e       0x2c c:/program files (x86)/cypress/psoc creator/4.0/psoc creator/import/gnu/arm/4.9.3/bin/../lib/gcc/arm-none-eabi/4.9.3/armv6-m\libgcc.a(_muldi3.o)
 .ARM.attributes
                0x0000074a       0x2c c:/program files (x86)/cypress/psoc creator/4.0/psoc creator/import/gnu/arm/4.9.3/bin/../lib/gcc/arm-none-eabi/4.9.3/armv6-m\libgcc.a(bpabi.o)
 .ARM.attributes
                0x00000776       0x2c c:/program files (x86)/cypress/psoc creator/4.0/psoc creator/import/gnu/arm/4.9.3/bin/../lib/gcc/arm-none-eabi/4.9.3/armv6-m\libgcc.a(divsf3.o)
 .ARM.attributes
                0x000007a2       0x2c c:/program files (x86)/cypress/psoc creator/4.0/psoc creator/import/gnu/arm/4.9.3/bin/../lib/gcc/arm-none-eabi/4.9.3/armv6-m\libgcc.a(mulsf3.o)
 .ARM.attributes
                0x000007ce       0x2c c:/program files (x86)/cypress/psoc creator/4.0/psoc creator/import/gnu/arm/4.9.3/bin/../lib/gcc/arm-none-eabi/4.9.3/armv6-m\libgcc.a(floatsisf.o)
 .ARM.attributes
                0x000007fa       0x1e c:/program files (x86)/cypress/psoc creator/4.0/psoc creator/import/gnu/arm/4.9.3/bin/../lib/gcc/arm-none-eabi/4.9.3/armv6-m\libgcc.a(_clzsi2.o)
 .ARM.attributes
                0x00000818       0x2c c:/program files (x86)/cypress/psoc creator/4.0/psoc creator/import/gnu/arm/4.9.3/bin/../lib/gcc/arm-none-eabi/4.9.3/armv6-m\libgcc.a(_divdi3.o)
 .ARM.attributes
                0x00000844       0x2c c:/program files (x86)/cypress/psoc creator/4.0/psoc creator/import/gnu/arm/4.9.3/bin/../lib/gcc/arm-none-eabi/4.9.3/armv6-m\libgcc.a(_udivdi3.o)
 .ARM.attributes
                0x00000870       0x1e c:/program files (x86)/cypress/psoc creator/4.0/psoc creator/import/gnu/arm/4.9.3/bin/../lib/gcc/arm-none-eabi/4.9.3/armv6-m\libgcc.a(_clzdi2.o)
 .ARM.attributes
                0x0000088e       0x2c c:/program files (x86)/cypress/psoc creator/4.0/psoc creator/import/gnu/arm/4.9.3/bin/../lib/gcc/arm-none-eabi/4.9.3/../../../../arm-none-eabi/lib/armv6-m\libg_nano.a(lib_a-atoi.o)
 .ARM.attributes
                0x000008ba       0x2c c:/program files (x86)/cypress/psoc creator/4.0/psoc creator/import/gnu/arm/4.9.3/bin/../lib/gcc/arm-none-eabi/4.9.3/../../../../arm-none-eabi/lib/armv6-m\libg_nano.a(lib_a-errno.o)
 .ARM.attributes
                0x000008e6       0x2c c:/program files (x86)/cypress/psoc creator/4.0/psoc creator/import/gnu/arm/4.9.3/bin/../lib/gcc/arm-none-eabi/4.9.3/../../../../arm-none-eabi/lib/armv6-m\libg_nano.a(lib_a-exit.o)
 .ARM.attributes
                0x00000912       0x2c c:/program files (x86)/cypress/psoc creator/4.0/psoc creator/import/gnu/arm/4.9.3/bin/../lib/gcc/arm-none-eabi/4.9.3/../../../../arm-none-eabi/lib/armv6-m\libg_nano.a(lib_a-impure.o)
 .ARM.attributes
                0x0000093e       0x2c c:/program files (x86)/cypress/psoc creator/4.0/psoc creator/import/gnu/arm/4.9.3/bin/../lib/gcc/arm-none-eabi/4.9.3/../../../../arm-none-eabi/lib/armv6-m\libg_nano.a(lib_a-init.o)
 .ARM.attributes
                0x0000096a       0x2c c:/program files (x86)/cypress/psoc creator/4.0/psoc creator/import/gnu/arm/4.9.3/bin/../lib/gcc/arm-none-eabi/4.9.3/../../../../arm-none-eabi/lib/armv6-m\libg_nano.a(lib_a-memcpy.o)
 .ARM.attributes
                0x00000996       0x2c c:/program files (x86)/cypress/psoc creator/4.0/psoc creator/import/gnu/arm/4.9.3/bin/../lib/gcc/arm-none-eabi/4.9.3/../../../../arm-none-eabi/lib/armv6-m\libg_nano.a(lib_a-memset.o)
 .ARM.attributes
                0x000009c2       0x2c c:/program files (x86)/cypress/psoc creator/4.0/psoc creator/import/gnu/arm/4.9.3/bin/../lib/gcc/arm-none-eabi/4.9.3/../../../../arm-none-eabi/lib/armv6-m\libg_nano.a(lib_a-strtol.o)
 .ARM.attributes
                0x000009ee       0x2c c:/program files (x86)/cypress/psoc creator/4.0/psoc creator/import/gnu/arm/4.9.3/bin/../lib/gcc/arm-none-eabi/4.9.3/../../../../arm-none-eabi/lib/armv6-m\libg_nano.a(lib_a-ctype_.o)
 .ARM.attributes
                0x00000a1a       0x2c c:/program files (x86)/cypress/psoc creator/4.0/psoc creator/import/gnu/arm/4.9.3/bin/../lib/gcc/arm-none-eabi/4.9.3/armv6-m/crtend.o
 .ARM.attributes
                0x00000a46       0x1e c:/program files (x86)/cypress/psoc creator/4.0/psoc creator/import/gnu/arm/4.9.3/bin/../lib/gcc/arm-none-eabi/4.9.3/armv6-m/crtn.o

/DISCARD/
 *(.note.GNU-stack)
OUTPUT(.\CortexM0\ARM_GCC_493\Debug\dcsd.elf elf32-littlearm)
