ARM GAS  C:\Users\g\AppData\Local\Temp\ccADf1Mj.s 			page 1


   1              		.cpu cortex-m0
   2              		.fpu softvfp
   3              		.eabi_attribute 20, 1
   4              		.eabi_attribute 21, 1
   5              		.eabi_attribute 23, 3
   6              		.eabi_attribute 24, 1
   7              		.eabi_attribute 25, 1
   8              		.eabi_attribute 26, 1
   9              		.eabi_attribute 30, 2
  10              		.eabi_attribute 34, 0
  11              		.eabi_attribute 18, 4
  12              		.code	16
  13              		.file	"txISR.c"
  14              		.text
  15              	.Ltext0:
  16              		.cfi_sections	.debug_frame
  17              		.section	.text.txISR_Interrupt,"ax",%progbits
  18              		.align	2
  19              		.global	txISR_Interrupt
  20              		.code	16
  21              		.thumb_func
  22              		.type	txISR_Interrupt, %function
  23              	txISR_Interrupt:
  24              	.LFB3:
  25              		.file 1 "Generated_Source\\PSoC4\\txISR.c"
   1:Generated_Source\PSoC4/txISR.c **** /*******************************************************************************
   2:Generated_Source\PSoC4/txISR.c **** * File Name: txISR.c  
   3:Generated_Source\PSoC4/txISR.c **** * Version 1.70
   4:Generated_Source\PSoC4/txISR.c **** *
   5:Generated_Source\PSoC4/txISR.c **** *  Description:
   6:Generated_Source\PSoC4/txISR.c **** *   API for controlling the state of an interrupt.
   7:Generated_Source\PSoC4/txISR.c **** *
   8:Generated_Source\PSoC4/txISR.c **** *
   9:Generated_Source\PSoC4/txISR.c **** *  Note:
  10:Generated_Source\PSoC4/txISR.c **** *
  11:Generated_Source\PSoC4/txISR.c **** ********************************************************************************
  12:Generated_Source\PSoC4/txISR.c **** * Copyright 2008-2015, Cypress Semiconductor Corporation.  All rights reserved.
  13:Generated_Source\PSoC4/txISR.c **** * You may use this file only in accordance with the license, terms, conditions, 
  14:Generated_Source\PSoC4/txISR.c **** * disclaimers, and limitations in the end user license agreement accompanying 
  15:Generated_Source\PSoC4/txISR.c **** * the software package with which this file was provided.
  16:Generated_Source\PSoC4/txISR.c **** *******************************************************************************/
  17:Generated_Source\PSoC4/txISR.c **** 
  18:Generated_Source\PSoC4/txISR.c **** 
  19:Generated_Source\PSoC4/txISR.c **** #include <cydevice_trm.h>
  20:Generated_Source\PSoC4/txISR.c **** #include <CyLib.h>
  21:Generated_Source\PSoC4/txISR.c **** #include <txISR.h>
  22:Generated_Source\PSoC4/txISR.c **** #include "cyapicallbacks.h"
  23:Generated_Source\PSoC4/txISR.c **** 
  24:Generated_Source\PSoC4/txISR.c **** #if !defined(txISR__REMOVED) /* Check for removal by optimization */
  25:Generated_Source\PSoC4/txISR.c **** 
  26:Generated_Source\PSoC4/txISR.c **** /*******************************************************************************
  27:Generated_Source\PSoC4/txISR.c **** *  Place your includes, defines and code here 
  28:Generated_Source\PSoC4/txISR.c **** ********************************************************************************/
  29:Generated_Source\PSoC4/txISR.c **** /* `#START txISR_intc` */
  30:Generated_Source\PSoC4/txISR.c **** 
  31:Generated_Source\PSoC4/txISR.c **** /* `#END` */
  32:Generated_Source\PSoC4/txISR.c **** 
ARM GAS  C:\Users\g\AppData\Local\Temp\ccADf1Mj.s 			page 2


  33:Generated_Source\PSoC4/txISR.c **** extern cyisraddress CyRamVectors[CYINT_IRQ_BASE + CY_NUM_INTERRUPTS];
  34:Generated_Source\PSoC4/txISR.c **** 
  35:Generated_Source\PSoC4/txISR.c **** /* Declared in startup, used to set unused interrupts to. */
  36:Generated_Source\PSoC4/txISR.c **** CY_ISR_PROTO(IntDefaultHandler);
  37:Generated_Source\PSoC4/txISR.c **** 
  38:Generated_Source\PSoC4/txISR.c **** 
  39:Generated_Source\PSoC4/txISR.c **** /*******************************************************************************
  40:Generated_Source\PSoC4/txISR.c **** * Function Name: txISR_Start
  41:Generated_Source\PSoC4/txISR.c **** ********************************************************************************
  42:Generated_Source\PSoC4/txISR.c **** *
  43:Generated_Source\PSoC4/txISR.c **** * Summary:
  44:Generated_Source\PSoC4/txISR.c **** *  Set up the interrupt and enable it. This function disables the interrupt, 
  45:Generated_Source\PSoC4/txISR.c **** *  sets the default interrupt vector, sets the priority from the value in the
  46:Generated_Source\PSoC4/txISR.c **** *  Design Wide Resources Interrupt Editor, then enables the interrupt to the 
  47:Generated_Source\PSoC4/txISR.c **** *  interrupt controller.
  48:Generated_Source\PSoC4/txISR.c **** *
  49:Generated_Source\PSoC4/txISR.c **** * Parameters:  
  50:Generated_Source\PSoC4/txISR.c **** *   None
  51:Generated_Source\PSoC4/txISR.c **** *
  52:Generated_Source\PSoC4/txISR.c **** * Return:
  53:Generated_Source\PSoC4/txISR.c **** *   None
  54:Generated_Source\PSoC4/txISR.c **** *
  55:Generated_Source\PSoC4/txISR.c **** *******************************************************************************/
  56:Generated_Source\PSoC4/txISR.c **** void txISR_Start(void)
  57:Generated_Source\PSoC4/txISR.c **** {
  58:Generated_Source\PSoC4/txISR.c ****     /* For all we know the interrupt is active. */
  59:Generated_Source\PSoC4/txISR.c ****     txISR_Disable();
  60:Generated_Source\PSoC4/txISR.c **** 
  61:Generated_Source\PSoC4/txISR.c ****     /* Set the ISR to point to the txISR Interrupt. */
  62:Generated_Source\PSoC4/txISR.c ****     txISR_SetVector(&txISR_Interrupt);
  63:Generated_Source\PSoC4/txISR.c **** 
  64:Generated_Source\PSoC4/txISR.c ****     /* Set the priority. */
  65:Generated_Source\PSoC4/txISR.c ****     txISR_SetPriority((uint8)txISR_INTC_PRIOR_NUMBER);
  66:Generated_Source\PSoC4/txISR.c **** 
  67:Generated_Source\PSoC4/txISR.c ****     /* Enable it. */
  68:Generated_Source\PSoC4/txISR.c ****     txISR_Enable();
  69:Generated_Source\PSoC4/txISR.c **** }
  70:Generated_Source\PSoC4/txISR.c **** 
  71:Generated_Source\PSoC4/txISR.c **** 
  72:Generated_Source\PSoC4/txISR.c **** /*******************************************************************************
  73:Generated_Source\PSoC4/txISR.c **** * Function Name: txISR_StartEx
  74:Generated_Source\PSoC4/txISR.c **** ********************************************************************************
  75:Generated_Source\PSoC4/txISR.c **** *
  76:Generated_Source\PSoC4/txISR.c **** * Summary:
  77:Generated_Source\PSoC4/txISR.c **** *  Sets up the interrupt and enables it. This function disables the interrupt,
  78:Generated_Source\PSoC4/txISR.c **** *  sets the interrupt vector based on the address passed in, sets the priority 
  79:Generated_Source\PSoC4/txISR.c **** *  from the value in the Design Wide Resources Interrupt Editor, then enables 
  80:Generated_Source\PSoC4/txISR.c **** *  the interrupt to the interrupt controller.
  81:Generated_Source\PSoC4/txISR.c **** *  
  82:Generated_Source\PSoC4/txISR.c **** *  When defining ISR functions, the CY_ISR and CY_ISR_PROTO macros should be 
  83:Generated_Source\PSoC4/txISR.c **** *  used to provide consistent definition across compilers:
  84:Generated_Source\PSoC4/txISR.c **** *  
  85:Generated_Source\PSoC4/txISR.c **** *  Function definition example:
  86:Generated_Source\PSoC4/txISR.c **** *   CY_ISR(MyISR)
  87:Generated_Source\PSoC4/txISR.c **** *   {
  88:Generated_Source\PSoC4/txISR.c **** *   }
  89:Generated_Source\PSoC4/txISR.c **** *   Function prototype example:
ARM GAS  C:\Users\g\AppData\Local\Temp\ccADf1Mj.s 			page 3


  90:Generated_Source\PSoC4/txISR.c **** *   CY_ISR_PROTO(MyISR);
  91:Generated_Source\PSoC4/txISR.c **** *
  92:Generated_Source\PSoC4/txISR.c **** * Parameters:  
  93:Generated_Source\PSoC4/txISR.c **** *   address: Address of the ISR to set in the interrupt vector table.
  94:Generated_Source\PSoC4/txISR.c **** *
  95:Generated_Source\PSoC4/txISR.c **** * Return:
  96:Generated_Source\PSoC4/txISR.c **** *   None
  97:Generated_Source\PSoC4/txISR.c **** *
  98:Generated_Source\PSoC4/txISR.c **** *******************************************************************************/
  99:Generated_Source\PSoC4/txISR.c **** void txISR_StartEx(cyisraddress address)
 100:Generated_Source\PSoC4/txISR.c **** {
 101:Generated_Source\PSoC4/txISR.c ****     /* For all we know the interrupt is active. */
 102:Generated_Source\PSoC4/txISR.c ****     txISR_Disable();
 103:Generated_Source\PSoC4/txISR.c **** 
 104:Generated_Source\PSoC4/txISR.c ****     /* Set the ISR to point to the txISR Interrupt. */
 105:Generated_Source\PSoC4/txISR.c ****     txISR_SetVector(address);
 106:Generated_Source\PSoC4/txISR.c **** 
 107:Generated_Source\PSoC4/txISR.c ****     /* Set the priority. */
 108:Generated_Source\PSoC4/txISR.c ****     txISR_SetPriority((uint8)txISR_INTC_PRIOR_NUMBER);
 109:Generated_Source\PSoC4/txISR.c **** 
 110:Generated_Source\PSoC4/txISR.c ****     /* Enable it. */
 111:Generated_Source\PSoC4/txISR.c ****     txISR_Enable();
 112:Generated_Source\PSoC4/txISR.c **** }
 113:Generated_Source\PSoC4/txISR.c **** 
 114:Generated_Source\PSoC4/txISR.c **** 
 115:Generated_Source\PSoC4/txISR.c **** /*******************************************************************************
 116:Generated_Source\PSoC4/txISR.c **** * Function Name: txISR_Stop
 117:Generated_Source\PSoC4/txISR.c **** ********************************************************************************
 118:Generated_Source\PSoC4/txISR.c **** *
 119:Generated_Source\PSoC4/txISR.c **** * Summary:
 120:Generated_Source\PSoC4/txISR.c **** *   Disables and removes the interrupt.
 121:Generated_Source\PSoC4/txISR.c **** *
 122:Generated_Source\PSoC4/txISR.c **** * Parameters:  
 123:Generated_Source\PSoC4/txISR.c **** *   None
 124:Generated_Source\PSoC4/txISR.c **** *
 125:Generated_Source\PSoC4/txISR.c **** * Return:
 126:Generated_Source\PSoC4/txISR.c **** *   None
 127:Generated_Source\PSoC4/txISR.c **** *
 128:Generated_Source\PSoC4/txISR.c **** *******************************************************************************/
 129:Generated_Source\PSoC4/txISR.c **** void txISR_Stop(void)
 130:Generated_Source\PSoC4/txISR.c **** {
 131:Generated_Source\PSoC4/txISR.c ****     /* Disable this interrupt. */
 132:Generated_Source\PSoC4/txISR.c ****     txISR_Disable();
 133:Generated_Source\PSoC4/txISR.c **** 
 134:Generated_Source\PSoC4/txISR.c ****     /* Set the ISR to point to the passive one. */
 135:Generated_Source\PSoC4/txISR.c ****     txISR_SetVector(&IntDefaultHandler);
 136:Generated_Source\PSoC4/txISR.c **** }
 137:Generated_Source\PSoC4/txISR.c **** 
 138:Generated_Source\PSoC4/txISR.c **** 
 139:Generated_Source\PSoC4/txISR.c **** /*******************************************************************************
 140:Generated_Source\PSoC4/txISR.c **** * Function Name: txISR_Interrupt
 141:Generated_Source\PSoC4/txISR.c **** ********************************************************************************
 142:Generated_Source\PSoC4/txISR.c **** *
 143:Generated_Source\PSoC4/txISR.c **** * Summary:
 144:Generated_Source\PSoC4/txISR.c **** *   The default Interrupt Service Routine for txISR.
 145:Generated_Source\PSoC4/txISR.c **** *
 146:Generated_Source\PSoC4/txISR.c **** *   Add custom code between the START and END comments to keep the next version
ARM GAS  C:\Users\g\AppData\Local\Temp\ccADf1Mj.s 			page 4


 147:Generated_Source\PSoC4/txISR.c **** *   of this file from over-writing your code.
 148:Generated_Source\PSoC4/txISR.c **** *
 149:Generated_Source\PSoC4/txISR.c **** *   Note You may use either the default ISR by using this API, or you may define
 150:Generated_Source\PSoC4/txISR.c **** *   your own separate ISR through ISR_StartEx().
 151:Generated_Source\PSoC4/txISR.c **** *
 152:Generated_Source\PSoC4/txISR.c **** * Parameters:  
 153:Generated_Source\PSoC4/txISR.c **** *   None
 154:Generated_Source\PSoC4/txISR.c **** *
 155:Generated_Source\PSoC4/txISR.c **** * Return:
 156:Generated_Source\PSoC4/txISR.c **** *   None
 157:Generated_Source\PSoC4/txISR.c **** *
 158:Generated_Source\PSoC4/txISR.c **** *******************************************************************************/
 159:Generated_Source\PSoC4/txISR.c **** CY_ISR(txISR_Interrupt)
 160:Generated_Source\PSoC4/txISR.c **** {
  26              		.loc 1 160 0
  27              		.cfi_startproc
 161:Generated_Source\PSoC4/txISR.c ****     #ifdef txISR_INTERRUPT_INTERRUPT_CALLBACK
 162:Generated_Source\PSoC4/txISR.c ****         txISR_Interrupt_InterruptCallback();
 163:Generated_Source\PSoC4/txISR.c ****     #endif /* txISR_INTERRUPT_INTERRUPT_CALLBACK */ 
 164:Generated_Source\PSoC4/txISR.c **** 
 165:Generated_Source\PSoC4/txISR.c ****     /*  Place your Interrupt code here. */
 166:Generated_Source\PSoC4/txISR.c ****     /* `#START txISR_Interrupt` */
 167:Generated_Source\PSoC4/txISR.c **** 
 168:Generated_Source\PSoC4/txISR.c ****     /* `#END` */
 169:Generated_Source\PSoC4/txISR.c **** }
  28              		.loc 1 169 0
  29              		@ sp needed
  30 0000 7047     		bx	lr
  31              		.cfi_endproc
  32              	.LFE3:
  33              		.size	txISR_Interrupt, .-txISR_Interrupt
  34 0002 C046     		.section	.text.txISR_Stop,"ax",%progbits
  35              		.align	2
  36              		.global	txISR_Stop
  37              		.code	16
  38              		.thumb_func
  39              		.type	txISR_Stop, %function
  40              	txISR_Stop:
  41              	.LFB2:
 130:Generated_Source\PSoC4/txISR.c ****     /* Disable this interrupt. */
  42              		.loc 1 130 0
  43              		.cfi_startproc
  44              	.LBB18:
  45              	.LBB19:
 170:Generated_Source\PSoC4/txISR.c **** 
 171:Generated_Source\PSoC4/txISR.c **** 
 172:Generated_Source\PSoC4/txISR.c **** /*******************************************************************************
 173:Generated_Source\PSoC4/txISR.c **** * Function Name: txISR_SetVector
 174:Generated_Source\PSoC4/txISR.c **** ********************************************************************************
 175:Generated_Source\PSoC4/txISR.c **** *
 176:Generated_Source\PSoC4/txISR.c **** * Summary:
 177:Generated_Source\PSoC4/txISR.c **** *   Change the ISR vector for the Interrupt. Note calling txISR_Start
 178:Generated_Source\PSoC4/txISR.c **** *   will override any effect this method would have had. To set the vector 
 179:Generated_Source\PSoC4/txISR.c **** *   before the component has been started use txISR_StartEx instead.
 180:Generated_Source\PSoC4/txISR.c **** * 
 181:Generated_Source\PSoC4/txISR.c **** *   When defining ISR functions, the CY_ISR and CY_ISR_PROTO macros should be 
 182:Generated_Source\PSoC4/txISR.c **** *   used to provide consistent definition across compilers:
ARM GAS  C:\Users\g\AppData\Local\Temp\ccADf1Mj.s 			page 5


 183:Generated_Source\PSoC4/txISR.c **** *
 184:Generated_Source\PSoC4/txISR.c **** *   Function definition example:
 185:Generated_Source\PSoC4/txISR.c **** *   CY_ISR(MyISR)
 186:Generated_Source\PSoC4/txISR.c **** *   {
 187:Generated_Source\PSoC4/txISR.c **** *   }
 188:Generated_Source\PSoC4/txISR.c **** *
 189:Generated_Source\PSoC4/txISR.c **** *   Function prototype example:
 190:Generated_Source\PSoC4/txISR.c **** *     CY_ISR_PROTO(MyISR);
 191:Generated_Source\PSoC4/txISR.c **** *
 192:Generated_Source\PSoC4/txISR.c **** * Parameters:
 193:Generated_Source\PSoC4/txISR.c **** *   address: Address of the ISR to set in the interrupt vector table.
 194:Generated_Source\PSoC4/txISR.c **** *
 195:Generated_Source\PSoC4/txISR.c **** * Return:
 196:Generated_Source\PSoC4/txISR.c **** *   None
 197:Generated_Source\PSoC4/txISR.c **** *
 198:Generated_Source\PSoC4/txISR.c **** *******************************************************************************/
 199:Generated_Source\PSoC4/txISR.c **** void txISR_SetVector(cyisraddress address)
 200:Generated_Source\PSoC4/txISR.c **** {
 201:Generated_Source\PSoC4/txISR.c ****     CyRamVectors[CYINT_IRQ_BASE + txISR__INTC_NUMBER] = address;
 202:Generated_Source\PSoC4/txISR.c **** }
 203:Generated_Source\PSoC4/txISR.c **** 
 204:Generated_Source\PSoC4/txISR.c **** 
 205:Generated_Source\PSoC4/txISR.c **** /*******************************************************************************
 206:Generated_Source\PSoC4/txISR.c **** * Function Name: txISR_GetVector
 207:Generated_Source\PSoC4/txISR.c **** ********************************************************************************
 208:Generated_Source\PSoC4/txISR.c **** *
 209:Generated_Source\PSoC4/txISR.c **** * Summary:
 210:Generated_Source\PSoC4/txISR.c **** *   Gets the "address" of the current ISR vector for the Interrupt.
 211:Generated_Source\PSoC4/txISR.c **** *
 212:Generated_Source\PSoC4/txISR.c **** * Parameters:
 213:Generated_Source\PSoC4/txISR.c **** *   None
 214:Generated_Source\PSoC4/txISR.c **** *
 215:Generated_Source\PSoC4/txISR.c **** * Return:
 216:Generated_Source\PSoC4/txISR.c **** *   Address of the ISR in the interrupt vector table.
 217:Generated_Source\PSoC4/txISR.c **** *
 218:Generated_Source\PSoC4/txISR.c **** *******************************************************************************/
 219:Generated_Source\PSoC4/txISR.c **** cyisraddress txISR_GetVector(void)
 220:Generated_Source\PSoC4/txISR.c **** {
 221:Generated_Source\PSoC4/txISR.c ****     return CyRamVectors[CYINT_IRQ_BASE + txISR__INTC_NUMBER];
 222:Generated_Source\PSoC4/txISR.c **** }
 223:Generated_Source\PSoC4/txISR.c **** 
 224:Generated_Source\PSoC4/txISR.c **** 
 225:Generated_Source\PSoC4/txISR.c **** /*******************************************************************************
 226:Generated_Source\PSoC4/txISR.c **** * Function Name: txISR_SetPriority
 227:Generated_Source\PSoC4/txISR.c **** ********************************************************************************
 228:Generated_Source\PSoC4/txISR.c **** *
 229:Generated_Source\PSoC4/txISR.c **** * Summary:
 230:Generated_Source\PSoC4/txISR.c **** *   Sets the Priority of the Interrupt. 
 231:Generated_Source\PSoC4/txISR.c **** *
 232:Generated_Source\PSoC4/txISR.c **** *   Note calling txISR_Start or txISR_StartEx will 
 233:Generated_Source\PSoC4/txISR.c **** *   override any effect this API would have had. This API should only be called
 234:Generated_Source\PSoC4/txISR.c **** *   after txISR_Start or txISR_StartEx has been called. 
 235:Generated_Source\PSoC4/txISR.c **** *   To set the initial priority for the component, use the Design-Wide Resources
 236:Generated_Source\PSoC4/txISR.c **** *   Interrupt Editor.
 237:Generated_Source\PSoC4/txISR.c **** *
 238:Generated_Source\PSoC4/txISR.c **** *   Note This API has no effect on Non-maskable interrupt NMI).
 239:Generated_Source\PSoC4/txISR.c **** *
ARM GAS  C:\Users\g\AppData\Local\Temp\ccADf1Mj.s 			page 6


 240:Generated_Source\PSoC4/txISR.c **** * Parameters:
 241:Generated_Source\PSoC4/txISR.c **** *   priority: Priority of the interrupt, 0 being the highest priority
 242:Generated_Source\PSoC4/txISR.c **** *             PSoC 3 and PSoC 5LP: Priority is from 0 to 7.
 243:Generated_Source\PSoC4/txISR.c **** *             PSoC 4: Priority is from 0 to 3.
 244:Generated_Source\PSoC4/txISR.c **** *
 245:Generated_Source\PSoC4/txISR.c **** * Return:
 246:Generated_Source\PSoC4/txISR.c **** *   None
 247:Generated_Source\PSoC4/txISR.c **** *
 248:Generated_Source\PSoC4/txISR.c **** *******************************************************************************/
 249:Generated_Source\PSoC4/txISR.c **** void txISR_SetPriority(uint8 priority)
 250:Generated_Source\PSoC4/txISR.c **** {
 251:Generated_Source\PSoC4/txISR.c **** 	uint8 interruptState;
 252:Generated_Source\PSoC4/txISR.c ****     uint32 priorityOffset = ((txISR__INTC_NUMBER % 4u) * 8u) + 6u;
 253:Generated_Source\PSoC4/txISR.c ****     
 254:Generated_Source\PSoC4/txISR.c **** 	interruptState = CyEnterCriticalSection();
 255:Generated_Source\PSoC4/txISR.c ****     *txISR_INTC_PRIOR = (*txISR_INTC_PRIOR & (uint32)(~txISR__INTC_PRIOR_MASK)) |
 256:Generated_Source\PSoC4/txISR.c ****                                     ((uint32)priority << priorityOffset);
 257:Generated_Source\PSoC4/txISR.c **** 	CyExitCriticalSection(interruptState);
 258:Generated_Source\PSoC4/txISR.c **** }
 259:Generated_Source\PSoC4/txISR.c **** 
 260:Generated_Source\PSoC4/txISR.c **** 
 261:Generated_Source\PSoC4/txISR.c **** /*******************************************************************************
 262:Generated_Source\PSoC4/txISR.c **** * Function Name: txISR_GetPriority
 263:Generated_Source\PSoC4/txISR.c **** ********************************************************************************
 264:Generated_Source\PSoC4/txISR.c **** *
 265:Generated_Source\PSoC4/txISR.c **** * Summary:
 266:Generated_Source\PSoC4/txISR.c **** *   Gets the Priority of the Interrupt.
 267:Generated_Source\PSoC4/txISR.c **** *
 268:Generated_Source\PSoC4/txISR.c **** * Parameters:
 269:Generated_Source\PSoC4/txISR.c **** *   None
 270:Generated_Source\PSoC4/txISR.c **** *
 271:Generated_Source\PSoC4/txISR.c **** * Return:
 272:Generated_Source\PSoC4/txISR.c **** *   Priority of the interrupt, 0 being the highest priority
 273:Generated_Source\PSoC4/txISR.c **** *    PSoC 3 and PSoC 5LP: Priority is from 0 to 7.
 274:Generated_Source\PSoC4/txISR.c **** *    PSoC 4: Priority is from 0 to 3.
 275:Generated_Source\PSoC4/txISR.c **** *
 276:Generated_Source\PSoC4/txISR.c **** *******************************************************************************/
 277:Generated_Source\PSoC4/txISR.c **** uint8 txISR_GetPriority(void)
 278:Generated_Source\PSoC4/txISR.c **** {
 279:Generated_Source\PSoC4/txISR.c ****     uint32 priority;
 280:Generated_Source\PSoC4/txISR.c **** 	uint32 priorityOffset = ((txISR__INTC_NUMBER % 4u) * 8u) + 6u;
 281:Generated_Source\PSoC4/txISR.c **** 
 282:Generated_Source\PSoC4/txISR.c ****     priority = (*txISR_INTC_PRIOR & txISR__INTC_PRIOR_MASK) >> priorityOffset;
 283:Generated_Source\PSoC4/txISR.c **** 
 284:Generated_Source\PSoC4/txISR.c ****     return (uint8)priority;
 285:Generated_Source\PSoC4/txISR.c **** }
 286:Generated_Source\PSoC4/txISR.c **** 
 287:Generated_Source\PSoC4/txISR.c **** 
 288:Generated_Source\PSoC4/txISR.c **** /*******************************************************************************
 289:Generated_Source\PSoC4/txISR.c **** * Function Name: txISR_Enable
 290:Generated_Source\PSoC4/txISR.c **** ********************************************************************************
 291:Generated_Source\PSoC4/txISR.c **** *
 292:Generated_Source\PSoC4/txISR.c **** * Summary:
 293:Generated_Source\PSoC4/txISR.c **** *   Enables the interrupt to the interrupt controller. Do not call this function
 294:Generated_Source\PSoC4/txISR.c **** *   unless ISR_Start() has been called or the functionality of the ISR_Start() 
 295:Generated_Source\PSoC4/txISR.c **** *   function, which sets the vector and the priority, has been called.
 296:Generated_Source\PSoC4/txISR.c **** *
ARM GAS  C:\Users\g\AppData\Local\Temp\ccADf1Mj.s 			page 7


 297:Generated_Source\PSoC4/txISR.c **** * Parameters:
 298:Generated_Source\PSoC4/txISR.c **** *   None
 299:Generated_Source\PSoC4/txISR.c **** *
 300:Generated_Source\PSoC4/txISR.c **** * Return:
 301:Generated_Source\PSoC4/txISR.c **** *   None
 302:Generated_Source\PSoC4/txISR.c **** *
 303:Generated_Source\PSoC4/txISR.c **** *******************************************************************************/
 304:Generated_Source\PSoC4/txISR.c **** void txISR_Enable(void)
 305:Generated_Source\PSoC4/txISR.c **** {
 306:Generated_Source\PSoC4/txISR.c ****     /* Enable the general interrupt. */
 307:Generated_Source\PSoC4/txISR.c ****     *txISR_INTC_SET_EN = txISR__INTC_MASK;
 308:Generated_Source\PSoC4/txISR.c **** }
 309:Generated_Source\PSoC4/txISR.c **** 
 310:Generated_Source\PSoC4/txISR.c **** 
 311:Generated_Source\PSoC4/txISR.c **** /*******************************************************************************
 312:Generated_Source\PSoC4/txISR.c **** * Function Name: txISR_GetState
 313:Generated_Source\PSoC4/txISR.c **** ********************************************************************************
 314:Generated_Source\PSoC4/txISR.c **** *
 315:Generated_Source\PSoC4/txISR.c **** * Summary:
 316:Generated_Source\PSoC4/txISR.c **** *   Gets the state (enabled, disabled) of the Interrupt.
 317:Generated_Source\PSoC4/txISR.c **** *
 318:Generated_Source\PSoC4/txISR.c **** * Parameters:
 319:Generated_Source\PSoC4/txISR.c **** *   None
 320:Generated_Source\PSoC4/txISR.c **** *
 321:Generated_Source\PSoC4/txISR.c **** * Return:
 322:Generated_Source\PSoC4/txISR.c **** *   1 if enabled, 0 if disabled.
 323:Generated_Source\PSoC4/txISR.c **** *
 324:Generated_Source\PSoC4/txISR.c **** *******************************************************************************/
 325:Generated_Source\PSoC4/txISR.c **** uint8 txISR_GetState(void)
 326:Generated_Source\PSoC4/txISR.c **** {
 327:Generated_Source\PSoC4/txISR.c ****     /* Get the state of the general interrupt. */
 328:Generated_Source\PSoC4/txISR.c ****     return ((*txISR_INTC_SET_EN & (uint32)txISR__INTC_MASK) != 0u) ? 1u:0u;
 329:Generated_Source\PSoC4/txISR.c **** }
 330:Generated_Source\PSoC4/txISR.c **** 
 331:Generated_Source\PSoC4/txISR.c **** 
 332:Generated_Source\PSoC4/txISR.c **** /*******************************************************************************
 333:Generated_Source\PSoC4/txISR.c **** * Function Name: txISR_Disable
 334:Generated_Source\PSoC4/txISR.c **** ********************************************************************************
 335:Generated_Source\PSoC4/txISR.c **** *
 336:Generated_Source\PSoC4/txISR.c **** * Summary:
 337:Generated_Source\PSoC4/txISR.c **** *   Disables the Interrupt in the interrupt controller.
 338:Generated_Source\PSoC4/txISR.c **** *
 339:Generated_Source\PSoC4/txISR.c **** * Parameters:
 340:Generated_Source\PSoC4/txISR.c **** *   None
 341:Generated_Source\PSoC4/txISR.c **** *
 342:Generated_Source\PSoC4/txISR.c **** * Return:
 343:Generated_Source\PSoC4/txISR.c **** *   None
 344:Generated_Source\PSoC4/txISR.c **** *
 345:Generated_Source\PSoC4/txISR.c **** *******************************************************************************/
 346:Generated_Source\PSoC4/txISR.c **** void txISR_Disable(void)
 347:Generated_Source\PSoC4/txISR.c **** {
 348:Generated_Source\PSoC4/txISR.c ****     /* Disable the general interrupt. */
 349:Generated_Source\PSoC4/txISR.c ****     *txISR_INTC_CLR_EN = txISR__INTC_MASK;
  46              		.loc 1 349 0
  47 0000 0422     		mov	r2, #4
  48 0002 034B     		ldr	r3, .L3
  49              	.LBE19:
ARM GAS  C:\Users\g\AppData\Local\Temp\ccADf1Mj.s 			page 8


  50              	.LBE18:
 136:Generated_Source\PSoC4/txISR.c **** 
  51              		.loc 1 136 0
  52              		@ sp needed
  53              	.LBB21:
  54              	.LBB20:
  55              		.loc 1 349 0
  56 0004 1A60     		str	r2, [r3]
  57              	.LVL0:
  58              	.LBE20:
  59              	.LBE21:
  60              	.LBB22:
  61              	.LBB23:
 201:Generated_Source\PSoC4/txISR.c **** }
  62              		.loc 1 201 0
  63 0006 034A     		ldr	r2, .L3+4
  64 0008 034B     		ldr	r3, .L3+8
  65 000a 9A64     		str	r2, [r3, #72]
  66              	.LBE23:
  67              	.LBE22:
 136:Generated_Source\PSoC4/txISR.c **** 
  68              		.loc 1 136 0
  69 000c 7047     		bx	lr
  70              	.L4:
  71 000e C046     		.align	2
  72              	.L3:
  73 0010 80E100E0 		.word	-536813184
  74 0014 00000000 		.word	IntDefaultHandler
  75 0018 00000000 		.word	CyRamVectors
  76              		.cfi_endproc
  77              	.LFE2:
  78              		.size	txISR_Stop, .-txISR_Stop
  79              		.section	.text.txISR_SetVector,"ax",%progbits
  80              		.align	2
  81              		.global	txISR_SetVector
  82              		.code	16
  83              		.thumb_func
  84              		.type	txISR_SetVector, %function
  85              	txISR_SetVector:
  86              	.LFB4:
 200:Generated_Source\PSoC4/txISR.c ****     CyRamVectors[CYINT_IRQ_BASE + txISR__INTC_NUMBER] = address;
  87              		.loc 1 200 0
  88              		.cfi_startproc
  89              	.LVL1:
 201:Generated_Source\PSoC4/txISR.c **** }
  90              		.loc 1 201 0
  91 0000 014B     		ldr	r3, .L6
 202:Generated_Source\PSoC4/txISR.c **** 
  92              		.loc 1 202 0
  93              		@ sp needed
 201:Generated_Source\PSoC4/txISR.c **** }
  94              		.loc 1 201 0
  95 0002 9864     		str	r0, [r3, #72]
 202:Generated_Source\PSoC4/txISR.c **** 
  96              		.loc 1 202 0
  97 0004 7047     		bx	lr
  98              	.L7:
ARM GAS  C:\Users\g\AppData\Local\Temp\ccADf1Mj.s 			page 9


  99 0006 C046     		.align	2
 100              	.L6:
 101 0008 00000000 		.word	CyRamVectors
 102              		.cfi_endproc
 103              	.LFE4:
 104              		.size	txISR_SetVector, .-txISR_SetVector
 105              		.section	.text.txISR_GetVector,"ax",%progbits
 106              		.align	2
 107              		.global	txISR_GetVector
 108              		.code	16
 109              		.thumb_func
 110              		.type	txISR_GetVector, %function
 111              	txISR_GetVector:
 112              	.LFB5:
 220:Generated_Source\PSoC4/txISR.c ****     return CyRamVectors[CYINT_IRQ_BASE + txISR__INTC_NUMBER];
 113              		.loc 1 220 0
 114              		.cfi_startproc
 221:Generated_Source\PSoC4/txISR.c **** }
 115              		.loc 1 221 0
 116 0000 014B     		ldr	r3, .L9
 222:Generated_Source\PSoC4/txISR.c **** 
 117              		.loc 1 222 0
 118              		@ sp needed
 221:Generated_Source\PSoC4/txISR.c **** }
 119              		.loc 1 221 0
 120 0002 986C     		ldr	r0, [r3, #72]
 222:Generated_Source\PSoC4/txISR.c **** 
 121              		.loc 1 222 0
 122 0004 7047     		bx	lr
 123              	.L10:
 124 0006 C046     		.align	2
 125              	.L9:
 126 0008 00000000 		.word	CyRamVectors
 127              		.cfi_endproc
 128              	.LFE5:
 129              		.size	txISR_GetVector, .-txISR_GetVector
 130              		.section	.text.txISR_SetPriority,"ax",%progbits
 131              		.align	2
 132              		.global	txISR_SetPriority
 133              		.code	16
 134              		.thumb_func
 135              		.type	txISR_SetPriority, %function
 136              	txISR_SetPriority:
 137              	.LFB6:
 250:Generated_Source\PSoC4/txISR.c **** 	uint8 interruptState;
 138              		.loc 1 250 0
 139              		.cfi_startproc
 140              	.LVL2:
 141 0000 10B5     		push	{r4, lr}
 142              		.cfi_def_cfa_offset 8
 143              		.cfi_offset 4, -8
 144              		.cfi_offset 14, -4
 250:Generated_Source\PSoC4/txISR.c **** 	uint8 interruptState;
 145              		.loc 1 250 0
 146 0002 041C     		mov	r4, r0
 254:Generated_Source\PSoC4/txISR.c ****     *txISR_INTC_PRIOR = (*txISR_INTC_PRIOR & (uint32)(~txISR__INTC_PRIOR_MASK)) |
 147              		.loc 1 254 0
ARM GAS  C:\Users\g\AppData\Local\Temp\ccADf1Mj.s 			page 10


 148 0004 FFF7FEFF 		bl	CyEnterCriticalSection
 149              	.LVL3:
 255:Generated_Source\PSoC4/txISR.c ****                                     ((uint32)priority << priorityOffset);
 150              		.loc 1 255 0
 151 0008 0449     		ldr	r1, .L12
 152 000a 054A     		ldr	r2, .L12+4
 153 000c 0B68     		ldr	r3, [r1]
 256:Generated_Source\PSoC4/txISR.c **** 	CyExitCriticalSection(interruptState);
 154              		.loc 1 256 0
 155 000e A405     		lsl	r4, r4, #22
 255:Generated_Source\PSoC4/txISR.c ****                                     ((uint32)priority << priorityOffset);
 156              		.loc 1 255 0
 157 0010 1340     		and	r3, r2
 158 0012 2343     		orr	r3, r4
 159 0014 0B60     		str	r3, [r1]
 257:Generated_Source\PSoC4/txISR.c **** }
 160              		.loc 1 257 0
 161 0016 FFF7FEFF 		bl	CyExitCriticalSection
 162              	.LVL4:
 258:Generated_Source\PSoC4/txISR.c **** 
 163              		.loc 1 258 0
 164              		@ sp needed
 165 001a 10BD     		pop	{r4, pc}
 166              	.L13:
 167              		.align	2
 168              	.L12:
 169 001c 00E400E0 		.word	-536812544
 170 0020 FFFF3FFF 		.word	-12582913
 171              		.cfi_endproc
 172              	.LFE6:
 173              		.size	txISR_SetPriority, .-txISR_SetPriority
 174              		.section	.text.txISR_Start,"ax",%progbits
 175              		.align	2
 176              		.global	txISR_Start
 177              		.code	16
 178              		.thumb_func
 179              		.type	txISR_Start, %function
 180              	txISR_Start:
 181              	.LFB0:
  57:Generated_Source\PSoC4/txISR.c ****     /* For all we know the interrupt is active. */
 182              		.loc 1 57 0
 183              		.cfi_startproc
 184 0000 10B5     		push	{r4, lr}
 185              		.cfi_def_cfa_offset 8
 186              		.cfi_offset 4, -8
 187              		.cfi_offset 14, -4
 188              	.LBB24:
 189              	.LBB25:
 190              		.loc 1 349 0
 191 0002 0424     		mov	r4, #4
 192 0004 054B     		ldr	r3, .L15
 193              	.LBE25:
 194              	.LBE24:
 195              	.LBB27:
 196              	.LBB28:
 201:Generated_Source\PSoC4/txISR.c **** }
 197              		.loc 1 201 0
ARM GAS  C:\Users\g\AppData\Local\Temp\ccADf1Mj.s 			page 11


 198 0006 064A     		ldr	r2, .L15+4
 199              	.LBE28:
 200              	.LBE27:
 201              	.LBB31:
 202              	.LBB26:
 203              		.loc 1 349 0
 204 0008 1C60     		str	r4, [r3]
 205              	.LVL5:
 206              	.LBE26:
 207              	.LBE31:
 208              	.LBB32:
 209              	.LBB29:
 201:Generated_Source\PSoC4/txISR.c **** }
 210              		.loc 1 201 0
 211 000a 064B     		ldr	r3, .L15+8
 212              	.LBE29:
 213              	.LBE32:
  65:Generated_Source\PSoC4/txISR.c **** 
 214              		.loc 1 65 0
 215 000c 0220     		mov	r0, #2
 216              	.LBB33:
 217              	.LBB30:
 201:Generated_Source\PSoC4/txISR.c **** }
 218              		.loc 1 201 0
 219 000e 9A64     		str	r2, [r3, #72]
 220              	.LBE30:
 221              	.LBE33:
  65:Generated_Source\PSoC4/txISR.c **** 
 222              		.loc 1 65 0
 223 0010 FFF7FEFF 		bl	txISR_SetPriority
 224              	.LVL6:
 225              	.LBB34:
 226              	.LBB35:
 307:Generated_Source\PSoC4/txISR.c **** }
 227              		.loc 1 307 0
 228 0014 044B     		ldr	r3, .L15+12
 229              	.LBE35:
 230              	.LBE34:
  69:Generated_Source\PSoC4/txISR.c **** 
 231              		.loc 1 69 0
 232              		@ sp needed
 233              	.LBB37:
 234              	.LBB36:
 307:Generated_Source\PSoC4/txISR.c **** }
 235              		.loc 1 307 0
 236 0016 1C60     		str	r4, [r3]
 237              	.LBE36:
 238              	.LBE37:
  69:Generated_Source\PSoC4/txISR.c **** 
 239              		.loc 1 69 0
 240 0018 10BD     		pop	{r4, pc}
 241              	.L16:
 242 001a C046     		.align	2
 243              	.L15:
 244 001c 80E100E0 		.word	-536813184
 245 0020 00000000 		.word	txISR_Interrupt
 246 0024 00000000 		.word	CyRamVectors
ARM GAS  C:\Users\g\AppData\Local\Temp\ccADf1Mj.s 			page 12


 247 0028 00E100E0 		.word	-536813312
 248              		.cfi_endproc
 249              	.LFE0:
 250              		.size	txISR_Start, .-txISR_Start
 251              		.section	.text.txISR_StartEx,"ax",%progbits
 252              		.align	2
 253              		.global	txISR_StartEx
 254              		.code	16
 255              		.thumb_func
 256              		.type	txISR_StartEx, %function
 257              	txISR_StartEx:
 258              	.LFB1:
 100:Generated_Source\PSoC4/txISR.c ****     /* For all we know the interrupt is active. */
 259              		.loc 1 100 0
 260              		.cfi_startproc
 261              	.LVL7:
 262 0000 10B5     		push	{r4, lr}
 263              		.cfi_def_cfa_offset 8
 264              		.cfi_offset 4, -8
 265              		.cfi_offset 14, -4
 266              	.LBB38:
 267              	.LBB39:
 268              		.loc 1 349 0
 269 0002 0424     		mov	r4, #4
 270 0004 044B     		ldr	r3, .L18
 271              	.LBE39:
 272              	.LBE38:
 112:Generated_Source\PSoC4/txISR.c **** 
 273              		.loc 1 112 0
 274              		@ sp needed
 275              	.LBB41:
 276              	.LBB40:
 277              		.loc 1 349 0
 278 0006 1C60     		str	r4, [r3]
 279              	.LVL8:
 280              	.LBE40:
 281              	.LBE41:
 282              	.LBB42:
 283              	.LBB43:
 201:Generated_Source\PSoC4/txISR.c **** }
 284              		.loc 1 201 0
 285 0008 044B     		ldr	r3, .L18+4
 286 000a 9864     		str	r0, [r3, #72]
 287              	.LBE43:
 288              	.LBE42:
 108:Generated_Source\PSoC4/txISR.c **** 
 289              		.loc 1 108 0
 290 000c 0220     		mov	r0, #2
 291              	.LVL9:
 292 000e FFF7FEFF 		bl	txISR_SetPriority
 293              	.LVL10:
 294              	.LBB44:
 295              	.LBB45:
 307:Generated_Source\PSoC4/txISR.c **** }
 296              		.loc 1 307 0
 297 0012 034B     		ldr	r3, .L18+8
 298 0014 1C60     		str	r4, [r3]
ARM GAS  C:\Users\g\AppData\Local\Temp\ccADf1Mj.s 			page 13


 299              	.LBE45:
 300              	.LBE44:
 112:Generated_Source\PSoC4/txISR.c **** 
 301              		.loc 1 112 0
 302 0016 10BD     		pop	{r4, pc}
 303              	.L19:
 304              		.align	2
 305              	.L18:
 306 0018 80E100E0 		.word	-536813184
 307 001c 00000000 		.word	CyRamVectors
 308 0020 00E100E0 		.word	-536813312
 309              		.cfi_endproc
 310              	.LFE1:
 311              		.size	txISR_StartEx, .-txISR_StartEx
 312              		.section	.text.txISR_GetPriority,"ax",%progbits
 313              		.align	2
 314              		.global	txISR_GetPriority
 315              		.code	16
 316              		.thumb_func
 317              		.type	txISR_GetPriority, %function
 318              	txISR_GetPriority:
 319              	.LFB7:
 278:Generated_Source\PSoC4/txISR.c ****     uint32 priority;
 320              		.loc 1 278 0
 321              		.cfi_startproc
 322              	.LVL11:
 282:Generated_Source\PSoC4/txISR.c **** 
 323              		.loc 1 282 0
 324 0000 024B     		ldr	r3, .L21
 285:Generated_Source\PSoC4/txISR.c **** 
 325              		.loc 1 285 0
 326              		@ sp needed
 282:Generated_Source\PSoC4/txISR.c **** 
 327              		.loc 1 282 0
 328 0002 1868     		ldr	r0, [r3]
 329              	.LVL12:
 330 0004 0002     		lsl	r0, r0, #8
 331              	.LVL13:
 284:Generated_Source\PSoC4/txISR.c **** }
 332              		.loc 1 284 0
 333 0006 800F     		lsr	r0, r0, #30
 285:Generated_Source\PSoC4/txISR.c **** 
 334              		.loc 1 285 0
 335 0008 7047     		bx	lr
 336              	.L22:
 337 000a C046     		.align	2
 338              	.L21:
 339 000c 00E400E0 		.word	-536812544
 340              		.cfi_endproc
 341              	.LFE7:
 342              		.size	txISR_GetPriority, .-txISR_GetPriority
 343              		.section	.text.txISR_Enable,"ax",%progbits
 344              		.align	2
 345              		.global	txISR_Enable
 346              		.code	16
 347              		.thumb_func
 348              		.type	txISR_Enable, %function
ARM GAS  C:\Users\g\AppData\Local\Temp\ccADf1Mj.s 			page 14


 349              	txISR_Enable:
 350              	.LFB8:
 305:Generated_Source\PSoC4/txISR.c ****     /* Enable the general interrupt. */
 351              		.loc 1 305 0
 352              		.cfi_startproc
 307:Generated_Source\PSoC4/txISR.c **** }
 353              		.loc 1 307 0
 354 0000 0422     		mov	r2, #4
 355 0002 014B     		ldr	r3, .L24
 308:Generated_Source\PSoC4/txISR.c **** 
 356              		.loc 1 308 0
 357              		@ sp needed
 307:Generated_Source\PSoC4/txISR.c **** }
 358              		.loc 1 307 0
 359 0004 1A60     		str	r2, [r3]
 308:Generated_Source\PSoC4/txISR.c **** 
 360              		.loc 1 308 0
 361 0006 7047     		bx	lr
 362              	.L25:
 363              		.align	2
 364              	.L24:
 365 0008 00E100E0 		.word	-536813312
 366              		.cfi_endproc
 367              	.LFE8:
 368              		.size	txISR_Enable, .-txISR_Enable
 369              		.section	.text.txISR_GetState,"ax",%progbits
 370              		.align	2
 371              		.global	txISR_GetState
 372              		.code	16
 373              		.thumb_func
 374              		.type	txISR_GetState, %function
 375              	txISR_GetState:
 376              	.LFB9:
 326:Generated_Source\PSoC4/txISR.c ****     /* Get the state of the general interrupt. */
 377              		.loc 1 326 0
 378              		.cfi_startproc
 328:Generated_Source\PSoC4/txISR.c **** }
 379              		.loc 1 328 0
 380 0000 024B     		ldr	r3, .L27
 329:Generated_Source\PSoC4/txISR.c **** 
 381              		.loc 1 329 0
 382              		@ sp needed
 328:Generated_Source\PSoC4/txISR.c **** }
 383              		.loc 1 328 0
 384 0002 1868     		ldr	r0, [r3]
 385 0004 4007     		lsl	r0, r0, #29
 386 0006 C00F     		lsr	r0, r0, #31
 329:Generated_Source\PSoC4/txISR.c **** 
 387              		.loc 1 329 0
 388 0008 7047     		bx	lr
 389              	.L28:
 390 000a C046     		.align	2
 391              	.L27:
 392 000c 00E100E0 		.word	-536813312
 393              		.cfi_endproc
 394              	.LFE9:
 395              		.size	txISR_GetState, .-txISR_GetState
ARM GAS  C:\Users\g\AppData\Local\Temp\ccADf1Mj.s 			page 15


 396              		.section	.text.txISR_Disable,"ax",%progbits
 397              		.align	2
 398              		.global	txISR_Disable
 399              		.code	16
 400              		.thumb_func
 401              		.type	txISR_Disable, %function
 402              	txISR_Disable:
 403              	.LFB10:
 347:Generated_Source\PSoC4/txISR.c ****     /* Disable the general interrupt. */
 404              		.loc 1 347 0
 405              		.cfi_startproc
 406              		.loc 1 349 0
 407 0000 0422     		mov	r2, #4
 408 0002 014B     		ldr	r3, .L30
 350:Generated_Source\PSoC4/txISR.c **** }
 409              		.loc 1 350 0
 410              		@ sp needed
 349:Generated_Source\PSoC4/txISR.c **** }
 411              		.loc 1 349 0
 412 0004 1A60     		str	r2, [r3]
 413              		.loc 1 350 0
 414 0006 7047     		bx	lr
 415              	.L31:
 416              		.align	2
 417              	.L30:
 418 0008 80E100E0 		.word	-536813184
 419              		.cfi_endproc
 420              	.LFE10:
 421              		.size	txISR_Disable, .-txISR_Disable
 422              		.section	.text.txISR_SetPending,"ax",%progbits
 423              		.align	2
 424              		.global	txISR_SetPending
 425              		.code	16
 426              		.thumb_func
 427              		.type	txISR_SetPending, %function
 428              	txISR_SetPending:
 429              	.LFB11:
 351:Generated_Source\PSoC4/txISR.c **** 
 352:Generated_Source\PSoC4/txISR.c **** 
 353:Generated_Source\PSoC4/txISR.c **** /*******************************************************************************
 354:Generated_Source\PSoC4/txISR.c **** * Function Name: txISR_SetPending
 355:Generated_Source\PSoC4/txISR.c **** ********************************************************************************
 356:Generated_Source\PSoC4/txISR.c **** *
 357:Generated_Source\PSoC4/txISR.c **** * Summary:
 358:Generated_Source\PSoC4/txISR.c **** *   Causes the Interrupt to enter the pending state, a software method of
 359:Generated_Source\PSoC4/txISR.c **** *   generating the interrupt.
 360:Generated_Source\PSoC4/txISR.c **** *
 361:Generated_Source\PSoC4/txISR.c **** * Parameters:
 362:Generated_Source\PSoC4/txISR.c **** *   None
 363:Generated_Source\PSoC4/txISR.c **** *
 364:Generated_Source\PSoC4/txISR.c **** * Return:
 365:Generated_Source\PSoC4/txISR.c **** *   None
 366:Generated_Source\PSoC4/txISR.c **** *
 367:Generated_Source\PSoC4/txISR.c **** * Side Effects:
 368:Generated_Source\PSoC4/txISR.c **** *   If interrupts are enabled and the interrupt is set up properly, the ISR is
 369:Generated_Source\PSoC4/txISR.c **** *   entered (depending on the priority of this interrupt and other pending 
 370:Generated_Source\PSoC4/txISR.c **** *   interrupts).
ARM GAS  C:\Users\g\AppData\Local\Temp\ccADf1Mj.s 			page 16


 371:Generated_Source\PSoC4/txISR.c **** *
 372:Generated_Source\PSoC4/txISR.c **** *******************************************************************************/
 373:Generated_Source\PSoC4/txISR.c **** void txISR_SetPending(void)
 374:Generated_Source\PSoC4/txISR.c **** {
 430              		.loc 1 374 0
 431              		.cfi_startproc
 375:Generated_Source\PSoC4/txISR.c ****     *txISR_INTC_SET_PD = txISR__INTC_MASK;
 432              		.loc 1 375 0
 433 0000 0422     		mov	r2, #4
 434 0002 014B     		ldr	r3, .L33
 376:Generated_Source\PSoC4/txISR.c **** }
 435              		.loc 1 376 0
 436              		@ sp needed
 375:Generated_Source\PSoC4/txISR.c ****     *txISR_INTC_SET_PD = txISR__INTC_MASK;
 437              		.loc 1 375 0
 438 0004 1A60     		str	r2, [r3]
 439              		.loc 1 376 0
 440 0006 7047     		bx	lr
 441              	.L34:
 442              		.align	2
 443              	.L33:
 444 0008 00E200E0 		.word	-536813056
 445              		.cfi_endproc
 446              	.LFE11:
 447              		.size	txISR_SetPending, .-txISR_SetPending
 448              		.section	.text.txISR_ClearPending,"ax",%progbits
 449              		.align	2
 450              		.global	txISR_ClearPending
 451              		.code	16
 452              		.thumb_func
 453              		.type	txISR_ClearPending, %function
 454              	txISR_ClearPending:
 455              	.LFB12:
 377:Generated_Source\PSoC4/txISR.c **** 
 378:Generated_Source\PSoC4/txISR.c **** 
 379:Generated_Source\PSoC4/txISR.c **** /*******************************************************************************
 380:Generated_Source\PSoC4/txISR.c **** * Function Name: txISR_ClearPending
 381:Generated_Source\PSoC4/txISR.c **** ********************************************************************************
 382:Generated_Source\PSoC4/txISR.c **** *
 383:Generated_Source\PSoC4/txISR.c **** * Summary:
 384:Generated_Source\PSoC4/txISR.c **** *   Clears a pending interrupt in the interrupt controller.
 385:Generated_Source\PSoC4/txISR.c **** *
 386:Generated_Source\PSoC4/txISR.c **** *   Note Some interrupt sources are clear-on-read and require the block 
 387:Generated_Source\PSoC4/txISR.c **** *   interrupt/status register to be read/cleared with the appropriate block API 
 388:Generated_Source\PSoC4/txISR.c **** *   (GPIO, UART, and so on). Otherwise the ISR will continue to remain in 
 389:Generated_Source\PSoC4/txISR.c **** *   pending state even though the interrupt itself is cleared using this API.
 390:Generated_Source\PSoC4/txISR.c **** *
 391:Generated_Source\PSoC4/txISR.c **** * Parameters:
 392:Generated_Source\PSoC4/txISR.c **** *   None
 393:Generated_Source\PSoC4/txISR.c **** *
 394:Generated_Source\PSoC4/txISR.c **** * Return:
 395:Generated_Source\PSoC4/txISR.c **** *   None
 396:Generated_Source\PSoC4/txISR.c **** *
 397:Generated_Source\PSoC4/txISR.c **** *******************************************************************************/
 398:Generated_Source\PSoC4/txISR.c **** void txISR_ClearPending(void)
 399:Generated_Source\PSoC4/txISR.c **** {
 456              		.loc 1 399 0
ARM GAS  C:\Users\g\AppData\Local\Temp\ccADf1Mj.s 			page 17


 457              		.cfi_startproc
 400:Generated_Source\PSoC4/txISR.c ****     *txISR_INTC_CLR_PD = txISR__INTC_MASK;
 458              		.loc 1 400 0
 459 0000 0422     		mov	r2, #4
 460 0002 014B     		ldr	r3, .L36
 401:Generated_Source\PSoC4/txISR.c **** }
 461              		.loc 1 401 0
 462              		@ sp needed
 400:Generated_Source\PSoC4/txISR.c ****     *txISR_INTC_CLR_PD = txISR__INTC_MASK;
 463              		.loc 1 400 0
 464 0004 1A60     		str	r2, [r3]
 465              		.loc 1 401 0
 466 0006 7047     		bx	lr
 467              	.L37:
 468              		.align	2
 469              	.L36:
 470 0008 80E200E0 		.word	-536812928
 471              		.cfi_endproc
 472              	.LFE12:
 473              		.size	txISR_ClearPending, .-txISR_ClearPending
 474              		.text
 475              	.Letext0:
 476              		.file 2 "Generated_Source\\PSoC4/cytypes.h"
 477              		.file 3 "Generated_Source\\PSoC4/CyLib.h"
 478              		.section	.debug_info,"",%progbits
 479              	.Ldebug_info0:
 480 0000 4C030000 		.4byte	0x34c
 481 0004 0400     		.2byte	0x4
 482 0006 00000000 		.4byte	.Ldebug_abbrev0
 483 000a 04       		.byte	0x4
 484 000b 01       		.uleb128 0x1
 485 000c 19020000 		.4byte	.LASF32
 486 0010 01       		.byte	0x1
 487 0011 58010000 		.4byte	.LASF33
 488 0015 63000000 		.4byte	.LASF34
 489 0019 80000000 		.4byte	.Ldebug_ranges0+0x80
 490 001d 00000000 		.4byte	0
 491 0021 00000000 		.4byte	.Ldebug_line0
 492 0025 02       		.uleb128 0x2
 493 0026 01       		.byte	0x1
 494 0027 06       		.byte	0x6
 495 0028 B0020000 		.4byte	.LASF0
 496 002c 02       		.uleb128 0x2
 497 002d 01       		.byte	0x1
 498 002e 08       		.byte	0x8
 499 002f 18010000 		.4byte	.LASF1
 500 0033 02       		.uleb128 0x2
 501 0034 02       		.byte	0x2
 502 0035 05       		.byte	0x5
 503 0036 E5010000 		.4byte	.LASF2
 504 003a 02       		.uleb128 0x2
 505 003b 02       		.byte	0x2
 506 003c 07       		.byte	0x7
 507 003d 33000000 		.4byte	.LASF3
 508 0041 02       		.uleb128 0x2
 509 0042 04       		.byte	0x4
 510 0043 05       		.byte	0x5
ARM GAS  C:\Users\g\AppData\Local\Temp\ccADf1Mj.s 			page 18


 511 0044 10020000 		.4byte	.LASF4
 512 0048 02       		.uleb128 0x2
 513 0049 04       		.byte	0x4
 514 004a 07       		.byte	0x7
 515 004b E5000000 		.4byte	.LASF5
 516 004f 02       		.uleb128 0x2
 517 0050 08       		.byte	0x8
 518 0051 05       		.byte	0x5
 519 0052 C4010000 		.4byte	.LASF6
 520 0056 02       		.uleb128 0x2
 521 0057 08       		.byte	0x8
 522 0058 07       		.byte	0x7
 523 0059 90000000 		.4byte	.LASF7
 524 005d 03       		.uleb128 0x3
 525 005e 04       		.byte	0x4
 526 005f 05       		.byte	0x5
 527 0060 696E7400 		.ascii	"int\000"
 528 0064 02       		.uleb128 0x2
 529 0065 04       		.byte	0x4
 530 0066 07       		.byte	0x7
 531 0067 56000000 		.4byte	.LASF8
 532 006b 04       		.uleb128 0x4
 533 006c 09010000 		.4byte	.LASF9
 534 0070 02       		.byte	0x2
 535 0071 9801     		.2byte	0x198
 536 0073 2C000000 		.4byte	0x2c
 537 0077 04       		.uleb128 0x4
 538 0078 2D010000 		.4byte	.LASF10
 539 007c 02       		.byte	0x2
 540 007d 9A01     		.2byte	0x19a
 541 007f 48000000 		.4byte	0x48
 542 0083 02       		.uleb128 0x2
 543 0084 04       		.byte	0x4
 544 0085 04       		.byte	0x4
 545 0086 8A000000 		.4byte	.LASF11
 546 008a 02       		.uleb128 0x2
 547 008b 08       		.byte	0x8
 548 008c 04       		.byte	0x4
 549 008d 26010000 		.4byte	.LASF12
 550 0091 02       		.uleb128 0x2
 551 0092 01       		.byte	0x1
 552 0093 08       		.byte	0x8
 553 0094 D2010000 		.4byte	.LASF13
 554 0098 04       		.uleb128 0x4
 555 0099 00000000 		.4byte	.LASF14
 556 009d 02       		.byte	0x2
 557 009e 4402     		.2byte	0x244
 558 00a0 A4000000 		.4byte	0xa4
 559 00a4 05       		.uleb128 0x5
 560 00a5 77000000 		.4byte	0x77
 561 00a9 04       		.uleb128 0x4
 562 00aa A3010000 		.4byte	.LASF15
 563 00ae 02       		.byte	0x2
 564 00af 5402     		.2byte	0x254
 565 00b1 B5000000 		.4byte	0xb5
 566 00b5 06       		.uleb128 0x6
 567 00b6 04       		.byte	0x4
ARM GAS  C:\Users\g\AppData\Local\Temp\ccADf1Mj.s 			page 19


 568 00b7 BB000000 		.4byte	0xbb
 569 00bb 07       		.uleb128 0x7
 570 00bc 02       		.uleb128 0x2
 571 00bd 04       		.byte	0x4
 572 00be 07       		.byte	0x7
 573 00bf B0010000 		.4byte	.LASF16
 574 00c3 08       		.uleb128 0x8
 575 00c4 D7010000 		.4byte	.LASF17
 576 00c8 01       		.byte	0x1
 577 00c9 5A01     		.2byte	0x15a
 578 00cb 01       		.byte	0x1
 579 00cc 09       		.uleb128 0x9
 580 00cd BC020000 		.4byte	.LASF35
 581 00d1 01       		.byte	0x1
 582 00d2 C7       		.byte	0xc7
 583 00d3 01       		.byte	0x1
 584 00d4 E4000000 		.4byte	0xe4
 585 00d8 0A       		.uleb128 0xa
 586 00d9 77010000 		.4byte	.LASF26
 587 00dd 01       		.byte	0x1
 588 00de C7       		.byte	0xc7
 589 00df A9000000 		.4byte	0xa9
 590 00e3 00       		.byte	0
 591 00e4 08       		.uleb128 0x8
 592 00e5 4B010000 		.4byte	.LASF18
 593 00e9 01       		.byte	0x1
 594 00ea 3001     		.2byte	0x130
 595 00ec 01       		.byte	0x1
 596 00ed 0B       		.uleb128 0xb
 597 00ee 46000000 		.4byte	.LASF29
 598 00f2 01       		.byte	0x1
 599 00f3 9F       		.byte	0x9f
 600 00f4 00000000 		.4byte	.LFB3
 601 00f8 02000000 		.4byte	.LFE3-.LFB3
 602 00fc 01       		.uleb128 0x1
 603 00fd 9C       		.byte	0x9c
 604 00fe 0C       		.uleb128 0xc
 605 00ff B9010000 		.4byte	.LASF19
 606 0103 01       		.byte	0x1
 607 0104 81       		.byte	0x81
 608 0105 00000000 		.4byte	.LFB2
 609 0109 1C000000 		.4byte	.LFE2-.LFB2
 610 010d 01       		.uleb128 0x1
 611 010e 9C       		.byte	0x9c
 612 010f 38010000 		.4byte	0x138
 613 0113 0D       		.uleb128 0xd
 614 0114 C3000000 		.4byte	0xc3
 615 0118 00000000 		.4byte	.LBB18
 616 011c 00000000 		.4byte	.Ldebug_ranges0+0
 617 0120 01       		.byte	0x1
 618 0121 84       		.byte	0x84
 619 0122 0E       		.uleb128 0xe
 620 0123 CC000000 		.4byte	0xcc
 621 0127 06000000 		.4byte	.LBB22
 622 012b 06000000 		.4byte	.LBE22-.LBB22
 623 012f 01       		.byte	0x1
 624 0130 87       		.byte	0x87
ARM GAS  C:\Users\g\AppData\Local\Temp\ccADf1Mj.s 			page 20


 625 0131 0F       		.uleb128 0xf
 626 0132 D8000000 		.4byte	0xd8
 627 0136 00       		.byte	0
 628 0137 00       		.byte	0
 629 0138 10       		.uleb128 0x10
 630 0139 CC000000 		.4byte	0xcc
 631 013d 00000000 		.4byte	.LFB4
 632 0141 0C000000 		.4byte	.LFE4-.LFB4
 633 0145 01       		.uleb128 0x1
 634 0146 9C       		.byte	0x9c
 635 0147 53010000 		.4byte	0x153
 636 014b 11       		.uleb128 0x11
 637 014c D8000000 		.4byte	0xd8
 638 0150 01       		.uleb128 0x1
 639 0151 50       		.byte	0x50
 640 0152 00       		.byte	0
 641 0153 12       		.uleb128 0x12
 642 0154 C6000000 		.4byte	.LASF27
 643 0158 01       		.byte	0x1
 644 0159 DB       		.byte	0xdb
 645 015a A9000000 		.4byte	0xa9
 646 015e 00000000 		.4byte	.LFB5
 647 0162 0C000000 		.4byte	.LFE5-.LFB5
 648 0166 01       		.uleb128 0x1
 649 0167 9C       		.byte	0x9c
 650 0168 0C       		.uleb128 0xc
 651 0169 EF010000 		.4byte	.LASF20
 652 016d 01       		.byte	0x1
 653 016e F9       		.byte	0xf9
 654 016f 00000000 		.4byte	.LFB6
 655 0173 24000000 		.4byte	.LFE6-.LFB6
 656 0177 01       		.uleb128 0x1
 657 0178 9C       		.byte	0x9c
 658 0179 BA010000 		.4byte	0x1ba
 659 017d 13       		.uleb128 0x13
 660 017e 0F010000 		.4byte	.LASF25
 661 0182 01       		.byte	0x1
 662 0183 F9       		.byte	0xf9
 663 0184 6B000000 		.4byte	0x6b
 664 0188 00000000 		.4byte	.LLST0
 665 018c 14       		.uleb128 0x14
 666 018d D6000000 		.4byte	.LASF21
 667 0191 01       		.byte	0x1
 668 0192 FB       		.byte	0xfb
 669 0193 6B000000 		.4byte	0x6b
 670 0197 21000000 		.4byte	.LLST1
 671 019b 15       		.uleb128 0x15
 672 019c 01020000 		.4byte	.LASF22
 673 01a0 01       		.byte	0x1
 674 01a1 FC       		.byte	0xfc
 675 01a2 77000000 		.4byte	0x77
 676 01a6 16       		.byte	0x16
 677 01a7 16       		.uleb128 0x16
 678 01a8 08000000 		.4byte	.LVL3
 679 01ac 37030000 		.4byte	0x337
 680 01b0 16       		.uleb128 0x16
 681 01b1 1A000000 		.4byte	.LVL4
ARM GAS  C:\Users\g\AppData\Local\Temp\ccADf1Mj.s 			page 21


 682 01b5 42030000 		.4byte	0x342
 683 01b9 00       		.byte	0
 684 01ba 0C       		.uleb128 0xc
 685 01bb BA000000 		.4byte	.LASF23
 686 01bf 01       		.byte	0x1
 687 01c0 38       		.byte	0x38
 688 01c1 00000000 		.4byte	.LFB0
 689 01c5 2C000000 		.4byte	.LFE0-.LFB0
 690 01c9 01       		.uleb128 0x1
 691 01ca 9C       		.byte	0x9c
 692 01cb 1D020000 		.4byte	0x21d
 693 01cf 0D       		.uleb128 0xd
 694 01d0 C3000000 		.4byte	0xc3
 695 01d4 02000000 		.4byte	.LBB24
 696 01d8 18000000 		.4byte	.Ldebug_ranges0+0x18
 697 01dc 01       		.byte	0x1
 698 01dd 3B       		.byte	0x3b
 699 01de 17       		.uleb128 0x17
 700 01df CC000000 		.4byte	0xcc
 701 01e3 06000000 		.4byte	.LBB27
 702 01e7 30000000 		.4byte	.Ldebug_ranges0+0x30
 703 01eb 01       		.byte	0x1
 704 01ec 3E       		.byte	0x3e
 705 01ed FE010000 		.4byte	0x1fe
 706 01f1 11       		.uleb128 0x11
 707 01f2 D8000000 		.4byte	0xd8
 708 01f6 06       		.uleb128 0x6
 709 01f7 03       		.byte	0x3
 710 01f8 00000000 		.4byte	txISR_Interrupt
 711 01fc 9F       		.byte	0x9f
 712 01fd 00       		.byte	0
 713 01fe 0D       		.uleb128 0xd
 714 01ff E4000000 		.4byte	0xe4
 715 0203 14000000 		.4byte	.LBB34
 716 0207 50000000 		.4byte	.Ldebug_ranges0+0x50
 717 020b 01       		.byte	0x1
 718 020c 44       		.byte	0x44
 719 020d 18       		.uleb128 0x18
 720 020e 14000000 		.4byte	.LVL6
 721 0212 68010000 		.4byte	0x168
 722 0216 19       		.uleb128 0x19
 723 0217 01       		.uleb128 0x1
 724 0218 50       		.byte	0x50
 725 0219 01       		.uleb128 0x1
 726 021a 32       		.byte	0x32
 727 021b 00       		.byte	0
 728 021c 00       		.byte	0
 729 021d 0C       		.uleb128 0xc
 730 021e 95010000 		.4byte	.LASF24
 731 0222 01       		.byte	0x1
 732 0223 63       		.byte	0x63
 733 0224 00000000 		.4byte	.LFB1
 734 0228 24000000 		.4byte	.LFE1-.LFB1
 735 022c 01       		.uleb128 0x1
 736 022d 9C       		.byte	0x9c
 737 022e 8C020000 		.4byte	0x28c
 738 0232 13       		.uleb128 0x13
ARM GAS  C:\Users\g\AppData\Local\Temp\ccADf1Mj.s 			page 22


 739 0233 77010000 		.4byte	.LASF26
 740 0237 01       		.byte	0x1
 741 0238 63       		.byte	0x63
 742 0239 A9000000 		.4byte	0xa9
 743 023d 34000000 		.4byte	.LLST2
 744 0241 0D       		.uleb128 0xd
 745 0242 C3000000 		.4byte	0xc3
 746 0246 02000000 		.4byte	.LBB38
 747 024a 68000000 		.4byte	.Ldebug_ranges0+0x68
 748 024e 01       		.byte	0x1
 749 024f 66       		.byte	0x66
 750 0250 1A       		.uleb128 0x1a
 751 0251 CC000000 		.4byte	0xcc
 752 0255 08000000 		.4byte	.LBB42
 753 0259 04000000 		.4byte	.LBE42-.LBB42
 754 025d 01       		.byte	0x1
 755 025e 69       		.byte	0x69
 756 025f 6D020000 		.4byte	0x26d
 757 0263 1B       		.uleb128 0x1b
 758 0264 D8000000 		.4byte	0xd8
 759 0268 62000000 		.4byte	.LLST3
 760 026c 00       		.byte	0
 761 026d 1C       		.uleb128 0x1c
 762 026e E4000000 		.4byte	0xe4
 763 0272 12000000 		.4byte	.LBB44
 764 0276 04000000 		.4byte	.LBE44-.LBB44
 765 027a 01       		.byte	0x1
 766 027b 6F       		.byte	0x6f
 767 027c 18       		.uleb128 0x18
 768 027d 12000000 		.4byte	.LVL10
 769 0281 68010000 		.4byte	0x168
 770 0285 19       		.uleb128 0x19
 771 0286 01       		.uleb128 0x1
 772 0287 50       		.byte	0x50
 773 0288 01       		.uleb128 0x1
 774 0289 32       		.byte	0x32
 775 028a 00       		.byte	0
 776 028b 00       		.byte	0
 777 028c 1D       		.uleb128 0x1d
 778 028d F7000000 		.4byte	.LASF36
 779 0291 01       		.byte	0x1
 780 0292 1501     		.2byte	0x115
 781 0294 6B000000 		.4byte	0x6b
 782 0298 00000000 		.4byte	.LFB7
 783 029c 10000000 		.4byte	.LFE7-.LFB7
 784 02a0 01       		.uleb128 0x1
 785 02a1 9C       		.byte	0x9c
 786 02a2 C4020000 		.4byte	0x2c4
 787 02a6 1E       		.uleb128 0x1e
 788 02a7 0F010000 		.4byte	.LASF25
 789 02ab 01       		.byte	0x1
 790 02ac 1701     		.2byte	0x117
 791 02ae 77000000 		.4byte	0x77
 792 02b2 90000000 		.4byte	.LLST4
 793 02b6 1F       		.uleb128 0x1f
 794 02b7 01020000 		.4byte	.LASF22
 795 02bb 01       		.byte	0x1
ARM GAS  C:\Users\g\AppData\Local\Temp\ccADf1Mj.s 			page 23


 796 02bc 1801     		.2byte	0x118
 797 02be 77000000 		.4byte	0x77
 798 02c2 16       		.byte	0x16
 799 02c3 00       		.byte	0
 800 02c4 20       		.uleb128 0x20
 801 02c5 E4000000 		.4byte	0xe4
 802 02c9 00000000 		.4byte	.LFB8
 803 02cd 0C000000 		.4byte	.LFE8-.LFB8
 804 02d1 01       		.uleb128 0x1
 805 02d2 9C       		.byte	0x9c
 806 02d3 21       		.uleb128 0x21
 807 02d4 06000000 		.4byte	.LASF28
 808 02d8 01       		.byte	0x1
 809 02d9 4501     		.2byte	0x145
 810 02db 6B000000 		.4byte	0x6b
 811 02df 00000000 		.4byte	.LFB9
 812 02e3 10000000 		.4byte	.LFE9-.LFB9
 813 02e7 01       		.uleb128 0x1
 814 02e8 9C       		.byte	0x9c
 815 02e9 20       		.uleb128 0x20
 816 02ea C3000000 		.4byte	0xc3
 817 02ee 00000000 		.4byte	.LFB10
 818 02f2 0C000000 		.4byte	.LFE10-.LFB10
 819 02f6 01       		.uleb128 0x1
 820 02f7 9C       		.byte	0x9c
 821 02f8 22       		.uleb128 0x22
 822 02f9 22000000 		.4byte	.LASF30
 823 02fd 01       		.byte	0x1
 824 02fe 7501     		.2byte	0x175
 825 0300 00000000 		.4byte	.LFB11
 826 0304 0C000000 		.4byte	.LFE11-.LFB11
 827 0308 01       		.uleb128 0x1
 828 0309 9C       		.byte	0x9c
 829 030a 22       		.uleb128 0x22
 830 030b A7000000 		.4byte	.LASF31
 831 030f 01       		.byte	0x1
 832 0310 8E01     		.2byte	0x18e
 833 0312 00000000 		.4byte	.LFB12
 834 0316 0C000000 		.4byte	.LFE12-.LFB12
 835 031a 01       		.uleb128 0x1
 836 031b 9C       		.byte	0x9c
 837 031c 23       		.uleb128 0x23
 838 031d A9000000 		.4byte	0xa9
 839 0321 2C030000 		.4byte	0x32c
 840 0325 24       		.uleb128 0x24
 841 0326 BC000000 		.4byte	0xbc
 842 032a 2F       		.byte	0x2f
 843 032b 00       		.byte	0
 844 032c 25       		.uleb128 0x25
 845 032d 15000000 		.4byte	.LASF37
 846 0331 01       		.byte	0x1
 847 0332 21       		.byte	0x21
 848 0333 1C030000 		.4byte	0x31c
 849 0337 26       		.uleb128 0x26
 850 0338 34010000 		.4byte	.LASF38
 851 033c 03       		.byte	0x3
 852 033d E3       		.byte	0xe3
ARM GAS  C:\Users\g\AppData\Local\Temp\ccADf1Mj.s 			page 24


 853 033e 6B000000 		.4byte	0x6b
 854 0342 27       		.uleb128 0x27
 855 0343 7F010000 		.4byte	.LASF39
 856 0347 03       		.byte	0x3
 857 0348 E4       		.byte	0xe4
 858 0349 28       		.uleb128 0x28
 859 034a 6B000000 		.4byte	0x6b
 860 034e 00       		.byte	0
 861 034f 00       		.byte	0
 862              		.section	.debug_abbrev,"",%progbits
 863              	.Ldebug_abbrev0:
 864 0000 01       		.uleb128 0x1
 865 0001 11       		.uleb128 0x11
 866 0002 01       		.byte	0x1
 867 0003 25       		.uleb128 0x25
 868 0004 0E       		.uleb128 0xe
 869 0005 13       		.uleb128 0x13
 870 0006 0B       		.uleb128 0xb
 871 0007 03       		.uleb128 0x3
 872 0008 0E       		.uleb128 0xe
 873 0009 1B       		.uleb128 0x1b
 874 000a 0E       		.uleb128 0xe
 875 000b 55       		.uleb128 0x55
 876 000c 17       		.uleb128 0x17
 877 000d 11       		.uleb128 0x11
 878 000e 01       		.uleb128 0x1
 879 000f 10       		.uleb128 0x10
 880 0010 17       		.uleb128 0x17
 881 0011 00       		.byte	0
 882 0012 00       		.byte	0
 883 0013 02       		.uleb128 0x2
 884 0014 24       		.uleb128 0x24
 885 0015 00       		.byte	0
 886 0016 0B       		.uleb128 0xb
 887 0017 0B       		.uleb128 0xb
 888 0018 3E       		.uleb128 0x3e
 889 0019 0B       		.uleb128 0xb
 890 001a 03       		.uleb128 0x3
 891 001b 0E       		.uleb128 0xe
 892 001c 00       		.byte	0
 893 001d 00       		.byte	0
 894 001e 03       		.uleb128 0x3
 895 001f 24       		.uleb128 0x24
 896 0020 00       		.byte	0
 897 0021 0B       		.uleb128 0xb
 898 0022 0B       		.uleb128 0xb
 899 0023 3E       		.uleb128 0x3e
 900 0024 0B       		.uleb128 0xb
 901 0025 03       		.uleb128 0x3
 902 0026 08       		.uleb128 0x8
 903 0027 00       		.byte	0
 904 0028 00       		.byte	0
 905 0029 04       		.uleb128 0x4
 906 002a 16       		.uleb128 0x16
 907 002b 00       		.byte	0
 908 002c 03       		.uleb128 0x3
 909 002d 0E       		.uleb128 0xe
ARM GAS  C:\Users\g\AppData\Local\Temp\ccADf1Mj.s 			page 25


 910 002e 3A       		.uleb128 0x3a
 911 002f 0B       		.uleb128 0xb
 912 0030 3B       		.uleb128 0x3b
 913 0031 05       		.uleb128 0x5
 914 0032 49       		.uleb128 0x49
 915 0033 13       		.uleb128 0x13
 916 0034 00       		.byte	0
 917 0035 00       		.byte	0
 918 0036 05       		.uleb128 0x5
 919 0037 35       		.uleb128 0x35
 920 0038 00       		.byte	0
 921 0039 49       		.uleb128 0x49
 922 003a 13       		.uleb128 0x13
 923 003b 00       		.byte	0
 924 003c 00       		.byte	0
 925 003d 06       		.uleb128 0x6
 926 003e 0F       		.uleb128 0xf
 927 003f 00       		.byte	0
 928 0040 0B       		.uleb128 0xb
 929 0041 0B       		.uleb128 0xb
 930 0042 49       		.uleb128 0x49
 931 0043 13       		.uleb128 0x13
 932 0044 00       		.byte	0
 933 0045 00       		.byte	0
 934 0046 07       		.uleb128 0x7
 935 0047 15       		.uleb128 0x15
 936 0048 00       		.byte	0
 937 0049 27       		.uleb128 0x27
 938 004a 19       		.uleb128 0x19
 939 004b 00       		.byte	0
 940 004c 00       		.byte	0
 941 004d 08       		.uleb128 0x8
 942 004e 2E       		.uleb128 0x2e
 943 004f 00       		.byte	0
 944 0050 3F       		.uleb128 0x3f
 945 0051 19       		.uleb128 0x19
 946 0052 03       		.uleb128 0x3
 947 0053 0E       		.uleb128 0xe
 948 0054 3A       		.uleb128 0x3a
 949 0055 0B       		.uleb128 0xb
 950 0056 3B       		.uleb128 0x3b
 951 0057 05       		.uleb128 0x5
 952 0058 27       		.uleb128 0x27
 953 0059 19       		.uleb128 0x19
 954 005a 20       		.uleb128 0x20
 955 005b 0B       		.uleb128 0xb
 956 005c 00       		.byte	0
 957 005d 00       		.byte	0
 958 005e 09       		.uleb128 0x9
 959 005f 2E       		.uleb128 0x2e
 960 0060 01       		.byte	0x1
 961 0061 3F       		.uleb128 0x3f
 962 0062 19       		.uleb128 0x19
 963 0063 03       		.uleb128 0x3
 964 0064 0E       		.uleb128 0xe
 965 0065 3A       		.uleb128 0x3a
 966 0066 0B       		.uleb128 0xb
ARM GAS  C:\Users\g\AppData\Local\Temp\ccADf1Mj.s 			page 26


 967 0067 3B       		.uleb128 0x3b
 968 0068 0B       		.uleb128 0xb
 969 0069 27       		.uleb128 0x27
 970 006a 19       		.uleb128 0x19
 971 006b 20       		.uleb128 0x20
 972 006c 0B       		.uleb128 0xb
 973 006d 01       		.uleb128 0x1
 974 006e 13       		.uleb128 0x13
 975 006f 00       		.byte	0
 976 0070 00       		.byte	0
 977 0071 0A       		.uleb128 0xa
 978 0072 05       		.uleb128 0x5
 979 0073 00       		.byte	0
 980 0074 03       		.uleb128 0x3
 981 0075 0E       		.uleb128 0xe
 982 0076 3A       		.uleb128 0x3a
 983 0077 0B       		.uleb128 0xb
 984 0078 3B       		.uleb128 0x3b
 985 0079 0B       		.uleb128 0xb
 986 007a 49       		.uleb128 0x49
 987 007b 13       		.uleb128 0x13
 988 007c 00       		.byte	0
 989 007d 00       		.byte	0
 990 007e 0B       		.uleb128 0xb
 991 007f 2E       		.uleb128 0x2e
 992 0080 00       		.byte	0
 993 0081 3F       		.uleb128 0x3f
 994 0082 19       		.uleb128 0x19
 995 0083 03       		.uleb128 0x3
 996 0084 0E       		.uleb128 0xe
 997 0085 3A       		.uleb128 0x3a
 998 0086 0B       		.uleb128 0xb
 999 0087 3B       		.uleb128 0x3b
 1000 0088 0B       		.uleb128 0xb
 1001 0089 27       		.uleb128 0x27
 1002 008a 19       		.uleb128 0x19
 1003 008b 11       		.uleb128 0x11
 1004 008c 01       		.uleb128 0x1
 1005 008d 12       		.uleb128 0x12
 1006 008e 06       		.uleb128 0x6
 1007 008f 40       		.uleb128 0x40
 1008 0090 18       		.uleb128 0x18
 1009 0091 9742     		.uleb128 0x2117
 1010 0093 19       		.uleb128 0x19
 1011 0094 00       		.byte	0
 1012 0095 00       		.byte	0
 1013 0096 0C       		.uleb128 0xc
 1014 0097 2E       		.uleb128 0x2e
 1015 0098 01       		.byte	0x1
 1016 0099 3F       		.uleb128 0x3f
 1017 009a 19       		.uleb128 0x19
 1018 009b 03       		.uleb128 0x3
 1019 009c 0E       		.uleb128 0xe
 1020 009d 3A       		.uleb128 0x3a
 1021 009e 0B       		.uleb128 0xb
 1022 009f 3B       		.uleb128 0x3b
 1023 00a0 0B       		.uleb128 0xb
ARM GAS  C:\Users\g\AppData\Local\Temp\ccADf1Mj.s 			page 27


 1024 00a1 27       		.uleb128 0x27
 1025 00a2 19       		.uleb128 0x19
 1026 00a3 11       		.uleb128 0x11
 1027 00a4 01       		.uleb128 0x1
 1028 00a5 12       		.uleb128 0x12
 1029 00a6 06       		.uleb128 0x6
 1030 00a7 40       		.uleb128 0x40
 1031 00a8 18       		.uleb128 0x18
 1032 00a9 9742     		.uleb128 0x2117
 1033 00ab 19       		.uleb128 0x19
 1034 00ac 01       		.uleb128 0x1
 1035 00ad 13       		.uleb128 0x13
 1036 00ae 00       		.byte	0
 1037 00af 00       		.byte	0
 1038 00b0 0D       		.uleb128 0xd
 1039 00b1 1D       		.uleb128 0x1d
 1040 00b2 00       		.byte	0
 1041 00b3 31       		.uleb128 0x31
 1042 00b4 13       		.uleb128 0x13
 1043 00b5 52       		.uleb128 0x52
 1044 00b6 01       		.uleb128 0x1
 1045 00b7 55       		.uleb128 0x55
 1046 00b8 17       		.uleb128 0x17
 1047 00b9 58       		.uleb128 0x58
 1048 00ba 0B       		.uleb128 0xb
 1049 00bb 59       		.uleb128 0x59
 1050 00bc 0B       		.uleb128 0xb
 1051 00bd 00       		.byte	0
 1052 00be 00       		.byte	0
 1053 00bf 0E       		.uleb128 0xe
 1054 00c0 1D       		.uleb128 0x1d
 1055 00c1 01       		.byte	0x1
 1056 00c2 31       		.uleb128 0x31
 1057 00c3 13       		.uleb128 0x13
 1058 00c4 11       		.uleb128 0x11
 1059 00c5 01       		.uleb128 0x1
 1060 00c6 12       		.uleb128 0x12
 1061 00c7 06       		.uleb128 0x6
 1062 00c8 58       		.uleb128 0x58
 1063 00c9 0B       		.uleb128 0xb
 1064 00ca 59       		.uleb128 0x59
 1065 00cb 0B       		.uleb128 0xb
 1066 00cc 00       		.byte	0
 1067 00cd 00       		.byte	0
 1068 00ce 0F       		.uleb128 0xf
 1069 00cf 05       		.uleb128 0x5
 1070 00d0 00       		.byte	0
 1071 00d1 31       		.uleb128 0x31
 1072 00d2 13       		.uleb128 0x13
 1073 00d3 00       		.byte	0
 1074 00d4 00       		.byte	0
 1075 00d5 10       		.uleb128 0x10
 1076 00d6 2E       		.uleb128 0x2e
 1077 00d7 01       		.byte	0x1
 1078 00d8 31       		.uleb128 0x31
 1079 00d9 13       		.uleb128 0x13
 1080 00da 11       		.uleb128 0x11
ARM GAS  C:\Users\g\AppData\Local\Temp\ccADf1Mj.s 			page 28


 1081 00db 01       		.uleb128 0x1
 1082 00dc 12       		.uleb128 0x12
 1083 00dd 06       		.uleb128 0x6
 1084 00de 40       		.uleb128 0x40
 1085 00df 18       		.uleb128 0x18
 1086 00e0 9742     		.uleb128 0x2117
 1087 00e2 19       		.uleb128 0x19
 1088 00e3 01       		.uleb128 0x1
 1089 00e4 13       		.uleb128 0x13
 1090 00e5 00       		.byte	0
 1091 00e6 00       		.byte	0
 1092 00e7 11       		.uleb128 0x11
 1093 00e8 05       		.uleb128 0x5
 1094 00e9 00       		.byte	0
 1095 00ea 31       		.uleb128 0x31
 1096 00eb 13       		.uleb128 0x13
 1097 00ec 02       		.uleb128 0x2
 1098 00ed 18       		.uleb128 0x18
 1099 00ee 00       		.byte	0
 1100 00ef 00       		.byte	0
 1101 00f0 12       		.uleb128 0x12
 1102 00f1 2E       		.uleb128 0x2e
 1103 00f2 00       		.byte	0
 1104 00f3 3F       		.uleb128 0x3f
 1105 00f4 19       		.uleb128 0x19
 1106 00f5 03       		.uleb128 0x3
 1107 00f6 0E       		.uleb128 0xe
 1108 00f7 3A       		.uleb128 0x3a
 1109 00f8 0B       		.uleb128 0xb
 1110 00f9 3B       		.uleb128 0x3b
 1111 00fa 0B       		.uleb128 0xb
 1112 00fb 27       		.uleb128 0x27
 1113 00fc 19       		.uleb128 0x19
 1114 00fd 49       		.uleb128 0x49
 1115 00fe 13       		.uleb128 0x13
 1116 00ff 11       		.uleb128 0x11
 1117 0100 01       		.uleb128 0x1
 1118 0101 12       		.uleb128 0x12
 1119 0102 06       		.uleb128 0x6
 1120 0103 40       		.uleb128 0x40
 1121 0104 18       		.uleb128 0x18
 1122 0105 9742     		.uleb128 0x2117
 1123 0107 19       		.uleb128 0x19
 1124 0108 00       		.byte	0
 1125 0109 00       		.byte	0
 1126 010a 13       		.uleb128 0x13
 1127 010b 05       		.uleb128 0x5
 1128 010c 00       		.byte	0
 1129 010d 03       		.uleb128 0x3
 1130 010e 0E       		.uleb128 0xe
 1131 010f 3A       		.uleb128 0x3a
 1132 0110 0B       		.uleb128 0xb
 1133 0111 3B       		.uleb128 0x3b
 1134 0112 0B       		.uleb128 0xb
 1135 0113 49       		.uleb128 0x49
 1136 0114 13       		.uleb128 0x13
 1137 0115 02       		.uleb128 0x2
ARM GAS  C:\Users\g\AppData\Local\Temp\ccADf1Mj.s 			page 29


 1138 0116 17       		.uleb128 0x17
 1139 0117 00       		.byte	0
 1140 0118 00       		.byte	0
 1141 0119 14       		.uleb128 0x14
 1142 011a 34       		.uleb128 0x34
 1143 011b 00       		.byte	0
 1144 011c 03       		.uleb128 0x3
 1145 011d 0E       		.uleb128 0xe
 1146 011e 3A       		.uleb128 0x3a
 1147 011f 0B       		.uleb128 0xb
 1148 0120 3B       		.uleb128 0x3b
 1149 0121 0B       		.uleb128 0xb
 1150 0122 49       		.uleb128 0x49
 1151 0123 13       		.uleb128 0x13
 1152 0124 02       		.uleb128 0x2
 1153 0125 17       		.uleb128 0x17
 1154 0126 00       		.byte	0
 1155 0127 00       		.byte	0
 1156 0128 15       		.uleb128 0x15
 1157 0129 34       		.uleb128 0x34
 1158 012a 00       		.byte	0
 1159 012b 03       		.uleb128 0x3
 1160 012c 0E       		.uleb128 0xe
 1161 012d 3A       		.uleb128 0x3a
 1162 012e 0B       		.uleb128 0xb
 1163 012f 3B       		.uleb128 0x3b
 1164 0130 0B       		.uleb128 0xb
 1165 0131 49       		.uleb128 0x49
 1166 0132 13       		.uleb128 0x13
 1167 0133 1C       		.uleb128 0x1c
 1168 0134 0B       		.uleb128 0xb
 1169 0135 00       		.byte	0
 1170 0136 00       		.byte	0
 1171 0137 16       		.uleb128 0x16
 1172 0138 898201   		.uleb128 0x4109
 1173 013b 00       		.byte	0
 1174 013c 11       		.uleb128 0x11
 1175 013d 01       		.uleb128 0x1
 1176 013e 31       		.uleb128 0x31
 1177 013f 13       		.uleb128 0x13
 1178 0140 00       		.byte	0
 1179 0141 00       		.byte	0
 1180 0142 17       		.uleb128 0x17
 1181 0143 1D       		.uleb128 0x1d
 1182 0144 01       		.byte	0x1
 1183 0145 31       		.uleb128 0x31
 1184 0146 13       		.uleb128 0x13
 1185 0147 52       		.uleb128 0x52
 1186 0148 01       		.uleb128 0x1
 1187 0149 55       		.uleb128 0x55
 1188 014a 17       		.uleb128 0x17
 1189 014b 58       		.uleb128 0x58
 1190 014c 0B       		.uleb128 0xb
 1191 014d 59       		.uleb128 0x59
 1192 014e 0B       		.uleb128 0xb
 1193 014f 01       		.uleb128 0x1
 1194 0150 13       		.uleb128 0x13
ARM GAS  C:\Users\g\AppData\Local\Temp\ccADf1Mj.s 			page 30


 1195 0151 00       		.byte	0
 1196 0152 00       		.byte	0
 1197 0153 18       		.uleb128 0x18
 1198 0154 898201   		.uleb128 0x4109
 1199 0157 01       		.byte	0x1
 1200 0158 11       		.uleb128 0x11
 1201 0159 01       		.uleb128 0x1
 1202 015a 31       		.uleb128 0x31
 1203 015b 13       		.uleb128 0x13
 1204 015c 00       		.byte	0
 1205 015d 00       		.byte	0
 1206 015e 19       		.uleb128 0x19
 1207 015f 8A8201   		.uleb128 0x410a
 1208 0162 00       		.byte	0
 1209 0163 02       		.uleb128 0x2
 1210 0164 18       		.uleb128 0x18
 1211 0165 9142     		.uleb128 0x2111
 1212 0167 18       		.uleb128 0x18
 1213 0168 00       		.byte	0
 1214 0169 00       		.byte	0
 1215 016a 1A       		.uleb128 0x1a
 1216 016b 1D       		.uleb128 0x1d
 1217 016c 01       		.byte	0x1
 1218 016d 31       		.uleb128 0x31
 1219 016e 13       		.uleb128 0x13
 1220 016f 11       		.uleb128 0x11
 1221 0170 01       		.uleb128 0x1
 1222 0171 12       		.uleb128 0x12
 1223 0172 06       		.uleb128 0x6
 1224 0173 58       		.uleb128 0x58
 1225 0174 0B       		.uleb128 0xb
 1226 0175 59       		.uleb128 0x59
 1227 0176 0B       		.uleb128 0xb
 1228 0177 01       		.uleb128 0x1
 1229 0178 13       		.uleb128 0x13
 1230 0179 00       		.byte	0
 1231 017a 00       		.byte	0
 1232 017b 1B       		.uleb128 0x1b
 1233 017c 05       		.uleb128 0x5
 1234 017d 00       		.byte	0
 1235 017e 31       		.uleb128 0x31
 1236 017f 13       		.uleb128 0x13
 1237 0180 02       		.uleb128 0x2
 1238 0181 17       		.uleb128 0x17
 1239 0182 00       		.byte	0
 1240 0183 00       		.byte	0
 1241 0184 1C       		.uleb128 0x1c
 1242 0185 1D       		.uleb128 0x1d
 1243 0186 00       		.byte	0
 1244 0187 31       		.uleb128 0x31
 1245 0188 13       		.uleb128 0x13
 1246 0189 11       		.uleb128 0x11
 1247 018a 01       		.uleb128 0x1
 1248 018b 12       		.uleb128 0x12
 1249 018c 06       		.uleb128 0x6
 1250 018d 58       		.uleb128 0x58
 1251 018e 0B       		.uleb128 0xb
ARM GAS  C:\Users\g\AppData\Local\Temp\ccADf1Mj.s 			page 31


 1252 018f 59       		.uleb128 0x59
 1253 0190 0B       		.uleb128 0xb
 1254 0191 00       		.byte	0
 1255 0192 00       		.byte	0
 1256 0193 1D       		.uleb128 0x1d
 1257 0194 2E       		.uleb128 0x2e
 1258 0195 01       		.byte	0x1
 1259 0196 3F       		.uleb128 0x3f
 1260 0197 19       		.uleb128 0x19
 1261 0198 03       		.uleb128 0x3
 1262 0199 0E       		.uleb128 0xe
 1263 019a 3A       		.uleb128 0x3a
 1264 019b 0B       		.uleb128 0xb
 1265 019c 3B       		.uleb128 0x3b
 1266 019d 05       		.uleb128 0x5
 1267 019e 27       		.uleb128 0x27
 1268 019f 19       		.uleb128 0x19
 1269 01a0 49       		.uleb128 0x49
 1270 01a1 13       		.uleb128 0x13
 1271 01a2 11       		.uleb128 0x11
 1272 01a3 01       		.uleb128 0x1
 1273 01a4 12       		.uleb128 0x12
 1274 01a5 06       		.uleb128 0x6
 1275 01a6 40       		.uleb128 0x40
 1276 01a7 18       		.uleb128 0x18
 1277 01a8 9742     		.uleb128 0x2117
 1278 01aa 19       		.uleb128 0x19
 1279 01ab 01       		.uleb128 0x1
 1280 01ac 13       		.uleb128 0x13
 1281 01ad 00       		.byte	0
 1282 01ae 00       		.byte	0
 1283 01af 1E       		.uleb128 0x1e
 1284 01b0 34       		.uleb128 0x34
 1285 01b1 00       		.byte	0
 1286 01b2 03       		.uleb128 0x3
 1287 01b3 0E       		.uleb128 0xe
 1288 01b4 3A       		.uleb128 0x3a
 1289 01b5 0B       		.uleb128 0xb
 1290 01b6 3B       		.uleb128 0x3b
 1291 01b7 05       		.uleb128 0x5
 1292 01b8 49       		.uleb128 0x49
 1293 01b9 13       		.uleb128 0x13
 1294 01ba 02       		.uleb128 0x2
 1295 01bb 17       		.uleb128 0x17
 1296 01bc 00       		.byte	0
 1297 01bd 00       		.byte	0
 1298 01be 1F       		.uleb128 0x1f
 1299 01bf 34       		.uleb128 0x34
 1300 01c0 00       		.byte	0
 1301 01c1 03       		.uleb128 0x3
 1302 01c2 0E       		.uleb128 0xe
 1303 01c3 3A       		.uleb128 0x3a
 1304 01c4 0B       		.uleb128 0xb
 1305 01c5 3B       		.uleb128 0x3b
 1306 01c6 05       		.uleb128 0x5
 1307 01c7 49       		.uleb128 0x49
 1308 01c8 13       		.uleb128 0x13
ARM GAS  C:\Users\g\AppData\Local\Temp\ccADf1Mj.s 			page 32


 1309 01c9 1C       		.uleb128 0x1c
 1310 01ca 0B       		.uleb128 0xb
 1311 01cb 00       		.byte	0
 1312 01cc 00       		.byte	0
 1313 01cd 20       		.uleb128 0x20
 1314 01ce 2E       		.uleb128 0x2e
 1315 01cf 00       		.byte	0
 1316 01d0 31       		.uleb128 0x31
 1317 01d1 13       		.uleb128 0x13
 1318 01d2 11       		.uleb128 0x11
 1319 01d3 01       		.uleb128 0x1
 1320 01d4 12       		.uleb128 0x12
 1321 01d5 06       		.uleb128 0x6
 1322 01d6 40       		.uleb128 0x40
 1323 01d7 18       		.uleb128 0x18
 1324 01d8 9742     		.uleb128 0x2117
 1325 01da 19       		.uleb128 0x19
 1326 01db 00       		.byte	0
 1327 01dc 00       		.byte	0
 1328 01dd 21       		.uleb128 0x21
 1329 01de 2E       		.uleb128 0x2e
 1330 01df 00       		.byte	0
 1331 01e0 3F       		.uleb128 0x3f
 1332 01e1 19       		.uleb128 0x19
 1333 01e2 03       		.uleb128 0x3
 1334 01e3 0E       		.uleb128 0xe
 1335 01e4 3A       		.uleb128 0x3a
 1336 01e5 0B       		.uleb128 0xb
 1337 01e6 3B       		.uleb128 0x3b
 1338 01e7 05       		.uleb128 0x5
 1339 01e8 27       		.uleb128 0x27
 1340 01e9 19       		.uleb128 0x19
 1341 01ea 49       		.uleb128 0x49
 1342 01eb 13       		.uleb128 0x13
 1343 01ec 11       		.uleb128 0x11
 1344 01ed 01       		.uleb128 0x1
 1345 01ee 12       		.uleb128 0x12
 1346 01ef 06       		.uleb128 0x6
 1347 01f0 40       		.uleb128 0x40
 1348 01f1 18       		.uleb128 0x18
 1349 01f2 9742     		.uleb128 0x2117
 1350 01f4 19       		.uleb128 0x19
 1351 01f5 00       		.byte	0
 1352 01f6 00       		.byte	0
 1353 01f7 22       		.uleb128 0x22
 1354 01f8 2E       		.uleb128 0x2e
 1355 01f9 00       		.byte	0
 1356 01fa 3F       		.uleb128 0x3f
 1357 01fb 19       		.uleb128 0x19
 1358 01fc 03       		.uleb128 0x3
 1359 01fd 0E       		.uleb128 0xe
 1360 01fe 3A       		.uleb128 0x3a
 1361 01ff 0B       		.uleb128 0xb
 1362 0200 3B       		.uleb128 0x3b
 1363 0201 05       		.uleb128 0x5
 1364 0202 27       		.uleb128 0x27
 1365 0203 19       		.uleb128 0x19
ARM GAS  C:\Users\g\AppData\Local\Temp\ccADf1Mj.s 			page 33


 1366 0204 11       		.uleb128 0x11
 1367 0205 01       		.uleb128 0x1
 1368 0206 12       		.uleb128 0x12
 1369 0207 06       		.uleb128 0x6
 1370 0208 40       		.uleb128 0x40
 1371 0209 18       		.uleb128 0x18
 1372 020a 9742     		.uleb128 0x2117
 1373 020c 19       		.uleb128 0x19
 1374 020d 00       		.byte	0
 1375 020e 00       		.byte	0
 1376 020f 23       		.uleb128 0x23
 1377 0210 01       		.uleb128 0x1
 1378 0211 01       		.byte	0x1
 1379 0212 49       		.uleb128 0x49
 1380 0213 13       		.uleb128 0x13
 1381 0214 01       		.uleb128 0x1
 1382 0215 13       		.uleb128 0x13
 1383 0216 00       		.byte	0
 1384 0217 00       		.byte	0
 1385 0218 24       		.uleb128 0x24
 1386 0219 21       		.uleb128 0x21
 1387 021a 00       		.byte	0
 1388 021b 49       		.uleb128 0x49
 1389 021c 13       		.uleb128 0x13
 1390 021d 2F       		.uleb128 0x2f
 1391 021e 0B       		.uleb128 0xb
 1392 021f 00       		.byte	0
 1393 0220 00       		.byte	0
 1394 0221 25       		.uleb128 0x25
 1395 0222 34       		.uleb128 0x34
 1396 0223 00       		.byte	0
 1397 0224 03       		.uleb128 0x3
 1398 0225 0E       		.uleb128 0xe
 1399 0226 3A       		.uleb128 0x3a
 1400 0227 0B       		.uleb128 0xb
 1401 0228 3B       		.uleb128 0x3b
 1402 0229 0B       		.uleb128 0xb
 1403 022a 49       		.uleb128 0x49
 1404 022b 13       		.uleb128 0x13
 1405 022c 3F       		.uleb128 0x3f
 1406 022d 19       		.uleb128 0x19
 1407 022e 3C       		.uleb128 0x3c
 1408 022f 19       		.uleb128 0x19
 1409 0230 00       		.byte	0
 1410 0231 00       		.byte	0
 1411 0232 26       		.uleb128 0x26
 1412 0233 2E       		.uleb128 0x2e
 1413 0234 00       		.byte	0
 1414 0235 3F       		.uleb128 0x3f
 1415 0236 19       		.uleb128 0x19
 1416 0237 03       		.uleb128 0x3
 1417 0238 0E       		.uleb128 0xe
 1418 0239 3A       		.uleb128 0x3a
 1419 023a 0B       		.uleb128 0xb
 1420 023b 3B       		.uleb128 0x3b
 1421 023c 0B       		.uleb128 0xb
 1422 023d 27       		.uleb128 0x27
ARM GAS  C:\Users\g\AppData\Local\Temp\ccADf1Mj.s 			page 34


 1423 023e 19       		.uleb128 0x19
 1424 023f 49       		.uleb128 0x49
 1425 0240 13       		.uleb128 0x13
 1426 0241 3C       		.uleb128 0x3c
 1427 0242 19       		.uleb128 0x19
 1428 0243 00       		.byte	0
 1429 0244 00       		.byte	0
 1430 0245 27       		.uleb128 0x27
 1431 0246 2E       		.uleb128 0x2e
 1432 0247 01       		.byte	0x1
 1433 0248 3F       		.uleb128 0x3f
 1434 0249 19       		.uleb128 0x19
 1435 024a 03       		.uleb128 0x3
 1436 024b 0E       		.uleb128 0xe
 1437 024c 3A       		.uleb128 0x3a
 1438 024d 0B       		.uleb128 0xb
 1439 024e 3B       		.uleb128 0x3b
 1440 024f 0B       		.uleb128 0xb
 1441 0250 27       		.uleb128 0x27
 1442 0251 19       		.uleb128 0x19
 1443 0252 3C       		.uleb128 0x3c
 1444 0253 19       		.uleb128 0x19
 1445 0254 00       		.byte	0
 1446 0255 00       		.byte	0
 1447 0256 28       		.uleb128 0x28
 1448 0257 05       		.uleb128 0x5
 1449 0258 00       		.byte	0
 1450 0259 49       		.uleb128 0x49
 1451 025a 13       		.uleb128 0x13
 1452 025b 00       		.byte	0
 1453 025c 00       		.byte	0
 1454 025d 00       		.byte	0
 1455              		.section	.debug_loc,"",%progbits
 1456              	.Ldebug_loc0:
 1457              	.LLST0:
 1458 0000 00000000 		.4byte	.LVL2
 1459 0004 07000000 		.4byte	.LVL3-1
 1460 0008 0100     		.2byte	0x1
 1461 000a 50       		.byte	0x50
 1462 000b 07000000 		.4byte	.LVL3-1
 1463 000f 24000000 		.4byte	.LFE6
 1464 0013 0400     		.2byte	0x4
 1465 0015 F3       		.byte	0xf3
 1466 0016 01       		.uleb128 0x1
 1467 0017 50       		.byte	0x50
 1468 0018 9F       		.byte	0x9f
 1469 0019 00000000 		.4byte	0
 1470 001d 00000000 		.4byte	0
 1471              	.LLST1:
 1472 0021 08000000 		.4byte	.LVL3
 1473 0025 19000000 		.4byte	.LVL4-1
 1474 0029 0100     		.2byte	0x1
 1475 002b 50       		.byte	0x50
 1476 002c 00000000 		.4byte	0
 1477 0030 00000000 		.4byte	0
 1478              	.LLST2:
 1479 0034 00000000 		.4byte	.LVL7
ARM GAS  C:\Users\g\AppData\Local\Temp\ccADf1Mj.s 			page 35


 1480 0038 0E000000 		.4byte	.LVL9
 1481 003c 0100     		.2byte	0x1
 1482 003e 50       		.byte	0x50
 1483 003f 0E000000 		.4byte	.LVL9
 1484 0043 11000000 		.4byte	.LVL10-1
 1485 0047 0300     		.2byte	0x3
 1486 0049 73       		.byte	0x73
 1487 004a C800     		.sleb128 72
 1488 004c 11000000 		.4byte	.LVL10-1
 1489 0050 24000000 		.4byte	.LFE1
 1490 0054 0400     		.2byte	0x4
 1491 0056 F3       		.byte	0xf3
 1492 0057 01       		.uleb128 0x1
 1493 0058 50       		.byte	0x50
 1494 0059 9F       		.byte	0x9f
 1495 005a 00000000 		.4byte	0
 1496 005e 00000000 		.4byte	0
 1497              	.LLST3:
 1498 0062 08000000 		.4byte	.LVL8
 1499 0066 0E000000 		.4byte	.LVL9
 1500 006a 0100     		.2byte	0x1
 1501 006c 50       		.byte	0x50
 1502 006d 0E000000 		.4byte	.LVL9
 1503 0071 11000000 		.4byte	.LVL10-1
 1504 0075 0300     		.2byte	0x3
 1505 0077 73       		.byte	0x73
 1506 0078 C800     		.sleb128 72
 1507 007a 11000000 		.4byte	.LVL10-1
 1508 007e 24000000 		.4byte	.LFE1
 1509 0082 0400     		.2byte	0x4
 1510 0084 F3       		.byte	0xf3
 1511 0085 01       		.uleb128 0x1
 1512 0086 50       		.byte	0x50
 1513 0087 9F       		.byte	0x9f
 1514 0088 00000000 		.4byte	0
 1515 008c 00000000 		.4byte	0
 1516              	.LLST4:
 1517 0090 04000000 		.4byte	.LVL12
 1518 0094 06000000 		.4byte	.LVL13
 1519 0098 0900     		.2byte	0x9
 1520 009a 70       		.byte	0x70
 1521 009b 00       		.sleb128 0
 1522 009c 48       		.byte	0x48
 1523 009d 43       		.byte	0x43
 1524 009e 24       		.byte	0x24
 1525 009f 1A       		.byte	0x1a
 1526 00a0 46       		.byte	0x46
 1527 00a1 25       		.byte	0x25
 1528 00a2 9F       		.byte	0x9f
 1529 00a3 00000000 		.4byte	0
 1530 00a7 00000000 		.4byte	0
 1531              		.section	.debug_aranges,"",%progbits
 1532 0000 7C000000 		.4byte	0x7c
 1533 0004 0200     		.2byte	0x2
 1534 0006 00000000 		.4byte	.Ldebug_info0
 1535 000a 04       		.byte	0x4
 1536 000b 00       		.byte	0
ARM GAS  C:\Users\g\AppData\Local\Temp\ccADf1Mj.s 			page 36


 1537 000c 0000     		.2byte	0
 1538 000e 0000     		.2byte	0
 1539 0010 00000000 		.4byte	.LFB3
 1540 0014 02000000 		.4byte	.LFE3-.LFB3
 1541 0018 00000000 		.4byte	.LFB2
 1542 001c 1C000000 		.4byte	.LFE2-.LFB2
 1543 0020 00000000 		.4byte	.LFB4
 1544 0024 0C000000 		.4byte	.LFE4-.LFB4
 1545 0028 00000000 		.4byte	.LFB5
 1546 002c 0C000000 		.4byte	.LFE5-.LFB5
 1547 0030 00000000 		.4byte	.LFB6
 1548 0034 24000000 		.4byte	.LFE6-.LFB6
 1549 0038 00000000 		.4byte	.LFB0
 1550 003c 2C000000 		.4byte	.LFE0-.LFB0
 1551 0040 00000000 		.4byte	.LFB1
 1552 0044 24000000 		.4byte	.LFE1-.LFB1
 1553 0048 00000000 		.4byte	.LFB7
 1554 004c 10000000 		.4byte	.LFE7-.LFB7
 1555 0050 00000000 		.4byte	.LFB8
 1556 0054 0C000000 		.4byte	.LFE8-.LFB8
 1557 0058 00000000 		.4byte	.LFB9
 1558 005c 10000000 		.4byte	.LFE9-.LFB9
 1559 0060 00000000 		.4byte	.LFB10
 1560 0064 0C000000 		.4byte	.LFE10-.LFB10
 1561 0068 00000000 		.4byte	.LFB11
 1562 006c 0C000000 		.4byte	.LFE11-.LFB11
 1563 0070 00000000 		.4byte	.LFB12
 1564 0074 0C000000 		.4byte	.LFE12-.LFB12
 1565 0078 00000000 		.4byte	0
 1566 007c 00000000 		.4byte	0
 1567              		.section	.debug_ranges,"",%progbits
 1568              	.Ldebug_ranges0:
 1569 0000 00000000 		.4byte	.LBB18
 1570 0004 04000000 		.4byte	.LBE18
 1571 0008 04000000 		.4byte	.LBB21
 1572 000c 06000000 		.4byte	.LBE21
 1573 0010 00000000 		.4byte	0
 1574 0014 00000000 		.4byte	0
 1575 0018 02000000 		.4byte	.LBB24
 1576 001c 06000000 		.4byte	.LBE24
 1577 0020 08000000 		.4byte	.LBB31
 1578 0024 0A000000 		.4byte	.LBE31
 1579 0028 00000000 		.4byte	0
 1580 002c 00000000 		.4byte	0
 1581 0030 06000000 		.4byte	.LBB27
 1582 0034 08000000 		.4byte	.LBE27
 1583 0038 0A000000 		.4byte	.LBB32
 1584 003c 0C000000 		.4byte	.LBE32
 1585 0040 0E000000 		.4byte	.LBB33
 1586 0044 10000000 		.4byte	.LBE33
 1587 0048 00000000 		.4byte	0
 1588 004c 00000000 		.4byte	0
 1589 0050 14000000 		.4byte	.LBB34
 1590 0054 16000000 		.4byte	.LBE34
 1591 0058 16000000 		.4byte	.LBB37
 1592 005c 18000000 		.4byte	.LBE37
 1593 0060 00000000 		.4byte	0
ARM GAS  C:\Users\g\AppData\Local\Temp\ccADf1Mj.s 			page 37


 1594 0064 00000000 		.4byte	0
 1595 0068 02000000 		.4byte	.LBB38
 1596 006c 06000000 		.4byte	.LBE38
 1597 0070 06000000 		.4byte	.LBB41
 1598 0074 08000000 		.4byte	.LBE41
 1599 0078 00000000 		.4byte	0
 1600 007c 00000000 		.4byte	0
 1601 0080 00000000 		.4byte	.LFB3
 1602 0084 02000000 		.4byte	.LFE3
 1603 0088 00000000 		.4byte	.LFB2
 1604 008c 1C000000 		.4byte	.LFE2
 1605 0090 00000000 		.4byte	.LFB4
 1606 0094 0C000000 		.4byte	.LFE4
 1607 0098 00000000 		.4byte	.LFB5
 1608 009c 0C000000 		.4byte	.LFE5
 1609 00a0 00000000 		.4byte	.LFB6
 1610 00a4 24000000 		.4byte	.LFE6
 1611 00a8 00000000 		.4byte	.LFB0
 1612 00ac 2C000000 		.4byte	.LFE0
 1613 00b0 00000000 		.4byte	.LFB1
 1614 00b4 24000000 		.4byte	.LFE1
 1615 00b8 00000000 		.4byte	.LFB7
 1616 00bc 10000000 		.4byte	.LFE7
 1617 00c0 00000000 		.4byte	.LFB8
 1618 00c4 0C000000 		.4byte	.LFE8
 1619 00c8 00000000 		.4byte	.LFB9
 1620 00cc 10000000 		.4byte	.LFE9
 1621 00d0 00000000 		.4byte	.LFB10
 1622 00d4 0C000000 		.4byte	.LFE10
 1623 00d8 00000000 		.4byte	.LFB11
 1624 00dc 0C000000 		.4byte	.LFE11
 1625 00e0 00000000 		.4byte	.LFB12
 1626 00e4 0C000000 		.4byte	.LFE12
 1627 00e8 00000000 		.4byte	0
 1628 00ec 00000000 		.4byte	0
 1629              		.section	.debug_line,"",%progbits
 1630              	.Ldebug_line0:
 1631 0000 A9010000 		.section	.debug_str,"MS",%progbits,1
 1631      02004D00 
 1631      00000201 
 1631      FB0E0D00 
 1631      01010101 
 1632              	.LASF14:
 1633 0000 72656733 		.ascii	"reg32\000"
 1633      3200
 1634              	.LASF28:
 1635 0006 74784953 		.ascii	"txISR_GetState\000"
 1635      525F4765 
 1635      74537461 
 1635      746500
 1636              	.LASF37:
 1637 0015 43795261 		.ascii	"CyRamVectors\000"
 1637      6D566563 
 1637      746F7273 
 1637      00
 1638              	.LASF30:
 1639 0022 74784953 		.ascii	"txISR_SetPending\000"
ARM GAS  C:\Users\g\AppData\Local\Temp\ccADf1Mj.s 			page 38


 1639      525F5365 
 1639      7450656E 
 1639      64696E67 
 1639      00
 1640              	.LASF3:
 1641 0033 73686F72 		.ascii	"short unsigned int\000"
 1641      7420756E 
 1641      7369676E 
 1641      65642069 
 1641      6E7400
 1642              	.LASF29:
 1643 0046 74784953 		.ascii	"txISR_Interrupt\000"
 1643      525F496E 
 1643      74657272 
 1643      75707400 
 1644              	.LASF8:
 1645 0056 756E7369 		.ascii	"unsigned int\000"
 1645      676E6564 
 1645      20696E74 
 1645      00
 1646              	.LASF34:
 1647 0063 443A5C63 		.ascii	"D:\\code\\cypress\\controllers\\dcsd.cydsn\000"
 1647      6F64655C 
 1647      63797072 
 1647      6573735C 
 1647      636F6E74 
 1648              	.LASF11:
 1649 008a 666C6F61 		.ascii	"float\000"
 1649      7400
 1650              	.LASF7:
 1651 0090 6C6F6E67 		.ascii	"long long unsigned int\000"
 1651      206C6F6E 
 1651      6720756E 
 1651      7369676E 
 1651      65642069 
 1652              	.LASF31:
 1653 00a7 74784953 		.ascii	"txISR_ClearPending\000"
 1653      525F436C 
 1653      65617250 
 1653      656E6469 
 1653      6E6700
 1654              	.LASF23:
 1655 00ba 74784953 		.ascii	"txISR_Start\000"
 1655      525F5374 
 1655      61727400 
 1656              	.LASF27:
 1657 00c6 74784953 		.ascii	"txISR_GetVector\000"
 1657      525F4765 
 1657      74566563 
 1657      746F7200 
 1658              	.LASF21:
 1659 00d6 696E7465 		.ascii	"interruptState\000"
 1659      72727570 
 1659      74537461 
 1659      746500
 1660              	.LASF5:
 1661 00e5 6C6F6E67 		.ascii	"long unsigned int\000"
ARM GAS  C:\Users\g\AppData\Local\Temp\ccADf1Mj.s 			page 39


 1661      20756E73 
 1661      69676E65 
 1661      6420696E 
 1661      7400
 1662              	.LASF36:
 1663 00f7 74784953 		.ascii	"txISR_GetPriority\000"
 1663      525F4765 
 1663      74507269 
 1663      6F726974 
 1663      7900
 1664              	.LASF9:
 1665 0109 75696E74 		.ascii	"uint8\000"
 1665      3800
 1666              	.LASF25:
 1667 010f 7072696F 		.ascii	"priority\000"
 1667      72697479 
 1667      00
 1668              	.LASF1:
 1669 0118 756E7369 		.ascii	"unsigned char\000"
 1669      676E6564 
 1669      20636861 
 1669      7200
 1670              	.LASF12:
 1671 0126 646F7562 		.ascii	"double\000"
 1671      6C6500
 1672              	.LASF10:
 1673 012d 75696E74 		.ascii	"uint32\000"
 1673      333200
 1674              	.LASF38:
 1675 0134 4379456E 		.ascii	"CyEnterCriticalSection\000"
 1675      74657243 
 1675      72697469 
 1675      63616C53 
 1675      65637469 
 1676              	.LASF18:
 1677 014b 74784953 		.ascii	"txISR_Enable\000"
 1677      525F456E 
 1677      61626C65 
 1677      00
 1678              	.LASF33:
 1679 0158 47656E65 		.ascii	"Generated_Source\\PSoC4\\txISR.c\000"
 1679      72617465 
 1679      645F536F 
 1679      75726365 
 1679      5C50536F 
 1680              	.LASF26:
 1681 0177 61646472 		.ascii	"address\000"
 1681      65737300 
 1682              	.LASF39:
 1683 017f 43794578 		.ascii	"CyExitCriticalSection\000"
 1683      69744372 
 1683      69746963 
 1683      616C5365 
 1683      6374696F 
 1684              	.LASF24:
 1685 0195 74784953 		.ascii	"txISR_StartEx\000"
 1685      525F5374 
ARM GAS  C:\Users\g\AppData\Local\Temp\ccADf1Mj.s 			page 40


 1685      61727445 
 1685      7800
 1686              	.LASF15:
 1687 01a3 63796973 		.ascii	"cyisraddress\000"
 1687      72616464 
 1687      72657373 
 1687      00
 1688              	.LASF16:
 1689 01b0 73697A65 		.ascii	"sizetype\000"
 1689      74797065 
 1689      00
 1690              	.LASF19:
 1691 01b9 74784953 		.ascii	"txISR_Stop\000"
 1691      525F5374 
 1691      6F7000
 1692              	.LASF6:
 1693 01c4 6C6F6E67 		.ascii	"long long int\000"
 1693      206C6F6E 
 1693      6720696E 
 1693      7400
 1694              	.LASF13:
 1695 01d2 63686172 		.ascii	"char\000"
 1695      00
 1696              	.LASF17:
 1697 01d7 74784953 		.ascii	"txISR_Disable\000"
 1697      525F4469 
 1697      7361626C 
 1697      6500
 1698              	.LASF2:
 1699 01e5 73686F72 		.ascii	"short int\000"
 1699      7420696E 
 1699      7400
 1700              	.LASF20:
 1701 01ef 74784953 		.ascii	"txISR_SetPriority\000"
 1701      525F5365 
 1701      74507269 
 1701      6F726974 
 1701      7900
 1702              	.LASF22:
 1703 0201 7072696F 		.ascii	"priorityOffset\000"
 1703      72697479 
 1703      4F666673 
 1703      657400
 1704              	.LASF4:
 1705 0210 6C6F6E67 		.ascii	"long int\000"
 1705      20696E74 
 1705      00
 1706              	.LASF32:
 1707 0219 474E5520 		.ascii	"GNU C 4.9.3 20150303 (release) [ARM/embedded-4_9-br"
 1707      4320342E 
 1707      392E3320 
 1707      32303135 
 1707      30333033 
 1708 024c 616E6368 		.ascii	"anch revision 221220] -mcpu=cortex-m0 -mthumb -g -O"
 1708      20726576 
 1708      6973696F 
 1708      6E203232 
ARM GAS  C:\Users\g\AppData\Local\Temp\ccADf1Mj.s 			page 41


 1708      31323230 
 1709 027f 32202D73 		.ascii	"2 -std=c99 -ffunction-sections -ffat-lto-objects\000"
 1709      74643D63 
 1709      3939202D 
 1709      6666756E 
 1709      6374696F 
 1710              	.LASF0:
 1711 02b0 7369676E 		.ascii	"signed char\000"
 1711      65642063 
 1711      68617200 
 1712              	.LASF35:
 1713 02bc 74784953 		.ascii	"txISR_SetVector\000"
 1713      525F5365 
 1713      74566563 
 1713      746F7200 
 1714              		.ident	"GCC: (GNU Tools for ARM Embedded Processors) 4.9.3 20150303 (release) [ARM/embedded-4_9-br
